	linux-vdso.so.1 (0x00007fff723ed000)
	libeagleaudithook.so => /usr/lib/x86_64-linux-gnu/eagleaudit/libeagleaudithook.so (0x0000736055600000)
	libtransport_scene_signature.so => /home/yjh/WorkSpace/astribot_sdk_ros2/runs/mainline_20260924/trajectory_time_scaling/install/astribot_s1_transport_mtc/lib/libtransport_scene_signature.so (0x00007360559c7000)
	libastribot_s1_manipulation_gripper.so => /home/yjh/WorkSpace/astribot_sdk_ros2/runs/mainline_20260924/trajectory_time_scaling/install/astribot_s1_manipulation/lib/libastribot_s1_manipulation_gripper.so (0x0000736055911000)
	libastribot_transport_msgs__rosidl_typesupport_cpp.so => /home/yjh/WorkSpace/astribot_sdk_ros2/runs/mainline_20260924/payload_transition/install/astribot_transport_msgs/lib/libastribot_transport_msgs__rosidl_typesupport_cpp.so (0x0000736055906000)
	libmoveit_task_constructor_core_stages.so => /home/yjh/WorkSpace/astribot_sdk_ros2/ws_robot/deps/mtc_install/moveit_task_constructor_core/lib/libmoveit_task_constructor_core_stages.so (0x0000736055852000)
	libmoveit_task_constructor_core.so => /home/yjh/WorkSpace/astribot_sdk_ros2/ws_robot/deps/mtc_install/moveit_task_constructor_core/lib/libmoveit_task_constructor_core.so (0x00007360554ac000)
	libastribot_s1_manipulation_core.so => /home/yjh/WorkSpace/astribot_sdk_ros2/runs/mainline_20260924/trajectory_time_scaling/install/astribot_s1_manipulation/lib/libastribot_s1_manipulation_core.so (0x000073605543d000)
	libmoveit_planning_scene.so.2.5.9 => /opt/ros/humble/lib/libmoveit_planning_scene.so.2.5.9 (0x00007360553e7000)
	libmoveit_collision_detection.so.2.5.9 => /opt/ros/humble/lib/libmoveit_collision_detection.so.2.5.9 (0x0000736055383000)
	libmoveit_robot_trajectory.so.2.5.9 => /opt/ros/humble/lib/libmoveit_robot_trajectory.so.2.5.9 (0x0000736055839000)
	libmoveit_robot_state.so.2.5.9 => /opt/ros/humble/lib/libmoveit_robot_state.so.2.5.9 (0x000073605532a000)
	libmoveit_robot_model.so.2.5.9 => /opt/ros/humble/lib/libmoveit_robot_model.so.2.5.9 (0x00007360552e6000)
	libmoveit_transforms.so.2.5.9 => /opt/ros/humble/lib/libmoveit_transforms.so.2.5.9 (0x000073605582e000)
	librclcpp_action.so => /opt/ros/humble/lib/librclcpp_action.so (0x00007360552c3000)
	librcl_action.so => /opt/ros/humble/lib/librcl_action.so (0x0000736055819000)
	librclcpp.so => /opt/ros/humble/lib/librclcpp.so (0x00007360550cd000)
	librcl.so => /opt/ros/humble/lib/librcl.so (0x000073605508f000)
	libtracetools.so => /opt/ros/humble/lib/libtracetools.so (0x0000736055814000)
	librcutils.so => /opt/ros/humble/lib/librcutils.so (0x0000736055077000)
	libstdc++.so.6 => /lib/x86_64-linux-gnu/libstdc++.so.6 (0x0000736054e00000)
	libm.so.6 => /lib/x86_64-linux-gnu/libm.so.6 (0x0000736054d19000)
	libgcc_s.so.1 => /lib/x86_64-linux-gnu/libgcc_s.so.1 (0x0000736054cf9000)
	libc.so.6 => /lib/x86_64-linux-gnu/libc.so.6 (0x0000736054a00000)
	libdl.so.2 => /lib/x86_64-linux-gnu/libdl.so.2 (0x000073605580d000)
	libpthread.so.0 => /lib/x86_64-linux-gnu/libpthread.so.0 (0x0000736055046000)
	/lib64/ld-linux-x86-64.so.2 (0x0000736055a57000)
	liboctomap.so.1.9 => /opt/ros/humble/lib/x86_64-linux-gnu/liboctomap.so.1.9 (0x0000736054cbd000)
	liboctomath.so.1.9 => /opt/ros/humble/lib/x86_64-linux-gnu/liboctomath.so.1.9 (0x000073605503c000)
	libcontrol_msgs__rosidl_typesupport_cpp.so => /opt/ros/humble/lib/libcontrol_msgs__rosidl_typesupport_cpp.so (0x0000736054ca2000)
	libmoveit_exceptions.so.2.5.9 => /opt/ros/humble/lib/libmoveit_exceptions.so.2.5.9 (0x0000736055036000)
	liblibstatistics_collector.so => /opt/ros/humble/lib/liblibstatistics_collector.so (0x000073605502f000)
	libstatistics_msgs__rosidl_typesupport_cpp.so => /opt/ros/humble/lib/libstatistics_msgs__rosidl_typesupport_cpp.so (0x0000736054c9d000)
	librmw.so => /opt/ros/humble/lib/librmw.so (0x0000736054c91000)
	libsensor_msgs__rosidl_typesupport_cpp.so => /opt/ros/humble/lib/libsensor_msgs__rosidl_typesupport_cpp.so (0x0000736054c86000)
	libaction_msgs__rosidl_typesupport_cpp.so => /opt/ros/humble/lib/libaction_msgs__rosidl_typesupport_cpp.so (0x0000736054c80000)
	librosidl_typesupport_cpp.so => /opt/ros/humble/lib/librosidl_typesupport_cpp.so (0x0000736054c7a000)
	libmoveit_kinematic_constraints.so.2.5.9 => /opt/ros/humble/lib/libmoveit_kinematic_constraints.so.2.5.9 (0x0000736054c48000)
	libmoveit_trajectory_processing.so.2.5.9 => /opt/ros/humble/lib/libmoveit_trajectory_processing.so.2.5.9 (0x00007360549ce000)
	libmoveit_msgs__rosidl_typesupport_cpp.so => /opt/ros/humble/lib/libmoveit_msgs__rosidl_typesupport_cpp.so (0x0000736054996000)
	librviz_marker_tools.so => /home/yjh/WorkSpace/astribot_sdk_ros2/ws_robot/deps/mtc_humble/opt/ros/humble/lib/librviz_marker_tools.so (0x0000736054c3d000)
	libfmt.so.8 => /lib/x86_64-linux-gnu/libfmt.so.8 (0x0000736054975000)
	libmoveit_task_constructor_msgs__rosidl_typesupport_cpp.so => /home/yjh/WorkSpace/astribot_sdk_ros2/ws_robot/deps/mtc_install/moveit_task_constructor_msgs/lib/libmoveit_task_constructor_msgs__rosidl_typesupport_cpp.so (0x0000736054c31000)
	libmoveit_planning_pipeline.so.2.5.9 => /opt/ros/humble/lib/libmoveit_planning_pipeline.so.2.5.9 (0x00007360548f5000)
	libmoveit_robot_model_loader.so.2.5.9 => /opt/ros/humble/lib/libmoveit_robot_model_loader.so.2.5.9 (0x00007360548e3000)
	libmoveit_planning_interface.so.2.5.9 => /opt/ros/humble/lib/libmoveit_planning_interface.so.2.5.9 (0x00007360548cc000)
	libclass_loader.so => /opt/ros/humble/lib/libclass_loader.so (0x00007360548b9000)
	libtinyxml2.so.9 => /lib/x86_64-linux-gnu/libtinyxml2.so.9 (0x00007360548a1000)
	libament_index_cpp.so => /opt/ros/humble/lib/libament_index_cpp.so (0x0000736054896000)
	librcpputils.so => /opt/ros/humble/lib/librcpputils.so (0x0000736054888000)
	libmoveit_move_group_interface.so.2.5.9 => /opt/ros/humble/lib/libmoveit_move_group_interface.so.2.5.9 (0x00007360547f1000)
	libmoveit_planning_scene_monitor.so.2.5.9 => /opt/ros/humble/lib/libmoveit_planning_scene_monitor.so.2.5.9 (0x0000736054626000)
	libmoveit_utils.so.2.5.9 => /opt/ros/humble/lib/libmoveit_utils.so.2.5.9 (0x000073605461f000)
	libmoveit_collision_detection_fcl.so.2.5.9 => /opt/ros/humble/lib/libmoveit_collision_detection_fcl.so.2.5.9 (0x00007360545f8000)
	libgeometric_shapes.so.2.3.4 => /opt/ros/humble/lib/libgeometric_shapes.so.2.3.4 (0x00007360545c4000)
	libconsole_bridge.so.1.0 => /lib/x86_64-linux-gnu/libconsole_bridge.so.1.0 (0x00007360545be000)
	libmoveit_kinematics_base.so => /opt/ros/humble/lib/libmoveit_kinematics_base.so (0x00007360545b4000)
	librandom_numbers.so => /opt/ros/humble/lib/librandom_numbers.so (0x00007360545a4000)
	libsrdfdom.so.2.0.7 => /opt/ros/humble/lib/libsrdfdom.so.2.0.7 (0x0000736054585000)
	librcl_yaml_param_parser.so => /opt/ros/humble/lib/librcl_yaml_param_parser.so (0x0000736054579000)
	librosgraph_msgs__rosidl_typesupport_cpp.so => /opt/ros/humble/lib/librosgraph_msgs__rosidl_typesupport_cpp.so (0x0000736054573000)
	librmw_implementation.so => /opt/ros/humble/lib/librmw_implementation.so (0x0000736054566000)
	librcl_logging_interface.so => /opt/ros/humble/lib/librcl_logging_interface.so (0x0000736054561000)
	librcl_interfaces__rosidl_typesupport_cpp.so => /opt/ros/humble/lib/librcl_interfaces__rosidl_typesupport_cpp.so (0x0000736054556000)
	librcl_logging_spdlog.so => /opt/ros/humble/lib/librcl_logging_spdlog.so (0x000073605454c000)
	librcl_interfaces__rosidl_typesupport_c.so => /opt/ros/humble/lib/librcl_interfaces__rosidl_typesupport_c.so (0x0000736054543000)
	librcl_interfaces__rosidl_generator_c.so => /opt/ros/humble/lib/librcl_interfaces__rosidl_generator_c.so (0x0000736054527000)
	librosidl_runtime_c.so => /opt/ros/humble/lib/librosidl_runtime_c.so (0x000073605451c000)
	libruckig.so => /opt/ros/humble/lib/x86_64-linux-gnu/libruckig.so (0x00007360544f8000)
	libmoveit_planning_request_adapter.so.2.5.9 => /opt/ros/humble/lib/libmoveit_planning_request_adapter.so.2.5.9 (0x00007360544f1000)
	libvisualization_msgs__rosidl_typesupport_cpp.so => /opt/ros/humble/lib/libvisualization_msgs__rosidl_typesupport_cpp.so (0x00007360544e9000)
	libmoveit_kinematics_plugin_loader.so.2.5.9 => /opt/ros/humble/lib/libmoveit_kinematics_plugin_loader.so.2.5.9 (0x00007360544a0000)
	libmoveit_rdf_loader.so.2.5.9 => /opt/ros/humble/lib/libmoveit_rdf_loader.so.2.5.9 (0x0000736054422000)
	libmoveit_common_planning_interface_objects.so.2.5.9 => /opt/ros/humble/lib/libmoveit_common_planning_interface_objects.so.2.5.9 (0x0000736054418000)
	libmoveit_warehouse.so.2.5.9 => /opt/ros/humble/lib/libmoveit_warehouse.so.2.5.9 (0x00007360543ae000)
	libmoveit_trajectory_execution_manager.so.2.5.9 => /opt/ros/humble/lib/libmoveit_trajectory_execution_manager.so.2.5.9 (0x00007360542ec000)
	liborocos-kdl.so.1.5 => /lib/x86_64-linux-gnu/liborocos-kdl.so.1.5 (0x0000736054230000)
	libtf2.so => /opt/ros/humble/lib/libtf2.so (0x000073605420e000)
	libstd_msgs__rosidl_typesupport_cpp.so => /opt/ros/humble/lib/libstd_msgs__rosidl_typesupport_cpp.so (0x0000736054201000)
	libmoveit_ros_occupancy_map_monitor.so.2.5.9 => /opt/ros/humble/lib/libmoveit_ros_occupancy_map_monitor.so.2.5.9 (0x0000736054197000)
	libmoveit_collision_plugin_loader.so.2.5.9 => /opt/ros/humble/lib/libmoveit_collision_plugin_loader.so.2.5.9 (0x0000736054190000)
	libtf2_ros.so => /opt/ros/humble/lib/libtf2_ros.so (0x00007360540f8000)
	libtf2_msgs__rosidl_typesupport_cpp.so => /opt/ros/humble/lib/libtf2_msgs__rosidl_typesupport_cpp.so (0x00007360540f0000)
	libfcl.so.0.7 => /lib/x86_64-linux-gnu/libfcl.so.0.7 (0x0000736053a00000)
	libassimp.so.5 => /lib/x86_64-linux-gnu/libassimp.so.5 (0x0000736053200000)
	libqhull_r.so.8.0 => /lib/x86_64-linux-gnu/libqhull_r.so.8.0 (0x000073605407b000)
	libresource_retriever.so => /opt/ros/humble/lib/libresource_retriever.so (0x0000736054074000)
	libyaml.so => /opt/ros/humble/lib/libyaml.so (0x0000736054052000)
	libspdlog.so.1 => /lib/x86_64-linux-gnu/libspdlog.so.1 (0x0000736053985000)
	librosidl_typesupport_c.so => /opt/ros/humble/lib/librosidl_typesupport_c.so (0x000073605404a000)
	libbuiltin_interfaces__rosidl_generator_c.so => /opt/ros/humble/lib/libbuiltin_interfaces__rosidl_generator_c.so (0x0000736054045000)
	liburdf.so => /opt/ros/humble/lib/liburdf.so (0x0000736054007000)
	libwarehouse_ros.so => /opt/ros/humble/lib/libwarehouse_ros.so (0x00007360531b7000)
	libcrypto.so.3 => /lib/x86_64-linux-gnu/libcrypto.so.3 (0x0000736052c00000)
	libccd.so.2 => /lib/x86_64-linux-gnu/libccd.so.2 (0x0000736053ff9000)
	libz.so.1 => /lib/x86_64-linux-gnu/libz.so.1 (0x0000736053fdd000)
	libdraco.so.4 => /lib/x86_64-linux-gnu/libdraco.so.4 (0x0000736052800000)
	libminizip.so.1 => /lib/x86_64-linux-gnu/libminizip.so.1 (0x0000736052400000)
	libcurl.so.4 => /lib/x86_64-linux-gnu/libcurl.so.4 (0x0000736053110000)
	libnghttp2.so.14 => /lib/x86_64-linux-gnu/libnghttp2.so.14 (0x000073605395b000)
	libidn2.so.0 => /lib/x86_64-linux-gnu/libidn2.so.0 (0x00007360530ef000)
	librtmp.so.1 => /lib/x86_64-linux-gnu/librtmp.so.1 (0x00007360530d0000)
	libssh.so.4 => /lib/x86_64-linux-gnu/libssh.so.4 (0x0000736053062000)
	libpsl.so.5 => /lib/x86_64-linux-gnu/libpsl.so.5 (0x000073605304e000)
	libssl.so.3 => /lib/x86_64-linux-gnu/libssl.so.3 (0x0000736052b5c000)
	libgssapi_krb5.so.2 => /lib/x86_64-linux-gnu/libgssapi_krb5.so.2 (0x0000736052b08000)
	libldap-2.5.so.0 => /lib/x86_64-linux-gnu/libldap-2.5.so.0 (0x0000736052aa8000)
	liblber-2.5.so.0 => /lib/x86_64-linux-gnu/liblber-2.5.so.0 (0x0000736053948000)
	libzstd.so.1 => /lib/x86_64-linux-gnu/libzstd.so.1 (0x0000736052731000)
	libbrotlidec.so.1 => /lib/x86_64-linux-gnu/libbrotlidec.so.1 (0x0000736052a9a000)
	libunistring.so.2 => /lib/x86_64-linux-gnu/libunistring.so.2 (0x0000736052256000)
	libgnutls.so.30 => /lib/x86_64-linux-gnu/libgnutls.so.30 (0x0000736052069000)
	libhogweed.so.6 => /lib/x86_64-linux-gnu/libhogweed.so.6 (0x00007360526e9000)
	libnettle.so.8 => /lib/x86_64-linux-gnu/libnettle.so.8 (0x00007360526a3000)
	libgmp.so.10 => /lib/x86_64-linux-gnu/libgmp.so.10 (0x0000736052621000)
	libkrb5.so.3 => /lib/x86_64-linux-gnu/libkrb5.so.3 (0x0000736051f9e000)
	libk5crypto.so.3 => /lib/x86_64-linux-gnu/libk5crypto.so.3 (0x0000736051f6f000)
	libcom_err.so.2 => /lib/x86_64-linux-gnu/libcom_err.so.2 (0x0000736053046000)
	libkrb5support.so.0 => /lib/x86_64-linux-gnu/libkrb5support.so.0 (0x0000736052a8c000)
	libsasl2.so.2 => /lib/x86_64-linux-gnu/libsasl2.so.2 (0x0000736052a71000)
	libbrotlicommon.so.1 => /lib/x86_64-linux-gnu/libbrotlicommon.so.1 (0x0000736051f4c000)
	libp11-kit.so.0 => /lib/x86_64-linux-gnu/libp11-kit.so.0 (0x0000736051e11000)
	libtasn1.so.6 => /lib/x86_64-linux-gnu/libtasn1.so.6 (0x0000736051df9000)
	libkeyutils.so.1 => /lib/x86_64-linux-gnu/libkeyutils.so.1 (0x000073605261a000)
	libresolv.so.2 => /lib/x86_64-linux-gnu/libresolv.so.2 (0x0000736051de6000)
	libffi.so.8 => /lib/x86_64-linux-gnu/libffi.so.8 (0x000073605260d000)
