Running main() from /opt/ros/humble/src/gtest_vendor/src/gtest_main.cc
[==========] Running 11 tests from 1 test suite.
[----------] Global test environment set-up.
[----------] 11 tests from ObservedCloud
[ RUN      ] ObservedCloud.PluginCanBeLoadedByActualMonitorLoader
[ERROR] [1790570925.323705165] [moveit.ros.occupancy_map_monitor.middleware_handle]: List of sensors is empty!
[WARN] [1790570925.323735694] [moveit.ros.occupancy_map_monitor]: Target frame specified but no TF instance (buffer) specified.No transforms will be applied to received data.
[       OK ] ObservedCloud.PluginCanBeLoadedByActualMonitorLoader (9 ms)
[ RUN      ] ObservedCloud.AtomicSnapshotRetainsSourceAndFreeRayEvidence
[ERROR] [1790570925.329567480] [moveit.ros.occupancy_map_monitor.middleware_handle]: List of sensors is empty!
[WARN] [1790570925.329578656] [moveit.ros.occupancy_map_monitor]: Target frame specified but no TF instance (buffer) specified.No transforms will be applied to received data.
[INFO] [1790570925.330697140] [astribot.observed_pointcloud_updater]: Listening to '/cloud_head' using message filter with target frame 'base '
[       OK ] ObservedCloud.AtomicSnapshotRetainsSourceAndFreeRayEvidence (155 ms)
[ RUN      ] ObservedCloud.TwoSourcesProduceOrderedImmutableSnapshots
[ERROR] [1790570925.484979467] [moveit.ros.occupancy_map_monitor.middleware_handle]: List of sensors is empty!
[WARN] [1790570925.484996955] [moveit.ros.occupancy_map_monitor]: Target frame specified but no TF instance (buffer) specified.No transforms will be applied to received data.
[INFO] [1790570925.485488316] [astribot.observed_pointcloud_updater]: Listening to '/cloud_head' using message filter with target frame 'base '
[INFO] [1790570925.485900415] [astribot.observed_pointcloud_updater]: Listening to '/cloud_torso' using message filter with target frame 'base '
[       OK ] ObservedCloud.TwoSourcesProduceOrderedImmutableSnapshots (307 ms)
[ RUN      ] ObservedCloud.ModelClearingCannotManufactureFreeEvidence
[ERROR] [1790570925.791425743] [moveit.ros.occupancy_map_monitor.middleware_handle]: List of sensors is empty!
[WARN] [1790570925.791443235] [moveit.ros.occupancy_map_monitor]: Target frame specified but no TF instance (buffer) specified.No transforms will be applied to received data.
[INFO] [1790570925.791927976] [astribot.observed_pointcloud_updater]: Listening to '/cloud_head' using message filter with target frame 'base '
[       OK ] ObservedCloud.ModelClearingCannotManufactureFreeEvidence (155 ms)
[ RUN      ] ObservedCloud.SameInputMapMatchesUpstreamIncludingSelfFilter
[ERROR] [1790570925.946364851] [moveit.ros.occupancy_map_monitor.middleware_handle]: List of sensors is empty!
[WARN] [1790570925.946381518] [moveit.ros.occupancy_map_monitor]: Target frame specified but no TF instance (buffer) specified.No transforms will be applied to received data.
[ERROR] [1790570925.947211030] [moveit.ros.occupancy_map_monitor.middleware_handle]: List of sensors is empty!
[WARN] [1790570925.947242804] [moveit.ros.occupancy_map_monitor]: Target frame specified but no TF instance (buffer) specified.No transforms will be applied to received data.
[INFO] [1790570925.947811990] [astribot.observed_pointcloud_updater]: Listening to '/cloud_head' using message filter with target frame 'base '
[INFO] [1790570925.948369823] [moveit.ros.perception.pointcloud_octomap_updater]: Listening to '/cloud_baseline' using message filter with target frame 'base '
[       OK ] ObservedCloud.SameInputMapMatchesUpstreamIncludingSelfFilter (408 ms)
[ RUN      ] ObservedCloud.EmptyInvalidAndRepeatedFramesDoNotInventNewCaptureEvidence
[ERROR] [1790570926.354511816] [moveit.ros.occupancy_map_monitor.middleware_handle]: List of sensors is empty!
[WARN] [1790570926.354529857] [moveit.ros.occupancy_map_monitor]: Target frame specified but no TF instance (buffer) specified.No transforms will be applied to received data.
[INFO] [1790570926.355016895] [astribot.observed_pointcloud_updater]: Listening to '/cloud_head' using message filter with target frame 'base '
[ERROR] [1790570926.607944689] [astribot.observed_pointcloud_updater]: POINT_CLOUD_LAYOUT_INVALID
[       OK ] ObservedCloud.EmptyInvalidAndRepeatedFramesDoNotInventNewCaptureEvidence (558 ms)
[ RUN      ] ObservedCloud.MissingTransformDoesNotPublishIntegratedEvidence
[ERROR] [1790570926.912825042] [moveit.ros.occupancy_map_monitor.middleware_handle]: List of sensors is empty!
[WARN] [1790570926.912843085] [moveit.ros.occupancy_map_monitor]: Target frame specified but no TF instance (buffer) specified.No transforms will be applied to received data.
[INFO] [1790570926.913336831] [astribot.observed_pointcloud_updater]: Listening to '/cloud_head' using message filter with target frame 'base '
[       OK ] ObservedCloud.MissingTransformDoesNotPublishIntegratedEvidence (255 ms)
[ RUN      ] ObservedCloud.RejectedRobotTransformsDoNotPublishIntegratedEvidence
[ERROR] [1790570927.168039258] [moveit.ros.occupancy_map_monitor.middleware_handle]: List of sensors is empty!
[WARN] [1790570927.168059550] [moveit.ros.occupancy_map_monitor]: Target frame specified but no TF instance (buffer) specified.No transforms will be applied to received data.
[INFO] [1790570927.168572728] [astribot.observed_pointcloud_updater]: Listening to '/cloud_head' using message filter with target frame 'base '
[ERROR] [1790570927.219291745] [moveit.ros.occupancy_map_updater]: Transform cache was not updated. Self-filtering may fail. If transforms were not available yet, consider setting robot_description_planning.shape_transform_cache_lookup_wait_time to wait longer for transforms
[       OK ] ObservedCloud.RejectedRobotTransformsDoNotPublishIntegratedEvidence (155 ms)
[ RUN      ] ObservedCloud.SnapshotContainsActualSensorTransform
[ERROR] [1790570927.323204964] [moveit.ros.occupancy_map_monitor.middleware_handle]: List of sensors is empty!
[WARN] [1790570927.323228268] [moveit.ros.occupancy_map_monitor]: Target frame specified but no TF instance (buffer) specified.No transforms will be applied to received data.
[INFO] [1790570927.323749354] [astribot.observed_pointcloud_updater]: Listening to '/cloud_head' using message filter with target frame 'base '
[       OK ] ObservedCloud.SnapshotContainsActualSensorTransform (256 ms)
[ RUN      ] ObservedCloud.ConcurrentCameraCallbacksKeepRevisionAndTreeTogether
[ERROR] [1790570927.578474582] [moveit.ros.occupancy_map_monitor.middleware_handle]: List of sensors is empty!
[WARN] [1790570927.578492399] [moveit.ros.occupancy_map_monitor]: Target frame specified but no TF instance (buffer) specified.No transforms will be applied to received data.
[INFO] [1790570927.578976673] [astribot.observed_pointcloud_updater]: Listening to '/cloud_head' using message filter with target frame 'base '
[INFO] [1790570927.579328769] [astribot.observed_pointcloud_updater]: Listening to '/cloud_torso' using message filter with target frame 'base '
[       OK ] ObservedCloud.ConcurrentCameraCallbacksKeepRevisionAndTreeTogether (306 ms)
[ RUN      ] ObservedCloud.SameCloudProcessingBenchmark
[ERROR] [1790570927.884365857] [moveit.ros.occupancy_map_monitor.middleware_handle]: List of sensors is empty!
[WARN] [1790570927.884383911] [moveit.ros.occupancy_map_monitor]: Target frame specified but no TF instance (buffer) specified.No transforms will be applied to received data.
[ERROR] [1790570927.885184443] [moveit.ros.occupancy_map_monitor.middleware_handle]: List of sensors is empty!
[WARN] [1790570927.885191185] [moveit.ros.occupancy_map_monitor]: Target frame specified but no TF instance (buffer) specified.No transforms will be applied to received data.
[INFO] [1790570927.885707059] [astribot.observed_pointcloud_updater]: Listening to '/cloud_head' using message filter with target frame 'base '
[INFO] [1790570927.886035854] [moveit.ros.perception.pointcloud_octomap_updater]: Listening to '/cloud_baseline' using message filter with target frame 'base '
[       OK ] ObservedCloud.SameCloudProcessingBenchmark (137 ms)
[----------] 11 tests from ObservedCloud (2701 ms total)

[----------] Global test environment tear-down
[==========] 11 tests from 1 test suite ran. (2704 ms total)
[  PASSED  ] 11 tests.
