	linux-vdso.so.1 (0x00007fff38a95000)
	libeagleaudithook.so => /usr/lib/x86_64-linux-gnu/eagleaudit/libeagleaudithook.so (0x00007fcb61a00000)
	libastribot_transport_msgs__rosidl_typesupport_cpp.so => /tmp/astribot_arm_dynamic_recovery/install/astribot_transport_msgs/lib/libastribot_transport_msgs__rosidl_typesupport_cpp.so (0x00007fcb61cc4000)
	libmoveit_ros_occupancy_map_monitor.so.2.5.9 => /opt/ros/humble/lib/libmoveit_ros_occupancy_map_monitor.so.2.5.9 (0x00007fcb61c58000)
	libmoveit_point_containment_filter.so.2.5.9 => /home/yjh/WorkSpace/astribot_sdk_ros2/runs/task_chain_20260921/moveit_sensor_plugin/install/moveit_ros_perception/lib/libmoveit_point_containment_filter.so.2.5.9 (0x00007fcb61c4d000)
	libclass_loader.so => /opt/ros/humble/lib/libclass_loader.so (0x00007fcb61c3a000)
	liboctomath.so.1.9 => /opt/ros/humble/lib/x86_64-linux-gnu/liboctomath.so.1.9 (0x00007fcb61c32000)
	libtf2_ros.so => /opt/ros/humble/lib/libtf2_ros.so (0x00007fcb61968000)
	libmessage_filters.so => /opt/ros/humble/lib/libmessage_filters.so (0x00007fcb61c2b000)
	librclcpp.so => /opt/ros/humble/lib/librclcpp.so (0x00007fcb61772000)
	liblibstatistics_collector.so => /opt/ros/humble/lib/liblibstatistics_collector.so (0x00007fcb61c24000)
	librcl.so => /opt/ros/humble/lib/librcl.so (0x00007fcb61734000)
	libstatistics_msgs__rosidl_typesupport_cpp.so => /opt/ros/humble/lib/libstatistics_msgs__rosidl_typesupport_cpp.so (0x00007fcb61c1f000)
	libtracetools.so => /opt/ros/humble/lib/libtracetools.so (0x00007fcb61c1a000)
	librmw.so => /opt/ros/humble/lib/librmw.so (0x00007fcb61c0e000)
	libsensor_msgs__rosidl_typesupport_cpp.so => /opt/ros/humble/lib/libsensor_msgs__rosidl_typesupport_cpp.so (0x00007fcb61729000)
	librcutils.so => /opt/ros/humble/lib/librcutils.so (0x00007fcb61711000)
	libconsole_bridge.so.1.0 => /lib/x86_64-linux-gnu/libconsole_bridge.so.1.0 (0x00007fcb616df000)
	libstdc++.so.6 => /lib/x86_64-linux-gnu/libstdc++.so.6 (0x00007fcb61400000)
	libm.so.6 => /lib/x86_64-linux-gnu/libm.so.6 (0x00007fcb61319000)
	libgcc_s.so.1 => /lib/x86_64-linux-gnu/libgcc_s.so.1 (0x00007fcb616bf000)
	libc.so.6 => /lib/x86_64-linux-gnu/libc.so.6 (0x00007fcb61000000)
	libdl.so.2 => /lib/x86_64-linux-gnu/libdl.so.2 (0x00007fcb616b8000)
	libpthread.so.0 => /lib/x86_64-linux-gnu/libpthread.so.0 (0x00007fcb616b3000)
	/lib64/ld-linux-x86-64.so.2 (0x00007fcb61da4000)
	libaction_msgs__rosidl_typesupport_cpp.so => /opt/ros/humble/lib/libaction_msgs__rosidl_typesupport_cpp.so (0x00007fcb616ad000)
	librosidl_typesupport_cpp.so => /opt/ros/humble/lib/librosidl_typesupport_cpp.so (0x00007fcb616a7000)
	liboctomap.so.1.9 => /opt/ros/humble/lib/x86_64-linux-gnu/liboctomap.so.1.9 (0x00007fcb6166b000)
	libmoveit_msgs__rosidl_typesupport_cpp.so => /opt/ros/humble/lib/libmoveit_msgs__rosidl_typesupport_cpp.so (0x00007fcb61631000)
	libament_index_cpp.so => /opt/ros/humble/lib/libament_index_cpp.so (0x00007fcb6130e000)
	libtinyxml2.so.9 => /lib/x86_64-linux-gnu/libtinyxml2.so.9 (0x00007fcb612f6000)
	librcpputils.so => /opt/ros/humble/lib/librcpputils.so (0x00007fcb612e8000)
	libgeometric_shapes.so.2.3.4 => /opt/ros/humble/lib/libgeometric_shapes.so.2.3.4 (0x00007fcb612b4000)
	librclcpp_action.so => /opt/ros/humble/lib/librclcpp_action.so (0x00007fcb61291000)
	libtf2.so => /opt/ros/humble/lib/libtf2.so (0x00007fcb6126f000)
	libtf2_msgs__rosidl_typesupport_cpp.so => /opt/ros/humble/lib/libtf2_msgs__rosidl_typesupport_cpp.so (0x00007fcb61267000)
	librcl_yaml_param_parser.so => /opt/ros/humble/lib/librcl_yaml_param_parser.so (0x00007fcb6125b000)
	librosgraph_msgs__rosidl_typesupport_cpp.so => /opt/ros/humble/lib/librosgraph_msgs__rosidl_typesupport_cpp.so (0x00007fcb61255000)
	librmw_implementation.so => /opt/ros/humble/lib/librmw_implementation.so (0x00007fcb61248000)
	librcl_logging_interface.so => /opt/ros/humble/lib/librcl_logging_interface.so (0x00007fcb61243000)
	librcl_interfaces__rosidl_typesupport_cpp.so => /opt/ros/humble/lib/librcl_interfaces__rosidl_typesupport_cpp.so (0x00007fcb61238000)
	librcl_logging_spdlog.so => /opt/ros/humble/lib/librcl_logging_spdlog.so (0x00007fcb61230000)
	librcl_interfaces__rosidl_typesupport_c.so => /opt/ros/humble/lib/librcl_interfaces__rosidl_typesupport_c.so (0x00007fcb60ff7000)
	librcl_interfaces__rosidl_generator_c.so => /opt/ros/humble/lib/librcl_interfaces__rosidl_generator_c.so (0x00007fcb60fdb000)
	librosidl_runtime_c.so => /opt/ros/humble/lib/librosidl_runtime_c.so (0x00007fcb60fd0000)
	libassimp.so.5 => /lib/x86_64-linux-gnu/libassimp.so.5 (0x00007fcb60800000)
	libfcl.so.0.7 => /lib/x86_64-linux-gnu/libfcl.so.0.7 (0x00007fcb60200000)
	libqhull_r.so.8.0 => /lib/x86_64-linux-gnu/libqhull_r.so.8.0 (0x00007fcb60f5d000)
	libresource_retriever.so => /opt/ros/humble/lib/libresource_retriever.so (0x00007fcb60f56000)
	librcl_action.so => /opt/ros/humble/lib/librcl_action.so (0x00007fcb607ed000)
	libyaml.so => /opt/ros/humble/lib/libyaml.so (0x00007fcb601de000)
	libspdlog.so.1 => /lib/x86_64-linux-gnu/libspdlog.so.1 (0x00007fcb60163000)
	librosidl_typesupport_c.so => /opt/ros/humble/lib/librosidl_typesupport_c.so (0x00007fcb60f50000)
	libbuiltin_interfaces__rosidl_generator_c.so => /opt/ros/humble/lib/libbuiltin_interfaces__rosidl_generator_c.so (0x00007fcb60f4b000)
	libz.so.1 => /lib/x86_64-linux-gnu/libz.so.1 (0x00007fcb60147000)
	libdraco.so.4 => /lib/x86_64-linux-gnu/libdraco.so.4 (0x00007fcb5fe00000)
	libminizip.so.1 => /lib/x86_64-linux-gnu/libminizip.so.1 (0x00007fcb5fa00000)
	libccd.so.2 => /lib/x86_64-linux-gnu/libccd.so.2 (0x00007fcb607e1000)
	libcurl.so.4 => /lib/x86_64-linux-gnu/libcurl.so.4 (0x00007fcb600a0000)
	libfmt.so.8 => /lib/x86_64-linux-gnu/libfmt.so.8 (0x00007fcb6007f000)
	libnghttp2.so.14 => /lib/x86_64-linux-gnu/libnghttp2.so.14 (0x00007fcb5fdd6000)
	libidn2.so.0 => /lib/x86_64-linux-gnu/libidn2.so.0 (0x00007fcb5fdb5000)
	librtmp.so.1 => /lib/x86_64-linux-gnu/librtmp.so.1 (0x00007fcb5fd96000)
	libssh.so.4 => /lib/x86_64-linux-gnu/libssh.so.4 (0x00007fcb5fd28000)
	libpsl.so.5 => /lib/x86_64-linux-gnu/libpsl.so.5 (0x00007fcb5fd14000)
	libssl.so.3 => /lib/x86_64-linux-gnu/libssl.so.3 (0x00007fcb5fc70000)
	libcrypto.so.3 => /lib/x86_64-linux-gnu/libcrypto.so.3 (0x00007fcb5f400000)
	libgssapi_krb5.so.2 => /lib/x86_64-linux-gnu/libgssapi_krb5.so.2 (0x00007fcb5fc1c000)
	libldap-2.5.so.0 => /lib/x86_64-linux-gnu/libldap-2.5.so.0 (0x00007fcb5f9a0000)
	liblber-2.5.so.0 => /lib/x86_64-linux-gnu/liblber-2.5.so.0 (0x00007fcb6006e000)
	libzstd.so.1 => /lib/x86_64-linux-gnu/libzstd.so.1 (0x00007fcb5f8d1000)
	libbrotlidec.so.1 => /lib/x86_64-linux-gnu/libbrotlidec.so.1 (0x00007fcb5fc0e000)
	libunistring.so.2 => /lib/x86_64-linux-gnu/libunistring.so.2 (0x00007fcb5f256000)
	libgnutls.so.30 => /lib/x86_64-linux-gnu/libgnutls.so.30 (0x00007fcb5f069000)
	libhogweed.so.6 => /lib/x86_64-linux-gnu/libhogweed.so.6 (0x00007fcb5f889000)
	libnettle.so.8 => /lib/x86_64-linux-gnu/libnettle.so.8 (0x00007fcb5f023000)
	libgmp.so.10 => /lib/x86_64-linux-gnu/libgmp.so.10 (0x00007fcb5efa1000)
	libkrb5.so.3 => /lib/x86_64-linux-gnu/libkrb5.so.3 (0x00007fcb5eed6000)
	libk5crypto.so.3 => /lib/x86_64-linux-gnu/libk5crypto.so.3 (0x00007fcb5f85a000)
	libcom_err.so.2 => /lib/x86_64-linux-gnu/libcom_err.so.2 (0x00007fcb5f854000)
	libkrb5support.so.0 => /lib/x86_64-linux-gnu/libkrb5support.so.0 (0x00007fcb5f846000)
	libsasl2.so.2 => /lib/x86_64-linux-gnu/libsasl2.so.2 (0x00007fcb5eebb000)
	libbrotlicommon.so.1 => /lib/x86_64-linux-gnu/libbrotlicommon.so.1 (0x00007fcb5ee98000)
	libp11-kit.so.0 => /lib/x86_64-linux-gnu/libp11-kit.so.0 (0x00007fcb5ed5d000)
	libtasn1.so.6 => /lib/x86_64-linux-gnu/libtasn1.so.6 (0x00007fcb5ed45000)
	libkeyutils.so.1 => /lib/x86_64-linux-gnu/libkeyutils.so.1 (0x00007fcb5ed3e000)
	libresolv.so.2 => /lib/x86_64-linux-gnu/libresolv.so.2 (0x00007fcb5ed2b000)
	libffi.so.8 => /lib/x86_64-linux-gnu/libffi.so.8 (0x00007fcb5ed1e000)
