[INFO] [launch]: All log files can be found below /home/yjh/.ros/log/astribot/2026-09-22-00-00-38-961574-sh-xf2731-742329
[INFO] [launch]: Default logging verbosity is set to INFO
[INFO] [move_group-1]: process started with pid [742606]
[INFO] [transport_skill_planner-2]: process started with pid [742608]
[INFO] [mtc_planner-3]: process started with pid [742610]
[INFO] [execution_guard-4]: process started with pid [742612]
[transport_skill_planner-2] Warning: Link 'livox_mid360_left' is not known to URDF. Cannot disable/enable collisons.
[transport_skill_planner-2]          at line 594 in ./src/model.cpp
[transport_skill_planner-2] Warning: Link 'livox_mid360_right' is not known to URDF. Cannot disable/enable collisons.
[transport_skill_planner-2]          at line 594 in ./src/model.cpp
[transport_skill_planner-2] Warning: Link 'camera_link' is not known to URDF. Cannot disable/enable collisons.
[transport_skill_planner-2]          at line 594 in ./src/model.cpp
[transport_skill_planner-2] [INFO] [1790006439.560528537] [moveit_rdf_loader.rdf_loader]: Loaded robot model in 0 seconds
[transport_skill_planner-2] [INFO] [1790006439.560565610] [moveit_robot_model.robot_model]: Loading robot model 'astribot_s1'...
[transport_skill_planner-2] [WARN] [1790006439.569429338] [moveit_robot_model.robot_model]: Link astribot_gripper_left_Link_L1 has visual geometry but no collision geometry. Collision geometry will be left empty. Fix your URDF file by explicitly specifying collision geometry.
[transport_skill_planner-2] [WARN] [1790006439.580340662] [moveit_robot_model.robot_model]: Link astribot_gripper_left_Link_R1 has visual geometry but no collision geometry. Collision geometry will be left empty. Fix your URDF file by explicitly specifying collision geometry.
[move_group-1] Warning: Link 'livox_mid360_left' is not known to URDF. Cannot disable/enable collisons.
[move_group-1]          at line 594 in ./src/model.cpp
[move_group-1] Warning: Link 'livox_mid360_right' is not known to URDF. Cannot disable/enable collisons.
[move_group-1]          at line 594 in ./src/model.cpp
[move_group-1] Warning: Link 'camera_link' is not known to URDF. Cannot disable/enable collisons.
[move_group-1]          at line 594 in ./src/model.cpp
[move_group-1] [INFO] [1790006439.585383187] [moveit_rdf_loader.rdf_loader]: Loaded robot model in 0 seconds
[move_group-1] [INFO] [1790006439.585435317] [moveit_robot_model.robot_model]: Loading robot model 'astribot_s1'...
[transport_skill_planner-2] [WARN] [1790006439.590757811] [moveit_robot_model.robot_model]: Link astribot_gripper_right_Link_L1 has visual geometry but no collision geometry. Collision geometry will be left empty. Fix your URDF file by explicitly specifying collision geometry.
[transport_skill_planner-2] [WARN] [1790006439.596411275] [moveit_robot_model.robot_model]: Link astribot_gripper_right_Link_R1 has visual geometry but no collision geometry. Collision geometry will be left empty. Fix your URDF file by explicitly specifying collision geometry.
[move_group-1] [WARN] [1790006439.600273354] [moveit_robot_model.robot_model]: Link astribot_gripper_left_Link_L1 has visual geometry but no collision geometry. Collision geometry will be left empty. Fix your URDF file by explicitly specifying collision geometry.
[move_group-1] [WARN] [1790006439.611558999] [moveit_robot_model.robot_model]: Link astribot_gripper_left_Link_R1 has visual geometry but no collision geometry. Collision geometry will be left empty. Fix your URDF file by explicitly specifying collision geometry.
[transport_skill_planner-2] [WARN] [1790006439.620714496] [kdl_parser]: The root link astribot_torso_base has an inertia specified in the URDF, but KDL does not support a root link with an inertia.  As a workaround, you can add an extra dummy link to your URDF.
[move_group-1] [WARN] [1790006439.620957092] [moveit_robot_model.robot_model]: Link astribot_gripper_right_Link_L1 has visual geometry but no collision geometry. Collision geometry will be left empty. Fix your URDF file by explicitly specifying collision geometry.
[transport_skill_planner-2] [WARN] [1790006439.620989783] [kdl_parser]: The root link astribot_torso_base has an inertia specified in the URDF, but KDL does not support a root link with an inertia.  As a workaround, you can add an extra dummy link to your URDF.
[transport_skill_planner-2] [WARN] [1790006439.621084768] [kdl_parser]: The root link astribot_torso_base has an inertia specified in the URDF, but KDL does not support a root link with an inertia.  As a workaround, you can add an extra dummy link to your URDF.
[transport_skill_planner-2] Warning: class_loader.ClassLoader: SEVERE WARNING!!! Attempting to unload library while objects created by this loader exist in the heap! You should delete your objects before attempting to unload the library or destroying the ClassLoader. The library will NOT be unloaded.
[transport_skill_planner-2]          at line 127 in ./src/class_loader.cpp
[transport_skill_planner-2] Warning: Link 'livox_mid360_left' is not known to URDF. Cannot disable/enable collisons.
[transport_skill_planner-2]          at line 594 in ./src/model.cpp
[transport_skill_planner-2] Warning: Link 'livox_mid360_right' is not known to URDF. Cannot disable/enable collisons.
[transport_skill_planner-2]          at line 594 in ./src/model.cpp
[transport_skill_planner-2] Warning: Link 'camera_link' is not known to URDF. Cannot disable/enable collisons.
[transport_skill_planner-2]          at line 594 in ./src/model.cpp
[transport_skill_planner-2] [INFO] [1790006439.627420184] [moveit_rdf_loader.rdf_loader]: Loaded robot model in 0 seconds
[transport_skill_planner-2] [INFO] [1790006439.627430970] [moveit_robot_model.robot_model]: Loading robot model 'astribot_s1'...
[move_group-1] [WARN] [1790006439.627846511] [moveit_robot_model.robot_model]: Link astribot_gripper_right_Link_R1 has visual geometry but no collision geometry. Collision geometry will be left empty. Fix your URDF file by explicitly specifying collision geometry.
[transport_skill_planner-2] [WARN] [1790006439.631335884] [moveit_robot_model.robot_model]: Link astribot_gripper_left_Link_L1 has visual geometry but no collision geometry. Collision geometry will be left empty. Fix your URDF file by explicitly specifying collision geometry.
[transport_skill_planner-2] [WARN] [1790006439.636176698] [moveit_robot_model.robot_model]: Link astribot_gripper_left_Link_R1 has visual geometry but no collision geometry. Collision geometry will be left empty. Fix your URDF file by explicitly specifying collision geometry.
[transport_skill_planner-2] [WARN] [1790006439.643977351] [moveit_robot_model.robot_model]: Link astribot_gripper_right_Link_L1 has visual geometry but no collision geometry. Collision geometry will be left empty. Fix your URDF file by explicitly specifying collision geometry.
[transport_skill_planner-2] [WARN] [1790006439.648869085] [moveit_robot_model.robot_model]: Link astribot_gripper_right_Link_R1 has visual geometry but no collision geometry. Collision geometry will be left empty. Fix your URDF file by explicitly specifying collision geometry.
[transport_skill_planner-2] [WARN] [1790006439.657391081] [kdl_parser]: The root link astribot_torso_base has an inertia specified in the URDF, but KDL does not support a root link with an inertia.  As a workaround, you can add an extra dummy link to your URDF.
[transport_skill_planner-2] [WARN] [1790006439.657514202] [kdl_parser]: The root link astribot_torso_base has an inertia specified in the URDF, but KDL does not support a root link with an inertia.  As a workaround, you can add an extra dummy link to your URDF.
[transport_skill_planner-2] [WARN] [1790006439.657571324] [kdl_parser]: The root link astribot_torso_base has an inertia specified in the URDF, but KDL does not support a root link with an inertia.  As a workaround, you can add an extra dummy link to your URDF.
[transport_skill_planner-2] [INFO] [1790006439.682155529] [moveit_ros.current_state_monitor]: Listening to joint states on topic 'joint_states'
[transport_skill_planner-2] [INFO] [1790006439.686068161] [moveit_ros.planning_scene_monitor.planning_scene_monitor]: Listening to '/attached_collision_object' for attached collision objects
[transport_skill_planner-2] [INFO] [1790006439.686090231] [moveit_ros.planning_scene_monitor.planning_scene_monitor]: Starting planning scene monitor
[transport_skill_planner-2] [INFO] [1790006439.687304928] [moveit_ros.planning_scene_monitor.planning_scene_monitor]: Listening to '/planning_scene'
[transport_skill_planner-2] [INFO] [1790006439.687324212] [moveit_ros.planning_scene_monitor.planning_scene_monitor]: Starting world geometry update monitor for collision objects, attached objects, octomap updates.
[transport_skill_planner-2] [INFO] [1790006439.687666509] [moveit_ros.planning_scene_monitor.planning_scene_monitor]: Listening to 'collision_object'
[transport_skill_planner-2] [INFO] [1790006439.687911377] [moveit_ros.planning_scene_monitor.planning_scene_monitor]: Listening to 'planning_scene_world' for planning scene world geometry
[transport_skill_planner-2] [WARN] [1790006439.688942420] [moveit.ros.occupancy_map_monitor.middleware_handle]: Resolution not specified for Octomap. Assuming resolution = 0.1 instead
[transport_skill_planner-2] [ERROR] [1790006439.688958708] [moveit.ros.occupancy_map_monitor.middleware_handle]: No 3D sensor plugin(s) defined for octomap updates
[move_group-1] [WARN] [1790006439.938542181] [kdl_parser]: The root link astribot_torso_base has an inertia specified in the URDF, but KDL does not support a root link with an inertia.  As a workaround, you can add an extra dummy link to your URDF.
[move_group-1] [WARN] [1790006439.938777366] [kdl_parser]: The root link astribot_torso_base has an inertia specified in the URDF, but KDL does not support a root link with an inertia.  As a workaround, you can add an extra dummy link to your URDF.
[move_group-1] [WARN] [1790006439.938920430] [kdl_parser]: The root link astribot_torso_base has an inertia specified in the URDF, but KDL does not support a root link with an inertia.  As a workaround, you can add an extra dummy link to your URDF.
[transport_skill_planner-2] [INFO] [1790006439.941461041] [astribot_s1_manipulation.dual_arm_planner]: initialized: dual_arm_group='dual_arm' planner='RRTConnectConfig' leader='arm_left' follower='arm_right' leader_tcp='astribot_arm_left_tcp_link' follower_tcp='astribot_arm_right_tcp_link' max_replan=3
[transport_skill_planner-2] [INFO] [1790006439.972552951] [transport_skill_planner]: Validated transport skill planner ready
[move_group-1] [INFO] [1790006439.979019940] [moveit_ros.planning_scene_monitor.planning_scene_monitor]: Publishing maintained planning scene on 'monitored_planning_scene'
[move_group-1] [INFO] [1790006439.979240394] [moveit.ros_planning_interface.moveit_cpp]: Listening to 'joint_states' for joint states
[move_group-1] [INFO] [1790006439.980909953] [moveit_ros.current_state_monitor]: Listening to joint states on topic 'joint_states'
[move_group-1] [INFO] [1790006439.981406225] [moveit_ros.planning_scene_monitor.planning_scene_monitor]: Listening to '/attached_collision_object' for attached collision objects
[move_group-1] [INFO] [1790006439.981418819] [moveit_ros.planning_scene_monitor.planning_scene_monitor]: Starting planning scene monitor
[move_group-1] [INFO] [1790006439.981841808] [moveit_ros.planning_scene_monitor.planning_scene_monitor]: Listening to '/planning_scene'
[move_group-1] [INFO] [1790006439.981855001] [moveit_ros.planning_scene_monitor.planning_scene_monitor]: Starting world geometry update monitor for collision objects, attached objects, octomap updates.
[move_group-1] [INFO] [1790006439.982439101] [moveit_ros.planning_scene_monitor.planning_scene_monitor]: Listening to 'collision_object'
[move_group-1] [INFO] [1790006439.982896317] [moveit_ros.planning_scene_monitor.planning_scene_monitor]: Listening to 'planning_scene_world' for planning scene world geometry
[move_group-1] [INFO] [1790006440.027116092] [moveit.ros.perception.pointcloud_octomap_updater]: Listening to '/camera/head_rgbd/points' using message filter with target frame 'astribot_torso_base '
[move_group-1] [INFO] [1790006440.028603867] [moveit.ros.perception.pointcloud_octomap_updater]: Listening to '/camera/torso_rgbd/points' using message filter with target frame 'astribot_torso_base '
[move_group-1] [INFO] [1790006440.028630679] [moveit.ros_planning_interface.moveit_cpp]: Loading planning pipeline 'ompl'
[move_group-1] [INFO] [1790006440.046763133] [astribot_s1_manipulation.ompl_extension]: registered extra OMPL planners: 25 -> 30 total
[move_group-1] [INFO] [1790006440.046823658] [astribot_s1_manipulation.ompl_extension]:   [OK]      geometric::RRTstar
[move_group-1] [INFO] [1790006440.046828799] [astribot_s1_manipulation.ompl_extension]:   [OK]      geometric::BITstar
[move_group-1] [INFO] [1790006440.046832410] [astribot_s1_manipulation.ompl_extension]:   [OK]      geometric::InformedRRTstar
[move_group-1] [INFO] [1790006440.046839088] [moveit.ros_planning.planning_pipeline]: Using planning interface 'OMPL (with BITstar / InformedRRTstar registered by astribot_s1_manipulation)'
[move_group-1] [INFO] [1790006440.052949770] [moveit_ros.add_time_optimal_parameterization]: Param 'ompl.path_tolerance' was not set. Using default value: 0.100000
[move_group-1] [INFO] [1790006440.052965953] [moveit_ros.add_time_optimal_parameterization]: Param 'ompl.resample_dt' was not set. Using default value: 0.100000
[move_group-1] [INFO] [1790006440.052970461] [moveit_ros.add_time_optimal_parameterization]: Param 'ompl.min_angle_change' was not set. Using default value: 0.001000
[move_group-1] [INFO] [1790006440.052997010] [moveit_ros.fix_workspace_bounds]: Param 'ompl.default_workspace_bounds' was not set. Using default value: 10.000000
[move_group-1] [INFO] [1790006440.053008667] [moveit_ros.fix_start_state_bounds]: Param 'ompl.start_state_max_bounds_error' was set to 0.100000
[move_group-1] [INFO] [1790006440.053013454] [moveit_ros.fix_start_state_bounds]: Param 'ompl.start_state_max_dt' was not set. Using default value: 0.500000
[move_group-1] [INFO] [1790006440.053022751] [moveit_ros.fix_start_state_collision]: Param 'ompl.start_state_max_dt' was not set. Using default value: 0.500000
[move_group-1] [INFO] [1790006440.053026908] [moveit_ros.fix_start_state_collision]: Param 'ompl.jiggle_fraction' was not set. Using default value: 0.020000
[move_group-1] [INFO] [1790006440.053040252] [moveit_ros.fix_start_state_collision]: Param 'ompl.max_sampling_attempts' was not set. Using default value: 100
[move_group-1] [INFO] [1790006440.053049918] [moveit.ros_planning.planning_pipeline]: Using planning request adapter 'Add Time Optimal Parameterization'
[move_group-1] [INFO] [1790006440.053054655] [moveit.ros_planning.planning_pipeline]: Using planning request adapter 'Resolve constraint frames to robot links'
[move_group-1] [INFO] [1790006440.053057184] [moveit.ros_planning.planning_pipeline]: Using planning request adapter 'Fix Workspace Bounds'
[move_group-1] [INFO] [1790006440.053059607] [moveit.ros_planning.planning_pipeline]: Using planning request adapter 'Fix Start State Bounds'
[move_group-1] [INFO] [1790006440.053061897] [moveit.ros_planning.planning_pipeline]: Using planning request adapter 'Fix Start State In Collision'
[move_group-1] [INFO] [1790006440.053064201] [moveit.ros_planning.planning_pipeline]: Using planning request adapter 'Fix Start State Path Constraints'
[move_group-1] [INFO] [1790006440.108147725] [moveit.plugins.moveit_simple_controller_manager]: Added FollowJointTrajectory controller for arm_left_controller
[move_group-1] [INFO] [1790006440.110478521] [moveit.plugins.moveit_simple_controller_manager]: Added FollowJointTrajectory controller for arm_right_controller
[move_group-1] [INFO] [1790006440.112440911] [moveit.plugins.moveit_simple_controller_manager]: Added FollowJointTrajectory controller for torso_controller
[move_group-1] [INFO] [1790006440.114564158] [moveit.plugins.moveit_simple_controller_manager]: Added FollowJointTrajectory controller for gripper_left_controller
[move_group-1] [INFO] [1790006440.117154387] [moveit.plugins.moveit_simple_controller_manager]: Added FollowJointTrajectory controller for gripper_right_controller
[move_group-1] [INFO] [1790006440.117348819] [moveit.plugins.moveit_simple_controller_manager]: Returned 5 controllers in list
[move_group-1] [INFO] [1790006440.117382645] [moveit.plugins.moveit_simple_controller_manager]: Returned 5 controllers in list
[move_group-1] [INFO] [1790006440.117865463] [moveit_ros.trajectory_execution_manager]: Trajectory execution is not managing controllers
[move_group-1] [INFO] [1790006440.117875947] [move_group.move_group]: MoveGroup debug mode is ON
[move_group-1] [INFO] [1790006440.135609754] [move_group.move_group]: 
[move_group-1] 
[move_group-1] ********************************************************
[move_group-1] * MoveGroup using: 
[move_group-1] *     - ApplyPlanningSceneService
[move_group-1] *     - ClearOctomapService
[move_group-1] *     - CartesianPathService
[move_group-1] *     - GetPlanningSceneService
[move_group-1] *     - KinematicsService
[move_group-1] *     - MoveAction
[move_group-1] *     - MotionPlanService
[move_group-1] *     - QueryPlannersService
[move_group-1] *     - StateValidationService
[move_group-1] ********************************************************
[move_group-1] 
[move_group-1] [INFO] [1790006440.135653634] [moveit_move_group_capabilities_base.move_group_context]: MoveGroup context using planning plugin astribot_s1_manipulation/OmplPlannerExtension
[move_group-1] [INFO] [1790006440.135662033] [moveit_move_group_capabilities_base.move_group_context]: MoveGroup context initialization complete
[move_group-1] [96mLoading 'move_group/ApplyPlanningSceneService'...
[move_group-1] [0m[96mLoading 'move_group/ClearOctomapService'...
[move_group-1] [0m[96mLoading 'move_group/MoveGroupCartesianPathService'...
[move_group-1] [0m[96mLoading 'move_group/MoveGroupGetPlanningSceneService'...
[move_group-1] [0m[96mLoading 'move_group/MoveGroupKinematicsService'...
[move_group-1] [0m[96mLoading 'move_group/MoveGroupMoveAction'...
[move_group-1] [0m[96mLoading 'move_group/MoveGroupPlanService'...
[move_group-1] [0m[96mLoading 'move_group/MoveGroupQueryPlannersService'...
[move_group-1] [0m[96mLoading 'move_group/MoveGroupStateValidationService'...
[move_group-1] [0m[92m
[move_group-1] You can start planning now!
[move_group-1] 
[transport_skill_planner-2] Warning: Link 'livox_mid360_left' is not known to URDF. Cannot disable/enable collisons.
[transport_skill_planner-2]          at line 594 in ./src/model.cpp
[transport_skill_planner-2] Warning: Link 'livox_mid360_right' is not known to URDF. Cannot disable/enable collisons.
[transport_skill_planner-2]          at line 594 in ./src/model.cpp
[transport_skill_planner-2] Warning: Link 'camera_link' is not known to URDF. Cannot disable/enable collisons.
[transport_skill_planner-2]          at line 594 in ./src/model.cpp
[transport_skill_planner-2] [INFO] [1790006442.752827930] [moveit_rdf_loader.rdf_loader]: Loaded robot model in 0.005 seconds
[transport_skill_planner-2] [INFO] [1790006442.752843714] [moveit_robot_model.robot_model]: Loading robot model 'astribot_s1'...
[transport_skill_planner-2] [WARN] [1790006442.765870398] [moveit_robot_model.robot_model]: Link astribot_gripper_left_Link_L1 has visual geometry but no collision geometry. Collision geometry will be left empty. Fix your URDF file by explicitly specifying collision geometry.
[transport_skill_planner-2] [WARN] [1790006442.781601546] [moveit_robot_model.robot_model]: Link astribot_gripper_left_Link_R1 has visual geometry but no collision geometry. Collision geometry will be left empty. Fix your URDF file by explicitly specifying collision geometry.
[transport_skill_planner-2] [WARN] [1790006442.800128557] [moveit_robot_model.robot_model]: Link astribot_gripper_right_Link_L1 has visual geometry but no collision geometry. Collision geometry will be left empty. Fix your URDF file by explicitly specifying collision geometry.
[transport_skill_planner-2] [WARN] [1790006442.813111241] [moveit_robot_model.robot_model]: Link astribot_gripper_right_Link_R1 has visual geometry but no collision geometry. Collision geometry will be left empty. Fix your URDF file by explicitly specifying collision geometry.
[transport_skill_planner-2] [WARN] [1790006442.833091055] [kdl_parser]: The root link astribot_torso_base has an inertia specified in the URDF, but KDL does not support a root link with an inertia.  As a workaround, you can add an extra dummy link to your URDF.
[transport_skill_planner-2] [WARN] [1790006442.833276255] [kdl_parser]: The root link astribot_torso_base has an inertia specified in the URDF, but KDL does not support a root link with an inertia.  As a workaround, you can add an extra dummy link to your URDF.
[transport_skill_planner-2] [WARN] [1790006442.833359876] [kdl_parser]: The root link astribot_torso_base has an inertia specified in the URDF, but KDL does not support a root link with an inertia.  As a workaround, you can add an extra dummy link to your URDF.
[transport_skill_planner-2] [INFO] [1790006444.843727757] [move_group_interface]: Ready to take commands for planning group arm_right.
[transport_skill_planner-2] [INFO] [1790006444.844234053] [move_group_interface]: MoveGroup action client/server ready
[move_group-1] [INFO] [1790006444.844853478] [moveit_move_group_default_capabilities.move_action_capability]: Received request
[transport_skill_planner-2] [INFO] [1790006444.844964224] [move_group_interface]: Planning request accepted
[move_group-1] [INFO] [1790006444.844998650] [moveit_move_group_default_capabilities.move_action_capability]: executing..
[move_group-1] [INFO] [1790006444.845106966] [moveit_move_group_default_capabilities.move_action_capability]: Planning request received for MoveGroup action. Forwarding to planning pipeline.
[move_group-1] [INFO] [1790006444.845827958] [astribot_s1_manipulation.ompl_extension]: planning request: group='arm_right' planner_id='RRTConnectConfig' allowed_time=5.00s
[move_group-1] [0mDebug:   Starting goal sampling thread
[move_group-1] Debug:   Waiting for space information to be set up before the sampling thread can begin computation...
[move_group-1] [INFO] [1790006444.846401854] [moveit.ompl_planning.model_based_planning_context]: Planner configuration 'arm_right[RRTConnectConfig]' will use planner 'geometric::RRTConnect'. Additional configuration parameters will be set when the planner is constructed.
[move_group-1] Debug:   The value of parameter 'longest_valid_segment_fraction' is now: '0.01'
[move_group-1] Debug:   The value of parameter 'range' is now: '0'
[move_group-1] Debug:   arm_right/arm_right[RRTConnectConfig]: Planner range detected to be 5.352000
[move_group-1] Info:    arm_right/arm_right[RRTConnectConfig]: Starting planning with 1 states already in datastructure
[move_group-1] Debug:   arm_right/arm_right[RRTConnectConfig]: Waiting for goal region samples ...
[move_group-1] Debug:   Beginning sampling thread computation
[move_group-1] Debug:   Adding goal state
[move_group-1] Debug:   arm_right/arm_right[RRTConnectConfig]: Waited 0.010069 seconds for the first goal sample.
[move_group-1] Debug:   Adding goal state
[move_group-1] Debug:   Adding goal state
[move_group-1] Debug:   Adding goal state
[move_group-1] Debug:   Adding goal state
[move_group-1] Debug:   Adding goal state
[move_group-1] Debug:   Adding goal state
[move_group-1] Debug:   Adding goal state
[move_group-1] Debug:   Adding goal state
[move_group-1] Debug:   Adding goal state
[move_group-1] Debug:   Stopped goal sampling thread after 10 sampling attempts
[move_group-1] Info:    arm_right/arm_right[RRTConnectConfig]: Created 4 states (2 start + 2 goal)
[move_group-1] Info:    Solution found in 0.012515 seconds
[move_group-1] Info:    SimpleSetup: Path simplification took 0.015826 seconds and changed from 3 to 2 states
[move_group-1] [INFO] [1790006444.876380824] [moveit_move_group_default_capabilities.move_action_capability]: Motion plan was computed successfully.
[transport_skill_planner-2] [INFO] [1790006444.876767129] [move_group_interface]: Planning request complete!
[transport_skill_planner-2] [INFO] [1790006444.877182349] [move_group_interface]: time taken to generate plan: 0.0283406 seconds
[transport_skill_planner-2] [INFO] [1790006444.881449982] [astribot_s1_manipulation.singularity]: waypoint 0 is still singular (sigma_min=0.00771033 below threshold 0.02) but exempt as part of the escape from a singular start; the trajectory is allowed to move away from it
[transport_skill_planner-2] [INFO] [1790006444.881729316] [astribot_s1_manipulation.singularity]: waypoint 1 is still singular (sigma_min=0.0100932 below threshold 0.02) but exempt as part of the escape from a singular start; the trajectory is allowed to move away from it
[transport_skill_planner-2] [INFO] [1790006444.881967601] [astribot_s1_manipulation.singularity]: waypoint 2 is still singular (sigma_min=0.017217 below threshold 0.02) but exempt as part of the escape from a singular start; the trajectory is allowed to move away from it
[transport_skill_planner-2] [INFO] [1790006444.884390165] [astribot_s1_manipulation.time_optimizer]: baseline (IPTP, scaling 0.30/0.30): duration=0.629s waypoints=12 max_vel=2.921rad/s (astribot_arm_right_joint_4) max_acc=11.617rad/s^2 (astribot_arm_right_joint_4) peak_vel_util=20.9% source=trajectory
[transport_skill_planner-2] [INFO] [1790006444.884498284] [astribot_s1_manipulation.time_optimizer]: optimization disabled by configuration; baseline adopted
[transport_skill_planner-2] [INFO] [1790006444.884878344] [astribot_s1_manipulation.dual_arm_planner]: single-arm plan OK: group='arm_right' planner='RRTConnectConfig' attempt=1 duration=0.629s waypoints=12 max_vel=2.921rad/s (astribot_arm_right_joint_4) max_acc=11.617rad/s^2 (astribot_arm_right_joint_4) peak_vel_util=20.9% source=trajectory
[transport_skill_planner-2] [INFO] [1790006444.888934662] [move_group_interface]: MoveGroup action client/server ready
[move_group-1] [INFO] [1790006444.889079992] [moveit_move_group_default_capabilities.move_action_capability]: Received request
[move_group-1] [INFO] [1790006444.889128238] [moveit_move_group_default_capabilities.move_action_capability]: executing..
[move_group-1] [INFO] [1790006444.889168317] [moveit_move_group_default_capabilities.move_action_capability]: Planning request received for MoveGroup action. Forwarding to planning pipeline.
[transport_skill_planner-2] [INFO] [1790006444.889177225] [move_group_interface]: Planning request accepted
[move_group-1] [INFO] [1790006444.889872526] [astribot_s1_manipulation.ompl_extension]: planning request: group='arm_right' planner_id='RRTConnectConfig' allowed_time=5.00s
[move_group-1] Debug:   Starting goal sampling thread
[move_group-1] Debug:   Waiting for space information to be set up before the sampling thread can begin computation...
[move_group-1] Debug:   The value of parameter 'longest_valid_segment_fraction' is now: '0.01'
[move_group-1] Debug:   The value of parameter 'range' is now: '0'
[move_group-1] Debug:   arm_right/arm_right[RRTConnectConfig]: Planner range detected to be 5.352000
[move_group-1] [INFO] [1790006444.890357841] [moveit.ompl_planning.model_based_planning_context]: Planner configuration 'arm_right[RRTConnectConfig]' will use planner 'geometric::RRTConnect'. Additional configuration parameters will be set when the planner is constructed.
[move_group-1] Info:    arm_right/arm_right[RRTConnectConfig]: Starting planning with 1 states already in datastructure
[move_group-1] Debug:   arm_right/arm_right[RRTConnectConfig]: Waiting for goal region samples ...
[move_group-1] Debug:   Beginning sampling thread computation
[move_group-1] Debug:   Adding goal state
[move_group-1] Debug:   Adding goal state
[move_group-1] Debug:   Adding goal state
[move_group-1] Debug:   Adding goal state
[move_group-1] Debug:   Adding goal state
[move_group-1] Debug:   Adding goal state
[move_group-1] Debug:   Adding goal state
[move_group-1] Debug:   Adding goal state
[move_group-1] Debug:   Adding goal state
[move_group-1] Debug:   Adding goal state
[move_group-1] Debug:   Stopped goal sampling thread after 10 sampling attempts
[move_group-1] Debug:   arm_right/arm_right[RRTConnectConfig]: Waited 0.020127 seconds for the first goal sample.
[move_group-1] Info:    arm_right/arm_right[RRTConnectConfig]: Created 5 states (3 start + 2 goal)
[move_group-1] Info:    Solution found in 0.025142 seconds
[move_group-1] Info:    SimpleSetup: Path simplification took 0.021410 seconds and changed from 4 to 2 states
[move_group-1] [INFO] [1790006444.938459464] [moveit_move_group_default_capabilities.move_action_capability]: Motion plan was computed successfully.
[transport_skill_planner-2] [INFO] [1790006444.938764082] [move_group_interface]: Planning request complete!
[transport_skill_planner-2] [INFO] [1790006444.939759201] [move_group_interface]: time taken to generate plan: 0.0465521 seconds
[transport_skill_planner-2] [INFO] [1790006444.942434314] [astribot_s1_manipulation.singularity]: waypoint 0 is still singular (sigma_min=0.00771033 below threshold 0.02) but exempt as part of the escape from a singular start; the trajectory is allowed to move away from it
[transport_skill_planner-2] [INFO] [1790006444.942594154] [astribot_s1_manipulation.singularity]: waypoint 1 is still singular (sigma_min=0.0100934 below threshold 0.02) but exempt as part of the escape from a singular start; the trajectory is allowed to move away from it
[transport_skill_planner-2] [INFO] [1790006444.942726211] [astribot_s1_manipulation.singularity]: waypoint 2 is still singular (sigma_min=0.0172176 below threshold 0.02) but exempt as part of the escape from a singular start; the trajectory is allowed to move away from it
[transport_skill_planner-2] [INFO] [1790006444.944160894] [astribot_s1_manipulation.time_optimizer]: baseline (IPTP, scaling 0.30/0.30): duration=0.629s waypoints=12 max_vel=2.921rad/s (astribot_arm_right_joint_4) max_acc=11.629rad/s^2 (astribot_arm_right_joint_4) peak_vel_util=20.9% source=trajectory
[transport_skill_planner-2] [INFO] [1790006444.944197281] [astribot_s1_manipulation.time_optimizer]: optimization disabled by configuration; baseline adopted
[transport_skill_planner-2] [INFO] [1790006444.944452685] [astribot_s1_manipulation.dual_arm_planner]: single-arm plan OK: group='arm_right' planner='RRTConnectConfig' attempt=1 duration=0.629s waypoints=12 max_vel=2.921rad/s (astribot_arm_right_joint_4) max_acc=11.629rad/s^2 (astribot_arm_right_joint_4) peak_vel_util=20.9% source=trajectory
[transport_skill_planner-2] [INFO] [1790006444.947904165] [move_group_interface]: MoveGroup action client/server ready
[move_group-1] [INFO] [1790006444.948101502] [moveit_move_group_default_capabilities.move_action_capability]: Received request
[move_group-1] [INFO] [1790006444.948158749] [moveit_move_group_default_capabilities.move_action_capability]: executing..
[move_group-1] [INFO] [1790006444.948196811] [moveit_move_group_default_capabilities.move_action_capability]: Planning request received for MoveGroup action. Forwarding to planning pipeline.
[transport_skill_planner-2] [INFO] [1790006444.948177186] [move_group_interface]: Planning request accepted
[move_group-1] [INFO] [1790006444.948646610] [astribot_s1_manipulation.ompl_extension]: planning request: group='arm_right' planner_id='RRTConnectConfig' allowed_time=5.00s
[move_group-1] Debug:   Starting goal sampling thread
[move_group-1] [INFO] [1790006444.948910436] [moveit.ompl_planning.model_based_planning_context]: Planner configuration 'arm_right[RRTConnectConfig]' will use planner 'geometric::RRTConnect'. Additional configuration parameters will be set when the planner is constructed.
[move_group-1] Debug:   The value of parameter 'longest_valid_segment_fraction' is now: '0.01'
[move_group-1] Debug:   The value of parameter 'range' is now: '0'
[move_group-1] Debug:   arm_right/arm_right[RRTConnectConfig]: Planner range detected to be 5.352000
[move_group-1] Debug:   Beginning sampling thread computation
[move_group-1] Debug:   Adding goal state
[move_group-1] Debug:   Adding goal state
[move_group-1] Debug:   Adding goal state
[move_group-1] Debug:   Adding goal state
[move_group-1] Debug:   Adding goal state
[move_group-1] Debug:   Adding goal state
[move_group-1] Debug:   Adding goal state
[move_group-1] Debug:   Adding goal state
[move_group-1] Debug:   Adding goal state
[move_group-1] Debug:   Adding goal state
[move_group-1] Debug:   Stopped goal sampling thread after 10 sampling attempts
[move_group-1] Info:    arm_right/arm_right[RRTConnectConfig]: Starting planning with 1 states already in datastructure
[move_group-1] Info:    arm_right/arm_right[RRTConnectConfig]: Created 5 states (2 start + 3 goal)
[move_group-1] Info:    Solution found in 0.003392 seconds
[move_group-1] Info:    SimpleSetup: Path simplification took 0.026594 seconds and changed from 4 to 2 states
[move_group-1] [INFO] [1790006444.981101748] [moveit_move_group_default_capabilities.move_action_capability]: Motion plan was computed successfully.
[transport_skill_planner-2] [INFO] [1790006444.981525267] [move_group_interface]: Planning request complete!
[transport_skill_planner-2] [INFO] [1790006444.981823825] [move_group_interface]: time taken to generate plan: 0.0299865 seconds
[transport_skill_planner-2] [INFO] [1790006444.984736173] [astribot_s1_manipulation.singularity]: waypoint 0 is still singular (sigma_min=0.00771033 below threshold 0.02) but exempt as part of the escape from a singular start; the trajectory is allowed to move away from it
[transport_skill_planner-2] [INFO] [1790006444.984874309] [astribot_s1_manipulation.singularity]: waypoint 1 is still singular (sigma_min=0.0100929 below threshold 0.02) but exempt as part of the escape from a singular start; the trajectory is allowed to move away from it
[transport_skill_planner-2] [INFO] [1790006444.984986727] [astribot_s1_manipulation.singularity]: waypoint 2 is still singular (sigma_min=0.0172159 below threshold 0.02) but exempt as part of the escape from a singular start; the trajectory is allowed to move away from it
[transport_skill_planner-2] [INFO] [1790006444.987652406] [astribot_s1_manipulation.time_optimizer]: baseline (IPTP, scaling 0.30/0.30): duration=0.629s waypoints=12 max_vel=2.921rad/s (astribot_arm_right_joint_4) max_acc=11.618rad/s^2 (astribot_arm_right_joint_4) peak_vel_util=20.9% source=trajectory
[transport_skill_planner-2] [INFO] [1790006444.987691521] [astribot_s1_manipulation.time_optimizer]: optimization disabled by configuration; baseline adopted
[transport_skill_planner-2] [INFO] [1790006444.988050386] [astribot_s1_manipulation.dual_arm_planner]: single-arm plan OK: group='arm_right' planner='RRTConnectConfig' attempt=1 duration=0.629s waypoints=12 max_vel=2.921rad/s (astribot_arm_right_joint_4) max_acc=11.618rad/s^2 (astribot_arm_right_joint_4) peak_vel_util=20.9% source=trajectory
[WARNING] [launch]: user interrupted with ctrl-c (SIGINT)
[INFO] [execution_guard-4]: sending signal 'SIGINT' to process[execution_guard-4]
[INFO] [mtc_planner-3]: sending signal 'SIGINT' to process[mtc_planner-3]
[INFO] [transport_skill_planner-2]: sending signal 'SIGINT' to process[transport_skill_planner-2]
[INFO] [move_group-1]: sending signal 'SIGINT' to process[move_group-1]
[execution_guard-4] [INFO] [1790006445.180804683] [rclcpp]: signal_handler(SIGINT/SIGTERM)
[mtc_planner-3] [INFO] [1790006445.181302962] [rclcpp]: signal_handler(SIGINT/SIGTERM)
[move_group-1] [INFO] [1790006445.181897114] [rclcpp]: signal_handler(SIGINT/SIGTERM)
[transport_skill_planner-2] [INFO] [1790006445.182065364] [rclcpp]: signal_handler(SIGINT/SIGTERM)
[move_group-1] [INFO] [1790006445.194810045] [moveit.ros_planning_interface.moveit_cpp]: Deleting MoveItCpp
[move_group-1] [INFO] [1790006445.195255806] [moveit_ros.planning_scene_monitor.planning_scene_monitor]: Stopped publishing maintained planning scene.
[move_group-1] [INFO] [1790006445.196106485] [moveit_ros.planning_scene_monitor.planning_scene_monitor]: Stopping world geometry monitor
[move_group-1] [INFO] [1790006445.197172419] [moveit_ros.planning_scene_monitor.planning_scene_monitor]: Stopping planning scene monitor
[move_group-1] Warning: class_loader.ClassLoader: SEVERE WARNING!!! Attempting to unload library while objects created by this loader exist in the heap! You should delete your objects before attempting to unload the library or destroying the ClassLoader. The library will NOT be unloaded.
[move_group-1]          at line 127 in ./src/class_loader.cpp
[transport_skill_planner-2] [INFO] [1790006445.280065148] [moveit_ros.planning_scene_monitor.planning_scene_monitor]: Stopping planning scene monitor
[transport_skill_planner-2] [INFO] [1790006445.280872210] [moveit_ros.planning_scene_monitor.planning_scene_monitor]: Stopping world geometry monitor
[transport_skill_planner-2] [INFO] [1790006445.281154602] [moveit_ros.planning_scene_monitor.planning_scene_monitor]: Stopping world geometry monitor
[INFO] [execution_guard-4]: process has finished cleanly [pid 742612]
[INFO] [mtc_planner-3]: process has finished cleanly [pid 742610]
[INFO] [move_group-1]: process has finished cleanly [pid 742606]
[INFO] [transport_skill_planner-2]: process has finished cleanly [pid 742608]
