[  1%] Building CXX object CMakeFiles/navigation_math.dir/src/navigation_math.cpp.o
[  2%] Building CXX object CMakeFiles/policy_profile.dir/src/policy_profile.cpp.o
/home/yjh/WorkSpace/astribot_sdk_ros2/runs/cpp_migration_20260921/stage6b_integer_recovery/source/ws_robot/src/astribot_s1_navigation_policy_native/src/navigation_math.cpp: In function ‘std::vector<double> astribot::navigation::scan_coverage(const std::vector<double>&, double, double, double, double, double)’:
/home/yjh/WorkSpace/astribot_sdk_ros2/runs/cpp_migration_20260921/stage6b_integer_recovery/source/ws_robot/src/astribot_s1_navigation_policy_native/src/navigation_math.cpp:304:69: warning: suggest parentheses around ‘&&’ within ‘||’ [-Wparentheses]
  304 |         (std::isfinite(ranges[index]) && range_min <= ranges[index] &&
      |          ~~~~~~~~~~~~~~~~~~~~~~~~~~~~~~~~~~~~~~~~~~~~~~~~~~~~~~~~~~~^~
  305 |              ranges[index] <= range_max || ranges[index] == INFINITY);
      |              ~~~~~~~~~~~~~~~~~~~~~~~~~~                              
[  4%] Building CXX object CMakeFiles/navigation_math.dir/src/cmd_vel_body_to_world_core.cpp.o
[  5%] Linking CXX static library libnavigation_math.a
[  5%] Built target navigation_math
[  7%] Building CXX object CMakeFiles/fixed_envelope_core.dir/src/fixed_envelope_core.cpp.o
[  8%] Linking CXX static library libpolicy_profile.a
[  8%] Built target policy_profile
[  9%] Building CXX object CMakeFiles/policy_contracts.dir/src/policy_contracts.cpp.o
[ 11%] Linking CXX static library libfixed_envelope_core.a
[ 11%] Built target fixed_envelope_core
[ 12%] Building CXX object CMakeFiles/policy_sweep.dir/src/policy_sweep.cpp.o
[ 14%] Linking CXX static library libpolicy_contracts.a
[ 14%] Built target policy_contracts
[ 15%] Building CXX object CMakeFiles/policy_path_evidence.dir/src/policy_path_evidence.cpp.o
[ 16%] Linking CXX static library libpolicy_path_evidence.a
[ 16%] Built target policy_path_evidence
[ 18%] Building CXX object CMakeFiles/policy_behavior_probe.dir/test/policy_behavior_probe.cpp.o
[ 19%] Linking CXX static library libpolicy_sweep.a
[ 19%] Built target policy_sweep
[ 21%] Building CXX object CMakeFiles/policy_path_evidence_probe.dir/test/policy_path_evidence_probe.cpp.o
[ 22%] Linking CXX executable policy_behavior_probe
[ 22%] Built target policy_behavior_probe
[ 23%] Building CXX object CMakeFiles/cmd_vel_body_to_world_cpp.dir/src/cmd_vel_body_to_world_node.cpp.o
[ 25%] Linking CXX executable policy_path_evidence_probe
[ 25%] Built target policy_path_evidence_probe
[ 26%] Building CXX object CMakeFiles/costmap_scan_cpp.dir/src/costmap_scan_node.cpp.o
[ 28%] Linking CXX executable costmap_scan_cpp
[ 28%] Built target costmap_scan_cpp
[ 29%] Building CXX object CMakeFiles/envelope_coordinator_cpp.dir/src/envelope_coordinator_node.cpp.o
[ 30%] Linking CXX executable cmd_vel_body_to_world_cpp
[ 30%] Built target cmd_vel_body_to_world_cpp
[ 32%] Building CXX object CMakeFiles/final_protection_core.dir/src/final_protection_core.cpp.o
[ 33%] Linking CXX static library libfinal_protection_core.a
[ 33%] Built target final_protection_core
[ 35%] Building CXX object CMakeFiles/navigation_math_test.dir/test/navigation_math_test.cpp.o
[ 36%] Linking CXX executable navigation_math_test
[ 36%] Built target navigation_math_test
[ 38%] Building CXX object CMakeFiles/cmd_vel_body_to_world_core_test.dir/test/cmd_vel_body_to_world_core_test.cpp.o
[ 39%] Linking CXX executable cmd_vel_body_to_world_core_test
[ 39%] Built target cmd_vel_body_to_world_core_test
[ 40%] Building CXX object CMakeFiles/policy_profile_probe.dir/test/policy_profile_probe.cpp.o
[ 42%] Linking CXX executable policy_profile_probe
[ 42%] Built target policy_profile_probe
[ 43%] Building CXX object CMakeFiles/final_protection_probe.dir/test/final_protection_probe.cpp.o
[ 45%] Linking CXX executable final_protection_probe
[ 45%] Built target final_protection_probe
[ 46%] Building CXX object CMakeFiles/fixed_envelope_cpp.dir/src/fixed_envelope_node.cpp.o
[ 47%] Linking CXX executable envelope_coordinator_cpp
[ 47%] Built target envelope_coordinator_cpp
[ 49%] Building CXX object CMakeFiles/fixed_envelope_probe.dir/test/fixed_envelope_probe.cpp.o
[ 50%] Linking CXX executable fixed_envelope_probe
[ 50%] Built target fixed_envelope_probe
[ 52%] Building CXX object CMakeFiles/fixed_envelope_core_test.dir/test/fixed_envelope_core_test.cpp.o
[ 53%] Linking CXX executable fixed_envelope_core_test
[ 53%] Built target fixed_envelope_core_test
[ 54%] Building CXX object CMakeFiles/policy_fusion.dir/src/policy_fusion.cpp.o
[ 56%] Linking CXX static library libpolicy_fusion.a
[ 56%] Built target policy_fusion
[ 57%] Building CXX object CMakeFiles/policy_health.dir/src/policy_health.cpp.o
[ 59%] Linking CXX static library libpolicy_health.a
[ 59%] Built target policy_health
[ 60%] Building CXX object CMakeFiles/policy_risk.dir/src/policy_risk.cpp.o
[ 61%] Linking CXX static library libpolicy_risk.a
[ 61%] Built target policy_risk
[ 63%] Building CXX object CMakeFiles/policy_sweep_probe.dir/test/policy_sweep_probe.cpp.o
[ 64%] Linking CXX executable fixed_envelope_cpp
[ 64%] Built target fixed_envelope_cpp
[ 66%] Building CXX object CMakeFiles/policy_risk_probe.dir/test/policy_risk_probe.cpp.o
[ 67%] Linking CXX executable policy_sweep_probe
[ 67%] Built target policy_sweep_probe
[ 69%] Building CXX object CMakeFiles/policy_envelope.dir/src/policy_envelope.cpp.o
[ 70%] Linking CXX executable policy_risk_probe
[ 70%] Built target policy_risk_probe
[ 71%] Building CXX object CMakeFiles/policy_observation_adapters.dir/src/policy_observation_adapters.cpp.o
[ 73%] Linking CXX static library libpolicy_envelope.a
[ 73%] Built target policy_envelope
[ 74%] Building CXX object CMakeFiles/policy_observer_core.dir/src/policy_observer_core.cpp.o
[ 76%] Linking CXX static library libpolicy_observer_core.a
[ 76%] Built target policy_observer_core
[ 77%] Building CXX object CMakeFiles/final_protection_cpp.dir/src/final_protection_node.cpp.o
[ 78%] Linking CXX static library libpolicy_observation_adapters.a
[ 78%] Built target policy_observation_adapters
[ 80%] Building CXX object CMakeFiles/policy_fusion_probe.dir/test/policy_fusion_probe.cpp.o
[ 81%] Linking CXX executable policy_fusion_probe
[ 81%] Built target policy_fusion_probe
[ 83%] Building CXX object CMakeFiles/policy_health_probe.dir/test/policy_health_probe.cpp.o
[ 84%] Linking CXX executable policy_health_probe
[ 84%] Built target policy_health_probe
[ 85%] Building CXX object CMakeFiles/policy_envelope_probe.dir/test/policy_envelope_probe.cpp.o
[ 87%] Linking CXX executable policy_envelope_probe
[ 87%] Built target policy_envelope_probe
[ 88%] Building CXX object CMakeFiles/policy_observation_adapters_probe.dir/test/policy_observation_adapters_probe.cpp.o
[ 90%] Linking CXX executable final_protection_cpp
[ 90%] Built target final_protection_cpp
[ 91%] Building CXX object CMakeFiles/policy_observer_runtime.dir/src/policy_observer_node.cpp.o
[ 92%] Linking CXX executable policy_observation_adapters_probe
[ 92%] Built target policy_observation_adapters_probe
[ 94%] Building CXX object CMakeFiles/policy_observer_core_probe.dir/test/policy_observer_core_probe.cpp.o
[ 95%] Linking CXX executable policy_observer_core_probe
[ 95%] Built target policy_observer_core_probe
[ 97%] Linking CXX static library libpolicy_observer_runtime.a
[ 97%] Built target policy_observer_runtime
[ 98%] Building CXX object CMakeFiles/policy_observer_cpp.dir/src/policy_observer_main.cpp.o
[100%] Linking CXX executable policy_observer_cpp
[100%] Built target policy_observer_cpp
