-- Install configuration: "Release"
-- Installing: /home/yjh/WorkSpace/astribot_sdk_ros2/runs/cpp_migration_20260921/stage6b_integer_recovery/geometry_install/include
-- Installing: /home/yjh/WorkSpace/astribot_sdk_ros2/runs/cpp_migration_20260921/stage6b_integer_recovery/geometry_install/include/astribot_s1_robot_geometry
-- Installing: /home/yjh/WorkSpace/astribot_sdk_ros2/runs/cpp_migration_20260921/stage6b_integer_recovery/geometry_install/include/astribot_s1_robot_geometry/robot_model.hpp
-- Installing: /home/yjh/WorkSpace/astribot_sdk_ros2/runs/cpp_migration_20260921/stage6b_integer_recovery/geometry_install/include/astribot_s1_robot_geometry/source_time.hpp
-- Installing: /home/yjh/WorkSpace/astribot_sdk_ros2/runs/cpp_migration_20260921/stage6b_integer_recovery/geometry_install/include/astribot_s1_robot_geometry/fusion_snapshot.hpp
-- Installing: /home/yjh/WorkSpace/astribot_sdk_ros2/runs/cpp_migration_20260921/stage6b_integer_recovery/geometry_install/include/astribot_s1_robot_geometry/geometry_kernels.hpp
-- Installing: /home/yjh/WorkSpace/astribot_sdk_ros2/runs/cpp_migration_20260921/stage6b_integer_recovery/geometry_install/include/astribot_s1_robot_geometry/geometry_state_core.hpp
-- Installing: /home/yjh/WorkSpace/astribot_sdk_ros2/runs/cpp_migration_20260921/stage6b_integer_recovery/geometry_install/include/astribot_s1_robot_geometry/joint_snapshot.hpp
-- Installing: /home/yjh/WorkSpace/astribot_sdk_ros2/runs/cpp_migration_20260921/stage6b_integer_recovery/geometry_install/include/astribot_s1_robot_geometry/filled_collision.hpp
-- Installing: /home/yjh/WorkSpace/astribot_sdk_ros2/runs/cpp_migration_20260921/stage6b_integer_recovery/geometry_install/lib/astribot_s1_robot_geometry/geometry_state
-- Set runtime path of "/home/yjh/WorkSpace/astribot_sdk_ros2/runs/cpp_migration_20260921/stage6b_integer_recovery/geometry_install/lib/astribot_s1_robot_geometry/geometry_state" to ""
-- Installing: /home/yjh/WorkSpace/astribot_sdk_ros2/runs/cpp_migration_20260921/stage6b_integer_recovery/geometry_install/share/ament_index/resource_index/package_run_dependencies/astribot_s1_robot_geometry
-- Installing: /home/yjh/WorkSpace/astribot_sdk_ros2/runs/cpp_migration_20260921/stage6b_integer_recovery/geometry_install/share/ament_index/resource_index/parent_prefix_path/astribot_s1_robot_geometry
-- Installing: /home/yjh/WorkSpace/astribot_sdk_ros2/runs/cpp_migration_20260921/stage6b_integer_recovery/geometry_install/share/astribot_s1_robot_geometry/environment/ament_prefix_path.sh
-- Installing: /home/yjh/WorkSpace/astribot_sdk_ros2/runs/cpp_migration_20260921/stage6b_integer_recovery/geometry_install/share/astribot_s1_robot_geometry/environment/ament_prefix_path.dsv
-- Installing: /home/yjh/WorkSpace/astribot_sdk_ros2/runs/cpp_migration_20260921/stage6b_integer_recovery/geometry_install/share/astribot_s1_robot_geometry/environment/path.sh
-- Installing: /home/yjh/WorkSpace/astribot_sdk_ros2/runs/cpp_migration_20260921/stage6b_integer_recovery/geometry_install/share/astribot_s1_robot_geometry/environment/path.dsv
-- Installing: /home/yjh/WorkSpace/astribot_sdk_ros2/runs/cpp_migration_20260921/stage6b_integer_recovery/geometry_install/share/astribot_s1_robot_geometry/local_setup.bash
-- Installing: /home/yjh/WorkSpace/astribot_sdk_ros2/runs/cpp_migration_20260921/stage6b_integer_recovery/geometry_install/share/astribot_s1_robot_geometry/local_setup.sh
-- Installing: /home/yjh/WorkSpace/astribot_sdk_ros2/runs/cpp_migration_20260921/stage6b_integer_recovery/geometry_install/share/astribot_s1_robot_geometry/local_setup.zsh
-- Installing: /home/yjh/WorkSpace/astribot_sdk_ros2/runs/cpp_migration_20260921/stage6b_integer_recovery/geometry_install/share/astribot_s1_robot_geometry/local_setup.dsv
-- Installing: /home/yjh/WorkSpace/astribot_sdk_ros2/runs/cpp_migration_20260921/stage6b_integer_recovery/geometry_install/share/astribot_s1_robot_geometry/package.dsv
-- Installing: /home/yjh/WorkSpace/astribot_sdk_ros2/runs/cpp_migration_20260921/stage6b_integer_recovery/geometry_install/share/ament_index/resource_index/packages/astribot_s1_robot_geometry
-- Installing: /home/yjh/WorkSpace/astribot_sdk_ros2/runs/cpp_migration_20260921/stage6b_integer_recovery/geometry_install/share/astribot_s1_robot_geometry/cmake/geometry_core_targetsExport.cmake
-- Installing: /home/yjh/WorkSpace/astribot_sdk_ros2/runs/cpp_migration_20260921/stage6b_integer_recovery/geometry_install/share/astribot_s1_robot_geometry/cmake/ament_cmake_export_targets-extras.cmake
-- Installing: /home/yjh/WorkSpace/astribot_sdk_ros2/runs/cpp_migration_20260921/stage6b_integer_recovery/geometry_install/share/astribot_s1_robot_geometry/cmake/ament_cmake_export_dependencies-extras.cmake
-- Installing: /home/yjh/WorkSpace/astribot_sdk_ros2/runs/cpp_migration_20260921/stage6b_integer_recovery/geometry_install/share/astribot_s1_robot_geometry/cmake/ament_cmake_export_include_directories-extras.cmake
-- Installing: /home/yjh/WorkSpace/astribot_sdk_ros2/runs/cpp_migration_20260921/stage6b_integer_recovery/geometry_install/share/astribot_s1_robot_geometry/cmake/astribot_s1_robot_geometryConfig.cmake
-- Installing: /home/yjh/WorkSpace/astribot_sdk_ros2/runs/cpp_migration_20260921/stage6b_integer_recovery/geometry_install/share/astribot_s1_robot_geometry/cmake/astribot_s1_robot_geometryConfig-version.cmake
-- Installing: /home/yjh/WorkSpace/astribot_sdk_ros2/runs/cpp_migration_20260921/stage6b_integer_recovery/geometry_install/share/astribot_s1_robot_geometry/package.xml
