-- Install configuration: "Release"
-- Installing: /home/yjh/WorkSpace/astribot_sdk_ros2/runs/cpp_migration_20260921/stage6b_integer_recovery/install/lib/astribot_s1_navigation_policy_native/cmd_vel_body_to_world_cpp
-- Set runtime path of "/home/yjh/WorkSpace/astribot_sdk_ros2/runs/cpp_migration_20260921/stage6b_integer_recovery/install/lib/astribot_s1_navigation_policy_native/cmd_vel_body_to_world_cpp" to ""
-- Installing: /home/yjh/WorkSpace/astribot_sdk_ros2/runs/cpp_migration_20260921/stage6b_integer_recovery/install/lib/astribot_s1_navigation_policy_native/costmap_scan_cpp
-- Set runtime path of "/home/yjh/WorkSpace/astribot_sdk_ros2/runs/cpp_migration_20260921/stage6b_integer_recovery/install/lib/astribot_s1_navigation_policy_native/costmap_scan_cpp" to ""
-- Installing: /home/yjh/WorkSpace/astribot_sdk_ros2/runs/cpp_migration_20260921/stage6b_integer_recovery/install/lib/astribot_s1_navigation_policy_native/envelope_coordinator_cpp
-- Set runtime path of "/home/yjh/WorkSpace/astribot_sdk_ros2/runs/cpp_migration_20260921/stage6b_integer_recovery/install/lib/astribot_s1_navigation_policy_native/envelope_coordinator_cpp" to ""
-- Installing: /home/yjh/WorkSpace/astribot_sdk_ros2/runs/cpp_migration_20260921/stage6b_integer_recovery/install/lib/astribot_s1_navigation_policy_native/final_protection_cpp
-- Set runtime path of "/home/yjh/WorkSpace/astribot_sdk_ros2/runs/cpp_migration_20260921/stage6b_integer_recovery/install/lib/astribot_s1_navigation_policy_native/final_protection_cpp" to ""
-- Installing: /home/yjh/WorkSpace/astribot_sdk_ros2/runs/cpp_migration_20260921/stage6b_integer_recovery/install/lib/astribot_s1_navigation_policy_native/fixed_envelope_cpp
-- Set runtime path of "/home/yjh/WorkSpace/astribot_sdk_ros2/runs/cpp_migration_20260921/stage6b_integer_recovery/install/lib/astribot_s1_navigation_policy_native/fixed_envelope_cpp" to ""
-- Installing: /home/yjh/WorkSpace/astribot_sdk_ros2/runs/cpp_migration_20260921/stage6b_integer_recovery/install/lib/astribot_s1_navigation_policy_native/policy_observer_cpp
-- Set runtime path of "/home/yjh/WorkSpace/astribot_sdk_ros2/runs/cpp_migration_20260921/stage6b_integer_recovery/install/lib/astribot_s1_navigation_policy_native/policy_observer_cpp" to ""
-- Installing: /home/yjh/WorkSpace/astribot_sdk_ros2/runs/cpp_migration_20260921/stage6b_integer_recovery/install/share/ament_index/resource_index/package_run_dependencies/astribot_s1_navigation_policy_native
-- Installing: /home/yjh/WorkSpace/astribot_sdk_ros2/runs/cpp_migration_20260921/stage6b_integer_recovery/install/share/ament_index/resource_index/parent_prefix_path/astribot_s1_navigation_policy_native
-- Installing: /home/yjh/WorkSpace/astribot_sdk_ros2/runs/cpp_migration_20260921/stage6b_integer_recovery/install/share/astribot_s1_navigation_policy_native/environment/ament_prefix_path.sh
-- Installing: /home/yjh/WorkSpace/astribot_sdk_ros2/runs/cpp_migration_20260921/stage6b_integer_recovery/install/share/astribot_s1_navigation_policy_native/environment/ament_prefix_path.dsv
-- Installing: /home/yjh/WorkSpace/astribot_sdk_ros2/runs/cpp_migration_20260921/stage6b_integer_recovery/install/share/astribot_s1_navigation_policy_native/environment/path.sh
-- Installing: /home/yjh/WorkSpace/astribot_sdk_ros2/runs/cpp_migration_20260921/stage6b_integer_recovery/install/share/astribot_s1_navigation_policy_native/environment/path.dsv
-- Installing: /home/yjh/WorkSpace/astribot_sdk_ros2/runs/cpp_migration_20260921/stage6b_integer_recovery/install/share/astribot_s1_navigation_policy_native/local_setup.bash
-- Installing: /home/yjh/WorkSpace/astribot_sdk_ros2/runs/cpp_migration_20260921/stage6b_integer_recovery/install/share/astribot_s1_navigation_policy_native/local_setup.sh
-- Installing: /home/yjh/WorkSpace/astribot_sdk_ros2/runs/cpp_migration_20260921/stage6b_integer_recovery/install/share/astribot_s1_navigation_policy_native/local_setup.zsh
-- Installing: /home/yjh/WorkSpace/astribot_sdk_ros2/runs/cpp_migration_20260921/stage6b_integer_recovery/install/share/astribot_s1_navigation_policy_native/local_setup.dsv
-- Installing: /home/yjh/WorkSpace/astribot_sdk_ros2/runs/cpp_migration_20260921/stage6b_integer_recovery/install/share/astribot_s1_navigation_policy_native/package.dsv
-- Installing: /home/yjh/WorkSpace/astribot_sdk_ros2/runs/cpp_migration_20260921/stage6b_integer_recovery/install/share/ament_index/resource_index/packages/astribot_s1_navigation_policy_native
-- Installing: /home/yjh/WorkSpace/astribot_sdk_ros2/runs/cpp_migration_20260921/stage6b_integer_recovery/install/share/astribot_s1_navigation_policy_native/cmake/astribot_s1_navigation_policy_nativeConfig.cmake
-- Installing: /home/yjh/WorkSpace/astribot_sdk_ros2/runs/cpp_migration_20260921/stage6b_integer_recovery/install/share/astribot_s1_navigation_policy_native/cmake/astribot_s1_navigation_policy_nativeConfig-version.cmake
-- Installing: /home/yjh/WorkSpace/astribot_sdk_ros2/runs/cpp_migration_20260921/stage6b_integer_recovery/install/share/astribot_s1_navigation_policy_native/package.xml
