-- The CXX compiler identification is GNU 11.4.0
-- Detecting CXX compiler ABI info
-- Detecting CXX compiler ABI info - done
-- Check for working CXX compiler: /usr/bin/c++ - skipped
-- Detecting CXX compile features
-- Detecting CXX compile features - done
-- Found Python3: /usr/bin/python3 (found version "3.10.12") found components: Interpreter Development Development.Module Development.Embed 
-- Performing Test HAS_FLTO
-- Performing Test HAS_FLTO - Success
-- Found pybind11: /usr/include (found version "2.9.1")
-- Found OpenSSL: /usr/lib/x86_64-linux-gnu/libcrypto.so (found version "3.0.2")  
CMake Error at CMakeLists.txt:7 (find_package):
  By not providing "Findtinyxml2.cmake" in CMAKE_MODULE_PATH this project has
  asked CMake to find a package configuration file provided by "tinyxml2",
  but CMake did not find one.

  Could not find a package configuration file provided by "tinyxml2" with any
  of the following names:

    tinyxml2Config.cmake
    tinyxml2-config.cmake

  Add the installation prefix of "tinyxml2" to CMAKE_PREFIX_PATH or set
  "tinyxml2_DIR" to a directory containing one of the above files.  If
  "tinyxml2" provides a separate development package or SDK, be sure it has
  been installed.


-- Configuring incomplete, errors occurred!
See also "/home/yjh/WorkSpace/astribot_sdk_ros2/runs/cpp_migration_20260921/stage6b_integer_recovery/oracle_geometry_build/CMakeFiles/CMakeOutput.log".
