-- Found ament_cmake: 1.3.14 (/opt/ros/humble/share/ament_cmake/cmake)
-- Found astribot_navigation_msgs: 0.1.0 (/home/yjh/WorkSpace/astribot_sdk_ros2/ws_robot/install/astribot_navigation_msgs/share/astribot_navigation_msgs/cmake)
-- Found rosidl_generator_c: 3.1.9 (/opt/ros/humble/share/rosidl_generator_c/cmake)
-- Found rosidl_adapter: 3.1.9 (/opt/ros/humble/share/rosidl_adapter/cmake)
-- Found rosidl_generator_cpp: 3.1.9 (/opt/ros/humble/share/rosidl_generator_cpp/cmake)
-- Using all available rosidl_typesupport_c: rosidl_typesupport_fastrtps_c;rosidl_typesupport_introspection_c
-- Using all available rosidl_typesupport_cpp: rosidl_typesupport_fastrtps_cpp;rosidl_typesupport_introspection_cpp
-- Found astribot_transport_msgs: 0.1.0 (/home/yjh/WorkSpace/astribot_sdk_ros2/ws_robot/install/astribot_transport_msgs/share/astribot_transport_msgs/cmake)
-- Found controller_manager_msgs: 2.54.0 (/opt/ros/humble/share/controller_manager_msgs/cmake)
-- Found rclcpp: 16.0.19 (/opt/ros/humble/share/rclcpp/cmake)
-- Found rmw_implementation_cmake: 6.1.3 (/opt/ros/humble/share/rmw_implementation_cmake/cmake)
-- Found rmw_fastrtps_cpp: 6.2.10 (/opt/ros/humble/share/rmw_fastrtps_cpp/cmake)
-- Using RMW implementation 'rmw_fastrtps_cpp' as default
-- Found rclcpp_action: 16.0.19 (/opt/ros/humble/share/rclcpp_action/cmake)
-- Found control_msgs: 4.9.0 (/opt/ros/humble/share/control_msgs/cmake)
-- Found astribot_s1_transport_mtc: 0.1.0 (/home/yjh/WorkSpace/astribot_sdk_ros2/runs/mainline_20260924/mtc_export/install/astribot_s1_transport_mtc/share/astribot_s1_transport_mtc/cmake)
-- Found rosidl_default_generators: 1.2.1 (/opt/ros/humble/share/rosidl_default_generators/cmake)
-- Found ament_cmake_ros: 0.10.0 (/opt/ros/humble/share/ament_cmake_ros/cmake)
-- Using all available rosidl_typesupport_c: rosidl_typesupport_fastrtps_c;rosidl_typesupport_introspection_c
-- Using all available rosidl_typesupport_cpp: rosidl_typesupport_fastrtps_cpp;rosidl_typesupport_introspection_cpp
-- Found python_cmake_module: 0.10.0 (/opt/ros/humble/share/python_cmake_module/cmake)
-- Using PYTHON_EXECUTABLE: /usr/bin/python3
-- Using PYTHON_INCLUDE_DIRS: /usr/include/python3.10
-- Using PYTHON_LIBRARIES: /usr/lib/x86_64-linux-gnu/libpython3.10.so
-- Found gtest sources under '/opt/ros/humble/src/gtest_vendor': C++ tests using 'Google Test' will be built
-- Configuring done
-- Generating done
-- Build files have been written to: /home/yjh/WorkSpace/astribot_sdk_ros2/runs/m1_transport_20260924/build
Consolidate compiler generated dependencies of target astribot_s1_transport_native__rosidl_generator_c
[  3%] Built target astribot_s1_transport_native__rs
[  7%] Built target astribot_s1_transport_native__rosidl_generator_c
Consolidate compiler generated dependencies of target astribot_s1_transport_native__rosidl_typesupport_introspection_c
[  9%] Built target astribot_s1_transport_native__cpp
[ 15%] Built target astribot_s1_transport_native__rosidl_typesupport_introspection_c
Consolidate compiler generated dependencies of target astribot_s1_transport_native__rosidl_typesupport_c
Consolidate compiler generated dependencies of target astribot_s1_transport_native__rosidl_typesupport_introspection_cpp
[ 28%] Built target astribot_s1_transport_native__rosidl_typesupport_introspection_cpp
[ 28%] Built target astribot_s1_transport_native__rosidl_typesupport_c
Consolidate compiler generated dependencies of target astribot_s1_transport_native__rosidl_typesupport_cpp
[ 35%] Built target astribot_s1_transport_native__rosidl_typesupport_cpp
[ 35%] Built target ament_cmake_python_copy_astribot_s1_transport_native
Consolidate compiler generated dependencies of target arm_hold_core
Consolidate compiler generated dependencies of target trajectory_scene_binding
[ 39%] Building CXX object CMakeFiles/trajectory_scene_binding.dir/src/scene_binding.cpp.o
[ 44%] Built target arm_hold_core
Consolidate compiler generated dependencies of target gtest_main
[ 47%] Built target gtest_main
Consolidate compiler generated dependencies of target gtest
[ 50%] Built target gtest
Consolidate compiler generated dependencies of target astribot_s1_transport_native__rosidl_typesupport_fastrtps_c
[ 56%] Built target astribot_s1_transport_native__rosidl_typesupport_fastrtps_c
Consolidate compiler generated dependencies of target astribot_s1_transport_native__rosidl_typesupport_fastrtps_cpp
[ 63%] Built target astribot_s1_transport_native__rosidl_typesupport_fastrtps_cpp
running egg_info
writing astribot_s1_transport_native.egg-info/PKG-INFO
writing dependency_links to astribot_s1_transport_native.egg-info/dependency_links.txt
writing top-level names to astribot_s1_transport_native.egg-info/top_level.txt
reading manifest file 'astribot_s1_transport_native.egg-info/SOURCES.txt'
writing manifest file 'astribot_s1_transport_native.egg-info/SOURCES.txt'
[ 63%] Built target ament_cmake_python_build_astribot_s1_transport_native_egg
Consolidate compiler generated dependencies of target hold_executor
[ 64%] Building CXX object CMakeFiles/hold_executor.dir/src/hold_executor.cpp.o
[ 65%] Linking CXX static library libtrajectory_scene_binding.a
[ 65%] Built target trajectory_scene_binding
Consolidate compiler generated dependencies of target mtc_plan_test
[ 68%] Built target mtc_plan_test
Consolidate compiler generated dependencies of target scene_binding_test
[ 69%] Linking CXX executable scene_binding_test
[ 71%] Built target scene_binding_test
Consolidate compiler generated dependencies of target resource_authority_test
[ 73%] Built target resource_authority_test
Consolidate compiler generated dependencies of target child_actions_test
[ 76%] Built target child_actions_test
Consolidate compiler generated dependencies of target resource_journal_test
[ 78%] Built target resource_journal_test
Consolidate compiler generated dependencies of target arm_hold_test
[ 81%] Built target arm_hold_test
[ 81%] Built target astribot_s1_transport_native
Consolidate compiler generated dependencies of target trajectory_executor
[ 82%] Building CXX object CMakeFiles/trajectory_executor.dir/src/hold_executor.cpp.o
[ 84%] Linking CXX executable hold_executor
[ 84%] Built target hold_executor
[ 85%] Built target astribot_s1_transport_native__py
Consolidate compiler generated dependencies of target astribot_s1_transport_native__rosidl_generator_py
[ 90%] Built target astribot_s1_transport_native__rosidl_generator_py
Consolidate compiler generated dependencies of target astribot_s1_transport_native__rosidl_typesupport_fastrtps_c__pyext
[ 93%] Built target astribot_s1_transport_native__rosidl_typesupport_fastrtps_c__pyext
Consolidate compiler generated dependencies of target astribot_s1_transport_native__rosidl_typesupport_introspection_c__pyext
[ 96%] Built target astribot_s1_transport_native__rosidl_typesupport_introspection_c__pyext
Consolidate compiler generated dependencies of target astribot_s1_transport_native__rosidl_typesupport_c__pyext
[ 98%] Built target astribot_s1_transport_native__rosidl_typesupport_c__pyext
[100%] Linking CXX executable trajectory_executor
[100%] Built target trajectory_executor
