[  1%] Built target astribot_s1_transport_native__rs
Consolidate compiler generated dependencies of target astribot_s1_transport_native__rosidl_generator_c
[  7%] Built target astribot_s1_transport_native__rosidl_generator_c
Consolidate compiler generated dependencies of target astribot_s1_transport_native__rosidl_typesupport_fastrtps_c
[ 13%] Built target astribot_s1_transport_native__rosidl_typesupport_fastrtps_c
[ 14%] Built target astribot_s1_transport_native__cpp
Consolidate compiler generated dependencies of target astribot_s1_transport_native__rosidl_typesupport_fastrtps_cpp
[ 20%] Built target astribot_s1_transport_native__rosidl_typesupport_fastrtps_cpp
Consolidate compiler generated dependencies of target astribot_s1_transport_native__rosidl_typesupport_introspection_c
[ 26%] Built target astribot_s1_transport_native__rosidl_typesupport_introspection_c
Consolidate compiler generated dependencies of target astribot_s1_transport_native__rosidl_typesupport_c
[ 32%] Built target astribot_s1_transport_native__rosidl_typesupport_c
Consolidate compiler generated dependencies of target astribot_s1_transport_native__rosidl_typesupport_introspection_cpp
[ 38%] Built target astribot_s1_transport_native__rosidl_typesupport_introspection_cpp
Consolidate compiler generated dependencies of target astribot_s1_transport_native__rosidl_typesupport_cpp
[ 44%] Built target astribot_s1_transport_native__rosidl_typesupport_cpp
[ 44%] Built target astribot_s1_transport_native
[ 44%] Built target ament_cmake_python_copy_astribot_s1_transport_native
running egg_info
writing astribot_s1_transport_native.egg-info/PKG-INFO
writing dependency_links to astribot_s1_transport_native.egg-info/dependency_links.txt
writing top-level names to astribot_s1_transport_native.egg-info/top_level.txt
reading manifest file 'astribot_s1_transport_native.egg-info/SOURCES.txt'
writing manifest file 'astribot_s1_transport_native.egg-info/SOURCES.txt'
[ 44%] Built target ament_cmake_python_build_astribot_s1_transport_native_egg
[ 45%] Built target astribot_s1_transport_native__py
Consolidate compiler generated dependencies of target astribot_s1_transport_native__rosidl_generator_py
[ 50%] Built target astribot_s1_transport_native__rosidl_generator_py
Consolidate compiler generated dependencies of target astribot_s1_transport_native__rosidl_typesupport_fastrtps_c__pyext
[ 53%] Built target astribot_s1_transport_native__rosidl_typesupport_fastrtps_c__pyext
Consolidate compiler generated dependencies of target astribot_s1_transport_native__rosidl_typesupport_introspection_c__pyext
[ 55%] Built target astribot_s1_transport_native__rosidl_typesupport_introspection_c__pyext
Consolidate compiler generated dependencies of target astribot_s1_transport_native__rosidl_typesupport_c__pyext
[ 57%] Built target astribot_s1_transport_native__rosidl_typesupport_c__pyext
Consolidate compiler generated dependencies of target arm_hold_core
[ 59%] Building CXX object CMakeFiles/arm_hold_core.dir/src/payload_command.cpp.o
[ 60%] Linking CXX shared library libarm_hold_core.so
[ 66%] Built target arm_hold_core
[ 67%] Building CXX object CMakeFiles/payload_client.dir/src/payload_client.cpp.o
[ 68%] Linking CXX shared library libpayload_client.so
[ 68%] Built target payload_client
Consolidate compiler generated dependencies of target hold_executor
[ 69%] Linking CXX executable hold_executor
[ 71%] Built target hold_executor
Consolidate compiler generated dependencies of target trajectory_scene_binding
[ 73%] Built target trajectory_scene_binding
Consolidate compiler generated dependencies of target trajectory_executor
[ 74%] Linking CXX executable trajectory_executor
[ 75%] Built target trajectory_executor
Consolidate compiler generated dependencies of target gtest_main
[ 78%] Built target gtest_main
Consolidate compiler generated dependencies of target gtest
[ 80%] Built target gtest
Consolidate compiler generated dependencies of target payload_command_test
[ 81%] Building CXX object CMakeFiles/payload_command_test.dir/test/payload_command_test.cpp.o
[ 83%] Linking CXX executable payload_command_test
[ 83%] Built target payload_command_test
[ 84%] Building CXX object CMakeFiles/payload_client_test.dir/test/payload_client_test.cpp.o
[ 85%] Linking CXX executable payload_client_test
[ 85%] Built target payload_client_test
Consolidate compiler generated dependencies of target mtc_plan_test
[ 86%] Linking CXX executable mtc_plan_test
[ 87%] Built target mtc_plan_test
Consolidate compiler generated dependencies of target scene_binding_test
[ 90%] Built target scene_binding_test
Consolidate compiler generated dependencies of target resource_authority_test
[ 91%] Linking CXX executable resource_authority_test
[ 92%] Built target resource_authority_test
Consolidate compiler generated dependencies of target child_actions_test
[ 93%] Linking CXX executable child_actions_test
[ 95%] Built target child_actions_test
Consolidate compiler generated dependencies of target resource_journal_test
[ 96%] Linking CXX executable resource_journal_test
[ 97%] Built target resource_journal_test
Consolidate compiler generated dependencies of target arm_hold_test
[ 98%] Linking CXX executable arm_hold_test
[100%] Built target arm_hold_test
