[  1%] Built target astribot_s1_transport_native__rs
[  7%] Built target astribot_s1_transport_native__rosidl_generator_c
[ 13%] Built target astribot_s1_transport_native__rosidl_typesupport_fastrtps_c
[ 14%] Built target astribot_s1_transport_native__cpp
[ 20%] Built target astribot_s1_transport_native__rosidl_typesupport_fastrtps_cpp
[ 26%] Built target astribot_s1_transport_native__rosidl_typesupport_introspection_c
[ 32%] Built target astribot_s1_transport_native__rosidl_typesupport_c
[ 38%] Built target astribot_s1_transport_native__rosidl_typesupport_introspection_cpp
[ 44%] Built target astribot_s1_transport_native__rosidl_typesupport_cpp
[ 44%] Built target astribot_s1_transport_native
[ 44%] Built target ament_cmake_python_copy_astribot_s1_transport_native
running egg_info
writing astribot_s1_transport_native.egg-info/PKG-INFO
writing dependency_links to astribot_s1_transport_native.egg-info/dependency_links.txt
writing top-level names to astribot_s1_transport_native.egg-info/top_level.txt
reading manifest file 'astribot_s1_transport_native.egg-info/SOURCES.txt'
writing manifest file 'astribot_s1_transport_native.egg-info/SOURCES.txt'
[ 44%] Built target ament_cmake_python_build_astribot_s1_transport_native_egg
[ 45%] Built target astribot_s1_transport_native__py
[ 50%] Built target astribot_s1_transport_native__rosidl_generator_py
[ 53%] Built target astribot_s1_transport_native__rosidl_typesupport_fastrtps_c__pyext
[ 55%] Built target astribot_s1_transport_native__rosidl_typesupport_introspection_c__pyext
[ 57%] Built target astribot_s1_transport_native__rosidl_typesupport_c__pyext
Consolidate compiler generated dependencies of target arm_hold_core
[ 66%] Built target arm_hold_core
Consolidate compiler generated dependencies of target payload_client
[ 68%] Built target payload_client
[ 71%] Built target hold_executor
[ 73%] Built target trajectory_scene_binding
[ 75%] Built target trajectory_executor
[ 78%] Built target gtest_main
[ 80%] Built target gtest
Consolidate compiler generated dependencies of target payload_command_test
[ 83%] Built target payload_command_test
Consolidate compiler generated dependencies of target payload_client_test
[ 84%] Building CXX object CMakeFiles/payload_client_test.dir/test/payload_client_test.cpp.o
[ 85%] Linking CXX executable payload_client_test
[ 85%] Built target payload_client_test
[ 87%] Built target mtc_plan_test
[ 90%] Built target scene_binding_test
[ 92%] Built target resource_authority_test
[ 95%] Built target child_actions_test
[ 97%] Built target resource_journal_test
[100%] Built target arm_hold_test
