[  1%] Generating Rust code for ROS interfaces
[  1%] Built target astribot_s1_transport_native__rs
[  2%] Generating C code for ROS interfaces
[  3%] Building C object CMakeFiles/astribot_s1_transport_native__rosidl_generator_c.dir/rosidl_generator_c/astribot_s1_transport_native/action/detail/hold_resources__functions.c.o
[  5%] Building C object CMakeFiles/astribot_s1_transport_native__rosidl_generator_c.dir/rosidl_generator_c/astribot_s1_transport_native/action/detail/plan_to_hold__functions.c.o
[  6%] Building C object CMakeFiles/astribot_s1_transport_native__rosidl_generator_c.dir/rosidl_generator_c/astribot_s1_transport_native/srv/detail/renew_hold__functions.c.o
[  7%] Linking C shared library libastribot_s1_transport_native__rosidl_generator_c.so
[  7%] Built target astribot_s1_transport_native__rosidl_generator_c
[  8%] Generating C type support for eProsima Fast-RTPS
[ 10%] Building CXX object CMakeFiles/astribot_s1_transport_native__rosidl_typesupport_fastrtps_c.dir/rosidl_typesupport_fastrtps_c/astribot_s1_transport_native/action/detail/hold_resources__type_support_c.cpp.o
[ 11%] Building CXX object CMakeFiles/astribot_s1_transport_native__rosidl_typesupport_fastrtps_c.dir/rosidl_typesupport_fastrtps_c/astribot_s1_transport_native/action/detail/plan_to_hold__type_support_c.cpp.o
[ 12%] Building CXX object CMakeFiles/astribot_s1_transport_native__rosidl_typesupport_fastrtps_c.dir/rosidl_typesupport_fastrtps_c/astribot_s1_transport_native/srv/detail/renew_hold__type_support_c.cpp.o
[ 13%] Linking CXX shared library libastribot_s1_transport_native__rosidl_typesupport_fastrtps_c.so
[ 13%] Built target astribot_s1_transport_native__rosidl_typesupport_fastrtps_c
[ 15%] Built target astribot_s1_transport_native__cpp
[ 16%] Generating C++ type support for eProsima Fast-RTPS
[ 17%] Building CXX object CMakeFiles/astribot_s1_transport_native__rosidl_typesupport_fastrtps_cpp.dir/rosidl_typesupport_fastrtps_cpp/astribot_s1_transport_native/action/detail/dds_fastrtps/hold_resources__type_support.cpp.o
[ 18%] Building CXX object CMakeFiles/astribot_s1_transport_native__rosidl_typesupport_fastrtps_cpp.dir/rosidl_typesupport_fastrtps_cpp/astribot_s1_transport_native/action/detail/dds_fastrtps/plan_to_hold__type_support.cpp.o
[ 20%] Building CXX object CMakeFiles/astribot_s1_transport_native__rosidl_typesupport_fastrtps_cpp.dir/rosidl_typesupport_fastrtps_cpp/astribot_s1_transport_native/srv/detail/dds_fastrtps/renew_hold__type_support.cpp.o
[ 21%] Linking CXX shared library libastribot_s1_transport_native__rosidl_typesupport_fastrtps_cpp.so
[ 21%] Built target astribot_s1_transport_native__rosidl_typesupport_fastrtps_cpp
[ 22%] Generating C introspection for ROS interfaces
[ 24%] Building C object CMakeFiles/astribot_s1_transport_native__rosidl_typesupport_introspection_c.dir/rosidl_typesupport_introspection_c/astribot_s1_transport_native/action/detail/hold_resources__type_support.c.o
[ 25%] Building C object CMakeFiles/astribot_s1_transport_native__rosidl_typesupport_introspection_c.dir/rosidl_typesupport_introspection_c/astribot_s1_transport_native/action/detail/plan_to_hold__type_support.c.o
[ 26%] Building C object CMakeFiles/astribot_s1_transport_native__rosidl_typesupport_introspection_c.dir/rosidl_typesupport_introspection_c/astribot_s1_transport_native/srv/detail/renew_hold__type_support.c.o
[ 27%] Linking C shared library libastribot_s1_transport_native__rosidl_typesupport_introspection_c.so
[ 27%] Built target astribot_s1_transport_native__rosidl_typesupport_introspection_c
[ 29%] Generating C type support dispatch for ROS interfaces
[ 30%] Building CXX object CMakeFiles/astribot_s1_transport_native__rosidl_typesupport_c.dir/rosidl_typesupport_c/astribot_s1_transport_native/action/hold_resources__type_support.cpp.o
[ 31%] Building CXX object CMakeFiles/astribot_s1_transport_native__rosidl_typesupport_c.dir/rosidl_typesupport_c/astribot_s1_transport_native/action/plan_to_hold__type_support.cpp.o
[ 32%] Building CXX object CMakeFiles/astribot_s1_transport_native__rosidl_typesupport_c.dir/rosidl_typesupport_c/astribot_s1_transport_native/srv/renew_hold__type_support.cpp.o
[ 34%] Linking CXX shared library libastribot_s1_transport_native__rosidl_typesupport_c.so
[ 34%] Built target astribot_s1_transport_native__rosidl_typesupport_c
[ 35%] Generating C++ introspection for ROS interfaces
[ 36%] Building CXX object CMakeFiles/astribot_s1_transport_native__rosidl_typesupport_introspection_cpp.dir/rosidl_typesupport_introspection_cpp/astribot_s1_transport_native/action/detail/hold_resources__type_support.cpp.o
[ 37%] Building CXX object CMakeFiles/astribot_s1_transport_native__rosidl_typesupport_introspection_cpp.dir/rosidl_typesupport_introspection_cpp/astribot_s1_transport_native/action/detail/plan_to_hold__type_support.cpp.o
[ 39%] Building CXX object CMakeFiles/astribot_s1_transport_native__rosidl_typesupport_introspection_cpp.dir/rosidl_typesupport_introspection_cpp/astribot_s1_transport_native/srv/detail/renew_hold__type_support.cpp.o
[ 40%] Linking CXX shared library libastribot_s1_transport_native__rosidl_typesupport_introspection_cpp.so
[ 40%] Built target astribot_s1_transport_native__rosidl_typesupport_introspection_cpp
[ 46%] Built target astribot_s1_transport_native__rosidl_typesupport_cpp
[ 46%] Built target astribot_s1_transport_native
[ 46%] Built target ament_cmake_python_copy_astribot_s1_transport_native
running egg_info
creating astribot_s1_transport_native.egg-info
writing astribot_s1_transport_native.egg-info/PKG-INFO
writing dependency_links to astribot_s1_transport_native.egg-info/dependency_links.txt
writing top-level names to astribot_s1_transport_native.egg-info/top_level.txt
writing manifest file 'astribot_s1_transport_native.egg-info/SOURCES.txt'
reading manifest file 'astribot_s1_transport_native.egg-info/SOURCES.txt'
writing manifest file 'astribot_s1_transport_native.egg-info/SOURCES.txt'
[ 46%] Built target ament_cmake_python_build_astribot_s1_transport_native_egg
[ 48%] Generating Python code for ROS interfaces
[ 48%] Built target astribot_s1_transport_native__py
[ 49%] Building C object CMakeFiles/astribot_s1_transport_native__rosidl_generator_py.dir/rosidl_generator_py/astribot_s1_transport_native/action/_hold_resources_s.c.o
[ 50%] Building C object CMakeFiles/astribot_s1_transport_native__rosidl_generator_py.dir/rosidl_generator_py/astribot_s1_transport_native/action/_plan_to_hold_s.c.o
[ 51%] Building C object CMakeFiles/astribot_s1_transport_native__rosidl_generator_py.dir/rosidl_generator_py/astribot_s1_transport_native/srv/_renew_hold_s.c.o
[ 53%] Linking C shared library rosidl_generator_py/astribot_s1_transport_native/libastribot_s1_transport_native__rosidl_generator_py.so
[ 53%] Built target astribot_s1_transport_native__rosidl_generator_py
[ 54%] Building C object CMakeFiles/astribot_s1_transport_native__rosidl_typesupport_fastrtps_c__pyext.dir/rosidl_generator_py/astribot_s1_transport_native/_astribot_s1_transport_native_s.ep.rosidl_typesupport_fastrtps_c.c.o
[ 55%] Linking C shared library rosidl_generator_py/astribot_s1_transport_native/astribot_s1_transport_native_s__rosidl_typesupport_fastrtps_c.cpython-310-x86_64-linux-gnu.so
[ 55%] Built target astribot_s1_transport_native__rosidl_typesupport_fastrtps_c__pyext
[ 56%] Building C object CMakeFiles/astribot_s1_transport_native__rosidl_typesupport_introspection_c__pyext.dir/rosidl_generator_py/astribot_s1_transport_native/_astribot_s1_transport_native_s.ep.rosidl_typesupport_introspection_c.c.o
[ 58%] Linking C shared library rosidl_generator_py/astribot_s1_transport_native/astribot_s1_transport_native_s__rosidl_typesupport_introspection_c.cpython-310-x86_64-linux-gnu.so
[ 58%] Built target astribot_s1_transport_native__rosidl_typesupport_introspection_c__pyext
[ 59%] Building C object CMakeFiles/astribot_s1_transport_native__rosidl_typesupport_c__pyext.dir/rosidl_generator_py/astribot_s1_transport_native/_astribot_s1_transport_native_s.ep.rosidl_typesupport_c.c.o
[ 60%] Linking C shared library rosidl_generator_py/astribot_s1_transport_native/astribot_s1_transport_native_s__rosidl_typesupport_c.cpython-310-x86_64-linux-gnu.so
[ 60%] Built target astribot_s1_transport_native__rosidl_typesupport_c__pyext
[ 69%] Built target arm_hold_core
[ 70%] Building CXX object CMakeFiles/hold_executor.dir/src/hold_executor.cpp.o
[ 72%] Linking CXX executable hold_executor
[ 72%] Built target hold_executor
[ 74%] Built target trajectory_scene_binding
Consolidate compiler generated dependencies of target trajectory_executor
[ 75%] Building CXX object CMakeFiles/trajectory_executor.dir/src/hold_executor.cpp.o
[ 77%] Linking CXX executable trajectory_executor
[ 77%] Built target trajectory_executor
Consolidate compiler generated dependencies of target gtest_main
[ 79%] Built target gtest_main
Consolidate compiler generated dependencies of target gtest
[ 82%] Built target gtest
Consolidate compiler generated dependencies of target payload_command_test
[ 84%] Built target payload_command_test
[ 86%] Building CXX object CMakeFiles/mtc_plan_test.dir/test/mtc_plan_test.cpp.o
[ 87%] Linking CXX executable mtc_plan_test
[ 87%] Built target mtc_plan_test
[ 88%] Building CXX object CMakeFiles/scene_binding_test.dir/test/scene_binding_test.cpp.o
[ 89%] Linking CXX executable scene_binding_test
[ 89%] Built target scene_binding_test
[ 91%] Building CXX object CMakeFiles/resource_authority_test.dir/test/resource_authority_test.cpp.o
[ 92%] Linking CXX executable resource_authority_test
[ 92%] Built target resource_authority_test
[ 93%] Building CXX object CMakeFiles/child_actions_test.dir/test/child_actions_test.cpp.o
[ 94%] Linking CXX executable child_actions_test
[ 94%] Built target child_actions_test
[ 96%] Building CXX object CMakeFiles/resource_journal_test.dir/test/resource_journal_test.cpp.o
/home/yjh/WorkSpace/astribot_sdk_ros2/ws_robot/src/astribot_s1_transport_native/test/resource_journal_test.cpp: In member function ‘virtual void JournalTest_SymlinkAndLegacyCheckpointDenyStartup_Test::TestBody()’:
/home/yjh/WorkSpace/astribot_sdk_ros2/ws_robot/src/astribot_s1_transport_native/test/resource_journal_test.cpp:30:43: warning: ignoring return value of ‘int symlink(const char*, const char*)’ declared with attribute ‘warn_unused_result’ [-Wunused-result]
   30 |  {std::ofstream f(path+"/target");}symlink((path+"/target").c_str(),(path+"/lock").c_str());
      |                                    ~~~~~~~^~~~~~~~~~~~~~~~~~~~~~~~~~~~~~~~~~~~~~~~~~~~~~~~~
[ 97%] Linking CXX executable resource_journal_test
[ 97%] Built target resource_journal_test
[ 98%] Building CXX object CMakeFiles/arm_hold_test.dir/test/arm_hold_test.cpp.o
[100%] Linking CXX executable arm_hold_test
[100%] Built target arm_hold_test
