Running main() from ./googletest/src/gtest_main.cc
[==========] Running 8 tests from 1 test suite.
[----------] Global test environment set-up.
[----------] 8 tests from PayloadCommand
[ RUN      ] PayloadCommand.ContinuesActualPluginCounterAndRequiresAppliedInventory
[       OK ] PayloadCommand.ContinuesActualPluginCounterAndRequiresAppliedInventory (0 ms)
[ RUN      ] PayloadCommand.FrozenClockCannotExtendRemainingSourceLease
[       OK ] PayloadCommand.FrozenClockCannotExtendRemainingSourceLease (0 ms)
[ RUN      ] PayloadCommand.DuplicateCaptureCannotRenewItsOriginalDeadline
[       OK ] PayloadCommand.DuplicateCaptureCannotRenewItsOriginalDeadline (0 ms)
[ RUN      ] PayloadCommand.SourceAndPluginIdentityAreBoundAcrossThePhysicalCommand
[       OK ] PayloadCommand.SourceAndPluginIdentityAreBoundAcrossThePhysicalCommand (0 ms)
[ RUN      ] PayloadCommand.CannotOverridePendingForeignOrExhaustedCommands
[       OK ] PayloadCommand.CannotOverridePendingForeignOrExhaustedCommands (0 ms)
[ RUN      ] PayloadCommand.FreshSourceAndReceiptAndNewRevisionAreRequired
[       OK ] PayloadCommand.FreshSourceAndReceiptAndNewRevisionAreRequired (0 ms)
[ RUN      ] PayloadCommand.DetachDoesNotClaimTheWholeInventoryIsEmpty
[       OK ] PayloadCommand.DetachDoesNotClaimTheWholeInventoryIsEmpty (0 ms)
[ RUN      ] PayloadCommand.RejectsMalformedExternalCounterAndDuplicateIdentity
[       OK ] PayloadCommand.RejectsMalformedExternalCounterAndDuplicateIdentity (0 ms)
[----------] 8 tests from PayloadCommand (0 ms total)

[----------] Global test environment tear-down
[==========] 8 tests from 1 test suite ran. (1 ms total)
[  PASSED  ] 8 tests.
