Running main() from /opt/ros/humble/src/gtest_vendor/src/gtest_main.cc
[==========] Running 5 tests from 1 test suite.
[----------] Global test environment set-up.
[----------] 5 tests from PayloadClientTest
[ RUN      ] PayloadClientTest.SendsActualCounterOnceAndRequiresInventoryAndPhysicalState
owned_partition=m1_payload_test_3005986_76775015609966 pid=3005986
[       OK ] PayloadClientTest.SendsActualCounterOnceAndRequiresInventoryAndPhysicalState (11 ms)
[ RUN      ] PayloadClientTest.PropagatesPhysicalErrorDuringIncompleteInventory
owned_partition=m1_payload_test_3005986_76775021044784 pid=3005986
[       OK ] PayloadClientTest.PropagatesPhysicalErrorDuringIncompleteInventory (5 ms)
[ RUN      ] PayloadClientTest.NoReadbackTimesOutAndKeepsUnresolvedCommand
owned_partition=m1_payload_test_3005986_76775026296563 pid=3005986
[       OK ] PayloadClientTest.NoReadbackTimesOutAndKeepsUnresolvedCommand (1 ms)
[ RUN      ] PayloadClientTest.DetachContinuesCounterAndDoesNotRequireGlobalEmpty
owned_partition=m1_payload_test_3005986_76775026466413 pid=3005986
[       OK ] PayloadClientTest.DetachContinuesCounterAndDoesNotRequireGlobalEmpty (5 ms)
[ RUN      ] PayloadClientTest.RepeatedPhysicalCaptureCannotRefreshItsReceiptBeforeFirstPoll
owned_partition=m1_payload_test_3005986_76775031689296 pid=3005986
[       OK ] PayloadClientTest.RepeatedPhysicalCaptureCannotRefreshItsReceiptBeforeFirstPoll (451 ms)
[----------] 5 tests from PayloadClientTest (473 ms total)

[----------] Global test environment tear-down
[==========] 5 tests from 1 test suite ran. (473 ms total)
[  PASSED  ] 5 tests.
