	linux-vdso.so.1 (0x00007ffc10f7e000)
	libeagleaudithook.so => /usr/lib/x86_64-linux-gnu/eagleaudit/libeagleaudithook.so (0x00007f99d8e00000)
	libpayload_client.so => /home/yjh/WorkSpace/astribot_sdk_ros2/runs/m1_transport_20260924/full_install/lib/libpayload_client.so (0x00007f99d90c0000)
	libignition-transport11.so.11 => /lib/x86_64-linux-gnu/libignition-transport11.so.11 (0x00007f99d9015000)
	libignition-msgs8.so.8 => /lib/x86_64-linux-gnu/libignition-msgs8.so.8 (0x00007f99d8a00000)
	libprotobuf.so.23 => /lib/x86_64-linux-gnu/libprotobuf.so.23 (0x00007f99d8600000)
	libstdc++.so.6 => /lib/x86_64-linux-gnu/libstdc++.so.6 (0x00007f99d8200000)
	libgcc_s.so.1 => /lib/x86_64-linux-gnu/libgcc_s.so.1 (0x00007f99d8de0000)
	libc.so.6 => /lib/x86_64-linux-gnu/libc.so.6 (0x00007f99d7e00000)
	libdl.so.2 => /lib/x86_64-linux-gnu/libdl.so.2 (0x00007f99d900e000)
	libpthread.so.0 => /lib/x86_64-linux-gnu/libpthread.so.0 (0x00007f99d8ddb000)
	/lib64/ld-linux-x86-64.so.2 (0x00007f99d91ad000)
	libarm_hold_core.so => /home/yjh/WorkSpace/astribot_sdk_ros2/runs/m1_transport_20260924/full_install/lib/libarm_hold_core.so (0x00007f99d89aa000)
	libzmq.so.5 => /lib/x86_64-linux-gnu/libzmq.so.5 (0x00007f99d890e000)
	libuuid.so.1 => /lib/x86_64-linux-gnu/libuuid.so.1 (0x00007f99d8dd2000)
	libm.so.6 => /lib/x86_64-linux-gnu/libm.so.6 (0x00007f99d8519000)
	libignition-math6.so.6 => /lib/x86_64-linux-gnu/libignition-math6.so.6 (0x00007f99d84c6000)
	libtinyxml2.so.9 => /lib/x86_64-linux-gnu/libtinyxml2.so.9 (0x00007f99d8dba000)
	libz.so.1 => /lib/x86_64-linux-gnu/libz.so.1 (0x00007f99d8d9e000)
	libbsd.so.0 => /lib/x86_64-linux-gnu/libbsd.so.0 (0x00007f99d88f6000)
	libsodium.so.23 => /lib/x86_64-linux-gnu/libsodium.so.23 (0x00007f99d846f000)
	libpgm-5.3.so.0 => /lib/x86_64-linux-gnu/libpgm-5.3.so.0 (0x00007f99d81af000)
	libnorm.so.1 => /lib/x86_64-linux-gnu/libnorm.so.1 (0x00007f99d8084000)
	libgssapi_krb5.so.2 => /lib/x86_64-linux-gnu/libgssapi_krb5.so.2 (0x00007f99d8030000)
	libmd.so.0 => /lib/x86_64-linux-gnu/libmd.so.0 (0x00007f99d88e9000)
	libkrb5.so.3 => /lib/x86_64-linux-gnu/libkrb5.so.3 (0x00007f99d7d35000)
	libk5crypto.so.3 => /lib/x86_64-linux-gnu/libk5crypto.so.3 (0x00007f99d8440000)
	libcom_err.so.2 => /lib/x86_64-linux-gnu/libcom_err.so.2 (0x00007f99d88e3000)
	libkrb5support.so.0 => /lib/x86_64-linux-gnu/libkrb5support.so.0 (0x00007f99d88d5000)
	libkeyutils.so.1 => /lib/x86_64-linux-gnu/libkeyutils.so.1 (0x00007f99d88ce000)
	libresolv.so.2 => /lib/x86_64-linux-gnu/libresolv.so.2 (0x00007f99d842d000)
