Running main() from ./googletest/src/gtest_main.cc
[==========] Running 9 tests from 1 test suite.
[----------] Global test environment set-up.
[----------] 9 tests from PayloadCommand
[ RUN      ] PayloadCommand.ContinuesActualPluginCounterAndRequiresAppliedInventory
[       OK ] PayloadCommand.ContinuesActualPluginCounterAndRequiresAppliedInventory (0 ms)
[ RUN      ] PayloadCommand.ReconciliationTransitionRequiresANewerCompleteCapture
unknown file: Failure
C++ exception with description "PAYLOAD_INVENTORY_FAILED" thrown in the test body.
[  FAILED  ] PayloadCommand.ReconciliationTransitionRequiresANewerCompleteCapture (0 ms)
[ RUN      ] PayloadCommand.FrozenClockCannotExtendRemainingSourceLease
[       OK ] PayloadCommand.FrozenClockCannotExtendRemainingSourceLease (0 ms)
[ RUN      ] PayloadCommand.DuplicateCaptureCannotRenewItsOriginalDeadline
[       OK ] PayloadCommand.DuplicateCaptureCannotRenewItsOriginalDeadline (0 ms)
[ RUN      ] PayloadCommand.SourceAndPluginIdentityAreBoundAcrossThePhysicalCommand
[       OK ] PayloadCommand.SourceAndPluginIdentityAreBoundAcrossThePhysicalCommand (0 ms)
[ RUN      ] PayloadCommand.CannotOverridePendingForeignOrExhaustedCommands
[       OK ] PayloadCommand.CannotOverridePendingForeignOrExhaustedCommands (0 ms)
[ RUN      ] PayloadCommand.FreshSourceAndReceiptAndNewRevisionAreRequired
[       OK ] PayloadCommand.FreshSourceAndReceiptAndNewRevisionAreRequired (0 ms)
[ RUN      ] PayloadCommand.DetachDoesNotClaimTheWholeInventoryIsEmpty
[       OK ] PayloadCommand.DetachDoesNotClaimTheWholeInventoryIsEmpty (0 ms)
[ RUN      ] PayloadCommand.RejectsMalformedExternalCounterAndDuplicateIdentity
[       OK ] PayloadCommand.RejectsMalformedExternalCounterAndDuplicateIdentity (0 ms)
[----------] 9 tests from PayloadCommand (0 ms total)

[----------] Global test environment tear-down
[==========] 9 tests from 1 test suite ran. (0 ms total)
[  PASSED  ] 8 tests.
[  FAILED  ] 1 test, listed below:
[  FAILED  ] PayloadCommand.ReconciliationTransitionRequiresANewerCompleteCapture

 1 FAILED TEST
