-- The C compiler identification is GNU 11.4.0
-- The CXX compiler identification is GNU 11.4.0
-- Detecting C compiler ABI info
-- Detecting C compiler ABI info - done
-- Check for working C compiler: /usr/bin/cc - skipped
-- Detecting C compile features
-- Detecting C compile features - done
-- Detecting CXX compiler ABI info
-- Detecting CXX compiler ABI info - done
-- Check for working CXX compiler: /usr/bin/c++ - skipped
-- Detecting CXX compile features
-- Detecting CXX compile features - done
-- Found ament_cmake: 1.3.14 (/opt/ros/humble/share/ament_cmake/cmake)
-- Found Python3: /usr/bin/python3 (found version "3.10.12") found components: Interpreter 
-- Found rclcpp: 16.0.19 (/opt/ros/humble/share/rclcpp/cmake)
-- Found rosidl_generator_c: 3.1.9 (/opt/ros/humble/share/rosidl_generator_c/cmake)
-- Found rosidl_adapter: 3.1.9 (/opt/ros/humble/share/rosidl_adapter/cmake)
-- Found rosidl_generator_cpp: 3.1.9 (/opt/ros/humble/share/rosidl_generator_cpp/cmake)
-- Using all available rosidl_typesupport_c: rosidl_typesupport_fastrtps_c;rosidl_typesupport_introspection_c
-- Using all available rosidl_typesupport_cpp: rosidl_typesupport_fastrtps_cpp;rosidl_typesupport_introspection_cpp
-- Found rmw_implementation_cmake: 6.1.3 (/opt/ros/humble/share/rmw_implementation_cmake/cmake)
-- Found rmw_fastrtps_cpp: 6.2.10 (/opt/ros/humble/share/rmw_fastrtps_cpp/cmake)
-- Found OpenSSL: /usr/lib/x86_64-linux-gnu/libcrypto.so (found version "3.0.2")  
-- Found FastRTPS: /opt/ros/humble/include  
-- Using RMW implementation 'rmw_fastrtps_cpp' as default
-- Looking for pthread.h
-- Looking for pthread.h - found
-- Performing Test CMAKE_HAVE_LIBC_PTHREAD
-- Performing Test CMAKE_HAVE_LIBC_PTHREAD - Success
-- Found Threads: TRUE  
-- Found rosbag2_cpp: 0.15.16 (/opt/ros/humble/share/rosbag2_cpp/cmake)
-- Found nav_msgs: 4.9.2 (/opt/ros/humble/share/nav_msgs/cmake)
-- Found nlohmann_json: /usr/lib/cmake/nlohmann_json/nlohmann_jsonConfig.cmake (found version "3.10.5") 
-- Found ament_cmake_gtest: 1.3.14 (/opt/ros/humble/share/ament_cmake_gtest/cmake)
-- Found gtest sources under '/opt/ros/humble/src/gtest_vendor': C++ tests using 'Google Test' will be built
-- Configuring done
-- Generating done
-- Build files have been written to: /tmp/astribot_replay_review_20260923/build
[  6%] Building CXX object CMakeFiles/replay_stream.dir/home/yjh/WorkSpace/astribot_sdk_ros2/ws_robot/src/astribot_operator_station/src/replay_stream.cpp.o
[ 12%] Building CXX object CMakeFiles/evidence.dir/home/yjh/WorkSpace/astribot_sdk_ros2/ws_robot/src/astribot_operator_station/src/evidence.cpp.o
[ 18%] Linking CXX static library libevidence.a
[ 18%] Built target evidence
[ 25%] Building CXX object CMakeFiles/review_probe.dir/review_probe.cpp.o
[ 31%] Linking CXX executable replay_stream
[ 31%] Built target replay_stream
[ 37%] Building CXX object CMakeFiles/viewer_probe.dir/viewer_probe.cpp.o
[ 43%] Linking CXX executable viewer_probe
[ 43%] Built target viewer_probe
[ 50%] Building CXX object gtest/CMakeFiles/gtest_main.dir/src/gtest_main.cc.o
[ 56%] Linking CXX executable review_probe
[ 56%] Built target review_probe
[ 62%] Building CXX object gtest/CMakeFiles/gtest.dir/src/gtest-all.cc.o
[ 68%] Linking CXX static library libgtest_main.a
[ 68%] Built target gtest_main
[ 75%] Linking CXX static library libgtest.a
[ 75%] Built target gtest
[ 81%] Building CXX object CMakeFiles/test_evidence.dir/home/yjh/WorkSpace/astribot_sdk_ros2/ws_robot/src/astribot_operator_station/test/test_evidence.cpp.o
[ 87%] Building CXX object CMakeFiles/test_replay_stream.dir/home/yjh/WorkSpace/astribot_sdk_ros2/ws_robot/src/astribot_operator_station/test/test_replay_stream.cpp.o
[ 93%] Linking CXX executable test_evidence
[ 93%] Built target test_evidence
[100%] Linking CXX executable test_replay_stream
[100%] Built target test_replay_stream
