[INFO] [1790113873.013860428] [rosbag2_storage]: Opened database '/tmp/astribot_replay_review_20260923/runtime_final/seek/bag/bag_0.db3' for READ_ONLY.
META {"duration_sec":2.6,"start_ns":100000000000,"topics":1}
POSITION 100000000000
POSITION 100098000000
POSITION 100200000000
POSITION 100302000000
POSITION 100404000000
POSITION 100506000000
POSITION 100610000000
POSITION 100712000000
POSITION 100814000000
POSITION 100916000000
POSITION 101018000000
POSITION 101120000000
POSITION 101222000000
POSITION 101324000000
POSITION 101426000000
POSITION 101528000000
POSITION 101630000000
POSITION 101732000000
POSITION 101834000000
POSITION 101936000000
POSITION 102038000000
POSITION 102140000000
POSITION 102242000000
POSITION 102346000000
POSITION 102600000000
EOF
[INFO] [1790113877.620457822] [rclcpp]: signal_handler(SIGINT/SIGTERM)
