{
  "scope": "rendered camera geometry in static canonical warehouse",
  "ROS_DOMAIN_ID": "89",
  "IGN_PARTITION": "astribot_task_chain_20260921",
  "duration_wall_sec": 60.00091827200049,
  "clock_samples": 59980,
  "clock_advanced_sec": 59.979,
  "cameras": {
    "head_rgbd": {
      "counts": {
        "rgb": 599,
        "info": 600,
        "depth": 600
      },
      "exact_stamp_groups": 599,
      "health_states": {
        "OK": 1200
      },
      "cloud_messages": 600,
      "capture_stamp_ns": 161000000000,
      "frame": "astribot_s1/astribot_head_link_2/head_rgbd_sensor",
      "width": 640,
      "height": 360,
      "rgb_std": 81.41323927324288,
      "base_from_optical": {
        "parent": "astribot_torso_base",
        "child": "astribot_s1/astribot_head_link_2/head_rgbd_sensor",
        "stamp_ns": 161000000000,
        "translation": [
          0.10733082836454677,
          -1.323545887221833e-06,
          1.5776499999924503
        ],
        "quaternion_xyzw": [
          -0.5000009182951978,
          0.499999081699392,
          -0.49999908169637,
          0.5000009183056675
        ]
      },
      "intrinsics": [
        374.53749988523185,
        0.0,
        320.0,
        0.0,
        374.5374998852318,
        180.0,
        0.0,
        0.0,
        1.0
      ],
      "finite_depth_ratio": 0.40878038194444444,
      "central_finite_depth_ratio": 0.0,
      "depth_min_m": 2.669451951980591,
      "depth_max_m": 4.905136585235596,
      "latest_health": {
        "valid": true,
        "state": "OK",
        "calibration_revision": 2026092101,
        "frame_id": "astribot_s1/astribot_head_link_2/head_rgbd_sensor",
        "header_stamp_ns": 161113000000,
        "capture_stamp_ns": 161000000000
      },
      "latest_cloud": {
        "stamp_ns": 161000000000,
        "points": 14400,
        "frame": "astribot_torso_base"
      }
    },
    "head_stereo_left": {
      "counts": {
        "rgb": 300,
        "info": 300
      },
      "exact_stamp_groups": 300,
      "health_states": {},
      "cloud_messages": 0,
      "capture_stamp_ns": 161000000000,
      "frame": "astribot_s1/astribot_head_link_2/head_stereo_left_sensor",
      "width": 400,
      "height": 300,
      "rgb_std": 78.17142354563039,
      "base_from_optical": {
        "parent": "astribot_torso_base",
        "child": "astribot_s1/astribot_head_link_2/head_stereo_left_sensor",
        "stamp_ns": 161000000000,
        "translation": [
          0.1151997181688621,
          0.02999870535930571,
          1.5076499999929136
        ],
        "quaternion_xyzw": [
          -0.5000009182951978,
          0.499999081699392,
          -0.49999908169637,
          0.5000009183056675
        ]
      },
      "intrinsics": [
        164.07877206802368,
        0.0,
        200.0,
        0.0,
        164.07878994941711,
        150.0,
        0.0,
        0.0,
        1.0
      ]
    },
    "head_stereo_right": {
      "counts": {
        "rgb": 300,
        "info": 300
      },
      "exact_stamp_groups": 300,
      "health_states": {},
      "cloud_messages": 0,
      "capture_stamp_ns": 161000000000,
      "frame": "astribot_s1/astribot_head_link_2/head_stereo_right_sensor",
      "width": 400,
      "height": 300,
      "rgb_std": 77.37061067401716,
      "base_from_optical": {
        "parent": "astribot_torso_base",
        "child": "astribot_s1/astribot_head_link_2/head_stereo_right_sensor",
        "stamp_ns": 161000000000,
        "translation": [
          0.11519993856116817,
          -0.0300012946402895,
          1.507649999992104
        ],
        "quaternion_xyzw": [
          -0.5000009182951978,
          0.499999081699392,
          -0.49999908169637,
          0.5000009183056675
        ]
      },
      "intrinsics": [
        143.38761568069458,
        0.0,
        200.0,
        0.0,
        143.38762164115906,
        150.0,
        0.0,
        0.0,
        1.0
      ]
    },
    "torso_rgbd": {
      "counts": {
        "rgb": 600,
        "info": 600,
        "depth": 600
      },
      "exact_stamp_groups": 600,
      "health_states": {
        "OK": 1181
      },
      "cloud_messages": 600,
      "capture_stamp_ns": 161100000000,
      "frame": "astribot_s1/astribot_torso_link_4/torso_rgbd_sensor",
      "width": 640,
      "height": 360,
      "rgb_std": 79.83161755816663,
      "base_from_optical": {
        "parent": "astribot_torso_base",
        "child": "astribot_s1/astribot_torso_link_4/torso_rgbd_sensor",
        "stamp_ns": 161100000000,
        "translation": [
          0.10439282836474006,
          -5.7340350884116376e-08,
          1.0099999999949645
        ],
        "quaternion_xyzw": [
          -0.49999999999430755,
          0.5000000000010536,
          -0.4999981633930217,
          0.5000018366048712
        ]
      },
      "intrinsics": [
        345.69400008261766,
        0.0,
        320.0,
        0.0,
        345.6940000826176,
        180.0,
        0.0,
        0.0,
        1.0
      ],
      "finite_depth_ratio": 0.5608854166666667,
      "central_finite_depth_ratio": 0.0,
      "depth_min_m": 2.1277947425842285,
      "depth_max_m": 4.915095329284668,
      "latest_health": {
        "valid": true,
        "state": "OK",
        "calibration_revision": 2026092101,
        "frame_id": "astribot_s1/astribot_torso_link_4/torso_rgbd_sensor",
        "header_stamp_ns": 161113000000,
        "capture_stamp_ns": 161000000000
      },
      "latest_cloud": {
        "stamp_ns": 161100000000,
        "points": 14400,
        "frame": "astribot_torso_base"
      }
    },
    "left_wrist_rgbd": {
      "counts": {
        "rgb": 300,
        "info": 300,
        "depth": 300
      },
      "exact_stamp_groups": 300,
      "health_states": {
        "RATE_LOW": 3,
        "OK": 1198
      },
      "cloud_messages": 300,
      "capture_stamp_ns": 161000000000,
      "frame": "astribot_s1/astribot_arm_left_link_7/left_wrist_rgbd_sensor",
      "width": 640,
      "height": 320,
      "rgb_std": 23.940599627223342,
      "base_from_optical": {
        "parent": "astribot_torso_base",
        "child": "astribot_s1/astribot_arm_left_link_7/left_wrist_rgbd_sensor",
        "stamp_ns": 161000000000,
        "translation": [
          0.006002783566031289,
          0.4555316624086603,
          0.6832793423293999
        ],
        "quaternion_xyzw": [
          0.9848315255320137,
          5.439337496415674e-06,
          3.168568103173453e-07,
          -0.1735133029153669
        ]
      },
      "intrinsics": [
        325.08200010284463,
        0.0,
        320.0,
        0.0,
        325.08200010284463,
        160.0,
        0.0,
        0.0,
        1.0
      ],
      "finite_depth_ratio": 1.0,
      "central_finite_depth_ratio": 1.0,
      "depth_min_m": 0.09375225752592087,
      "depth_max_m": 1.0080039501190186,
      "latest_health": {
        "valid": true,
        "state": "OK",
        "calibration_revision": 2026092101,
        "frame_id": "astribot_s1/astribot_arm_left_link_7/left_wrist_rgbd_sensor",
        "header_stamp_ns": 161126000000,
        "capture_stamp_ns": 161000000000
      },
      "latest_cloud": {
        "stamp_ns": 161000000000,
        "points": 12800,
        "frame": "astribot_s1/astribot_arm_left_link_7/left_wrist_rgbd_sensor"
      }
    },
    "right_wrist_rgbd": {
      "counts": {
        "rgb": 300,
        "info": 300,
        "depth": 300
      },
      "exact_stamp_groups": 300,
      "health_states": {
        "NO_DATA": 3,
        "RATE_LOW": 3,
        "STALE": 129,
        "OK": 1065
      },
      "cloud_messages": 300,
      "capture_stamp_ns": 161000000000,
      "frame": "astribot_s1/astribot_arm_right_link_7/right_wrist_rgbd_sensor",
      "width": 640,
      "height": 320,
      "rgb_std": 14.1248804641886,
      "base_from_optical": {
        "parent": "astribot_torso_base",
        "child": "astribot_s1/astribot_arm_right_link_7/right_wrist_rgbd_sensor",
        "stamp_ns": 161000000000,
        "translation": [
          -0.005997147797806725,
          -0.4555294145910775,
          0.6832756283971245
        ],
        "quaternion_xyzw": [
          -5.412951137262478e-06,
          0.9848322672027784,
          -0.17350909326842803,
          -3.2148975967483123e-07
        ]
      },
      "intrinsics": [
        326.5429998690372,
        0.0,
        320.0,
        0.0,
        326.5429998690372,
        160.0,
        0.0,
        0.0,
        1.0
      ],
      "finite_depth_ratio": 1.0,
      "central_finite_depth_ratio": 1.0,
      "depth_min_m": 0.0941736251115799,
      "depth_max_m": 1.0070093870162964,
      "latest_health": {
        "valid": true,
        "state": "OK",
        "calibration_revision": 2026092101,
        "frame_id": "astribot_s1/astribot_arm_right_link_7/right_wrist_rgbd_sensor",
        "header_stamp_ns": 161089000000,
        "capture_stamp_ns": 161000000000
      },
      "latest_cloud": {
        "stamp_ns": 161000000000,
        "points": 12800,
        "frame": "astribot_s1/astribot_arm_right_link_7/right_wrist_rgbd_sensor"
      }
    }
  },
  "live_robot_description_sha256": "e0fe54945c689e0eb8c3aeb1209681894e801abeedf63905b3c70350ca61f194"
}
