running install
/usr/lib/python3/dist-packages/setuptools/command/install.py:34: SetuptoolsDeprecationWarning: setup.py install is deprecated. Use build and pip and other standards-based tools.
  warnings.warn(
running build
running build_py
creating build
creating build/lib
creating build/lib/astribot_s1_perception
copying astribot_s1_perception/map_start_cell_check.py -> build/lib/astribot_s1_perception
copying astribot_s1_perception/autonomous_patrol_node.py -> build/lib/astribot_s1_perception
copying astribot_s1_perception/slam_session.py -> build/lib/astribot_s1_perception
copying astribot_s1_perception/map_source_config.py -> build/lib/astribot_s1_perception
copying astribot_s1_perception/__init__.py -> build/lib/astribot_s1_perception
running install_lib
creating /tmp/codex_perception_packaging_368cqff5/install
creating /tmp/codex_perception_packaging_368cqff5/install/lib
creating /tmp/codex_perception_packaging_368cqff5/install/lib/python3.10
creating /tmp/codex_perception_packaging_368cqff5/install/lib/python3.10/site-packages
creating /tmp/codex_perception_packaging_368cqff5/install/lib/python3.10/site-packages/astribot_s1_perception
copying build/lib/astribot_s1_perception/map_start_cell_check.py -> /tmp/codex_perception_packaging_368cqff5/install/lib/python3.10/site-packages/astribot_s1_perception
copying build/lib/astribot_s1_perception/autonomous_patrol_node.py -> /tmp/codex_perception_packaging_368cqff5/install/lib/python3.10/site-packages/astribot_s1_perception
copying build/lib/astribot_s1_perception/slam_session.py -> /tmp/codex_perception_packaging_368cqff5/install/lib/python3.10/site-packages/astribot_s1_perception
copying build/lib/astribot_s1_perception/map_source_config.py -> /tmp/codex_perception_packaging_368cqff5/install/lib/python3.10/site-packages/astribot_s1_perception
copying build/lib/astribot_s1_perception/__init__.py -> /tmp/codex_perception_packaging_368cqff5/install/lib/python3.10/site-packages/astribot_s1_perception
byte-compiling /tmp/codex_perception_packaging_368cqff5/install/lib/python3.10/site-packages/astribot_s1_perception/map_start_cell_check.py to map_start_cell_check.cpython-310.pyc
byte-compiling /tmp/codex_perception_packaging_368cqff5/install/lib/python3.10/site-packages/astribot_s1_perception/autonomous_patrol_node.py to autonomous_patrol_node.cpython-310.pyc
byte-compiling /tmp/codex_perception_packaging_368cqff5/install/lib/python3.10/site-packages/astribot_s1_perception/slam_session.py to slam_session.cpython-310.pyc
byte-compiling /tmp/codex_perception_packaging_368cqff5/install/lib/python3.10/site-packages/astribot_s1_perception/map_source_config.py to map_source_config.cpython-310.pyc
byte-compiling /tmp/codex_perception_packaging_368cqff5/install/lib/python3.10/site-packages/astribot_s1_perception/__init__.py to __init__.cpython-310.pyc
running install_data
creating /tmp/codex_perception_packaging_368cqff5/install/share
creating /tmp/codex_perception_packaging_368cqff5/install/share/ament_index
creating /tmp/codex_perception_packaging_368cqff5/install/share/ament_index/resource_index
creating /tmp/codex_perception_packaging_368cqff5/install/share/ament_index/resource_index/packages
copying resource/astribot_s1_perception -> /tmp/codex_perception_packaging_368cqff5/install/share/ament_index/resource_index/packages
creating /tmp/codex_perception_packaging_368cqff5/install/share/astribot_s1_perception
copying package.xml -> /tmp/codex_perception_packaging_368cqff5/install/share/astribot_s1_perception
creating /tmp/codex_perception_packaging_368cqff5/install/share/astribot_s1_perception/launch
copying launch/voxel_slam_sim.launch.py -> /tmp/codex_perception_packaging_368cqff5/install/share/astribot_s1_perception/launch
copying launch/hardware_perception.launch.py -> /tmp/codex_perception_packaging_368cqff5/install/share/astribot_s1_perception/launch
copying launch/map_provider.launch.py -> /tmp/codex_perception_packaging_368cqff5/install/share/astribot_s1_perception/launch
copying launch/voxel_slam.launch.py -> /tmp/codex_perception_packaging_368cqff5/install/share/astribot_s1_perception/launch
copying launch/perception_slam_bringup.launch.py -> /tmp/codex_perception_packaging_368cqff5/install/share/astribot_s1_perception/launch
copying launch/hardware_livox.launch.py -> /tmp/codex_perception_packaging_368cqff5/install/share/astribot_s1_perception/launch
copying launch/sim_perception.launch.py -> /tmp/codex_perception_packaging_368cqff5/install/share/astribot_s1_perception/launch
creating /tmp/codex_perception_packaging_368cqff5/install/share/astribot_s1_perception/config
copying config/livox_extrinsics.yaml -> /tmp/codex_perception_packaging_368cqff5/install/share/astribot_s1_perception/config
copying config/autonomous_patrol_params.yaml -> /tmp/codex_perception_packaging_368cqff5/install/share/astribot_s1_perception/config
copying config/map_source.yaml -> /tmp/codex_perception_packaging_368cqff5/install/share/astribot_s1_perception/config
copying config/MID360_config_left.json -> /tmp/codex_perception_packaging_368cqff5/install/share/astribot_s1_perception/config
copying config/MID360_config_right.json -> /tmp/codex_perception_packaging_368cqff5/install/share/astribot_s1_perception/config
creating /tmp/codex_perception_packaging_368cqff5/install/share/astribot_s1_perception/rviz
copying rviz/perception_slam_view.rviz -> /tmp/codex_perception_packaging_368cqff5/install/share/astribot_s1_perception/rviz
copying rviz/nav_view.rviz -> /tmp/codex_perception_packaging_368cqff5/install/share/astribot_s1_perception/rviz
copying rviz/chain_view.rviz -> /tmp/codex_perception_packaging_368cqff5/install/share/astribot_s1_perception/rviz
creating /tmp/codex_perception_packaging_368cqff5/install/share/astribot_s1_perception/maps
copying maps/.gitkeep -> /tmp/codex_perception_packaging_368cqff5/install/share/astribot_s1_perception/maps
creating /tmp/codex_perception_packaging_368cqff5/install/share/astribot_s1_perception/scripts
copying scripts/prepare_livox_driver2.sh -> /tmp/codex_perception_packaging_368cqff5/install/share/astribot_s1_perception/scripts
running install_egg_info
running egg_info
creating astribot_s1_perception.egg-info
writing astribot_s1_perception.egg-info/PKG-INFO
writing dependency_links to astribot_s1_perception.egg-info/dependency_links.txt
writing entry points to astribot_s1_perception.egg-info/entry_points.txt
writing requirements to astribot_s1_perception.egg-info/requires.txt
writing top-level names to astribot_s1_perception.egg-info/top_level.txt
writing manifest file 'astribot_s1_perception.egg-info/SOURCES.txt'
reading manifest file 'astribot_s1_perception.egg-info/SOURCES.txt'
writing manifest file 'astribot_s1_perception.egg-info/SOURCES.txt'
Copying astribot_s1_perception.egg-info to /tmp/codex_perception_packaging_368cqff5/install/lib/python3.10/site-packages/astribot_s1_perception-0.1.0-py3.10.egg-info
running install_scripts
Installing autonomous_patrol_node script to /tmp/codex_perception_packaging_368cqff5/install/lib/astribot_s1_perception
Installing map_start_cell_check script to /tmp/codex_perception_packaging_368cqff5/install/lib/astribot_s1_perception
Installing slam_session script to /tmp/codex_perception_packaging_368cqff5/install/lib/astribot_s1_perception
writing list of installed files to '/tmp/codex_perception_packaging_368cqff5/install.txt'
