-- Install configuration: "Release"
-- Installing: /tmp/codex_map_relay_20260921/install/lib/astribot_s1_perception_native/map_odom_tf_node
-- Set runtime path of "/tmp/codex_map_relay_20260921/install/lib/astribot_s1_perception_native/map_odom_tf_node" to ""
-- Installing: /tmp/codex_map_relay_20260921/install/lib/astribot_s1_perception_native/map_domain_relay
-- Set runtime path of "/tmp/codex_map_relay_20260921/install/lib/astribot_s1_perception_native/map_domain_relay" to ""
-- Installing: /tmp/codex_map_relay_20260921/install/share/astribot_s1_perception_native/README.md
-- Installing: /tmp/codex_map_relay_20260921/install/share/ament_index/resource_index/package_run_dependencies/astribot_s1_perception_native
-- Installing: /tmp/codex_map_relay_20260921/install/share/ament_index/resource_index/parent_prefix_path/astribot_s1_perception_native
-- Installing: /tmp/codex_map_relay_20260921/install/share/astribot_s1_perception_native/environment/ament_prefix_path.sh
-- Installing: /tmp/codex_map_relay_20260921/install/share/astribot_s1_perception_native/environment/ament_prefix_path.dsv
-- Installing: /tmp/codex_map_relay_20260921/install/share/astribot_s1_perception_native/environment/path.sh
-- Installing: /tmp/codex_map_relay_20260921/install/share/astribot_s1_perception_native/environment/path.dsv
-- Installing: /tmp/codex_map_relay_20260921/install/share/astribot_s1_perception_native/local_setup.bash
-- Installing: /tmp/codex_map_relay_20260921/install/share/astribot_s1_perception_native/local_setup.sh
-- Installing: /tmp/codex_map_relay_20260921/install/share/astribot_s1_perception_native/local_setup.zsh
-- Installing: /tmp/codex_map_relay_20260921/install/share/astribot_s1_perception_native/local_setup.dsv
-- Installing: /tmp/codex_map_relay_20260921/install/share/astribot_s1_perception_native/package.dsv
-- Installing: /tmp/codex_map_relay_20260921/install/share/ament_index/resource_index/packages/astribot_s1_perception_native
-- Installing: /tmp/codex_map_relay_20260921/install/share/astribot_s1_perception_native/cmake/astribot_s1_perception_nativeConfig.cmake
-- Installing: /tmp/codex_map_relay_20260921/install/share/astribot_s1_perception_native/cmake/astribot_s1_perception_nativeConfig-version.cmake
-- Installing: /tmp/codex_map_relay_20260921/install/share/astribot_s1_perception_native/package.xml
