FEE
======================================================================
ERROR: test_empty_scene_keeps_physical_observer_without_hunav (__main__.EmptySceneDependencies)
----------------------------------------------------------------------
Traceback (most recent call last):
  File "/home/yjh/WorkSpace/astribot_sdk_ros2/tools/vision/test_empty_scene_dependencies.py", line 15, in test_empty_scene_keeps_physical_observer_without_hunav
    output=prepare_world(root/'base.sdf',SCENES/'h2_empty.yaml',root/'out.sdf',None,root)
  File "/home/yjh/WorkSpace/astribot_sdk_ros2/ws_robot/src/astribot_s1_social_navigation/astribot_s1_social_navigation/scenario.py", line 84, in prepare_world
    mesh = Path(wrapper_prefix)/'share/hunav_gazebo_fortress_wrapper/worlds/models/walk.dae'
  File "/usr/lib/python3.10/pathlib.py", line 960, in __new__
    self = cls._from_parts(args)
  File "/usr/lib/python3.10/pathlib.py", line 594, in _from_parts
    drv, root, parts = self._parse_args(args)
  File "/usr/lib/python3.10/pathlib.py", line 578, in _parse_args
    a = os.fspath(a)
TypeError: expected str, bytes or os.PathLike object, not NoneType

======================================================================
ERROR: test_empty_scene_still_requires_physical_observer (__main__.EmptySceneDependencies)
----------------------------------------------------------------------
Traceback (most recent call last):
  File "/home/yjh/WorkSpace/astribot_sdk_ros2/tools/vision/test_empty_scene_dependencies.py", line 21, in test_empty_scene_still_requires_physical_observer
    with self.assertRaises(FileNotFoundError):prepare_world(root/'base.sdf',SCENES/'h2_empty.yaml',root/'out.sdf',None,root)
  File "/home/yjh/WorkSpace/astribot_sdk_ros2/ws_robot/src/astribot_s1_social_navigation/astribot_s1_social_navigation/scenario.py", line 84, in prepare_world
    mesh = Path(wrapper_prefix)/'share/hunav_gazebo_fortress_wrapper/worlds/models/walk.dae'
  File "/usr/lib/python3.10/pathlib.py", line 960, in __new__
    self = cls._from_parts(args)
  File "/usr/lib/python3.10/pathlib.py", line 594, in _from_parts
    drv, root, parts = self._parse_args(args)
  File "/usr/lib/python3.10/pathlib.py", line 578, in _parse_args
    a = os.fspath(a)
TypeError: expected str, bytes or os.PathLike object, not NoneType

======================================================================
FAIL: test_empty_launch_never_resolves_hunav_packages (__main__.EmptySceneDependencies)
----------------------------------------------------------------------
Traceback (most recent call last):
  File "/home/yjh/WorkSpace/astribot_sdk_ros2/tools/vision/test_empty_scene_dependencies.py", line 31, in test_empty_launch_never_resolves_hunav_packages
    actions=module._prepare_social(ctx,TextSubstitution(text='/fixture/base.sdf'))
  File "/home/yjh/WorkSpace/astribot_sdk_ros2/ws_robot/src/astribot_s1_gazebo_bringup/launch/warehouse_sim.launch.py", line 124, in _prepare_social
    get_package_prefix('hunav_gazebo_fortress_wrapper'),
  File "/usr/lib/python3.10/unittest/mock.py", line 1114, in __call__
    return self._mock_call(*args, **kwargs)
  File "/usr/lib/python3.10/unittest/mock.py", line 1118, in _mock_call
    return self._execute_mock_call(*args, **kwargs)
  File "/usr/lib/python3.10/unittest/mock.py", line 1179, in _execute_mock_call
    result = effect(*args, **kwargs)
  File "/home/yjh/WorkSpace/astribot_sdk_ros2/tools/vision/test_empty_scene_dependencies.py", line 28, in prefix
    if name.startswith('hunav'):raise AssertionError('Empty fixture requested '+name)
AssertionError: Empty fixture requested hunav_gazebo_fortress_wrapper

----------------------------------------------------------------------
Ran 3 tests in 0.082s

FAILED (failures=1, errors=2)
