{
  "case": "R02-fixed-p4-13",
  "scenario_passed": false,
  "verdict": "FAIL",
  "failed_checks": [
    "protocol_passed",
    "original_cases_executed",
    "selected_corridor_executed",
    "precise_arrivals"
  ],
  "protocol": {
    "evidence": "canonical_warehouse_corridor_execution_and_hold_expiry",
    "motion_goals_sent": 1,
    "error": "TRANSPORT_ENVELOPE_LOST",
    "passed": false
  },
  "arrivals": [],
  "checks": {
    "protocol_passed": false,
    "original_cases_executed": false,
    "selected_corridor_executed": false,
    "precise_arrivals": false
  }
}
