Running main() from /opt/ros/humble/src/gtest_vendor/src/gtest_main.cc
[==========] Running 18 tests from 2 test suites.
[----------] Global test environment set-up.
[----------] 17 tests from OwnedController
[ RUN      ] OwnedController.StartUsesFirstControlCycleAfterDelayedAcceptance
[WARN] [1790578323.696427599] [stop_probe]: [Deprecated]: "allow_nonzero_velocity_at_trajectory_end" is set to true. The default behavior will change to false.
[INFO] [1790578323.696496481] [stop_probe]: No specific joint names are used for command interfaces. Using 'joints' parameter.
[INFO] [1790578323.696502509] [stop_probe]: Command interfaces are [position] and state interfaces are [position velocity].
[INFO] [1790578323.696508056] [stop_probe]: Using 'splines' interpolation method.
[INFO] [1790578323.697117887] [stop_probe]: Controller state will be published at 50.00 Hz.
[INFO] [1790578323.698391858] [stop_probe]: Action status changes will be monitored at 20.00 Hz.
[INFO] [1790578323.853909338] [stop_probe]: Received new action goal
[INFO] [1790578323.853947435] [stop_probe]: Accepted new action goal
[       OK ] OwnedController.StartUsesFirstControlCycleAfterDelayedAcceptance (329 ms)
[ RUN      ] OwnedController.CancelHoldDoesNotReplaceRetainedStartWithAnotherGoal
[WARN] [1790578324.020926225] [stop_probe]: [Deprecated]: "allow_nonzero_velocity_at_trajectory_end" is set to true. The default behavior will change to false.
[INFO] [1790578324.020963714] [stop_probe]: No specific joint names are used for command interfaces. Using 'joints' parameter.
[INFO] [1790578324.020968871] [stop_probe]: Command interfaces are [position] and state interfaces are [position velocity].
[INFO] [1790578324.020972802] [stop_probe]: Using 'splines' interpolation method.
[INFO] [1790578324.021017156] [stop_probe]: Controller state will be published at 50.00 Hz.
[INFO] [1790578324.021420646] [stop_probe]: Action status changes will be monitored at 20.00 Hz.
[INFO] [1790578324.174782488] [stop_probe]: Received new action goal
[INFO] [1790578324.174817146] [stop_probe]: Accepted new action goal
[INFO] [1790578324.276057009] [stop_probe]: Got request to cancel goal
[INFO] [1790578324.276090393] [stop_probe]: Canceling active action goal because cancel callback received.
[       OK ] OwnedController.CancelHoldDoesNotReplaceRetainedStartWithAnotherGoal (483 ms)
[ RUN      ] OwnedController.PreemptingCommandGetsItsOwnStartAndUuid
[WARN] [1790578324.504168949] [stop_probe]: [Deprecated]: "allow_nonzero_velocity_at_trajectory_end" is set to true. The default behavior will change to false.
[INFO] [1790578324.504204186] [stop_probe]: No specific joint names are used for command interfaces. Using 'joints' parameter.
[INFO] [1790578324.504209372] [stop_probe]: Command interfaces are [position] and state interfaces are [position velocity].
[INFO] [1790578324.504217206] [stop_probe]: Using 'splines' interpolation method.
[INFO] [1790578324.504262012] [stop_probe]: Controller state will be published at 50.00 Hz.
[INFO] [1790578324.504774636] [stop_probe]: Action status changes will be monitored at 20.00 Hz.
[INFO] [1790578324.658235677] [stop_probe]: Received new action goal
[INFO] [1790578324.658268737] [stop_probe]: Accepted new action goal
[INFO] [1790578324.810469583] [stop_probe]: Received new action goal
[INFO] [1790578324.810501077] [stop_probe]: Accepted new action goal
[       OK ] OwnedController.PreemptingCommandGetsItsOwnStartAndUuid (413 ms)
[ RUN      ] OwnedController.FutureHeaderIsNotReportedAsFirstSamplingTime
[WARN] [1790578324.917195226] [stop_probe]: [Deprecated]: "allow_nonzero_velocity_at_trajectory_end" is set to true. The default behavior will change to false.
[INFO] [1790578324.917311685] [stop_probe]: No specific joint names are used for command interfaces. Using 'joints' parameter.
[INFO] [1790578324.917317683] [stop_probe]: Command interfaces are [position] and state interfaces are [position velocity].
[INFO] [1790578324.917322427] [stop_probe]: Using 'splines' interpolation method.
[INFO] [1790578324.917367591] [stop_probe]: Controller state will be published at 50.00 Hz.
[INFO] [1790578324.917800292] [stop_probe]: Action status changes will be monitored at 20.00 Hz.
[INFO] [1790578325.071582939] [stop_probe]: Received new action goal
[INFO] [1790578325.071639537] [stop_probe]: Accepted new action goal
[       OK ] OwnedController.FutureHeaderIsNotReportedAsFirstSamplingTime (263 ms)
[ RUN      ] OwnedController.ConcurrentGoalHandoffsNeverInventAStartState
[WARN] [1790578325.180608104] [stop_probe]: [Deprecated]: "allow_nonzero_velocity_at_trajectory_end" is set to true. The default behavior will change to false.
[INFO] [1790578325.180662285] [stop_probe]: No specific joint names are used for command interfaces. Using 'joints' parameter.
[INFO] [1790578325.180674922] [stop_probe]: Command interfaces are [position] and state interfaces are [position velocity].
[INFO] [1790578325.180684851] [stop_probe]: Using 'splines' interpolation method.
[INFO] [1790578325.180768294] [stop_probe]: Controller state will be published at 50.00 Hz.
[INFO] [1790578325.181331072] [stop_probe]: Action status changes will be monitored at 20.00 Hz.
[INFO] [1790578325.336840275] [stop_probe]: Received new action goal
[INFO] [1790578325.336894364] [stop_probe]: Accepted new action goal
[INFO] [1790578325.379556633] [stop_probe]: Received new action goal
[INFO] [1790578325.379595898] [stop_probe]: Accepted new action goal
[INFO] [1790578325.422358020] [stop_probe]: Received new action goal
[INFO] [1790578325.422389920] [stop_probe]: Accepted new action goal
[INFO] [1790578325.465393348] [stop_probe]: Received new action goal
[INFO] [1790578325.465422787] [stop_probe]: Accepted new action goal
[INFO] [1790578325.508327006] [stop_probe]: Received new action goal
[INFO] [1790578325.508376029] [stop_probe]: Accepted new action goal
[INFO] [1790578325.550953203] [stop_probe]: Received new action goal
[INFO] [1790578325.550995655] [stop_probe]: Accepted new action goal
[INFO] [1790578325.593737276] [stop_probe]: Received new action goal
[INFO] [1790578325.593775828] [stop_probe]: Accepted new action goal
[INFO] [1790578325.636558021] [stop_probe]: Received new action goal
[INFO] [1790578325.636603877] [stop_probe]: Accepted new action goal
[INFO] [1790578325.679680713] [stop_probe]: Received new action goal
[INFO] [1790578325.679734838] [stop_probe]: Accepted new action goal
[INFO] [1790578325.722906822] [stop_probe]: Received new action goal
[INFO] [1790578325.722947767] [stop_probe]: Accepted new action goal
[INFO] [1790578325.765803248] [stop_probe]: Received new action goal
[INFO] [1790578325.765840389] [stop_probe]: Accepted new action goal
[INFO] [1790578325.808617469] [stop_probe]: Received new action goal
[INFO] [1790578325.808652752] [stop_probe]: Accepted new action goal
[INFO] [1790578325.851768835] [stop_probe]: Received new action goal
[INFO] [1790578325.851799610] [stop_probe]: Accepted new action goal
[INFO] [1790578325.894558068] [stop_probe]: Received new action goal
[INFO] [1790578325.894604469] [stop_probe]: Accepted new action goal
[INFO] [1790578325.937251340] [stop_probe]: Received new action goal
[INFO] [1790578325.937284269] [stop_probe]: Accepted new action goal
[INFO] [1790578325.980182298] [stop_probe]: Received new action goal
[INFO] [1790578325.980240540] [stop_probe]: Accepted new action goal
[INFO] [1790578326.023244496] [stop_probe]: Received new action goal
[INFO] [1790578326.023292984] [stop_probe]: Accepted new action goal
[INFO] [1790578326.066682186] [stop_probe]: Received new action goal
[INFO] [1790578326.066724241] [stop_probe]: Accepted new action goal
[INFO] [1790578326.109810523] [stop_probe]: Received new action goal
[INFO] [1790578326.109860524] [stop_probe]: Accepted new action goal
[INFO] [1790578326.152911706] [stop_probe]: Received new action goal
[INFO] [1790578326.152976730] [stop_probe]: Accepted new action goal
[INFO] [1790578326.195896893] [stop_probe]: Received new action goal
[INFO] [1790578326.195944065] [stop_probe]: Accepted new action goal
[INFO] [1790578326.238890265] [stop_probe]: Received new action goal
[INFO] [1790578326.238930256] [stop_probe]: Accepted new action goal
[INFO] [1790578326.282263820] [stop_probe]: Received new action goal
[INFO] [1790578326.282308550] [stop_probe]: Accepted new action goal
[INFO] [1790578326.325324600] [stop_probe]: Received new action goal
[INFO] [1790578326.325348859] [stop_probe]: Accepted new action goal
[INFO] [1790578326.368322217] [stop_probe]: Received new action goal
[INFO] [1790578326.368368630] [stop_probe]: Accepted new action goal
[       OK ] OwnedController.ConcurrentGoalHandoffsNeverInventAStartState (1237 ms)
[ RUN      ] OwnedController.FreshOwnerKeepsOriginalTrajectory
[WARN] [1790578326.418762007] [stop_probe]: [Deprecated]: "allow_nonzero_velocity_at_trajectory_end" is set to true. The default behavior will change to false.
[INFO] [1790578326.418817848] [stop_probe]: No specific joint names are used for command interfaces. Using 'joints' parameter.
[INFO] [1790578326.418830696] [stop_probe]: Command interfaces are [position] and state interfaces are [position velocity].
[INFO] [1790578326.418840712] [stop_probe]: Using 'splines' interpolation method.
[INFO] [1790578326.418937540] [stop_probe]: Controller state will be published at 50.00 Hz.
[INFO] [1790578326.419519513] [stop_probe]: Action status changes will be monitored at 20.00 Hz.
[INFO] [1790578326.574843172] [stop_probe]: Received new action goal
[INFO] [1790578326.574886301] [stop_probe]: Accepted new action goal
[       OK ] OwnedController.FreshOwnerKeepsOriginalTrajectory (771 ms)
[ RUN      ] OwnedController.UpdateCycleBenchmark
[WARN] [1790578327.188668431] [stop_probe]: [Deprecated]: "allow_nonzero_velocity_at_trajectory_end" is set to true. The default behavior will change to false.
[INFO] [1790578327.188708849] [stop_probe]: No specific joint names are used for command interfaces. Using 'joints' parameter.
[INFO] [1790578327.188714081] [stop_probe]: Command interfaces are [position] and state interfaces are [position velocity].
[INFO] [1790578327.188718429] [stop_probe]: Using 'splines' interpolation method.
[INFO] [1790578327.188764271] [stop_probe]: Controller state will be published at 50.00 Hz.
[INFO] [1790578327.189184180] [stop_probe]: Action status changes will be monitored at 20.00 Hz.
[INFO] [1790578327.342930953] [stop_probe]: Received new action goal
[INFO] [1790578327.342972573] [stop_probe]: Accepted new action goal
[       OK ] OwnedController.UpdateCycleBenchmark (666 ms)
[ RUN      ] OwnedController.LostOwnerAbortsAndHoldsInsteadOfCompletingOldTrajectory
[WARN] [1790578327.853951042] [stop_probe]: [Deprecated]: "allow_nonzero_velocity_at_trajectory_end" is set to true. The default behavior will change to false.
[INFO] [1790578327.853984058] [stop_probe]: No specific joint names are used for command interfaces. Using 'joints' parameter.
[INFO] [1790578327.853989112] [stop_probe]: Command interfaces are [position] and state interfaces are [position velocity].
[INFO] [1790578327.853993063] [stop_probe]: Using 'splines' interpolation method.
[INFO] [1790578327.854034358] [stop_probe]: Controller state will be published at 50.00 Hz.
[INFO] [1790578327.854422273] [stop_probe]: Action status changes will be monitored at 20.00 Hz.
[INFO] [1790578328.008913407] [stop_probe]: Received new action goal
[INFO] [1790578328.008952943] [stop_probe]: Accepted new action goal
[       OK ] OwnedController.LostOwnerAbortsAndHoldsInsteadOfCompletingOldTrajectory (1225 ms)
[ RUN      ] OwnedController.ExpiredLeaseCannotBeRevivedByLateHeartbeat
[WARN] [1790578329.078971720] [stop_probe]: [Deprecated]: "allow_nonzero_velocity_at_trajectory_end" is set to true. The default behavior will change to false.
[INFO] [1790578329.079008888] [stop_probe]: No specific joint names are used for command interfaces. Using 'joints' parameter.
[INFO] [1790578329.079013800] [stop_probe]: Command interfaces are [position] and state interfaces are [position velocity].
[INFO] [1790578329.079018115] [stop_probe]: Using 'splines' interpolation method.
[INFO] [1790578329.079060623] [stop_probe]: Controller state will be published at 50.00 Hz.
[INFO] [1790578329.079484969] [stop_probe]: Action status changes will be monitored at 20.00 Hz.
[INFO] [1790578329.233299659] [stop_probe]: Received new action goal
[INFO] [1790578329.233334154] [stop_probe]: Accepted new action goal
[       OK ] OwnedController.ExpiredLeaseCannotBeRevivedByLateHeartbeat (920 ms)
[ RUN      ] OwnedController.ExplicitRevocationStopsBeforeLeaseTimeout
[WARN] [1790578329.998178131] [stop_probe]: [Deprecated]: "allow_nonzero_velocity_at_trajectory_end" is set to true. The default behavior will change to false.
[INFO] [1790578329.998217167] [stop_probe]: No specific joint names are used for command interfaces. Using 'joints' parameter.
[INFO] [1790578329.998224634] [stop_probe]: Command interfaces are [position] and state interfaces are [position velocity].
[INFO] [1790578329.998230641] [stop_probe]: Using 'splines' interpolation method.
[INFO] [1790578329.998279559] [stop_probe]: Controller state will be published at 50.00 Hz.
[INFO] [1790578329.998701456] [stop_probe]: Action status changes will be monitored at 20.00 Hz.
[INFO] [1790578330.151856196] [stop_probe]: Received new action goal
[INFO] [1790578330.151892861] [stop_probe]: Accepted new action goal
[       OK ] OwnedController.ExplicitRevocationStopsBeforeLeaseTimeout (462 ms)
[ RUN      ] OwnedController.DuplicateSequenceCannotExtendAuthority
[WARN] [1790578330.460472001] [stop_probe]: [Deprecated]: "allow_nonzero_velocity_at_trajectory_end" is set to true. The default behavior will change to false.
[INFO] [1790578330.460509821] [stop_probe]: No specific joint names are used for command interfaces. Using 'joints' parameter.
[INFO] [1790578330.460514780] [stop_probe]: Command interfaces are [position] and state interfaces are [position velocity].
[INFO] [1790578330.460519392] [stop_probe]: Using 'splines' interpolation method.
[INFO] [1790578330.460563296] [stop_probe]: Controller state will be published at 50.00 Hz.
[INFO] [1790578330.460989928] [stop_probe]: Action status changes will be monitored at 20.00 Hz.
[INFO] [1790578330.614806619] [stop_probe]: Received new action goal
[INFO] [1790578330.614838778] [stop_probe]: Accepted new action goal
[       OK ] OwnedController.DuplicateSequenceCannotExtendAuthority (1172 ms)
[ RUN      ] OwnedController.DirectTrajectoryTopicIsNotAnAlternateEntry
[WARN] [1790578331.632999618] [stop_probe]: [Deprecated]: "allow_nonzero_velocity_at_trajectory_end" is set to true. The default behavior will change to false.
[INFO] [1790578331.633035162] [stop_probe]: No specific joint names are used for command interfaces. Using 'joints' parameter.
[INFO] [1790578331.633040263] [stop_probe]: Command interfaces are [position] and state interfaces are [position velocity].
[INFO] [1790578331.633044404] [stop_probe]: Using 'splines' interpolation method.
[INFO] [1790578331.633085273] [stop_probe]: Controller state will be published at 50.00 Hz.
[INFO] [1790578331.633505672] [stop_probe]: Action status changes will be monitored at 20.00 Hz.
[       OK ] OwnedController.DirectTrajectoryTopicIsNotAnAlternateEntry (260 ms)
[ RUN      ] OwnedController.NewLeaseCannotTakeOverAnExecutingGoal
[WARN] [1790578331.892933702] [stop_probe]: [Deprecated]: "allow_nonzero_velocity_at_trajectory_end" is set to true. The default behavior will change to false.
[INFO] [1790578331.892967857] [stop_probe]: No specific joint names are used for command interfaces. Using 'joints' parameter.
[INFO] [1790578331.892972793] [stop_probe]: Command interfaces are [position] and state interfaces are [position velocity].
[INFO] [1790578331.892977041] [stop_probe]: Using 'splines' interpolation method.
[INFO] [1790578331.893021935] [stop_probe]: Controller state will be published at 50.00 Hz.
[INFO] [1790578331.893426398] [stop_probe]: Action status changes will be monitored at 20.00 Hz.
[INFO] [1790578332.047091441] [stop_probe]: Received new action goal
[INFO] [1790578332.047126550] [stop_probe]: Accepted new action goal
[       OK ] OwnedController.NewLeaseCannotTakeOverAnExecutingGoal (463 ms)
[ RUN      ] OwnedController.StaleOrFutureSourceCannotExtendLease
[WARN] [1790578332.355642248] [stop_probe]: [Deprecated]: "allow_nonzero_velocity_at_trajectory_end" is set to true. The default behavior will change to false.
[INFO] [1790578332.355688864] [stop_probe]: No specific joint names are used for command interfaces. Using 'joints' parameter.
[INFO] [1790578332.355694028] [stop_probe]: Command interfaces are [position] and state interfaces are [position velocity].
[INFO] [1790578332.355698429] [stop_probe]: Using 'splines' interpolation method.
[INFO] [1790578332.355744237] [stop_probe]: Controller state will be published at 50.00 Hz.
[INFO] [1790578332.356168341] [stop_probe]: Action status changes will be monitored at 20.00 Hz.
[INFO] [1790578332.510357489] [stop_probe]: Received new action goal
[INFO] [1790578332.510396103] [stop_probe]: Accepted new action goal
[       OK ] OwnedController.StaleOrFutureSourceCannotExtendLease (1072 ms)
[ RUN      ] OwnedController.NormalCompletionPreservesEndpoint
[WARN] [1790578333.427809307] [stop_probe]: [Deprecated]: "allow_nonzero_velocity_at_trajectory_end" is set to true. The default behavior will change to false.
[INFO] [1790578333.427844236] [stop_probe]: No specific joint names are used for command interfaces. Using 'joints' parameter.
[INFO] [1790578333.427849231] [stop_probe]: Command interfaces are [position] and state interfaces are [position velocity].
[INFO] [1790578333.427853475] [stop_probe]: Using 'splines' interpolation method.
[INFO] [1790578333.427895586] [stop_probe]: Controller state will be published at 50.00 Hz.
[INFO] [1790578333.428315807] [stop_probe]: Action status changes will be monitored at 20.00 Hz.
[INFO] [1790578333.581556841] [stop_probe]: Received new action goal
[INFO] [1790578333.581586056] [stop_probe]: Accepted new action goal
[INFO] [1790578335.581811243] [stop_probe]: Goal reached, success!
[       OK ] OwnedController.NormalCompletionPreservesEndpoint (2361 ms)
[ RUN      ] OwnedController.HeartbeatCallbacksRaceRealtimeExpiryWithoutRevival
[WARN] [1790578335.789092440] [stop_probe]: [Deprecated]: "allow_nonzero_velocity_at_trajectory_end" is set to true. The default behavior will change to false.
[INFO] [1790578335.789126508] [stop_probe]: No specific joint names are used for command interfaces. Using 'joints' parameter.
[INFO] [1790578335.789132252] [stop_probe]: Command interfaces are [position] and state interfaces are [position velocity].
[INFO] [1790578335.789136360] [stop_probe]: Using 'splines' interpolation method.
[INFO] [1790578335.789179272] [stop_probe]: Controller state will be published at 50.00 Hz.
[INFO] [1790578335.789618933] [stop_probe]: Action status changes will be monitored at 20.00 Hz.
[INFO] [1790578335.943019123] [stop_probe]: Received new action goal
[INFO] [1790578335.943053485] [stop_probe]: Accepted new action goal
[       OK ] OwnedController.HeartbeatCallbacksRaceRealtimeExpiryWithoutRevival (1167 ms)
[ RUN      ] OwnedController.FreshLeaseWaitsForControlCycleBeforeAdmittingGoal
[WARN] [1790578336.955945973] [stop_probe]: [Deprecated]: "allow_nonzero_velocity_at_trajectory_end" is set to true. The default behavior will change to false.
[INFO] [1790578336.955981258] [stop_probe]: No specific joint names are used for command interfaces. Using 'joints' parameter.
[INFO] [1790578336.955986129] [stop_probe]: Command interfaces are [position] and state interfaces are [position velocity].
[INFO] [1790578336.955990053] [stop_probe]: Using 'splines' interpolation method.
[INFO] [1790578336.956034800] [stop_probe]: Controller state will be published at 50.00 Hz.
[INFO] [1790578336.956423412] [stop_probe]: Action status changes will be monitored at 20.00 Hz.
[INFO] [1790578337.261558716] [stop_probe]: Received new action goal
[INFO] [1790578337.261594136] [stop_probe]: Accepted new action goal
[       OK ] OwnedController.FreshLeaseWaitsForControlCycleBeforeAdmittingGoal (311 ms)
[----------] 17 tests from OwnedController (13575 ms total)

[----------] 1 test from OwnedControllerDiscovery
[ RUN      ] OwnedControllerDiscovery.InstalledPluginCanBeLoaded
[       OK ] OwnedControllerDiscovery.InstalledPluginCanBeLoaded (17 ms)
[----------] 1 test from OwnedControllerDiscovery (17 ms total)

[----------] Global test environment tear-down
[==========] 18 tests from 2 test suites ran. (13598 ms total)
[  PASSED  ] 18 tests.
