Running main() from /opt/ros/humble/src/gtest_vendor/src/gtest_main.cc
[==========] Running 18 tests from 2 test suites.
[----------] Global test environment set-up.
[----------] 17 tests from OwnedController
[ RUN      ] OwnedController.StartUsesFirstControlCycleAfterDelayedAcceptance
[WARN] [1790578443.813399199] [stop_probe]: [Deprecated]: "allow_nonzero_velocity_at_trajectory_end" is set to true. The default behavior will change to false.
[INFO] [1790578443.813472641] [stop_probe]: No specific joint names are used for command interfaces. Using 'joints' parameter.
[INFO] [1790578443.813479002] [stop_probe]: Command interfaces are [position] and state interfaces are [position velocity].
[INFO] [1790578443.813485064] [stop_probe]: Using 'splines' interpolation method.
[INFO] [1790578443.814063096] [stop_probe]: Controller state will be published at 50.00 Hz.
[INFO] [1790578443.815307967] [stop_probe]: Action status changes will be monitored at 20.00 Hz.
[INFO] [1790578443.972256033] [stop_probe]: Received new action goal
[INFO] [1790578443.972293747] [stop_probe]: Accepted new action goal
[       OK ] OwnedController.StartUsesFirstControlCycleAfterDelayedAcceptance (329 ms)
[ RUN      ] OwnedController.CancelHoldDoesNotReplaceRetainedStartWithAnotherGoal
[WARN] [1790578444.139911274] [stop_probe]: [Deprecated]: "allow_nonzero_velocity_at_trajectory_end" is set to true. The default behavior will change to false.
[INFO] [1790578444.139947657] [stop_probe]: No specific joint names are used for command interfaces. Using 'joints' parameter.
[INFO] [1790578444.139952831] [stop_probe]: Command interfaces are [position] and state interfaces are [position velocity].
[INFO] [1790578444.139957300] [stop_probe]: Using 'splines' interpolation method.
[INFO] [1790578444.140003307] [stop_probe]: Controller state will be published at 50.00 Hz.
[INFO] [1790578444.140421145] [stop_probe]: Action status changes will be monitored at 20.00 Hz.
[INFO] [1790578444.293661435] [stop_probe]: Received new action goal
[INFO] [1790578444.293700970] [stop_probe]: Accepted new action goal
[INFO] [1790578444.395492402] [stop_probe]: Got request to cancel goal
[INFO] [1790578444.395527325] [stop_probe]: Canceling active action goal because cancel callback received.
[       OK ] OwnedController.CancelHoldDoesNotReplaceRetainedStartWithAnotherGoal (484 ms)
[ RUN      ] OwnedController.PreemptingCommandGetsItsOwnStartAndUuid
[WARN] [1790578444.623672101] [stop_probe]: [Deprecated]: "allow_nonzero_velocity_at_trajectory_end" is set to true. The default behavior will change to false.
[INFO] [1790578444.623705993] [stop_probe]: No specific joint names are used for command interfaces. Using 'joints' parameter.
[INFO] [1790578444.623710886] [stop_probe]: Command interfaces are [position] and state interfaces are [position velocity].
[INFO] [1790578444.623715160] [stop_probe]: Using 'splines' interpolation method.
[INFO] [1790578444.623757353] [stop_probe]: Controller state will be published at 50.00 Hz.
[INFO] [1790578444.624185526] [stop_probe]: Action status changes will be monitored at 20.00 Hz.
[INFO] [1790578444.777385866] [stop_probe]: Received new action goal
[INFO] [1790578444.777415483] [stop_probe]: Accepted new action goal
[INFO] [1790578444.929390091] [stop_probe]: Received new action goal
[INFO] [1790578444.929425107] [stop_probe]: Accepted new action goal
[       OK ] OwnedController.PreemptingCommandGetsItsOwnStartAndUuid (412 ms)
[ RUN      ] OwnedController.FutureHeaderIsNotReportedAsFirstSamplingTime
[WARN] [1790578445.035731418] [stop_probe]: [Deprecated]: "allow_nonzero_velocity_at_trajectory_end" is set to true. The default behavior will change to false.
[INFO] [1790578445.035769703] [stop_probe]: No specific joint names are used for command interfaces. Using 'joints' parameter.
[INFO] [1790578445.035775399] [stop_probe]: Command interfaces are [position] and state interfaces are [position velocity].
[INFO] [1790578445.035779887] [stop_probe]: Using 'splines' interpolation method.
[INFO] [1790578445.035820224] [stop_probe]: Controller state will be published at 50.00 Hz.
[INFO] [1790578445.036217998] [stop_probe]: Action status changes will be monitored at 20.00 Hz.
[INFO] [1790578445.189715595] [stop_probe]: Received new action goal
[INFO] [1790578445.189750996] [stop_probe]: Accepted new action goal
[       OK ] OwnedController.FutureHeaderIsNotReportedAsFirstSamplingTime (260 ms)
[ RUN      ] OwnedController.ConcurrentGoalHandoffsNeverInventAStartState
[WARN] [1790578445.296112178] [stop_probe]: [Deprecated]: "allow_nonzero_velocity_at_trajectory_end" is set to true. The default behavior will change to false.
[INFO] [1790578445.296145623] [stop_probe]: No specific joint names are used for command interfaces. Using 'joints' parameter.
[INFO] [1790578445.296150367] [stop_probe]: Command interfaces are [position] and state interfaces are [position velocity].
[INFO] [1790578445.296154619] [stop_probe]: Using 'splines' interpolation method.
[INFO] [1790578445.296195921] [stop_probe]: Controller state will be published at 50.00 Hz.
[INFO] [1790578445.296631511] [stop_probe]: Action status changes will be monitored at 20.00 Hz.
[INFO] [1790578445.450546911] [stop_probe]: Received new action goal
[INFO] [1790578445.450593460] [stop_probe]: Accepted new action goal
[INFO] [1790578445.493192162] [stop_probe]: Received new action goal
[INFO] [1790578445.493239661] [stop_probe]: Accepted new action goal
[INFO] [1790578445.535774568] [stop_probe]: Received new action goal
[INFO] [1790578445.535807711] [stop_probe]: Accepted new action goal
[INFO] [1790578445.578218132] [stop_probe]: Received new action goal
[INFO] [1790578445.578252532] [stop_probe]: Accepted new action goal
[INFO] [1790578445.620784041] [stop_probe]: Received new action goal
[INFO] [1790578445.620815922] [stop_probe]: Accepted new action goal
[INFO] [1790578445.663383888] [stop_probe]: Received new action goal
[INFO] [1790578445.663414040] [stop_probe]: Accepted new action goal
[INFO] [1790578445.705885798] [stop_probe]: Received new action goal
[INFO] [1790578445.705907531] [stop_probe]: Accepted new action goal
[INFO] [1790578445.748545669] [stop_probe]: Received new action goal
[INFO] [1790578445.748559706] [stop_probe]: Accepted new action goal
[INFO] [1790578445.791074477] [stop_probe]: Received new action goal
[INFO] [1790578445.791104284] [stop_probe]: Accepted new action goal
[INFO] [1790578445.833646759] [stop_probe]: Received new action goal
[INFO] [1790578445.833674220] [stop_probe]: Accepted new action goal
[INFO] [1790578445.876209722] [stop_probe]: Received new action goal
[INFO] [1790578445.876256760] [stop_probe]: Accepted new action goal
[INFO] [1790578445.918665685] [stop_probe]: Received new action goal
[INFO] [1790578445.918692799] [stop_probe]: Accepted new action goal
[INFO] [1790578445.961224611] [stop_probe]: Received new action goal
[INFO] [1790578445.961257287] [stop_probe]: Accepted new action goal
[INFO] [1790578446.003811925] [stop_probe]: Received new action goal
[INFO] [1790578446.003844954] [stop_probe]: Accepted new action goal
[INFO] [1790578446.046494957] [stop_probe]: Received new action goal
[INFO] [1790578446.046542963] [stop_probe]: Accepted new action goal
[INFO] [1790578446.089027970] [stop_probe]: Received new action goal
[INFO] [1790578446.089062782] [stop_probe]: Accepted new action goal
[INFO] [1790578446.131651614] [stop_probe]: Received new action goal
[INFO] [1790578446.131689292] [stop_probe]: Accepted new action goal
[INFO] [1790578446.174302952] [stop_probe]: Received new action goal
[INFO] [1790578446.174340772] [stop_probe]: Accepted new action goal
[INFO] [1790578446.216904213] [stop_probe]: Received new action goal
[INFO] [1790578446.216963160] [stop_probe]: Accepted new action goal
[INFO] [1790578446.259448101] [stop_probe]: Received new action goal
[INFO] [1790578446.259483361] [stop_probe]: Accepted new action goal
[INFO] [1790578446.302095293] [stop_probe]: Received new action goal
[INFO] [1790578446.302114285] [stop_probe]: Accepted new action goal
[INFO] [1790578446.344733505] [stop_probe]: Received new action goal
[INFO] [1790578446.344764825] [stop_probe]: Accepted new action goal
[INFO] [1790578446.387162600] [stop_probe]: Received new action goal
[INFO] [1790578446.387193445] [stop_probe]: Accepted new action goal
[INFO] [1790578446.429787313] [stop_probe]: Received new action goal
[INFO] [1790578446.429816323] [stop_probe]: Accepted new action goal
[INFO] [1790578446.472244105] [stop_probe]: Received new action goal
[INFO] [1790578446.472276156] [stop_probe]: Accepted new action goal
[       OK ] OwnedController.ConcurrentGoalHandoffsNeverInventAStartState (1224 ms)
[ RUN      ] OwnedController.FreshOwnerKeepsOriginalTrajectory
[WARN] [1790578446.519872745] [stop_probe]: [Deprecated]: "allow_nonzero_velocity_at_trajectory_end" is set to true. The default behavior will change to false.
[INFO] [1790578446.519903152] [stop_probe]: No specific joint names are used for command interfaces. Using 'joints' parameter.
[INFO] [1790578446.519907917] [stop_probe]: Command interfaces are [position] and state interfaces are [position velocity].
[INFO] [1790578446.519912187] [stop_probe]: Using 'splines' interpolation method.
[INFO] [1790578446.519967810] [stop_probe]: Controller state will be published at 50.00 Hz.
[INFO] [1790578446.520393107] [stop_probe]: Action status changes will be monitored at 20.00 Hz.
[INFO] [1790578446.673775145] [stop_probe]: Received new action goal
[INFO] [1790578446.673818652] [stop_probe]: Accepted new action goal
[       OK ] OwnedController.FreshOwnerKeepsOriginalTrajectory (768 ms)
[ RUN      ] OwnedController.UpdateCycleBenchmark
[WARN] [1790578447.288146952] [stop_probe]: [Deprecated]: "allow_nonzero_velocity_at_trajectory_end" is set to true. The default behavior will change to false.
[INFO] [1790578447.288189158] [stop_probe]: No specific joint names are used for command interfaces. Using 'joints' parameter.
[INFO] [1790578447.288194247] [stop_probe]: Command interfaces are [position] and state interfaces are [position velocity].
[INFO] [1790578447.288198404] [stop_probe]: Using 'splines' interpolation method.
[INFO] [1790578447.288249515] [stop_probe]: Controller state will be published at 50.00 Hz.
[INFO] [1790578447.288673484] [stop_probe]: Action status changes will be monitored at 20.00 Hz.
[INFO] [1790578447.442545123] [stop_probe]: Received new action goal
[INFO] [1790578447.442579302] [stop_probe]: Accepted new action goal
[       OK ] OwnedController.UpdateCycleBenchmark (666 ms)
[ RUN      ] OwnedController.LostOwnerAbortsAndHoldsInsteadOfCompletingOldTrajectory
[WARN] [1790578447.955304716] [stop_probe]: [Deprecated]: "allow_nonzero_velocity_at_trajectory_end" is set to true. The default behavior will change to false.
[INFO] [1790578447.955365314] [stop_probe]: No specific joint names are used for command interfaces. Using 'joints' parameter.
[INFO] [1790578447.955378187] [stop_probe]: Command interfaces are [position] and state interfaces are [position velocity].
[INFO] [1790578447.955388225] [stop_probe]: Using 'splines' interpolation method.
[INFO] [1790578447.955474236] [stop_probe]: Controller state will be published at 50.00 Hz.
[INFO] [1790578447.956032705] [stop_probe]: Action status changes will be monitored at 20.00 Hz.
[INFO] [1790578448.111417671] [stop_probe]: Received new action goal
[INFO] [1790578448.111469298] [stop_probe]: Accepted new action goal
[       OK ] OwnedController.LostOwnerAbortsAndHoldsInsteadOfCompletingOldTrajectory (1226 ms)
[ RUN      ] OwnedController.ExpiredLeaseCannotBeRevivedByLateHeartbeat
[WARN] [1790578449.180225554] [stop_probe]: [Deprecated]: "allow_nonzero_velocity_at_trajectory_end" is set to true. The default behavior will change to false.
[INFO] [1790578449.180261702] [stop_probe]: No specific joint names are used for command interfaces. Using 'joints' parameter.
[INFO] [1790578449.180267174] [stop_probe]: Command interfaces are [position] and state interfaces are [position velocity].
[INFO] [1790578449.180271999] [stop_probe]: Using 'splines' interpolation method.
[INFO] [1790578449.180315595] [stop_probe]: Controller state will be published at 50.00 Hz.
[INFO] [1790578449.180734273] [stop_probe]: Action status changes will be monitored at 20.00 Hz.
[INFO] [1790578449.334282246] [stop_probe]: Received new action goal
[INFO] [1790578449.334315120] [stop_probe]: Accepted new action goal
[       OK ] OwnedController.ExpiredLeaseCannotBeRevivedByLateHeartbeat (920 ms)
[ RUN      ] OwnedController.ExplicitRevocationStopsBeforeLeaseTimeout
[WARN] [1790578450.100242060] [stop_probe]: [Deprecated]: "allow_nonzero_velocity_at_trajectory_end" is set to true. The default behavior will change to false.
[INFO] [1790578450.100277766] [stop_probe]: No specific joint names are used for command interfaces. Using 'joints' parameter.
[INFO] [1790578450.100282810] [stop_probe]: Command interfaces are [position] and state interfaces are [position velocity].
[INFO] [1790578450.100287190] [stop_probe]: Using 'splines' interpolation method.
[INFO] [1790578450.100332700] [stop_probe]: Controller state will be published at 50.00 Hz.
[INFO] [1790578450.100755085] [stop_probe]: Action status changes will be monitored at 20.00 Hz.
[INFO] [1790578450.255121919] [stop_probe]: Received new action goal
[INFO] [1790578450.255149236] [stop_probe]: Accepted new action goal
[       OK ] OwnedController.ExplicitRevocationStopsBeforeLeaseTimeout (465 ms)
[ RUN      ] OwnedController.DuplicateSequenceCannotExtendAuthority
[WARN] [1790578450.564330765] [stop_probe]: [Deprecated]: "allow_nonzero_velocity_at_trajectory_end" is set to true. The default behavior will change to false.
[INFO] [1790578450.564364017] [stop_probe]: No specific joint names are used for command interfaces. Using 'joints' parameter.
[INFO] [1790578450.564369175] [stop_probe]: Command interfaces are [position] and state interfaces are [position velocity].
[INFO] [1790578450.564373475] [stop_probe]: Using 'splines' interpolation method.
[INFO] [1790578450.564416113] [stop_probe]: Controller state will be published at 50.00 Hz.
[INFO] [1790578450.564842216] [stop_probe]: Action status changes will be monitored at 20.00 Hz.
[INFO] [1790578450.718303835] [stop_probe]: Received new action goal
[INFO] [1790578450.718331159] [stop_probe]: Accepted new action goal
[       OK ] OwnedController.DuplicateSequenceCannotExtendAuthority (1177 ms)
[ RUN      ] OwnedController.DirectTrajectoryTopicIsNotAnAlternateEntry
[WARN] [1790578451.743702909] [stop_probe]: [Deprecated]: "allow_nonzero_velocity_at_trajectory_end" is set to true. The default behavior will change to false.
[INFO] [1790578451.743761523] [stop_probe]: No specific joint names are used for command interfaces. Using 'joints' parameter.
[INFO] [1790578451.743774170] [stop_probe]: Command interfaces are [position] and state interfaces are [position velocity].
[INFO] [1790578451.743783850] [stop_probe]: Using 'splines' interpolation method.
[INFO] [1790578451.743868661] [stop_probe]: Controller state will be published at 50.00 Hz.
[INFO] [1790578451.744414544] [stop_probe]: Action status changes will be monitored at 20.00 Hz.
[       OK ] OwnedController.DirectTrajectoryTopicIsNotAnAlternateEntry (265 ms)
[ RUN      ] OwnedController.NewLeaseCannotTakeOverAnExecutingGoal
[WARN] [1790578452.006909217] [stop_probe]: [Deprecated]: "allow_nonzero_velocity_at_trajectory_end" is set to true. The default behavior will change to false.
[INFO] [1790578452.006955332] [stop_probe]: No specific joint names are used for command interfaces. Using 'joints' parameter.
[INFO] [1790578452.006961013] [stop_probe]: Command interfaces are [position] and state interfaces are [position velocity].
[INFO] [1790578452.006965621] [stop_probe]: Using 'splines' interpolation method.
[INFO] [1790578452.007011677] [stop_probe]: Controller state will be published at 50.00 Hz.
[INFO] [1790578452.007389528] [stop_probe]: Action status changes will be monitored at 20.00 Hz.
[INFO] [1790578452.163686087] [stop_probe]: Received new action goal
[INFO] [1790578452.163724730] [stop_probe]: Accepted new action goal
[       OK ] OwnedController.NewLeaseCannotTakeOverAnExecutingGoal (467 ms)
[ RUN      ] OwnedController.StaleOrFutureSourceCannotExtendLease
[WARN] [1790578452.474448364] [stop_probe]: [Deprecated]: "allow_nonzero_velocity_at_trajectory_end" is set to true. The default behavior will change to false.
[INFO] [1790578452.474497121] [stop_probe]: No specific joint names are used for command interfaces. Using 'joints' parameter.
[INFO] [1790578452.474502222] [stop_probe]: Command interfaces are [position] and state interfaces are [position velocity].
[INFO] [1790578452.474506722] [stop_probe]: Using 'splines' interpolation method.
[INFO] [1790578452.474551912] [stop_probe]: Controller state will be published at 50.00 Hz.
[INFO] [1790578452.474986432] [stop_probe]: Action status changes will be monitored at 20.00 Hz.
[INFO] [1790578452.628817422] [stop_probe]: Received new action goal
[INFO] [1790578452.628849345] [stop_probe]: Accepted new action goal
[       OK ] OwnedController.StaleOrFutureSourceCannotExtendLease (1075 ms)
[ RUN      ] OwnedController.NormalCompletionPreservesEndpoint
[WARN] [1790578453.550717396] [stop_probe]: [Deprecated]: "allow_nonzero_velocity_at_trajectory_end" is set to true. The default behavior will change to false.
[INFO] [1790578453.550777100] [stop_probe]: No specific joint names are used for command interfaces. Using 'joints' parameter.
[INFO] [1790578453.550790326] [stop_probe]: Command interfaces are [position] and state interfaces are [position velocity].
[INFO] [1790578453.550800485] [stop_probe]: Using 'splines' interpolation method.
[INFO] [1790578453.550885505] [stop_probe]: Controller state will be published at 50.00 Hz.
[INFO] [1790578453.551437042] [stop_probe]: Action status changes will be monitored at 20.00 Hz.
[INFO] [1790578453.707499181] [stop_probe]: Received new action goal
[INFO] [1790578453.707547694] [stop_probe]: Accepted new action goal
[INFO] [1790578455.713763846] [stop_probe]: Goal reached, success!
[       OK ] OwnedController.NormalCompletionPreservesEndpoint (2372 ms)
[ RUN      ] OwnedController.HeartbeatCallbacksRaceRealtimeExpiryWithoutRevival
[WARN] [1790578455.921417414] [stop_probe]: [Deprecated]: "allow_nonzero_velocity_at_trajectory_end" is set to true. The default behavior will change to false.
[INFO] [1790578455.921451451] [stop_probe]: No specific joint names are used for command interfaces. Using 'joints' parameter.
[INFO] [1790578455.921456228] [stop_probe]: Command interfaces are [position] and state interfaces are [position velocity].
[INFO] [1790578455.921460405] [stop_probe]: Using 'splines' interpolation method.
[INFO] [1790578455.921504218] [stop_probe]: Controller state will be published at 50.00 Hz.
[INFO] [1790578455.921924687] [stop_probe]: Action status changes will be monitored at 20.00 Hz.
[INFO] [1790578456.075701390] [stop_probe]: Received new action goal
[INFO] [1790578456.075751897] [stop_probe]: Accepted new action goal
[       OK ] OwnedController.HeartbeatCallbacksRaceRealtimeExpiryWithoutRevival (1168 ms)
[ RUN      ] OwnedController.FreshLeaseWaitsForControlCycleBeforeAdmittingGoal
[WARN] [1790578457.089416851] [stop_probe]: [Deprecated]: "allow_nonzero_velocity_at_trajectory_end" is set to true. The default behavior will change to false.
[INFO] [1790578457.089452030] [stop_probe]: No specific joint names are used for command interfaces. Using 'joints' parameter.
[INFO] [1790578457.089457198] [stop_probe]: Command interfaces are [position] and state interfaces are [position velocity].
[INFO] [1790578457.089461622] [stop_probe]: Using 'splines' interpolation method.
[INFO] [1790578457.089505490] [stop_probe]: Controller state will be published at 50.00 Hz.
[INFO] [1790578457.089924385] [stop_probe]: Action status changes will be monitored at 20.00 Hz.
[INFO] [1790578457.395177828] [stop_probe]: Received new action goal
[INFO] [1790578457.395219572] [stop_probe]: Accepted new action goal
[       OK ] OwnedController.FreshLeaseWaitsForControlCycleBeforeAdmittingGoal (312 ms)
[----------] 17 tests from OwnedController (13590 ms total)

[----------] 1 test from OwnedControllerDiscovery
[ RUN      ] OwnedControllerDiscovery.InstalledPluginCanBeLoaded
[       OK ] OwnedControllerDiscovery.InstalledPluginCanBeLoaded (2 ms)
[----------] 1 test from OwnedControllerDiscovery (2 ms total)

[----------] Global test environment tear-down
[==========] 18 tests from 2 test suites ran. (13596 ms total)
[  PASSED  ] 18 tests.
