Running main() from /opt/ros/humble/src/gtest_vendor/src/gtest_main.cc
Note: Google Test filter = OwnedController.OpenLoopSwitchUsesPreviousCommandInsteadOfMeasuredState
[==========] Running 1 test from 1 test suite.
[----------] Global test environment set-up.
[----------] 1 test from OwnedController
[ RUN      ] OwnedController.OpenLoopSwitchUsesPreviousCommandInsteadOfMeasuredState
[WARN] [1790579211.768487589] [stop_probe]: [Deprecated]: "allow_nonzero_velocity_at_trajectory_end" is set to true. The default behavior will change to false.
[INFO] [1790579211.768558356] [stop_probe]: No specific joint names are used for command interfaces. Using 'joints' parameter.
[INFO] [1790579211.768564522] [stop_probe]: Command interfaces are [position] and state interfaces are [position velocity].
[INFO] [1790579211.768573176] [stop_probe]: Using 'splines' interpolation method.
[INFO] [1790579211.769140311] [stop_probe]: Controller state will be published at 50.00 Hz.
[INFO] [1790579211.770328292] [stop_probe]: Action status changes will be monitored at 20.00 Hz.
[INFO] [1790579211.926108462] [stop_probe]: Received new action goal
[INFO] [1790579211.926142882] [stop_probe]: Accepted new action goal
/home/yjh/WorkSpace/astribot_arm_dynamic_recovery_impl/ws_robot/src/astribot_s1_manipulation/test/owned_controller_test.cpp:121: Failure
Value of: controller.get_node()->set_parameter(rclcpp::Parameter("open_loop_control",true)).successful
  Actual: false
Expected: true
[  FAILED  ] OwnedController.OpenLoopSwitchUsesPreviousCommandInsteadOfMeasuredState (368 ms)
[----------] 1 test from OwnedController (368 ms total)

[----------] Global test environment tear-down
[==========] 1 test from 1 test suite ran. (372 ms total)
[  PASSED  ] 0 tests.
[  FAILED  ] 1 test, listed below:
[  FAILED  ] OwnedController.OpenLoopSwitchUsesPreviousCommandInsteadOfMeasuredState

 1 FAILED TEST
