[INFO] [launch]: All log files can be found below /tmp/astribot_arm_dynamic_recovery/simulation/move_group02/2026-09-28-13-16-31-563643-sh-xf2731-3389871
[INFO] [launch]: Default logging verbosity is set to INFO
[INFO] [move_group-1]: process started with pid [3390048]
[move_group-1] Warning: Link 'camera_link' is not known to URDF. Cannot disable/enable collisons.
[move_group-1]          at line 594 in ./src/model.cpp
[move_group-1] [INFO] [1790572592.028261897] [moveit_rdf_loader.rdf_loader]: Loaded robot model in 0 seconds
[move_group-1] [INFO] [1790572592.028312442] [moveit_robot_model.robot_model]: Loading robot model 'astribot_s1'...
[move_group-1] [WARN] [1790572592.040857433] [moveit_robot_model.robot_model]: Link astribot_gripper_left_Link_L1 has visual geometry but no collision geometry. Collision geometry will be left empty. Fix your URDF file by explicitly specifying collision geometry.
[move_group-1] [WARN] [1790572592.054309305] [moveit_robot_model.robot_model]: Link astribot_gripper_left_Link_R1 has visual geometry but no collision geometry. Collision geometry will be left empty. Fix your URDF file by explicitly specifying collision geometry.
[move_group-1] [WARN] [1790572592.061419729] [moveit_robot_model.robot_model]: Link astribot_gripper_right_Link_L1 has visual geometry but no collision geometry. Collision geometry will be left empty. Fix your URDF file by explicitly specifying collision geometry.
[move_group-1] [WARN] [1790572592.067705983] [moveit_robot_model.robot_model]: Link astribot_gripper_right_Link_R1 has visual geometry but no collision geometry. Collision geometry will be left empty. Fix your URDF file by explicitly specifying collision geometry.
[move_group-1] [WARN] [1790572592.105097909] [kdl_parser]: The root link astribot_torso_base has an inertia specified in the URDF, but KDL does not support a root link with an inertia.  As a workaround, you can add an extra dummy link to your URDF.
[move_group-1] [WARN] [1790572592.105218256] [kdl_parser]: The root link astribot_torso_base has an inertia specified in the URDF, but KDL does not support a root link with an inertia.  As a workaround, you can add an extra dummy link to your URDF.
[move_group-1] [WARN] [1790572592.105272788] [kdl_parser]: The root link astribot_torso_base has an inertia specified in the URDF, but KDL does not support a root link with an inertia.  As a workaround, you can add an extra dummy link to your URDF.
[move_group-1] [INFO] [1790572592.146123620] [moveit_ros.planning_scene_monitor.planning_scene_monitor]: Publishing maintained planning scene on 'monitored_planning_scene'
[move_group-1] [INFO] [1790572592.146257990] [moveit.ros_planning_interface.moveit_cpp]: Listening to 'joint_states' for joint states
[move_group-1] [INFO] [1790572592.147086994] [moveit_ros.current_state_monitor]: Listening to joint states on topic 'joint_states'
[move_group-1] [INFO] [1790572592.147694098] [moveit_ros.planning_scene_monitor.planning_scene_monitor]: Listening to '/attached_collision_object' for attached collision objects
[move_group-1] [INFO] [1790572592.147703810] [moveit_ros.planning_scene_monitor.planning_scene_monitor]: Starting planning scene monitor
[move_group-1] [INFO] [1790572592.148146108] [moveit_ros.planning_scene_monitor.planning_scene_monitor]: Listening to '/planning_scene'
[move_group-1] [INFO] [1790572592.148151882] [moveit_ros.planning_scene_monitor.planning_scene_monitor]: Starting world geometry update monitor for collision objects, attached objects, octomap updates.
[move_group-1] [INFO] [1790572592.148581295] [moveit_ros.planning_scene_monitor.planning_scene_monitor]: Listening to 'collision_object'
[move_group-1] [INFO] [1790572592.149017668] [moveit_ros.planning_scene_monitor.planning_scene_monitor]: Listening to 'planning_scene_world' for planning scene world geometry
[move_group-1] [INFO] [1790572592.198083926] [astribot.observed_pointcloud_updater]: Listening to '/camera/head_rgbd/points' using message filter with target frame 'astribot_torso_base head_rgbd_camera_optical_frame '
[move_group-1] [INFO] [1790572592.199398642] [astribot.observed_pointcloud_updater]: Listening to '/camera/torso_rgbd/points' using message filter with target frame 'astribot_torso_base torso_rgbd_camera_optical_frame '
[move_group-1] [INFO] [1790572592.199407692] [moveit.ros_planning_interface.moveit_cpp]: Loading planning pipeline 'ompl'
[move_group-1] [INFO] [1790572592.215440218] [astribot_s1_manipulation.ompl_extension]: registered extra OMPL planners: 25 -> 30 total
[move_group-1] [INFO] [1790572592.215451577] [astribot_s1_manipulation.ompl_extension]:   [OK]      geometric::RRTstar
[move_group-1] [INFO] [1790572592.215453502] [astribot_s1_manipulation.ompl_extension]:   [OK]      geometric::BITstar
[move_group-1] [INFO] [1790572592.215454739] [astribot_s1_manipulation.ompl_extension]:   [OK]      geometric::InformedRRTstar
[move_group-1] [INFO] [1790572592.215456638] [moveit.ros_planning.planning_pipeline]: Using planning interface 'OMPL (with BITstar / InformedRRTstar registered by astribot_s1_manipulation)'
[move_group-1] [INFO] [1790572592.226422933] [moveit_ros.add_time_optimal_parameterization]: Param 'ompl.path_tolerance' was not set. Using default value: 0.100000
[move_group-1] [INFO] [1790572592.226438112] [moveit_ros.add_time_optimal_parameterization]: Param 'ompl.resample_dt' was not set. Using default value: 0.100000
[move_group-1] [INFO] [1790572592.226440313] [moveit_ros.add_time_optimal_parameterization]: Param 'ompl.min_angle_change' was not set. Using default value: 0.001000
[move_group-1] [INFO] [1790572592.226451715] [moveit_ros.fix_workspace_bounds]: Param 'ompl.default_workspace_bounds' was not set. Using default value: 10.000000
[move_group-1] [INFO] [1790572592.226459325] [moveit_ros.fix_start_state_bounds]: Param 'ompl.start_state_max_bounds_error' was set to 0.100000
[move_group-1] [INFO] [1790572592.226461125] [moveit_ros.fix_start_state_bounds]: Param 'ompl.start_state_max_dt' was not set. Using default value: 0.500000
[move_group-1] [INFO] [1790572592.226466096] [moveit_ros.fix_start_state_collision]: Param 'ompl.start_state_max_dt' was not set. Using default value: 0.500000
[move_group-1] [INFO] [1790572592.226467909] [moveit_ros.fix_start_state_collision]: Param 'ompl.jiggle_fraction' was not set. Using default value: 0.020000
[move_group-1] [INFO] [1790572592.226470097] [moveit_ros.fix_start_state_collision]: Param 'ompl.max_sampling_attempts' was not set. Using default value: 100
[move_group-1] [INFO] [1790572592.226474886] [moveit.ros_planning.planning_pipeline]: Using planning request adapter 'Add Time Optimal Parameterization'
[move_group-1] [INFO] [1790572592.226476352] [moveit.ros_planning.planning_pipeline]: Using planning request adapter 'Resolve constraint frames to robot links'
[move_group-1] [INFO] [1790572592.226477578] [moveit.ros_planning.planning_pipeline]: Using planning request adapter 'Fix Workspace Bounds'
[move_group-1] [INFO] [1790572592.226478692] [moveit.ros_planning.planning_pipeline]: Using planning request adapter 'Fix Start State Bounds'
[move_group-1] [INFO] [1790572592.226479740] [moveit.ros_planning.planning_pipeline]: Using planning request adapter 'Fix Start State In Collision'
[move_group-1] [INFO] [1790572592.226480743] [moveit.ros_planning.planning_pipeline]: Using planning request adapter 'Fix Start State Path Constraints'
[move_group-1] [ERROR] [1790572592.311367167] [moveit.plugins.moveit_simple_controller_manager]: No controller_names specified.
[move_group-1] [INFO] [1790572592.311453741] [moveit.plugins.moveit_simple_controller_manager]: Returned 0 controllers in list
[move_group-1] [INFO] [1790572592.311459664] [moveit.plugins.moveit_simple_controller_manager]: Returned 0 controllers in list
[move_group-1] [INFO] [1790572592.312178497] [moveit_ros.trajectory_execution_manager]: Trajectory execution is not managing controllers
[move_group-1] [INFO] [1790572592.312187364] [move_group.move_group]: MoveGroup debug mode is ON
[move_group-1] [INFO] [1790572592.335903231] [move_group.move_group]: 
[move_group-1] 
[move_group-1] ********************************************************
[move_group-1] * MoveGroup using: 
[move_group-1] *     - ApplyPlanningSceneService
[move_group-1] *     - ClearOctomapService
[move_group-1] *     - CartesianPathService
[move_group-1] *     - GetPlanningSceneService
[move_group-1] *     - KinematicsService
[move_group-1] *     - MoveAction
[move_group-1] *     - MotionPlanService
[move_group-1] *     - QueryPlannersService
[move_group-1] *     - StateValidationService
[move_group-1] ********************************************************
[move_group-1] 
[move_group-1] [INFO] [1790572592.335932359] [moveit_move_group_capabilities_base.move_group_context]: MoveGroup context using planning plugin astribot_s1_manipulation/OmplPlannerExtension
[move_group-1] [INFO] [1790572592.335937007] [moveit_move_group_capabilities_base.move_group_context]: MoveGroup context initialization complete
[move_group-1] [96mLoading 'move_group/ApplyPlanningSceneService'...
[move_group-1] [0m[96mLoading 'move_group/ClearOctomapService'...
[move_group-1] [0m[96mLoading 'move_group/MoveGroupCartesianPathService'...
[move_group-1] [0m[96mLoading 'move_group/MoveGroupGetPlanningSceneService'...
[move_group-1] [0m[96mLoading 'move_group/MoveGroupKinematicsService'...
[move_group-1] [0m[96mLoading 'move_group/MoveGroupMoveAction'...
[move_group-1] [0m[96mLoading 'move_group/MoveGroupPlanService'...
[move_group-1] [0m[96mLoading 'move_group/MoveGroupQueryPlannersService'...
[move_group-1] [0m[96mLoading 'move_group/MoveGroupStateValidationService'...
[move_group-1] [0m[92m
[move_group-1] You can start planning now!
[move_group-1] 
[move_group-1] [INFO] [1790572593.452863303] [move_group]: Message Filter dropping message: frame 'astribot_torso_base' at time 55.250 for reason 'discarding message because the queue is full'
[move_group-1] [WARN] [1790572593.728448999] [moveit_ros.planning_scene_monitor.planning_scene_monitor]: Unable to transform object from frame 'map' to planning frame'astribot_torso_base' (Lookup would require extrapolation into the past.  Requested time 54.950000 but the earliest data is at time 55.060000, when looking up transform from frame [map] to frame [astribot_torso_base])
[move_group-1] [WARN] [1790572593.728471615] [moveit_ros.planning_scene_monitor.planning_scene_monitor]: Unable to transform object from frame 'aft_mapped' to planning frame'astribot_torso_base' (Lookup would require extrapolation into the past.  Requested time 54.950000 but the earliest data is at time 55.060000, when looking up transform from frame [aft_mapped] to frame [astribot_torso_base])
[move_group-1] [WARN] [1790572593.753370441] [moveit_ros.planning_scene_monitor.planning_scene_monitor]: Unable to transform object from frame 'map' to planning frame'astribot_torso_base' (Lookup would require extrapolation into the past.  Requested time 54.950000 but the earliest data is at time 55.060000, when looking up transform from frame [map] to frame [astribot_torso_base])
[move_group-1] [WARN] [1790572593.753400824] [moveit_ros.planning_scene_monitor.planning_scene_monitor]: Unable to transform object from frame 'aft_mapped' to planning frame'astribot_torso_base' (Lookup would require extrapolation into the past.  Requested time 54.950000 but the earliest data is at time 55.060000, when looking up transform from frame [aft_mapped] to frame [astribot_torso_base])
[move_group-1] [WARN] [1790572593.842679555] [moveit_ros.planning_scene_monitor.planning_scene_monitor]: Unable to transform object from frame 'map' to planning frame'astribot_torso_base' (Lookup would require extrapolation into the past.  Requested time 54.950000 but the earliest data is at time 55.060000, when looking up transform from frame [map] to frame [astribot_torso_base])
[move_group-1] [WARN] [1790572593.842700894] [moveit_ros.planning_scene_monitor.planning_scene_monitor]: Unable to transform object from frame 'aft_mapped' to planning frame'astribot_torso_base' (Lookup would require extrapolation into the past.  Requested time 54.950000 but the earliest data is at time 55.060000, when looking up transform from frame [aft_mapped] to frame [astribot_torso_base])
[move_group-1] [WARN] [1790572593.878230756] [moveit_ros.planning_scene_monitor.planning_scene_monitor]: Unable to transform object from frame 'map' to planning frame'astribot_torso_base' (Lookup would require extrapolation into the past.  Requested time 54.950000 but the earliest data is at time 55.060000, when looking up transform from frame [map] to frame [astribot_torso_base])
[move_group-1] [WARN] [1790572593.878253262] [moveit_ros.planning_scene_monitor.planning_scene_monitor]: Unable to transform object from frame 'aft_mapped' to planning frame'astribot_torso_base' (Lookup would require extrapolation into the past.  Requested time 54.950000 but the earliest data is at time 55.060000, when looking up transform from frame [aft_mapped] to frame [astribot_torso_base])
[move_group-1] [WARN] [1790572593.960477388] [moveit_ros.planning_scene_monitor.planning_scene_monitor]: Unable to transform object from frame 'map' to planning frame'astribot_torso_base' (Lookup would require extrapolation into the past.  Requested time 54.950000 but the earliest data is at time 55.060000, when looking up transform from frame [map] to frame [astribot_torso_base])
[move_group-1] [WARN] [1790572593.960499452] [moveit_ros.planning_scene_monitor.planning_scene_monitor]: Unable to transform object from frame 'aft_mapped' to planning frame'astribot_torso_base' (Lookup would require extrapolation into the past.  Requested time 54.950000 but the earliest data is at time 55.060000, when looking up transform from frame [aft_mapped] to frame [astribot_torso_base])
[move_group-1] [WARN] [1790572593.999161873] [moveit_ros.planning_scene_monitor.planning_scene_monitor]: Unable to transform object from frame 'map' to planning frame'astribot_torso_base' (Lookup would require extrapolation into the past.  Requested time 54.950000 but the earliest data is at time 55.060000, when looking up transform from frame [map] to frame [astribot_torso_base])
[move_group-1] [WARN] [1790572593.999182099] [moveit_ros.planning_scene_monitor.planning_scene_monitor]: Unable to transform object from frame 'aft_mapped' to planning frame'astribot_torso_base' (Lookup would require extrapolation into the past.  Requested time 54.950000 but the earliest data is at time 55.060000, when looking up transform from frame [aft_mapped] to frame [astribot_torso_base])
[move_group-1] [WARN] [1790572594.066396369] [moveit_ros.planning_scene_monitor.planning_scene_monitor]: Unable to transform object from frame 'map' to planning frame'astribot_torso_base' (Lookup would require extrapolation into the past.  Requested time 54.950000 but the earliest data is at time 55.060000, when looking up transform from frame [map] to frame [astribot_torso_base])
[move_group-1] [WARN] [1790572594.066418820] [moveit_ros.planning_scene_monitor.planning_scene_monitor]: Unable to transform object from frame 'aft_mapped' to planning frame'astribot_torso_base' (Lookup would require extrapolation into the past.  Requested time 54.950000 but the earliest data is at time 55.060000, when looking up transform from frame [aft_mapped] to frame [astribot_torso_base])
[move_group-1] [WARN] [1790572594.901312798] [moveit_ros.planning_scene_monitor.planning_scene_monitor]: Unable to transform object from frame 'aft_mapped' to planning frame'astribot_torso_base' (Lookup would require extrapolation into the past.  Requested time 54.950000 but the earliest data is at time 55.060000, when looking up transform from frame [aft_mapped] to frame [astribot_torso_base])
[WARNING] [launch]: user interrupted with ctrl-c (SIGINT)
[move_group-1] [INFO] [1790573992.196111202] [rclcpp]: signal_handler(SIGINT/SIGTERM)
[move_group-1] [INFO] [1790573992.240040787] [moveit.ros_planning_interface.moveit_cpp]: Deleting MoveItCpp
[move_group-1] [INFO] [1790573992.447881147] [moveit_ros.planning_scene_monitor.planning_scene_monitor]: Stopped publishing maintained planning scene.
[move_group-1] [INFO] [1790573992.450563054] [moveit_ros.planning_scene_monitor.planning_scene_monitor]: Stopping world geometry monitor
[move_group-1] [INFO] [1790573992.453784888] [moveit_ros.planning_scene_monitor.planning_scene_monitor]: Stopping planning scene monitor
[move_group-1] Warning: class_loader.ClassLoader: SEVERE WARNING!!! Attempting to unload library while objects created by this loader exist in the heap! You should delete your objects before attempting to unload the library or destroying the ClassLoader. The library will NOT be unloaded.
[move_group-1]          at line 127 in ./src/class_loader.cpp
[move_group-1] Stack trace (most recent call last):
[move_group-1] #11   Object "", at 0xffffffffffffffff, in 
[move_group-1] #10   Object "/opt/ros/humble/lib/moveit_ros_move_group/move_group", at 0x57f21ff14724, in 
[move_group-1] #9    Source "../csu/libc-start.c", line 392, in __libc_start_main_impl [0x77ba0e029e3f]
[move_group-1] #8    Source "../sysdeps/nptl/libc_start_call_main.h", line 58, in __libc_start_call_main [0x77ba0e029d8f]
[move_group-1] #7    Object "/opt/ros/humble/lib/moveit_ros_move_group/move_group", at 0x57f21ff136a1, in 
[move_group-1] #6    Object "/opt/ros/humble/lib/moveit_ros_move_group/move_group", at 0x57f21ff15709, in 
[move_group-1] #5    Object "/opt/ros/humble/lib/librclcpp.so", at 0x77ba0e8a0b2e, in rclcpp::Node::~Node()
[move_group-1] #4    Object "/opt/ros/humble/lib/librclcpp.so", at 0x77ba0e87bd39, in 
[move_group-1] #3    Object "/opt/ros/humble/lib/librclcpp.so", at 0x77ba0e8aa0b9, in 
[move_group-1] #2    Object "/opt/ros/humble/lib/librclcpp.so", at 0x77ba0e8aa000, in rclcpp::node_interfaces::NodeBase::~NodeBase()
[move_group-1] #1    Object "/opt/ros/humble/lib/librclcpp.so", at 0x77ba0e87bd39, in 
[move_group-1] #0    Object "/opt/ros/humble/lib/librclcpp.so", at 0x77ba0e880b31, in rclcpp::CallbackGroup::~CallbackGroup()
[move_group-1] Segmentation fault (Address not mapped to object [0x77ba0412a850])
[ERROR] [move_group-1]: process has died [pid 3390048, exit code -11, cmd '/opt/ros/humble/lib/moveit_ros_move_group/move_group --ros-args --log-level info --ros-args --disable-external-lib-logs --ros-args --params-file /tmp/launch_params_646u6vky --params-file /tmp/launch_params_wqa_pp2s --params-file /tmp/launch_params_4jtjtuw3 --params-file /tmp/launch_params_0th3evep --params-file /tmp/launch_params_1p4k0ruo --params-file /tmp/launch_params_yrexvc57 --params-file /tmp/launch_params_4brpy65_ --params-file /tmp/launch_params_ab3bdrpz --params-file /tmp/launch_params_qvu6o6vr --params-file /tmp/launch_params_e9my3y7_ --params-file /tmp/launch_params_n_eu32jn --params-file /tmp/launch_params_otuo9hro --params-file /tmp/launch_params_yrwamufw --params-file /tmp/launch_params_p9_tigd3 --params-file /tmp/launch_params_gj5wgj85'].
[move_group-1] [0m
