-- Install configuration: "Release"
-- Installing: /home/yjh/WorkSpace/astribot_sdk_ros2/runs/mainline_20260924/rigid_grasp_2302/mtc_install/share/astribot_s1_transport_mtc/environment/pythonpath.sh
-- Installing: /home/yjh/WorkSpace/astribot_sdk_ros2/runs/mainline_20260924/rigid_grasp_2302/mtc_install/share/astribot_s1_transport_mtc/environment/pythonpath.dsv
-- Installing: /home/yjh/WorkSpace/astribot_sdk_ros2/runs/mainline_20260924/rigid_grasp_2302/mtc_install/local/lib/python3.10/dist-packages/_transport_scene_native.cpython-310-x86_64-linux-gnu.so
-- Set runtime path of "/home/yjh/WorkSpace/astribot_sdk_ros2/runs/mainline_20260924/rigid_grasp_2302/mtc_install/local/lib/python3.10/dist-packages/_transport_scene_native.cpython-310-x86_64-linux-gnu.so" to ""
-- Installing: /home/yjh/WorkSpace/astribot_sdk_ros2/runs/mainline_20260924/rigid_grasp_2302/mtc_install/lib/astribot_s1_transport_mtc/mtc_planner
-- Set runtime path of "/home/yjh/WorkSpace/astribot_sdk_ros2/runs/mainline_20260924/rigid_grasp_2302/mtc_install/lib/astribot_s1_transport_mtc/mtc_planner" to ""
-- Installing: /home/yjh/WorkSpace/astribot_sdk_ros2/runs/mainline_20260924/rigid_grasp_2302/mtc_install/lib/astribot_s1_transport_mtc/execution_guard
-- Set runtime path of "/home/yjh/WorkSpace/astribot_sdk_ros2/runs/mainline_20260924/rigid_grasp_2302/mtc_install/lib/astribot_s1_transport_mtc/execution_guard" to ""
-- Installing: /home/yjh/WorkSpace/astribot_sdk_ros2/runs/mainline_20260924/rigid_grasp_2302/mtc_install/lib/libtransport_scene_signature.so
-- Set runtime path of "/home/yjh/WorkSpace/astribot_sdk_ros2/runs/mainline_20260924/rigid_grasp_2302/mtc_install/lib/libtransport_scene_signature.so" to ""
-- Installing: /home/yjh/WorkSpace/astribot_sdk_ros2/runs/mainline_20260924/rigid_grasp_2302/mtc_install/include/astribot_s1_transport_mtc/canonical_octomap.hpp
-- Installing: /home/yjh/WorkSpace/astribot_sdk_ros2/runs/mainline_20260924/rigid_grasp_2302/mtc_install/include/astribot_s1_transport_mtc/canonical_scene.hpp
-- Installing: /home/yjh/WorkSpace/astribot_sdk_ros2/runs/mainline_20260924/rigid_grasp_2302/mtc_install/share/astribot_s1_transport_mtc/environment/library_path.sh
-- Installing: /home/yjh/WorkSpace/astribot_sdk_ros2/runs/mainline_20260924/rigid_grasp_2302/mtc_install/share/astribot_s1_transport_mtc/environment/library_path.dsv
-- Installing: /home/yjh/WorkSpace/astribot_sdk_ros2/runs/mainline_20260924/rigid_grasp_2302/mtc_install/share/ament_index/resource_index/package_run_dependencies/astribot_s1_transport_mtc
-- Installing: /home/yjh/WorkSpace/astribot_sdk_ros2/runs/mainline_20260924/rigid_grasp_2302/mtc_install/share/ament_index/resource_index/parent_prefix_path/astribot_s1_transport_mtc
-- Installing: /home/yjh/WorkSpace/astribot_sdk_ros2/runs/mainline_20260924/rigid_grasp_2302/mtc_install/share/astribot_s1_transport_mtc/environment/ament_prefix_path.sh
-- Installing: /home/yjh/WorkSpace/astribot_sdk_ros2/runs/mainline_20260924/rigid_grasp_2302/mtc_install/share/astribot_s1_transport_mtc/environment/ament_prefix_path.dsv
-- Installing: /home/yjh/WorkSpace/astribot_sdk_ros2/runs/mainline_20260924/rigid_grasp_2302/mtc_install/share/astribot_s1_transport_mtc/environment/path.sh
-- Installing: /home/yjh/WorkSpace/astribot_sdk_ros2/runs/mainline_20260924/rigid_grasp_2302/mtc_install/share/astribot_s1_transport_mtc/environment/path.dsv
-- Installing: /home/yjh/WorkSpace/astribot_sdk_ros2/runs/mainline_20260924/rigid_grasp_2302/mtc_install/share/astribot_s1_transport_mtc/local_setup.bash
-- Installing: /home/yjh/WorkSpace/astribot_sdk_ros2/runs/mainline_20260924/rigid_grasp_2302/mtc_install/share/astribot_s1_transport_mtc/local_setup.sh
-- Installing: /home/yjh/WorkSpace/astribot_sdk_ros2/runs/mainline_20260924/rigid_grasp_2302/mtc_install/share/astribot_s1_transport_mtc/local_setup.zsh
-- Installing: /home/yjh/WorkSpace/astribot_sdk_ros2/runs/mainline_20260924/rigid_grasp_2302/mtc_install/share/astribot_s1_transport_mtc/local_setup.dsv
-- Installing: /home/yjh/WorkSpace/astribot_sdk_ros2/runs/mainline_20260924/rigid_grasp_2302/mtc_install/share/astribot_s1_transport_mtc/package.dsv
-- Installing: /home/yjh/WorkSpace/astribot_sdk_ros2/runs/mainline_20260924/rigid_grasp_2302/mtc_install/share/ament_index/resource_index/packages/astribot_s1_transport_mtc
-- Installing: /home/yjh/WorkSpace/astribot_sdk_ros2/runs/mainline_20260924/rigid_grasp_2302/mtc_install/share/astribot_s1_transport_mtc/cmake/transport_scene_signature_targetsExport.cmake
-- Installing: /home/yjh/WorkSpace/astribot_sdk_ros2/runs/mainline_20260924/rigid_grasp_2302/mtc_install/share/astribot_s1_transport_mtc/cmake/transport_scene_signature_targetsExport-release.cmake
-- Installing: /home/yjh/WorkSpace/astribot_sdk_ros2/runs/mainline_20260924/rigid_grasp_2302/mtc_install/share/astribot_s1_transport_mtc/cmake/ament_cmake_export_targets-extras.cmake
-- Installing: /home/yjh/WorkSpace/astribot_sdk_ros2/runs/mainline_20260924/rigid_grasp_2302/mtc_install/share/astribot_s1_transport_mtc/cmake/ament_cmake_export_dependencies-extras.cmake
-- Installing: /home/yjh/WorkSpace/astribot_sdk_ros2/runs/mainline_20260924/rigid_grasp_2302/mtc_install/share/astribot_s1_transport_mtc/cmake/astribot_s1_transport_mtcConfig.cmake
-- Installing: /home/yjh/WorkSpace/astribot_sdk_ros2/runs/mainline_20260924/rigid_grasp_2302/mtc_install/share/astribot_s1_transport_mtc/cmake/astribot_s1_transport_mtcConfig-version.cmake
-- Installing: /home/yjh/WorkSpace/astribot_sdk_ros2/runs/mainline_20260924/rigid_grasp_2302/mtc_install/share/astribot_s1_transport_mtc/package.xml
