Internal ctest changing into directory: /tmp/astribot_zones_build/astribot_s1_navigation_policy_native
Test project /tmp/astribot_zones_build/astribot_s1_navigation_policy_native
      Start  1: navigation_math
 1/11 Test  #1: navigation_math ............................   Passed    0.00 sec
      Start  2: cmd_vel_body_to_world_core
 2/11 Test  #2: cmd_vel_body_to_world_core .................   Passed    0.00 sec
      Start  3: fixed_envelope_authority
 3/11 Test  #3: fixed_envelope_authority ...................   Passed    0.00 sec
      Start  4: policy_fusion_differential
 4/11 Test  #4: policy_fusion_differential .................   Passed   12.00 sec
      Start  5: policy_health_differential
 5/11 Test  #5: policy_health_differential .................   Passed    1.09 sec
      Start  6: policy_sweep_differential
 6/11 Test  #6: policy_sweep_differential ..................   Passed    0.65 sec
      Start  7: policy_risk_differential
 7/11 Test  #7: policy_risk_differential ...................   Passed    0.90 sec
      Start  8: policy_risk_independent_replay
 8/11 Test  #8: policy_risk_independent_replay .............   Passed    1.61 sec
      Start  9: policy_envelope_differential
 9/11 Test  #9: policy_envelope_differential ...............   Passed    1.92 sec
      Start 10: policy_observation_adapters_differential
10/11 Test #10: policy_observation_adapters_differential ...   Passed    1.96 sec
      Start 11: policy_observer_core_differential
11/11 Test #11: policy_observer_core_differential ..........   Passed    0.77 sec

100% tests passed, 0 tests failed out of 11

Total Test time (real) =  20.91 sec
