Internal ctest changing into directory: /tmp/astribot_zones_build/astribot_operator_station
Test project /tmp/astribot_zones_build/astribot_operator_station
    Start 1: test_replay_stream
1/9 Test #1: test_replay_stream ...............   Passed    5.30 sec
    Start 2: test_workstation
2/9 Test #2: test_workstation .................   Passed    1.40 sec
    Start 3: test_zone_page
3/9 Test #3: test_zone_page ...................   Passed    0.12 sec
    Start 4: test_scene_page
4/9 Test #4: test_scene_page ..................   Passed    0.15 sec
    Start 5: test_map_page
5/9 Test #5: test_map_page ....................   Passed    0.14 sec
    Start 6: test_evidence
6/9 Test #6: test_evidence ....................   Passed    0.05 sec
    Start 7: test_recorder
7/9 Test #7: test_recorder ....................   Passed   10.68 sec
    Start 8: test_loop_panel
8/9 Test #8: test_loop_panel ..................   Passed    0.80 sec
    Start 9: test_panel
9/9 Test #9: test_panel .......................   Passed    5.05 sec

100% tests passed, 0 tests failed out of 9

Label Time Summary:
gtest    =  23.69 sec*proc (9 tests)

Total Test time (real) =  23.69 sec
