[  5%] Built target astribot_s1_transport_native__rs
[  8%] Built target astribot_s1_transport_native__rosidl_generator_c
[ 10%] Built target astribot_s1_transport_native__cpp
[ 16%] Built target astribot_s1_transport_native__rosidl_typesupport_introspection_c
[ 23%] Built target astribot_s1_transport_native__rosidl_typesupport_c
[ 30%] Built target astribot_s1_transport_native__rosidl_typesupport_introspection_cpp
[ 37%] Built target astribot_s1_transport_native__rosidl_typesupport_cpp
[ 37%] Built target ament_cmake_python_copy_astribot_s1_transport_native
[ 38%] Building CXX object CMakeFiles/arm_hold_core.dir/src/child_actions.cpp.o
[ 42%] Built target gtest_main
[ 45%] Built target gtest
[ 52%] Built target astribot_s1_transport_native__rosidl_typesupport_fastrtps_c
[ 59%] Built target astribot_s1_transport_native__rosidl_typesupport_fastrtps_cpp
[ 61%] Linking CXX shared library libarm_hold_core.so
running egg_info
writing astribot_s1_transport_native.egg-info/PKG-INFO
writing dependency_links to astribot_s1_transport_native.egg-info/dependency_links.txt
writing top-level names to astribot_s1_transport_native.egg-info/top_level.txt
reading manifest file 'astribot_s1_transport_native.egg-info/SOURCES.txt'
writing manifest file 'astribot_s1_transport_native.egg-info/SOURCES.txt'
[ 61%] Built target ament_cmake_python_build_astribot_s1_transport_native_egg
[ 61%] Built target astribot_s1_transport_native
[ 66%] Built target arm_hold_core
[ 67%] Built target astribot_s1_transport_native__py
Consolidate compiler generated dependencies of target hold_executor
[ 69%] Building CXX object CMakeFiles/hold_executor.dir/src/hold_executor.cpp.o
[ 71%] Linking CXX executable resource_authority_test
[ 72%] Built target resource_authority_test
[ 74%] Building CXX object CMakeFiles/child_actions_test.dir/test/child_actions_test.cpp.o
[ 76%] Linking CXX executable child_actions_test
[ 76%] Built target child_actions_test
[ 77%] Linking CXX executable resource_journal_test
[ 79%] Built target resource_journal_test
[ 81%] Linking CXX executable arm_hold_test
[ 83%] Built target arm_hold_test
[ 88%] Built target astribot_s1_transport_native__rosidl_generator_py
[ 91%] Built target astribot_s1_transport_native__rosidl_typesupport_fastrtps_c__pyext
[ 94%] Built target astribot_s1_transport_native__rosidl_typesupport_introspection_c__pyext
[ 98%] Built target astribot_s1_transport_native__rosidl_typesupport_c__pyext
[100%] Linking CXX executable hold_executor
[100%] Built target hold_executor
