{
  "counts": {
    "vendor_sdk": 20,
    "vendor_example": 27,
    "optional_runtime_example_support": 2,
    "excluded_validation_or_setup_tool": 83,
    "cpp_validation_reference": 23,
    "excluded_validation": 187,
    "runtime_remaining": 79,
    "excluded_launch_build": 43,
    "package_marker": 12,
    "cpp_replaced_but_python_reachable": 1
  },
  "runtime_group_counts": {
    "supervisor": 5,
    "logging": 2,
    "policy": 32,
    "perception": 2,
    "geometry": 1,
    "social": 4,
    "camera": 2,
    "transport": 8,
    "vla": 4,
    "bridge": 19
  },
  "entries": 20,
  "errors": []
}
