-- Install configuration: "Release"
-- Up-to-date: /tmp/astribot_task_arbiter_20260921/install/lib/astribot_s1_task_arbiter_native/task_arbiter_cpp
-- Up-to-date: /tmp/astribot_task_arbiter_20260921/install/include
-- Up-to-date: /tmp/astribot_task_arbiter_20260921/install/include/astribot_s1_task_arbiter_native
-- Up-to-date: /tmp/astribot_task_arbiter_20260921/install/include/astribot_s1_task_arbiter_native/ownership.hpp
-- Up-to-date: /tmp/astribot_task_arbiter_20260921/install/share/astribot_s1_task_arbiter_native/README.md
-- Up-to-date: /tmp/astribot_task_arbiter_20260921/install/share/ament_index/resource_index/package_run_dependencies/astribot_s1_task_arbiter_native
-- Up-to-date: /tmp/astribot_task_arbiter_20260921/install/share/ament_index/resource_index/parent_prefix_path/astribot_s1_task_arbiter_native
-- Up-to-date: /tmp/astribot_task_arbiter_20260921/install/share/astribot_s1_task_arbiter_native/environment/ament_prefix_path.sh
-- Installing: /tmp/astribot_task_arbiter_20260921/install/share/astribot_s1_task_arbiter_native/environment/ament_prefix_path.dsv
-- Up-to-date: /tmp/astribot_task_arbiter_20260921/install/share/astribot_s1_task_arbiter_native/environment/path.sh
-- Installing: /tmp/astribot_task_arbiter_20260921/install/share/astribot_s1_task_arbiter_native/environment/path.dsv
-- Up-to-date: /tmp/astribot_task_arbiter_20260921/install/share/astribot_s1_task_arbiter_native/local_setup.bash
-- Up-to-date: /tmp/astribot_task_arbiter_20260921/install/share/astribot_s1_task_arbiter_native/local_setup.sh
-- Up-to-date: /tmp/astribot_task_arbiter_20260921/install/share/astribot_s1_task_arbiter_native/local_setup.zsh
-- Installing: /tmp/astribot_task_arbiter_20260921/install/share/astribot_s1_task_arbiter_native/local_setup.dsv
-- Installing: /tmp/astribot_task_arbiter_20260921/install/share/astribot_s1_task_arbiter_native/package.dsv
-- Up-to-date: /tmp/astribot_task_arbiter_20260921/install/share/ament_index/resource_index/packages/astribot_s1_task_arbiter_native
-- Up-to-date: /tmp/astribot_task_arbiter_20260921/install/share/astribot_s1_task_arbiter_native/cmake/astribot_s1_task_arbiter_nativeConfig.cmake
-- Up-to-date: /tmp/astribot_task_arbiter_20260921/install/share/astribot_s1_task_arbiter_native/cmake/astribot_s1_task_arbiter_nativeConfig-version.cmake
-- Up-to-date: /tmp/astribot_task_arbiter_20260921/install/share/astribot_s1_task_arbiter_native/package.xml
