-- Install configuration: "Release"
-- Installing: /tmp/astribot_task_arbiter_20260921/install/lib/astribot_s1_task_arbiter_native/task_arbiter_cpp
-- Set runtime path of "/tmp/astribot_task_arbiter_20260921/install/lib/astribot_s1_task_arbiter_native/task_arbiter_cpp" to ""
-- Installing: /tmp/astribot_task_arbiter_20260921/install/include
-- Installing: /tmp/astribot_task_arbiter_20260921/install/include/astribot_s1_task_arbiter_native
-- Installing: /tmp/astribot_task_arbiter_20260921/install/include/astribot_s1_task_arbiter_native/ownership.hpp
-- Installing: /tmp/astribot_task_arbiter_20260921/install/share/astribot_s1_task_arbiter_native/README.md
-- Installing: /tmp/astribot_task_arbiter_20260921/install/share/ament_index/resource_index/package_run_dependencies/astribot_s1_task_arbiter_native
-- Installing: /tmp/astribot_task_arbiter_20260921/install/share/ament_index/resource_index/parent_prefix_path/astribot_s1_task_arbiter_native
-- Installing: /tmp/astribot_task_arbiter_20260921/install/share/astribot_s1_task_arbiter_native/environment/ament_prefix_path.sh
-- Installing: /tmp/astribot_task_arbiter_20260921/install/share/astribot_s1_task_arbiter_native/environment/ament_prefix_path.dsv
-- Installing: /tmp/astribot_task_arbiter_20260921/install/share/astribot_s1_task_arbiter_native/environment/path.sh
-- Installing: /tmp/astribot_task_arbiter_20260921/install/share/astribot_s1_task_arbiter_native/environment/path.dsv
-- Installing: /tmp/astribot_task_arbiter_20260921/install/share/astribot_s1_task_arbiter_native/local_setup.bash
-- Installing: /tmp/astribot_task_arbiter_20260921/install/share/astribot_s1_task_arbiter_native/local_setup.sh
-- Installing: /tmp/astribot_task_arbiter_20260921/install/share/astribot_s1_task_arbiter_native/local_setup.zsh
-- Installing: /tmp/astribot_task_arbiter_20260921/install/share/astribot_s1_task_arbiter_native/local_setup.dsv
-- Installing: /tmp/astribot_task_arbiter_20260921/install/share/astribot_s1_task_arbiter_native/package.dsv
-- Installing: /tmp/astribot_task_arbiter_20260921/install/share/ament_index/resource_index/packages/astribot_s1_task_arbiter_native
-- Installing: /tmp/astribot_task_arbiter_20260921/install/share/astribot_s1_task_arbiter_native/cmake/astribot_s1_task_arbiter_nativeConfig.cmake
-- Installing: /tmp/astribot_task_arbiter_20260921/install/share/astribot_s1_task_arbiter_native/cmake/astribot_s1_task_arbiter_nativeConfig-version.cmake
-- Installing: /tmp/astribot_task_arbiter_20260921/install/share/astribot_s1_task_arbiter_native/package.xml
