
==================================== ERRORS ====================================
_ ERROR collecting ws_robot/src/astribot_s1_task_arbiter_native/test/test_arbiter_protocol.py _
/usr/lib/python3/dist-packages/_pytest/python.py:578: in _importtestmodule
    mod = import_path(self.fspath, mode=importmode)
/usr/lib/python3/dist-packages/_pytest/pathlib.py:524: in import_path
    importlib.import_module(module_name)
/usr/lib/python3.10/importlib/__init__.py:126: in import_module
    return _bootstrap._gcd_import(name[level:], package, level)
<frozen importlib._bootstrap>:1050: in _gcd_import
    ???
<frozen importlib._bootstrap>:1027: in _find_and_load
    ???
<frozen importlib._bootstrap>:1006: in _find_and_load_unlocked
    ???
<frozen importlib._bootstrap>:688: in _load_unlocked
    ???
/usr/lib/python3/dist-packages/_pytest/assertion/rewrite.py:161: in exec_module
    source_stat, co = _rewrite_test(fn, self.config)
/usr/lib/python3/dist-packages/_pytest/assertion/rewrite.py:354: in _rewrite_test
    tree = ast.parse(source, filename=fn_)
/usr/lib/python3.10/ast.py:50: in parse
    return compile(source, filename, mode, flags,
E     File "/home/yjh/WorkSpace/astribot_sdk_ros2/ws_robot/src/astribot_s1_task_arbiter_native/test/test_arbiter_protocol.py", line 459
E       clock.clock.sec = 5; for _ in range(15):
E                            ^^^
E   SyntaxError: invalid syntax
=========================== short test summary info ============================
ERROR ws_robot/src/astribot_s1_task_arbiter_native/test/test_arbiter_protocol.py
!!!!!!!!!!!!!!!!!!!! Interrupted: 1 error during collection !!!!!!!!!!!!!!!!!!!!
1 error in 0.08s
