[  8%] Building CXX object CMakeFiles/chassis_math.dir/src/arm_math.cpp.o
[  8%] Building CXX object CMakeFiles/chassis_math.dir/src/chassis_math.cpp.o
[ 13%] Linking CXX static library libchassis_math.a
[ 13%] Built target chassis_math
[ 21%] Building CXX object CMakeFiles/arm_speed_limiter_cpp.dir/src/arm_speed_limiter_node.cpp.o
[ 21%] Building CXX object CMakeFiles/bridge_runtime.dir/src/gripper_controller.cpp.o
[ 26%] Building CXX object CMakeFiles/bridge_runtime.dir/src/arm_executor.cpp.o
[ 30%] Building CXX object CMakeFiles/bridge_runtime.dir/src/chassis_controller.cpp.o
[ 34%] Linking CXX static library libbridge_runtime.a
[ 34%] Built target bridge_runtime
[ 39%] Building CXX object CMakeFiles/chassis_math_test.dir/test/chassis_math_test.cpp.o
[ 43%] Linking CXX executable chassis_math_test
[ 43%] Built target chassis_math_test
[ 47%] Building CXX object CMakeFiles/gripper_core_probe.dir/test/gripper_core_probe.cpp.o
[ 52%] Linking CXX executable gripper_core_probe
[ 52%] Built target gripper_core_probe
[ 56%] Building CXX object CMakeFiles/runtime_contract_test.dir/test/runtime_contract_test.cpp.o
[ 60%] Linking CXX executable runtime_contract_test
[ 60%] Built target runtime_contract_test
[ 65%] Building CXX object CMakeFiles/runtime_config_test.dir/test/runtime_config_test.cpp.o
[ 69%] Linking CXX executable runtime_config_test
[ 69%] Built target runtime_config_test
[ 73%] Building CXX object CMakeFiles/chassis_core_probe.dir/test/chassis_core_probe.cpp.o
[ 78%] Linking CXX executable chassis_core_probe
[ 78%] Built target chassis_core_probe
[ 82%] Building CXX object CMakeFiles/arm_core_probe.dir/test/arm_core_probe.cpp.o
[ 86%] Linking CXX executable arm_core_probe
[ 86%] Built target arm_core_probe
[ 91%] Building CXX object CMakeFiles/benchmark_standalone_driver.dir/test/benchmark_standalone_driver.cpp.o
[ 95%] Linking CXX executable arm_speed_limiter_cpp
[ 95%] Built target arm_speed_limiter_cpp
[100%] Linking CXX executable benchmark_standalone_driver
[100%] Built target benchmark_standalone_driver
