-- Found ament_cmake: 1.3.14 (/opt/ros/humble/share/ament_cmake/cmake)
-- Found rclcpp: 16.0.19 (/opt/ros/humble/share/rclcpp/cmake)
-- Found rosidl_generator_c: 3.1.9 (/opt/ros/humble/share/rosidl_generator_c/cmake)
-- Found rosidl_adapter: 3.1.9 (/opt/ros/humble/share/rosidl_adapter/cmake)
-- Found rosidl_generator_cpp: 3.1.9 (/opt/ros/humble/share/rosidl_generator_cpp/cmake)
-- Using all available rosidl_typesupport_c: rosidl_typesupport_fastrtps_c;rosidl_typesupport_introspection_c
-- Using all available rosidl_typesupport_cpp: rosidl_typesupport_fastrtps_cpp;rosidl_typesupport_introspection_cpp
-- Found rmw_implementation_cmake: 6.1.3 (/opt/ros/humble/share/rmw_implementation_cmake/cmake)
-- Found rmw_fastrtps_cpp: 6.2.10 (/opt/ros/humble/share/rmw_fastrtps_cpp/cmake)
-- Using RMW implementation 'rmw_fastrtps_cpp' as default
-- Found nav2_msgs: 1.1.20 (/opt/ros/humble/share/nav2_msgs/cmake)
-- Found sensor_msgs: 4.9.2 (/opt/ros/humble/share/sensor_msgs/cmake)
-- Found tf2: 0.25.22 (/opt/ros/humble/share/tf2/cmake)
-- Found tf2_ros: 0.25.22 (/opt/ros/humble/share/tf2_ros/cmake)
-- Configuring done
-- Generating done
-- Build files have been written to: /tmp/codex_arm_parameters_20260921/build
Consolidate compiler generated dependencies of target chassis_math
[ 13%] Built target chassis_math
Consolidate compiler generated dependencies of target bridge_runtime
Consolidate compiler generated dependencies of target arm_speed_limiter_cpp
[ 30%] Built target bridge_runtime
[ 34%] Building CXX object CMakeFiles/arm_speed_limiter_cpp.dir/src/arm_speed_limiter_node.cpp.o
Consolidate compiler generated dependencies of target chassis_math_test
[ 43%] Built target chassis_math_test
Consolidate compiler generated dependencies of target gripper_core_probe
[ 52%] Built target gripper_core_probe
Consolidate compiler generated dependencies of target runtime_contract_test
[ 60%] Built target runtime_contract_test
Consolidate compiler generated dependencies of target runtime_config_test
[ 69%] Built target runtime_config_test
Consolidate compiler generated dependencies of target chassis_core_probe
[ 78%] Built target chassis_core_probe
Consolidate compiler generated dependencies of target arm_core_probe
[ 86%] Built target arm_core_probe
Consolidate compiler generated dependencies of target benchmark_standalone_driver
[ 95%] Built target benchmark_standalone_driver
[100%] Linking CXX executable arm_speed_limiter_cpp
[100%] Built target arm_speed_limiter_cpp
