[  1%] Generating Rust code for ROS interfaces
[  1%] Built target astribot_s1_transport_native__rs
[  2%] Generating C code for ROS interfaces
[  3%] Building C object CMakeFiles/astribot_s1_transport_native__rosidl_generator_c.dir/rosidl_generator_c/astribot_s1_transport_native/action/detail/hold_resources__functions.c.o
[  4%] Building C object CMakeFiles/astribot_s1_transport_native__rosidl_generator_c.dir/rosidl_generator_c/astribot_s1_transport_native/action/detail/plan_to_hold__functions.c.o
[  6%] Building C object CMakeFiles/astribot_s1_transport_native__rosidl_generator_c.dir/rosidl_generator_c/astribot_s1_transport_native/srv/detail/renew_hold__functions.c.o
[  7%] Linking C shared library libastribot_s1_transport_native__rosidl_generator_c.so
[  7%] Built target astribot_s1_transport_native__rosidl_generator_c
[  8%] Generating C type support for eProsima Fast-RTPS
[  9%] Building CXX object CMakeFiles/astribot_s1_transport_native__rosidl_typesupport_fastrtps_c.dir/rosidl_typesupport_fastrtps_c/astribot_s1_transport_native/action/detail/hold_resources__type_support_c.cpp.o
[ 10%] Building CXX object CMakeFiles/astribot_s1_transport_native__rosidl_typesupport_fastrtps_c.dir/rosidl_typesupport_fastrtps_c/astribot_s1_transport_native/action/detail/plan_to_hold__type_support_c.cpp.o
[ 12%] Building CXX object CMakeFiles/astribot_s1_transport_native__rosidl_typesupport_fastrtps_c.dir/rosidl_typesupport_fastrtps_c/astribot_s1_transport_native/srv/detail/renew_hold__type_support_c.cpp.o
[ 13%] Linking CXX shared library libastribot_s1_transport_native__rosidl_typesupport_fastrtps_c.so
[ 13%] Built target astribot_s1_transport_native__rosidl_typesupport_fastrtps_c
[ 14%] Generating C++ code for ROS interfaces
[ 14%] Built target astribot_s1_transport_native__cpp
[ 15%] Generating C++ type support for eProsima Fast-RTPS
[ 16%] Building CXX object CMakeFiles/astribot_s1_transport_native__rosidl_typesupport_fastrtps_cpp.dir/rosidl_typesupport_fastrtps_cpp/astribot_s1_transport_native/action/detail/dds_fastrtps/hold_resources__type_support.cpp.o
[ 18%] Building CXX object CMakeFiles/astribot_s1_transport_native__rosidl_typesupport_fastrtps_cpp.dir/rosidl_typesupport_fastrtps_cpp/astribot_s1_transport_native/action/detail/dds_fastrtps/plan_to_hold__type_support.cpp.o
[ 19%] Building CXX object CMakeFiles/astribot_s1_transport_native__rosidl_typesupport_fastrtps_cpp.dir/rosidl_typesupport_fastrtps_cpp/astribot_s1_transport_native/srv/detail/dds_fastrtps/renew_hold__type_support.cpp.o
[ 20%] Linking CXX shared library libastribot_s1_transport_native__rosidl_typesupport_fastrtps_cpp.so
[ 20%] Built target astribot_s1_transport_native__rosidl_typesupport_fastrtps_cpp
[ 21%] Generating C introspection for ROS interfaces
[ 22%] Building C object CMakeFiles/astribot_s1_transport_native__rosidl_typesupport_introspection_c.dir/rosidl_typesupport_introspection_c/astribot_s1_transport_native/action/detail/hold_resources__type_support.c.o
[ 24%] Building C object CMakeFiles/astribot_s1_transport_native__rosidl_typesupport_introspection_c.dir/rosidl_typesupport_introspection_c/astribot_s1_transport_native/action/detail/plan_to_hold__type_support.c.o
[ 25%] Building C object CMakeFiles/astribot_s1_transport_native__rosidl_typesupport_introspection_c.dir/rosidl_typesupport_introspection_c/astribot_s1_transport_native/srv/detail/renew_hold__type_support.c.o
[ 26%] Linking C shared library libastribot_s1_transport_native__rosidl_typesupport_introspection_c.so
[ 26%] Built target astribot_s1_transport_native__rosidl_typesupport_introspection_c
[ 27%] Generating C type support dispatch for ROS interfaces
[ 28%] Building CXX object CMakeFiles/astribot_s1_transport_native__rosidl_typesupport_c.dir/rosidl_typesupport_c/astribot_s1_transport_native/action/hold_resources__type_support.cpp.o
[ 30%] Building CXX object CMakeFiles/astribot_s1_transport_native__rosidl_typesupport_c.dir/rosidl_typesupport_c/astribot_s1_transport_native/action/plan_to_hold__type_support.cpp.o
[ 31%] Building CXX object CMakeFiles/astribot_s1_transport_native__rosidl_typesupport_c.dir/rosidl_typesupport_c/astribot_s1_transport_native/srv/renew_hold__type_support.cpp.o
[ 32%] Linking CXX shared library libastribot_s1_transport_native__rosidl_typesupport_c.so
[ 32%] Built target astribot_s1_transport_native__rosidl_typesupport_c
[ 33%] Generating C++ introspection for ROS interfaces
[ 34%] Building CXX object CMakeFiles/astribot_s1_transport_native__rosidl_typesupport_introspection_cpp.dir/rosidl_typesupport_introspection_cpp/astribot_s1_transport_native/action/detail/hold_resources__type_support.cpp.o
[ 36%] Building CXX object CMakeFiles/astribot_s1_transport_native__rosidl_typesupport_introspection_cpp.dir/rosidl_typesupport_introspection_cpp/astribot_s1_transport_native/action/detail/plan_to_hold__type_support.cpp.o
[ 37%] Building CXX object CMakeFiles/astribot_s1_transport_native__rosidl_typesupport_introspection_cpp.dir/rosidl_typesupport_introspection_cpp/astribot_s1_transport_native/srv/detail/renew_hold__type_support.cpp.o
[ 38%] Linking CXX shared library libastribot_s1_transport_native__rosidl_typesupport_introspection_cpp.so
[ 38%] Built target astribot_s1_transport_native__rosidl_typesupport_introspection_cpp
[ 39%] Generating C++ type support dispatch for ROS interfaces
[ 40%] Building CXX object CMakeFiles/astribot_s1_transport_native__rosidl_typesupport_cpp.dir/rosidl_typesupport_cpp/astribot_s1_transport_native/action/hold_resources__type_support.cpp.o
[ 42%] Building CXX object CMakeFiles/astribot_s1_transport_native__rosidl_typesupport_cpp.dir/rosidl_typesupport_cpp/astribot_s1_transport_native/action/plan_to_hold__type_support.cpp.o
[ 43%] Building CXX object CMakeFiles/astribot_s1_transport_native__rosidl_typesupport_cpp.dir/rosidl_typesupport_cpp/astribot_s1_transport_native/srv/renew_hold__type_support.cpp.o
[ 44%] Linking CXX shared library libastribot_s1_transport_native__rosidl_typesupport_cpp.so
[ 44%] Built target astribot_s1_transport_native__rosidl_typesupport_cpp
[ 44%] Built target astribot_s1_transport_native
[ 44%] Built target ament_cmake_python_copy_astribot_s1_transport_native
running egg_info
creating astribot_s1_transport_native.egg-info
writing astribot_s1_transport_native.egg-info/PKG-INFO
writing dependency_links to astribot_s1_transport_native.egg-info/dependency_links.txt
writing top-level names to astribot_s1_transport_native.egg-info/top_level.txt
writing manifest file 'astribot_s1_transport_native.egg-info/SOURCES.txt'
reading manifest file 'astribot_s1_transport_native.egg-info/SOURCES.txt'
writing manifest file 'astribot_s1_transport_native.egg-info/SOURCES.txt'
[ 44%] Built target ament_cmake_python_build_astribot_s1_transport_native_egg
[ 45%] Generating Python code for ROS interfaces
[ 45%] Built target astribot_s1_transport_native__py
[ 46%] Building C object CMakeFiles/astribot_s1_transport_native__rosidl_generator_py.dir/rosidl_generator_py/astribot_s1_transport_native/action/_hold_resources_s.c.o
[ 48%] Building C object CMakeFiles/astribot_s1_transport_native__rosidl_generator_py.dir/rosidl_generator_py/astribot_s1_transport_native/action/_plan_to_hold_s.c.o
[ 49%] Building C object CMakeFiles/astribot_s1_transport_native__rosidl_generator_py.dir/rosidl_generator_py/astribot_s1_transport_native/srv/_renew_hold_s.c.o
[ 50%] Linking C shared library rosidl_generator_py/astribot_s1_transport_native/libastribot_s1_transport_native__rosidl_generator_py.so
[ 50%] Built target astribot_s1_transport_native__rosidl_generator_py
[ 51%] Building C object CMakeFiles/astribot_s1_transport_native__rosidl_typesupport_fastrtps_c__pyext.dir/rosidl_generator_py/astribot_s1_transport_native/_astribot_s1_transport_native_s.ep.rosidl_typesupport_fastrtps_c.c.o
[ 53%] Linking C shared library rosidl_generator_py/astribot_s1_transport_native/astribot_s1_transport_native_s__rosidl_typesupport_fastrtps_c.cpython-310-x86_64-linux-gnu.so
[ 53%] Built target astribot_s1_transport_native__rosidl_typesupport_fastrtps_c__pyext
[ 54%] Building C object CMakeFiles/astribot_s1_transport_native__rosidl_typesupport_introspection_c__pyext.dir/rosidl_generator_py/astribot_s1_transport_native/_astribot_s1_transport_native_s.ep.rosidl_typesupport_introspection_c.c.o
[ 55%] Linking C shared library rosidl_generator_py/astribot_s1_transport_native/astribot_s1_transport_native_s__rosidl_typesupport_introspection_c.cpython-310-x86_64-linux-gnu.so
[ 55%] Built target astribot_s1_transport_native__rosidl_typesupport_introspection_c__pyext
[ 56%] Building C object CMakeFiles/astribot_s1_transport_native__rosidl_typesupport_c__pyext.dir/rosidl_generator_py/astribot_s1_transport_native/_astribot_s1_transport_native_s.ep.rosidl_typesupport_c.c.o
[ 57%] Linking C shared library rosidl_generator_py/astribot_s1_transport_native/astribot_s1_transport_native_s__rosidl_typesupport_c.cpython-310-x86_64-linux-gnu.so
[ 57%] Built target astribot_s1_transport_native__rosidl_typesupport_c__pyext
[ 59%] Building CXX object CMakeFiles/arm_hold_core.dir/src/arm_hold.cpp.o
[ 60%] Building CXX object CMakeFiles/arm_hold_core.dir/src/resource_authority.cpp.o
[ 61%] Building CXX object CMakeFiles/arm_hold_core.dir/src/child_actions.cpp.o
[ 62%] Building CXX object CMakeFiles/arm_hold_core.dir/src/resource_journal.cpp.o
[ 63%] Building CXX object CMakeFiles/arm_hold_core.dir/src/mtc_plan.cpp.o
[ 65%] Building CXX object CMakeFiles/arm_hold_core.dir/src/payload_command.cpp.o
[ 66%] Linking CXX shared library libarm_hold_core.so
[ 66%] Built target arm_hold_core
[ 67%] Building CXX object CMakeFiles/payload_client.dir/src/payload_client.cpp.o
[ 68%] Linking CXX shared library libpayload_client.so
[ 68%] Built target payload_client
[ 69%] Building CXX object CMakeFiles/hold_executor.dir/src/hold_executor.cpp.o
[ 71%] Linking CXX executable hold_executor
[ 71%] Built target hold_executor
[ 72%] Building CXX object CMakeFiles/trajectory_scene_binding.dir/src/scene_binding.cpp.o
[ 73%] Linking CXX static library libtrajectory_scene_binding.a
[ 73%] Built target trajectory_scene_binding
[ 74%] Building CXX object CMakeFiles/trajectory_executor.dir/src/hold_executor.cpp.o
[ 75%] Linking CXX executable trajectory_executor
[ 75%] Built target trajectory_executor
[ 77%] Building CXX object gtest/CMakeFiles/gtest_main.dir/src/gtest_main.cc.o
[ 78%] Linking CXX static library libgtest_main.a
[ 78%] Built target gtest_main
[ 79%] Building CXX object gtest/CMakeFiles/gtest.dir/src/gtest-all.cc.o
[ 80%] Linking CXX static library libgtest.a
[ 80%] Built target gtest
[ 81%] Building CXX object CMakeFiles/payload_command_test.dir/test/payload_command_test.cpp.o
[ 83%] Linking CXX executable payload_command_test
[ 83%] Built target payload_command_test
[ 84%] Building CXX object CMakeFiles/payload_client_test.dir/test/payload_client_test.cpp.o
[ 85%] Linking CXX executable payload_client_test
[ 85%] Built target payload_client_test
[ 86%] Building CXX object CMakeFiles/mtc_plan_test.dir/test/mtc_plan_test.cpp.o
[ 87%] Linking CXX executable mtc_plan_test
[ 87%] Built target mtc_plan_test
[ 89%] Building CXX object CMakeFiles/scene_binding_test.dir/test/scene_binding_test.cpp.o
[ 90%] Linking CXX executable scene_binding_test
[ 90%] Built target scene_binding_test
[ 91%] Building CXX object CMakeFiles/resource_authority_test.dir/test/resource_authority_test.cpp.o
[ 92%] Linking CXX executable resource_authority_test
[ 92%] Built target resource_authority_test
[ 93%] Building CXX object CMakeFiles/child_actions_test.dir/test/child_actions_test.cpp.o
[ 95%] Linking CXX executable child_actions_test
[ 95%] Built target child_actions_test
[ 96%] Building CXX object CMakeFiles/resource_journal_test.dir/test/resource_journal_test.cpp.o
/home/yjh/WorkSpace/astribot_sdk_ros2/runs/mainline_20260924/scene_binding_first_stage/source/astribot_s1_transport_native/test/resource_journal_test.cpp: In member function ‘virtual void JournalTest_SymlinkAndLegacyCheckpointDenyStartup_Test::TestBody()’:
/home/yjh/WorkSpace/astribot_sdk_ros2/runs/mainline_20260924/scene_binding_first_stage/source/astribot_s1_transport_native/test/resource_journal_test.cpp:30:43: warning: ignoring return value of ‘int symlink(const char*, const char*)’ declared with attribute ‘warn_unused_result’ [-Wunused-result]
   30 |  {std::ofstream f(path+"/target");}symlink((path+"/target").c_str(),(path+"/lock").c_str());
      |                                    ~~~~~~~^~~~~~~~~~~~~~~~~~~~~~~~~~~~~~~~~~~~~~~~~~~~~~~~~
[ 97%] Linking CXX executable resource_journal_test
[ 97%] Built target resource_journal_test
[ 98%] Building CXX object CMakeFiles/arm_hold_test.dir/test/arm_hold_test.cpp.o
[100%] Linking CXX executable arm_hold_test
[100%] Built target arm_hold_test
