	linux-vdso.so.1 (0x00007ffdc656c000)
	libeagleaudithook.so => /usr/lib/x86_64-linux-gnu/eagleaudit/libeagleaudithook.so (0x000072fefb200000)
	libarm_hold_core.so => /home/yjh/WorkSpace/astribot_sdk_ros2/runs/mainline_20260924/scene_binding_first_stage/install/astribot_s1_transport_native/lib/libarm_hold_core.so (0x000072fefb596000)
	libastribot_s1_transport_native__rosidl_typesupport_cpp.so => /home/yjh/WorkSpace/astribot_sdk_ros2/runs/mainline_20260924/scene_binding_first_stage/install/astribot_s1_transport_native/lib/libastribot_s1_transport_native__rosidl_typesupport_cpp.so (0x000072fefb58b000)
	librclcpp_action.so => /opt/ros/humble/lib/librclcpp_action.so (0x000072fefb568000)
	libcontrol_msgs__rosidl_typesupport_cpp.so => /opt/ros/humble/lib/libcontrol_msgs__rosidl_typesupport_cpp.so (0x000072fefb54d000)
	libcontroller_manager_msgs__rosidl_typesupport_cpp.so => /opt/ros/humble/lib/libcontroller_manager_msgs__rosidl_typesupport_cpp.so (0x000072fefb540000)
	libastribot_transport_msgs__rosidl_typesupport_cpp.so => /home/yjh/WorkSpace/astribot_sdk_ros2/runs/mainline_20260924/payload_transition/install/astribot_transport_msgs/lib/libastribot_transport_msgs__rosidl_typesupport_cpp.so (0x000072fefb535000)
	libastribot_navigation_msgs__rosidl_typesupport_cpp.so => /home/yjh/WorkSpace/astribot_validation/unified_navigation_resume_20260921_01/I0_2_20260923_065115/install/astribot_navigation_msgs/lib/libastribot_navigation_msgs__rosidl_typesupport_cpp.so (0x000072fefb526000)
	libnav_msgs__rosidl_typesupport_cpp.so => /opt/ros/humble/lib/libnav_msgs__rosidl_typesupport_cpp.so (0x000072fefb51e000)
	libtransport_scene_signature.so => /home/yjh/WorkSpace/astribot_sdk_ros2/runs/mainline_20260924/canonical_scene/install/astribot_s1_transport_mtc/lib/libtransport_scene_signature.so (0x000072fefb500000)
	libmoveit_msgs__rosidl_typesupport_cpp.so => /opt/ros/humble/lib/libmoveit_msgs__rosidl_typesupport_cpp.so (0x000072fefb4c8000)
	librclcpp.so => /opt/ros/humble/lib/librclcpp.so (0x000072fefb00a000)
	liblibstatistics_collector.so => /opt/ros/humble/lib/liblibstatistics_collector.so (0x000072fefb4bf000)
	libstatistics_msgs__rosidl_typesupport_cpp.so => /opt/ros/humble/lib/libstatistics_msgs__rosidl_typesupport_cpp.so (0x000072fefb4ba000)
	librcl_action.so => /opt/ros/humble/lib/librcl_action.so (0x000072fefb4a7000)
	librcl.so => /opt/ros/humble/lib/librcl.so (0x000072fefb469000)
	libtracetools.so => /opt/ros/humble/lib/libtracetools.so (0x000072fefb464000)
	librmw.so => /opt/ros/humble/lib/librmw.so (0x000072fefb458000)
	libstd_msgs__rosidl_typesupport_cpp.so => /opt/ros/humble/lib/libstd_msgs__rosidl_typesupport_cpp.so (0x000072fefb44b000)
	librcutils.so => /opt/ros/humble/lib/librcutils.so (0x000072fefb433000)
	libstdc++.so.6 => /lib/x86_64-linux-gnu/libstdc++.so.6 (0x000072fefac00000)
	libm.so.6 => /lib/x86_64-linux-gnu/libm.so.6 (0x000072fefaef7000)
	libgcc_s.so.1 => /lib/x86_64-linux-gnu/libgcc_s.so.1 (0x000072fefb413000)
	libc.so.6 => /lib/x86_64-linux-gnu/libc.so.6 (0x000072fefa800000)
	libdl.so.2 => /lib/x86_64-linux-gnu/libdl.so.2 (0x000072fefb40c000)
	libpthread.so.0 => /lib/x86_64-linux-gnu/libpthread.so.0 (0x000072fefaef2000)
	/lib64/ld-linux-x86-64.so.2 (0x000072fefb740000)
	libaction_msgs__rosidl_typesupport_cpp.so => /opt/ros/humble/lib/libaction_msgs__rosidl_typesupport_cpp.so (0x000072fefaeec000)
	librosidl_typesupport_cpp.so => /opt/ros/humble/lib/librosidl_typesupport_cpp.so (0x000072fefaee6000)
	liboctomap.so.1.9 => /opt/ros/humble/lib/x86_64-linux-gnu/liboctomap.so.1.9 (0x000072fefaeaa000)
	liboctomath.so.1.9 => /opt/ros/humble/lib/x86_64-linux-gnu/liboctomath.so.1.9 (0x000072fefaea0000)
	librcl_yaml_param_parser.so => /opt/ros/humble/lib/librcl_yaml_param_parser.so (0x000072fefae94000)
	librosgraph_msgs__rosidl_typesupport_cpp.so => /opt/ros/humble/lib/librosgraph_msgs__rosidl_typesupport_cpp.so (0x000072fefae8e000)
	librmw_implementation.so => /opt/ros/humble/lib/librmw_implementation.so (0x000072fefae81000)
	libament_index_cpp.so => /opt/ros/humble/lib/libament_index_cpp.so (0x000072fefae76000)
	librcl_logging_interface.so => /opt/ros/humble/lib/librcl_logging_interface.so (0x000072fefae71000)
	librcl_interfaces__rosidl_typesupport_cpp.so => /opt/ros/humble/lib/librcl_interfaces__rosidl_typesupport_cpp.so (0x000072fefae64000)
	librcpputils.so => /opt/ros/humble/lib/librcpputils.so (0x000072fefae56000)
	librcl_logging_spdlog.so => /opt/ros/humble/lib/librcl_logging_spdlog.so (0x000072fefae4e000)
	librcl_interfaces__rosidl_typesupport_c.so => /opt/ros/humble/lib/librcl_interfaces__rosidl_typesupport_c.so (0x000072fefae45000)
	librcl_interfaces__rosidl_generator_c.so => /opt/ros/humble/lib/librcl_interfaces__rosidl_generator_c.so (0x000072fefabe4000)
	librosidl_runtime_c.so => /opt/ros/humble/lib/librosidl_runtime_c.so (0x000072fefae38000)
	libyaml.so => /opt/ros/humble/lib/libyaml.so (0x000072fefabc2000)
	libspdlog.so.1 => /lib/x86_64-linux-gnu/libspdlog.so.1 (0x000072fefab47000)
	librosidl_typesupport_c.so => /opt/ros/humble/lib/librosidl_typesupport_c.so (0x000072fefae32000)
	libbuiltin_interfaces__rosidl_generator_c.so => /opt/ros/humble/lib/libbuiltin_interfaces__rosidl_generator_c.so (0x000072fefab42000)
	libfmt.so.8 => /lib/x86_64-linux-gnu/libfmt.so.8 (0x000072fefab21000)
