[INFO] [launch]: All log files can be found below /home/yjh/.ros/log/astribot/2026-09-21-23-36-16-096637-sh-xf2731-520666
[INFO] [launch]: Default logging verbosity is set to INFO
[INFO] [move_group-1]: process started with pid [520683]
[INFO] [transport_skill_planner-2]: process started with pid [520685]
[INFO] [mtc_planner-3]: process started with pid [520687]
[INFO] [execution_guard-4]: process started with pid [520689]
[move_group-1] Warning: Link 'livox_mid360_left' is not known to URDF. Cannot disable/enable collisons.
[move_group-1]          at line 594 in ./src/model.cpp
[move_group-1] Warning: Link 'livox_mid360_right' is not known to URDF. Cannot disable/enable collisons.
[move_group-1]          at line 594 in ./src/model.cpp
[move_group-1] Warning: Link 'camera_link' is not known to URDF. Cannot disable/enable collisons.
[move_group-1]          at line 594 in ./src/model.cpp
[move_group-1] [INFO] [1790004976.620145559] [moveit_rdf_loader.rdf_loader]: Loaded robot model in 0 seconds
[move_group-1] [INFO] [1790004976.620168160] [moveit_robot_model.robot_model]: Loading robot model 'astribot_s1'...
[transport_skill_planner-2] Warning: Link 'livox_mid360_left' is not known to URDF. Cannot disable/enable collisons.
[transport_skill_planner-2]          at line 594 in ./src/model.cpp
[transport_skill_planner-2] Warning: Link 'livox_mid360_right' is not known to URDF. Cannot disable/enable collisons.
[transport_skill_planner-2]          at line 594 in ./src/model.cpp
[transport_skill_planner-2] Warning: Link 'camera_link' is not known to URDF. Cannot disable/enable collisons.
[transport_skill_planner-2]          at line 594 in ./src/model.cpp
[transport_skill_planner-2] [INFO] [1790004976.624575768] [moveit_rdf_loader.rdf_loader]: Loaded robot model in 0 seconds
[transport_skill_planner-2] [INFO] [1790004976.624600900] [moveit_robot_model.robot_model]: Loading robot model 'astribot_s1'...
[move_group-1] [WARN] [1790004976.627904024] [moveit_robot_model.robot_model]: Link astribot_gripper_left_Link_L1 has visual geometry but no collision geometry. Collision geometry will be left empty. Fix your URDF file by explicitly specifying collision geometry.
[transport_skill_planner-2] [WARN] [1790004976.632632217] [moveit_robot_model.robot_model]: Link astribot_gripper_left_Link_L1 has visual geometry but no collision geometry. Collision geometry will be left empty. Fix your URDF file by explicitly specifying collision geometry.
[move_group-1] [WARN] [1790004976.636178167] [moveit_robot_model.robot_model]: Link astribot_gripper_left_Link_R1 has visual geometry but no collision geometry. Collision geometry will be left empty. Fix your URDF file by explicitly specifying collision geometry.
[transport_skill_planner-2] [WARN] [1790004976.641561560] [moveit_robot_model.robot_model]: Link astribot_gripper_left_Link_R1 has visual geometry but no collision geometry. Collision geometry will be left empty. Fix your URDF file by explicitly specifying collision geometry.
[move_group-1] [WARN] [1790004976.643776245] [moveit_robot_model.robot_model]: Link astribot_gripper_right_Link_L1 has visual geometry but no collision geometry. Collision geometry will be left empty. Fix your URDF file by explicitly specifying collision geometry.
[move_group-1] [WARN] [1790004976.649653023] [moveit_robot_model.robot_model]: Link astribot_gripper_right_Link_R1 has visual geometry but no collision geometry. Collision geometry will be left empty. Fix your URDF file by explicitly specifying collision geometry.
[transport_skill_planner-2] [WARN] [1790004976.650374691] [moveit_robot_model.robot_model]: Link astribot_gripper_right_Link_L1 has visual geometry but no collision geometry. Collision geometry will be left empty. Fix your URDF file by explicitly specifying collision geometry.
[transport_skill_planner-2] [WARN] [1790004976.656628101] [moveit_robot_model.robot_model]: Link astribot_gripper_right_Link_R1 has visual geometry but no collision geometry. Collision geometry will be left empty. Fix your URDF file by explicitly specifying collision geometry.
[move_group-1] [WARN] [1790004976.667807143] [kdl_parser]: The root link astribot_torso_base has an inertia specified in the URDF, but KDL does not support a root link with an inertia.  As a workaround, you can add an extra dummy link to your URDF.
[move_group-1] [WARN] [1790004976.667951092] [kdl_parser]: The root link astribot_torso_base has an inertia specified in the URDF, but KDL does not support a root link with an inertia.  As a workaround, you can add an extra dummy link to your URDF.
[move_group-1] [WARN] [1790004976.668013704] [kdl_parser]: The root link astribot_torso_base has an inertia specified in the URDF, but KDL does not support a root link with an inertia.  As a workaround, you can add an extra dummy link to your URDF.
[transport_skill_planner-2] [WARN] [1790004976.672781467] [kdl_parser]: The root link astribot_torso_base has an inertia specified in the URDF, but KDL does not support a root link with an inertia.  As a workaround, you can add an extra dummy link to your URDF.
[transport_skill_planner-2] [WARN] [1790004976.672895060] [kdl_parser]: The root link astribot_torso_base has an inertia specified in the URDF, but KDL does not support a root link with an inertia.  As a workaround, you can add an extra dummy link to your URDF.
[transport_skill_planner-2] [WARN] [1790004976.672950506] [kdl_parser]: The root link astribot_torso_base has an inertia specified in the URDF, but KDL does not support a root link with an inertia.  As a workaround, you can add an extra dummy link to your URDF.
[transport_skill_planner-2] Warning: class_loader.ClassLoader: SEVERE WARNING!!! Attempting to unload library while objects created by this loader exist in the heap! You should delete your objects before attempting to unload the library or destroying the ClassLoader. The library will NOT be unloaded.
[transport_skill_planner-2]          at line 127 in ./src/class_loader.cpp
[transport_skill_planner-2] Warning: Link 'livox_mid360_left' is not known to URDF. Cannot disable/enable collisons.
[transport_skill_planner-2]          at line 594 in ./src/model.cpp
[transport_skill_planner-2] Warning: Link 'livox_mid360_right' is not known to URDF. Cannot disable/enable collisons.
[transport_skill_planner-2]          at line 594 in ./src/model.cpp
[transport_skill_planner-2] Warning: Link 'camera_link' is not known to URDF. Cannot disable/enable collisons.
[transport_skill_planner-2]          at line 594 in ./src/model.cpp
[transport_skill_planner-2] [INFO] [1790004976.677871110] [moveit_rdf_loader.rdf_loader]: Loaded robot model in 0.005 seconds
[transport_skill_planner-2] [INFO] [1790004976.677877868] [moveit_robot_model.robot_model]: Loading robot model 'astribot_s1'...
[transport_skill_planner-2] [WARN] [1790004976.681833856] [moveit_robot_model.robot_model]: Link astribot_gripper_left_Link_L1 has visual geometry but no collision geometry. Collision geometry will be left empty. Fix your URDF file by explicitly specifying collision geometry.
[transport_skill_planner-2] [WARN] [1790004976.686932810] [moveit_robot_model.robot_model]: Link astribot_gripper_left_Link_R1 has visual geometry but no collision geometry. Collision geometry will be left empty. Fix your URDF file by explicitly specifying collision geometry.
[transport_skill_planner-2] [WARN] [1790004976.692081482] [moveit_robot_model.robot_model]: Link astribot_gripper_right_Link_L1 has visual geometry but no collision geometry. Collision geometry will be left empty. Fix your URDF file by explicitly specifying collision geometry.
[transport_skill_planner-2] [WARN] [1790004976.694877889] [moveit_robot_model.robot_model]: Link astribot_gripper_right_Link_R1 has visual geometry but no collision geometry. Collision geometry will be left empty. Fix your URDF file by explicitly specifying collision geometry.
[move_group-1] [INFO] [1790004976.697939143] [moveit_ros.planning_scene_monitor.planning_scene_monitor]: Publishing maintained planning scene on 'monitored_planning_scene'
[move_group-1] [INFO] [1790004976.698065653] [moveit.ros_planning_interface.moveit_cpp]: Listening to 'joint_states' for joint states
[move_group-1] [INFO] [1790004976.698695741] [moveit_ros.current_state_monitor]: Listening to joint states on topic 'joint_states'
[move_group-1] [INFO] [1790004976.698995969] [moveit_ros.planning_scene_monitor.planning_scene_monitor]: Listening to '/attached_collision_object' for attached collision objects
[move_group-1] [INFO] [1790004976.699003768] [moveit_ros.planning_scene_monitor.planning_scene_monitor]: Starting planning scene monitor
[move_group-1] [INFO] [1790004976.699198252] [moveit_ros.planning_scene_monitor.planning_scene_monitor]: Listening to '/planning_scene'
[move_group-1] [INFO] [1790004976.699202505] [moveit_ros.planning_scene_monitor.planning_scene_monitor]: Starting world geometry update monitor for collision objects, attached objects, octomap updates.
[move_group-1] [INFO] [1790004976.699396933] [moveit_ros.planning_scene_monitor.planning_scene_monitor]: Listening to 'collision_object'
[move_group-1] [INFO] [1790004976.699616708] [moveit_ros.planning_scene_monitor.planning_scene_monitor]: Listening to 'planning_scene_world' for planning scene world geometry
[transport_skill_planner-2] [WARN] [1790004976.701314122] [kdl_parser]: The root link astribot_torso_base has an inertia specified in the URDF, but KDL does not support a root link with an inertia.  As a workaround, you can add an extra dummy link to your URDF.
[transport_skill_planner-2] [WARN] [1790004976.701400298] [kdl_parser]: The root link astribot_torso_base has an inertia specified in the URDF, but KDL does not support a root link with an inertia.  As a workaround, you can add an extra dummy link to your URDF.
[transport_skill_planner-2] [WARN] [1790004976.701472178] [kdl_parser]: The root link astribot_torso_base has an inertia specified in the URDF, but KDL does not support a root link with an inertia.  As a workaround, you can add an extra dummy link to your URDF.
[transport_skill_planner-2] [INFO] [1790004976.722942300] [moveit_ros.current_state_monitor]: Listening to joint states on topic 'joint_states'
[transport_skill_planner-2] [INFO] [1790004976.725360140] [moveit_ros.planning_scene_monitor.planning_scene_monitor]: Listening to '/attached_collision_object' for attached collision objects
[transport_skill_planner-2] [INFO] [1790004976.725368987] [moveit_ros.planning_scene_monitor.planning_scene_monitor]: Starting planning scene monitor
[transport_skill_planner-2] [INFO] [1790004976.725924772] [moveit_ros.planning_scene_monitor.planning_scene_monitor]: Listening to '/planning_scene'
[transport_skill_planner-2] [INFO] [1790004976.725931723] [moveit_ros.planning_scene_monitor.planning_scene_monitor]: Starting world geometry update monitor for collision objects, attached objects, octomap updates.
[transport_skill_planner-2] [INFO] [1790004976.726142596] [moveit_ros.planning_scene_monitor.planning_scene_monitor]: Listening to 'collision_object'
[transport_skill_planner-2] [INFO] [1790004976.726344075] [moveit_ros.planning_scene_monitor.planning_scene_monitor]: Listening to 'planning_scene_world' for planning scene world geometry
[transport_skill_planner-2] [WARN] [1790004976.726996713] [moveit.ros.occupancy_map_monitor.middleware_handle]: Resolution not specified for Octomap. Assuming resolution = 0.1 instead
[transport_skill_planner-2] [ERROR] [1790004976.727002681] [moveit.ros.occupancy_map_monitor.middleware_handle]: No 3D sensor plugin(s) defined for octomap updates
[move_group-1] [INFO] [1790004976.735731797] [moveit.ros.perception.pointcloud_octomap_updater]: Listening to '/camera/head_rgbd/points' using message filter with target frame 'astribot_torso_base '
[move_group-1] [INFO] [1790004976.736547182] [moveit.ros.perception.pointcloud_octomap_updater]: Listening to '/camera/torso_rgbd/points' using message filter with target frame 'astribot_torso_base '
[move_group-1] [INFO] [1790004976.736559046] [moveit.ros_planning_interface.moveit_cpp]: Loading planning pipeline 'ompl'
[move_group-1] [INFO] [1790004976.745255833] [astribot_s1_manipulation.ompl_extension]: registered extra OMPL planners: 25 -> 30 total
[move_group-1] [INFO] [1790004976.745263686] [astribot_s1_manipulation.ompl_extension]:   [OK]      geometric::RRTstar
[move_group-1] [INFO] [1790004976.745265551] [astribot_s1_manipulation.ompl_extension]:   [OK]      geometric::BITstar
[move_group-1] [INFO] [1790004976.745266785] [astribot_s1_manipulation.ompl_extension]:   [OK]      geometric::InformedRRTstar
[move_group-1] [INFO] [1790004976.745268597] [moveit.ros_planning.planning_pipeline]: Using planning interface 'OMPL (with BITstar / InformedRRTstar registered by astribot_s1_manipulation)'
[move_group-1] [INFO] [1790004976.747928081] [moveit_ros.add_time_optimal_parameterization]: Param 'ompl.path_tolerance' was not set. Using default value: 0.100000
[move_group-1] [INFO] [1790004976.747934108] [moveit_ros.add_time_optimal_parameterization]: Param 'ompl.resample_dt' was not set. Using default value: 0.100000
[move_group-1] [INFO] [1790004976.747936250] [moveit_ros.add_time_optimal_parameterization]: Param 'ompl.min_angle_change' was not set. Using default value: 0.001000
[move_group-1] [INFO] [1790004976.747950291] [moveit_ros.fix_workspace_bounds]: Param 'ompl.default_workspace_bounds' was not set. Using default value: 10.000000
[move_group-1] [INFO] [1790004976.747956656] [moveit_ros.fix_start_state_bounds]: Param 'ompl.start_state_max_bounds_error' was set to 0.100000
[move_group-1] [INFO] [1790004976.747958620] [moveit_ros.fix_start_state_bounds]: Param 'ompl.start_state_max_dt' was not set. Using default value: 0.500000
[move_group-1] [INFO] [1790004976.747963408] [moveit_ros.fix_start_state_collision]: Param 'ompl.start_state_max_dt' was not set. Using default value: 0.500000
[move_group-1] [INFO] [1790004976.747964870] [moveit_ros.fix_start_state_collision]: Param 'ompl.jiggle_fraction' was not set. Using default value: 0.020000
[move_group-1] [INFO] [1790004976.747969688] [moveit_ros.fix_start_state_collision]: Param 'ompl.max_sampling_attempts' was not set. Using default value: 100
[move_group-1] [INFO] [1790004976.747974413] [moveit.ros_planning.planning_pipeline]: Using planning request adapter 'Add Time Optimal Parameterization'
[move_group-1] [INFO] [1790004976.747976420] [moveit.ros_planning.planning_pipeline]: Using planning request adapter 'Resolve constraint frames to robot links'
[move_group-1] [INFO] [1790004976.747977438] [moveit.ros_planning.planning_pipeline]: Using planning request adapter 'Fix Workspace Bounds'
[move_group-1] [INFO] [1790004976.747978522] [moveit.ros_planning.planning_pipeline]: Using planning request adapter 'Fix Start State Bounds'
[move_group-1] [INFO] [1790004976.747979512] [moveit.ros_planning.planning_pipeline]: Using planning request adapter 'Fix Start State In Collision'
[move_group-1] [INFO] [1790004976.747980572] [moveit.ros_planning.planning_pipeline]: Using planning request adapter 'Fix Start State Path Constraints'
[move_group-1] [INFO] [1790004976.775861115] [moveit.plugins.moveit_simple_controller_manager]: Added FollowJointTrajectory controller for arm_left_controller
[move_group-1] [INFO] [1790004976.777256755] [moveit.plugins.moveit_simple_controller_manager]: Added FollowJointTrajectory controller for arm_right_controller
[move_group-1] [INFO] [1790004976.778559797] [moveit.plugins.moveit_simple_controller_manager]: Added FollowJointTrajectory controller for torso_controller
[move_group-1] [INFO] [1790004976.780007662] [moveit.plugins.moveit_simple_controller_manager]: Added FollowJointTrajectory controller for gripper_left_controller
[move_group-1] [INFO] [1790004976.781927370] [moveit.plugins.moveit_simple_controller_manager]: Added FollowJointTrajectory controller for gripper_right_controller
[move_group-1] [INFO] [1790004976.782031124] [moveit.plugins.moveit_simple_controller_manager]: Returned 5 controllers in list
[move_group-1] [INFO] [1790004976.782052610] [moveit.plugins.moveit_simple_controller_manager]: Returned 5 controllers in list
[move_group-1] [INFO] [1790004976.782501870] [moveit_ros.trajectory_execution_manager]: Trajectory execution is not managing controllers
[move_group-1] [INFO] [1790004976.782515017] [move_group.move_group]: MoveGroup debug mode is ON
[move_group-1] [INFO] [1790004976.794102911] [move_group.move_group]: 
[move_group-1] 
[move_group-1] ********************************************************
[move_group-1] * MoveGroup using: 
[move_group-1] *     - ApplyPlanningSceneService
[move_group-1] *     - ClearOctomapService
[move_group-1] *     - CartesianPathService
[move_group-1] *     - GetPlanningSceneService
[move_group-1] *     - KinematicsService
[move_group-1] *     - MoveAction
[move_group-1] *     - MotionPlanService
[move_group-1] *     - QueryPlannersService
[move_group-1] *     - StateValidationService
[move_group-1] ********************************************************
[move_group-1] 
[move_group-1] [INFO] [1790004976.794130386] [moveit_move_group_capabilities_base.move_group_context]: MoveGroup context using planning plugin astribot_s1_manipulation/OmplPlannerExtension
[move_group-1] [INFO] [1790004976.794137630] [moveit_move_group_capabilities_base.move_group_context]: MoveGroup context initialization complete
[move_group-1] [96mLoading 'move_group/ApplyPlanningSceneService'...
[move_group-1] [0m[96mLoading 'move_group/ClearOctomapService'...
[move_group-1] [0m[96mLoading 'move_group/MoveGroupCartesianPathService'...
[move_group-1] [0m[96mLoading 'move_group/MoveGroupGetPlanningSceneService'...
[move_group-1] [0m[96mLoading 'move_group/MoveGroupKinematicsService'...
[move_group-1] [0m[96mLoading 'move_group/MoveGroupMoveAction'...
[move_group-1] [0m[96mLoading 'move_group/MoveGroupPlanService'...
[move_group-1] [0m[96mLoading 'move_group/MoveGroupQueryPlannersService'...
[move_group-1] [0m[96mLoading 'move_group/MoveGroupStateValidationService'...
[move_group-1] [0m[92m
[move_group-1] You can start planning now!
[move_group-1] 
[transport_skill_planner-2] [INFO] [1790004976.828533959] [astribot_s1_manipulation.dual_arm_planner]: initialized: dual_arm_group='dual_arm' planner='RRTConnectConfig' leader='arm_left' follower='arm_right' leader_tcp='astribot_arm_left_tcp_link' follower_tcp='astribot_arm_right_tcp_link' max_replan=3
[transport_skill_planner-2] [INFO] [1790004976.832747847] [transport_skill_planner]: Validated transport skill planner ready
[transport_skill_planner-2] Warning: Link 'livox_mid360_left' is not known to URDF. Cannot disable/enable collisons.
[transport_skill_planner-2]          at line 594 in ./src/model.cpp
[transport_skill_planner-2] Warning: Link 'livox_mid360_right' is not known to URDF. Cannot disable/enable collisons.
[transport_skill_planner-2]          at line 594 in ./src/model.cpp
[transport_skill_planner-2] Warning: Link 'camera_link' is not known to URDF. Cannot disable/enable collisons.
[transport_skill_planner-2]          at line 594 in ./src/model.cpp
[transport_skill_planner-2] [INFO] [1790004977.260814193] [moveit_rdf_loader.rdf_loader]: Loaded robot model in 0.005 seconds
[transport_skill_planner-2] [INFO] [1790004977.260821100] [moveit_robot_model.robot_model]: Loading robot model 'astribot_s1'...
[transport_skill_planner-2] [WARN] [1790004977.267655065] [moveit_robot_model.robot_model]: Link astribot_gripper_left_Link_L1 has visual geometry but no collision geometry. Collision geometry will be left empty. Fix your URDF file by explicitly specifying collision geometry.
[transport_skill_planner-2] [WARN] [1790004977.271176950] [moveit_robot_model.robot_model]: Link astribot_gripper_left_Link_R1 has visual geometry but no collision geometry. Collision geometry will be left empty. Fix your URDF file by explicitly specifying collision geometry.
[transport_skill_planner-2] [WARN] [1790004977.275282530] [moveit_robot_model.robot_model]: Link astribot_gripper_right_Link_L1 has visual geometry but no collision geometry. Collision geometry will be left empty. Fix your URDF file by explicitly specifying collision geometry.
[transport_skill_planner-2] [WARN] [1790004977.277532765] [moveit_robot_model.robot_model]: Link astribot_gripper_right_Link_R1 has visual geometry but no collision geometry. Collision geometry will be left empty. Fix your URDF file by explicitly specifying collision geometry.
[transport_skill_planner-2] [WARN] [1790004977.282588251] [kdl_parser]: The root link astribot_torso_base has an inertia specified in the URDF, but KDL does not support a root link with an inertia.  As a workaround, you can add an extra dummy link to your URDF.
[transport_skill_planner-2] [WARN] [1790004977.282674758] [kdl_parser]: The root link astribot_torso_base has an inertia specified in the URDF, but KDL does not support a root link with an inertia.  As a workaround, you can add an extra dummy link to your URDF.
[transport_skill_planner-2] [WARN] [1790004977.282722426] [kdl_parser]: The root link astribot_torso_base has an inertia specified in the URDF, but KDL does not support a root link with an inertia.  As a workaround, you can add an extra dummy link to your URDF.
[WARNING] [launch]: user interrupted with ctrl-c (SIGINT)
[INFO] [execution_guard-4]: sending signal 'SIGINT' to process[execution_guard-4]
[INFO] [mtc_planner-3]: sending signal 'SIGINT' to process[mtc_planner-3]
[INFO] [transport_skill_planner-2]: sending signal 'SIGINT' to process[transport_skill_planner-2]
[INFO] [move_group-1]: sending signal 'SIGINT' to process[move_group-1]
[move_group-1] [INFO] [1790005037.457153123] [rclcpp]: signal_handler(SIGINT/SIGTERM)
[transport_skill_planner-2] [INFO] [1790005037.457150955] [rclcpp]: signal_handler(SIGINT/SIGTERM)
[mtc_planner-3] [INFO] [1790005037.457155588] [rclcpp]: signal_handler(SIGINT/SIGTERM)
[execution_guard-4] [INFO] [1790005037.457152491] [rclcpp]: signal_handler(SIGINT/SIGTERM)
[execution_guard-4] [INFO] [1790005037.459697603] [rclcpp]: signal_handler(SIGINT/SIGTERM)
[mtc_planner-3] [INFO] [1790005037.460092437] [rclcpp]: signal_handler(SIGINT/SIGTERM)
[transport_skill_planner-2] [INFO] [1790005037.461233965] [rclcpp]: signal_handler(SIGINT/SIGTERM)
[transport_skill_planner-2] terminate called without an active exception
[ERROR] [move_group-1]: process has died [pid 520683, exit code -2, cmd '/home/yjh/WorkSpace/astribot_sdk_ros2/runs/task_chain_20260921/moveit_shutdown_fix/install/moveit_ros_move_group/lib/moveit_ros_move_group/move_group --ros-args --log-level info --ros-args --disable-external-lib-logs --ros-args --params-file /tmp/launch_params_gay2u9w3 --params-file /tmp/launch_params_ay71usv_ --params-file /tmp/launch_params_zudvix8m --params-file /tmp/launch_params_fijzx3m2 --params-file /tmp/launch_params_4lwf236g --params-file /tmp/launch_params_p0elelk9 --params-file /tmp/launch_params_upqxe1ma --params-file /tmp/launch_params_tg4rgp72 --params-file /tmp/launch_params_m83fqvkf --params-file /tmp/launch_params_4f7gv9rn --params-file /tmp/launch_params_9qisrrnx --params-file /tmp/launch_params_anhjfrav --params-file /tmp/launch_params_0v_p4kpu --params-file /tmp/launch_params_3dwb6st_ --params-file /tmp/launch_params_boez__o1'].
[move_group-1] [0m
[ERROR] [transport_skill_planner-2]: process has died [pid 520685, exit code -6, cmd '/home/yjh/WorkSpace/astribot_sdk_ros2/runs/grasp_pose_sim_20260921/ros_ws/install/astribot_s1_manipulation/lib/astribot_s1_manipulation/transport_skill_planner --ros-args --log-level info --disable-external-lib-logs --ros-args --params-file /tmp/launch_params_zu7wlb1e'].
[INFO] [execution_guard-4]: process has finished cleanly [pid 520689]
[INFO] [mtc_planner-3]: process has finished cleanly [pid 520687]
