F                                                                        [100%]
=================================== FAILURES ===================================
_________ test_ready_geometry_publishes_without_another_sampling_tick __________

tmp_path = PosixPath('/tmp/pytest-of-yjh/pytest-10/test_ready_geometry_publishes_0')

    def test_ready_geometry_publishes_without_another_sampling_tick(tmp_path):
        import rclpy
        from rclpy.node import Node
        from rclpy.parameter import Parameter
        from rclpy.qos import qos_profile_sensor_data
        from rcl_interfaces.srv import GetParameters
        from moveit_msgs.srv import GetPlanningScene
        from moveit_msgs.msg import PlanningScene
        from rosgraph_msgs.msg import Clock
        from sensor_msgs.msg import JointState
        from std_msgs.msg import String
        from astribot_navigation_msgs.msg import RobotGeometryState
        from test_cpp_robot_model import URDF
    
        assert os.environ.get('ROS_DOMAIN_ID') == '115'
        executable = Path(os.environ['GEOMETRY_STATE_CPP'])
        rclpy.init()
        node = Node('geometry_completion_schedule_fixture')
        states = []
        revision = ''
        coverage = dict(input_cloud_topic='/map_scan', base_frame='base', enable_outlier_filter=False)
        for index, name in enumerate(('low_obstacle', 'main_nav', 'torso_high', 'overhead')):
            for field, value in dict(enabled=True, z_min=-.03 if index == 0 else index * .6,
                                     z_max=(index + 1) * .6, min_points=1).items():
                coverage[f'slices.{name}.{field}'] = value
    
        def parameters(request, response):
            response.values = [Parameter(name, value=URDF if name == 'robot_description' else coverage[name])
                               .to_parameter_msg().value for name in request.names]
            return response
    
        node.create_service(GetParameters, '/robot_state_publisher/get_parameters', parameters)
        node.create_service(GetParameters, '/pointcloud_slice_scan_node/get_parameters', parameters)
        node.create_service(GetPlanningScene, '/get_planning_scene', lambda request, response: response)
        ack = node.create_publisher(String, '/navigation/attachment_filter_applied', 10)
    
        def attachment(message):
            nonlocal revision
            revision = message.name
            ack.publish(String(data=revision))
    
        node.create_subscription(PlanningScene, '/navigation/attached_geometry', attachment, 10)
        node.create_subscription(RobotGeometryState, '/navigation/geometry_state', states.append, 10)
        joints = node.create_publisher(JointState, '/joint_states', qos_profile_sensor_data)
        clocks = node.create_publisher(Clock, '/clock', 10)
        log = (tmp_path / 'session.log').open('w')
        process = subprocess.Popen([str(executable), '--ros-args', '-p', 'base_frame:=base',
                                    '-p', 'use_sim_time:=true'], stdout=log, stderr=subprocess.STDOUT)
        try:
            def spin(duration):
                deadline = time.monotonic() + duration
                while time.monotonic() < deadline:
                    assert process.poll() is None, (tmp_path / 'session.log').read_text()
                    rclpy.spin_once(node, timeout_sec=min(.005, max(0., deadline - time.monotonic())))
    
            def source(stamp_ns):
                message = JointState()
                message.header.stamp.sec = stamp_ns // 10**9
                message.header.stamp.nanosec = stamp_ns % 10**9
                message.name = ['arm']
                message.position = [.2]
                joints.publish(message)
                return message.header.stamp
    
            now = 2_000_000_000
            for _ in range(110):
                now += 20_000_000
                stamp = source(now)
                spin(.005)
                clocks.publish(Clock(clock=stamp))
                if revision:
                    ack.publish(String(data=revision))
                spin(.015)
            assert any(message.complete for message in states), [s.reason for s in states[-5:]]
            # Ensure the unchanged 100 ms sampling throttle has elapsed, but do not
            # give the producer a new ROS timer tick until the single final sample.
            spin(.15)
            now += 20_000_000
            stamp = source(now)
            spin(.02)
            ack.publish(String(data=revision))
            states.clear()
            clocks.publish(Clock(clock=stamp))
            spin(.25)
            completed = [message for message in states if message.complete and message.header.stamp == stamp]
>           assert len(completed) == 1, ('A ready result must publish once without another ROS sampling tick',
                                         [(s.complete, s.reason, s.header.stamp) for s in states])
E                                        AssertionError: ('A ready result must publish once without another ROS sampling tick', [(True, 'GEOMETRY_CURRENT', builtin_interfaces.msg.Time(sec=4, nanosec=200000000))])
E                                        assert 0 == 1
E                                         +  where 0 = len([])

ws_robot/src/astribot_s1_robot_geometry/test/test_geometry_completion_schedule.py:94: AssertionError
=========================== short test summary info ============================
FAILED ws_robot/src/astribot_s1_robot_geometry/test/test_geometry_completion_schedule.py::test_ready_geometry_publishes_without_another_sampling_tick
1 failed in 3.09s
