-- Install configuration: "Release"
-- Up-to-date: /tmp/codex_geometry_validation_20260921/final_install/include
-- Up-to-date: /tmp/codex_geometry_validation_20260921/final_install/include/astribot_s1_robot_geometry
-- Up-to-date: /tmp/codex_geometry_validation_20260921/final_install/include/astribot_s1_robot_geometry/robot_model.hpp
-- Up-to-date: /tmp/codex_geometry_validation_20260921/final_install/include/astribot_s1_robot_geometry/source_time.hpp
-- Up-to-date: /tmp/codex_geometry_validation_20260921/final_install/include/astribot_s1_robot_geometry/fusion_snapshot.hpp
-- Up-to-date: /tmp/codex_geometry_validation_20260921/final_install/include/astribot_s1_robot_geometry/geometry_kernels.hpp
-- Up-to-date: /tmp/codex_geometry_validation_20260921/final_install/include/astribot_s1_robot_geometry/geometry_state_core.hpp
-- Up-to-date: /tmp/codex_geometry_validation_20260921/final_install/include/astribot_s1_robot_geometry/joint_snapshot.hpp
-- Up-to-date: /tmp/codex_geometry_validation_20260921/final_install/include/astribot_s1_robot_geometry/filled_collision.hpp
-- Up-to-date: /tmp/codex_geometry_validation_20260921/final_install/lib/astribot_s1_robot_geometry/geometry_state
-- Installing: /tmp/codex_geometry_validation_20260921/final_install/share/ament_index/resource_index/package_run_dependencies/astribot_s1_robot_geometry
-- Up-to-date: /tmp/codex_geometry_validation_20260921/final_install/share/ament_index/resource_index/parent_prefix_path/astribot_s1_robot_geometry
-- Up-to-date: /tmp/codex_geometry_validation_20260921/final_install/share/astribot_s1_robot_geometry/environment/ament_prefix_path.sh
-- Installing: /tmp/codex_geometry_validation_20260921/final_install/share/astribot_s1_robot_geometry/environment/ament_prefix_path.dsv
-- Up-to-date: /tmp/codex_geometry_validation_20260921/final_install/share/astribot_s1_robot_geometry/environment/path.sh
-- Installing: /tmp/codex_geometry_validation_20260921/final_install/share/astribot_s1_robot_geometry/environment/path.dsv
-- Up-to-date: /tmp/codex_geometry_validation_20260921/final_install/share/astribot_s1_robot_geometry/local_setup.bash
-- Up-to-date: /tmp/codex_geometry_validation_20260921/final_install/share/astribot_s1_robot_geometry/local_setup.sh
-- Up-to-date: /tmp/codex_geometry_validation_20260921/final_install/share/astribot_s1_robot_geometry/local_setup.zsh
-- Installing: /tmp/codex_geometry_validation_20260921/final_install/share/astribot_s1_robot_geometry/local_setup.dsv
-- Installing: /tmp/codex_geometry_validation_20260921/final_install/share/astribot_s1_robot_geometry/package.dsv
-- Up-to-date: /tmp/codex_geometry_validation_20260921/final_install/share/ament_index/resource_index/packages/astribot_s1_robot_geometry
-- Up-to-date: /tmp/codex_geometry_validation_20260921/final_install/share/astribot_s1_robot_geometry/cmake/geometry_core_targetsExport.cmake
-- Up-to-date: /tmp/codex_geometry_validation_20260921/final_install/share/astribot_s1_robot_geometry/cmake/ament_cmake_export_targets-extras.cmake
-- Up-to-date: /tmp/codex_geometry_validation_20260921/final_install/share/astribot_s1_robot_geometry/cmake/ament_cmake_export_dependencies-extras.cmake
-- Up-to-date: /tmp/codex_geometry_validation_20260921/final_install/share/astribot_s1_robot_geometry/cmake/ament_cmake_export_include_directories-extras.cmake
-- Up-to-date: /tmp/codex_geometry_validation_20260921/final_install/share/astribot_s1_robot_geometry/cmake/astribot_s1_robot_geometryConfig.cmake
-- Up-to-date: /tmp/codex_geometry_validation_20260921/final_install/share/astribot_s1_robot_geometry/cmake/astribot_s1_robot_geometryConfig-version.cmake
-- Installing: /tmp/codex_geometry_validation_20260921/final_install/share/astribot_s1_robot_geometry/package.xml
