{
  "groups": [
    {
      "scenario": "empty",
      "variant": "python",
      "rounds": 3,
      "measurement_s": 18.000844494,
      "complete_frames": 162,
      "incomplete_frames": 0,
      "output_sequence_gaps": 0,
      "validation_failure_count": 0,
      "exact_float32_wire_frames": 162,
      "matched_original_source_frames": 162,
      "cpu_percent_one_core": 8.666260077520118,
      "cpu_ms_per_complete_frame": 9.62962962962963,
      "cpu_percent_per_run": [
        6.833083234515019,
        10.999363602487142,
        8.166288647804112
      ],
      "rss_mib": {
        "p50": 76.99609375,
        "p95": 77.94140625,
        "p99": 77.94140625
      },
      "complete_output_hz": 8.999577772809353,
      "output_interarrival_ms": {
        "p50": 119.085442,
        "p95": 120.7012453,
        "p99": 121.4956995
      },
      "maximum_output_interarrival_ms": 121.763948,
      "source_to_publish_ms": {
        "p50": 33.621483,
        "p95": 34.29700035,
        "p99": 34.32419714
      },
      "source_to_receive_ms": {
        "p50": 34.6384015,
        "p95": 36.101239699999994,
        "p99": 36.615949519999994
      },
      "performance_comparison_eligible": true,
      "runs": [
        {
          "group": 1,
          "input_count": 300,
          "input_hz": 49.99817000864648,
          "complete_frames": 54,
          "output_hz": 8.999670601556367,
          "cpu_percent_one_core": 6.833083234515019,
          "cpu_ms_per_complete_frame": 7.592592592592593,
          "rss_peak_mib": 77.94140625
        },
        {
          "group": 2,
          "input_count": 300,
          "input_hz": 49.99710728403246,
          "complete_frames": 54,
          "output_hz": 8.999479311125842,
          "cpu_percent_one_core": 10.999363602487142,
          "cpu_ms_per_complete_frame": 12.222222222222221,
          "rss_peak_mib": 76.03125
        },
        {
          "group": 3,
          "input_count": 300,
          "input_hz": 49.997685598800686,
          "complete_frames": 54,
          "output_hz": 8.999583407784124,
          "cpu_percent_one_core": 8.166288647804112,
          "cpu_ms_per_complete_frame": 9.074074074074074,
          "rss_peak_mib": 76.99609375
        }
      ]
    },
    {
      "scenario": "empty",
      "variant": "cpp",
      "rounds": 3,
      "measurement_s": 18.001073847999997,
      "complete_frames": 161,
      "incomplete_frames": 0,
      "output_sequence_gaps": 0,
      "validation_failure_count": 0,
      "exact_float32_wire_frames": 161,
      "matched_original_source_frames": 161,
      "cpu_percent_one_core": 1.1665970695594474,
      "cpu_ms_per_complete_frame": 1.3043478260869568,
      "cpu_percent_per_run": [
        0.9999537039767543,
        1.3332317759582368,
        1.1666007506133218
      ],
      "rss_mib": {
        "p50": 27.125,
        "p95": 27.34375,
        "p99": 27.34375
      },
      "complete_output_hz": 8.94391086662243,
      "output_interarrival_ms": {
        "p50": 119.5785655,
        "p95": 120.4260173,
        "p99": 120.60283802
      },
      "maximum_output_interarrival_ms": 120.983114,
      "source_to_publish_ms": {
        "p50": 3.494997,
        "p95": 7.271548,
        "p99": 7.334698
      },
      "source_to_receive_ms": {
        "p50": 4.509134,
        "p95": 8.218855,
        "p99": 8.504392200000002
      },
      "performance_comparison_eligible": true,
      "runs": [
        {
          "group": 1,
          "input_count": 300,
          "input_hz": 49.997685198837715,
          "complete_frames": 53,
          "output_hz": 8.832924385127997,
          "cpu_percent_one_core": 0.9999537039767543,
          "cpu_ms_per_complete_frame": 1.1320754716981132,
          "rss_peak_mib": 26.90625
        },
        {
          "group": 2,
          "input_count": 300,
          "input_hz": 49.99619159843388,
          "complete_frames": 54,
          "output_hz": 8.999314487718099,
          "cpu_percent_one_core": 1.3332317759582368,
          "cpu_ms_per_complete_frame": 1.4814814814814814,
          "rss_peak_mib": 27.34375
        },
        {
          "group": 3,
          "input_count": 300,
          "input_hz": 49.99717502628521,
          "complete_frames": 54,
          "output_hz": 8.999491504731338,
          "cpu_percent_one_core": 1.1666007506133218,
          "cpu_ms_per_complete_frame": 1.2962962962962963,
          "rss_peak_mib": 27.125
        }
      ]
    },
    {
      "scenario": "offset_payload",
      "variant": "python",
      "rounds": 3,
      "measurement_s": 18.000872154,
      "complete_frames": 161,
      "incomplete_frames": 0,
      "output_sequence_gaps": 0,
      "validation_failure_count": 0,
      "exact_float32_wire_frames": 161,
      "matched_original_source_frames": 161,
      "cpu_percent_one_core": 8.555141033307068,
      "cpu_ms_per_complete_frame": 9.565217391304348,
      "cpu_percent_per_run": [
        6.999663518008415,
        10.166076136247373,
        8.499666817310594
      ],
      "rss_mib": {
        "p50": 77.87890625,
        "p95": 78.0234375,
        "p99": 78.0234375
      },
      "complete_output_hz": 8.944011080275573,
      "output_interarrival_ms": {
        "p50": 119.05952500000001,
        "p95": 120.62973455,
        "p99": 121.18321233
      },
      "maximum_output_interarrival_ms": 122.665108,
      "source_to_publish_ms": {
        "p50": 37.660008,
        "p95": 39.139219,
        "p99": 39.1706982
      },
      "source_to_receive_ms": {
        "p50": 39.362744,
        "p95": 41.078746,
        "p99": 41.4716322
      },
      "performance_comparison_eligible": true,
      "runs": [
        {
          "group": 1,
          "input_count": 300,
          "input_hz": 49.99759655720297,
          "complete_frames": 54,
          "output_hz": 8.999567380296535,
          "cpu_percent_one_core": 6.999663518008415,
          "cpu_ms_per_complete_frame": 7.777777777777778,
          "rss_peak_mib": 78.0234375
        },
        {
          "group": 2,
          "input_count": 300,
          "input_hz": 49.99709575203626,
          "complete_frames": 53,
          "output_hz": 8.832820249526405,
          "cpu_percent_one_core": 10.166076136247373,
          "cpu_ms_per_complete_frame": 11.50943396226415,
          "rss_peak_mib": 77.40625
        },
        {
          "group": 3,
          "input_count": 300,
          "input_hz": 49.99804010182702,
          "complete_frames": 54,
          "output_hz": 8.999647218328864,
          "cpu_percent_one_core": 8.499666817310594,
          "cpu_ms_per_complete_frame": 9.444444444444445,
          "rss_peak_mib": 77.87890625
        }
      ]
    },
    {
      "scenario": "offset_payload",
      "variant": "cpp",
      "rounds": 3,
      "measurement_s": 18.001001633,
      "complete_frames": 164,
      "incomplete_frames": 0,
      "output_sequence_gaps": 0,
      "validation_failure_count": 0,
      "exact_float32_wire_frames": 164,
      "matched_original_source_frames": 164,
      "cpu_percent_one_core": 1.1666017496216512,
      "cpu_ms_per_complete_frame": 1.280487804878049,
      "cpu_percent_per_run": [
        1.1666057813165056,
        1.3332215204884816,
        0.9999691189536685
      ],
      "rss_mib": {
        "p50": 26.6875,
        "p95": 27.125,
        "p99": 27.125
      },
      "complete_output_hz": 9.110604139902419,
      "output_interarrival_ms": {
        "p50": 118.949296,
        "p95": 120.481062,
        "p99": 120.8138834
      },
      "maximum_output_interarrival_ms": 121.147715,
      "source_to_publish_ms": {
        "p50": 13.272155999999999,
        "p95": 20.1045975,
        "p99": 20.299751450000002
      },
      "source_to_receive_ms": {
        "p50": 14.429226499999999,
        "p95": 21.8056118,
        "p99": 22.435470700000003
      },
      "performance_comparison_eligible": true,
      "runs": [
        {
          "group": 1,
          "input_count": 300,
          "input_hz": 49.99739062785023,
          "complete_frames": 55,
          "output_hz": 9.166188281772543,
          "cpu_percent_one_core": 1.1666057813165056,
          "cpu_ms_per_complete_frame": 1.2727272727272727,
          "rss_peak_mib": 27.125
        },
        {
          "group": 2,
          "input_count": 301,
          "input_hz": 50.162459708379124,
          "complete_frames": 55,
          "output_hz": 9.165897953358312,
          "cpu_percent_one_core": 1.3332215204884816,
          "cpu_ms_per_complete_frame": 1.4545454545454546,
          "rss_peak_mib": 26.6875
        },
        {
          "group": 3,
          "input_count": 300,
          "input_hz": 49.99845594768342,
          "complete_frames": 54,
          "output_hz": 8.999722070583015,
          "cpu_percent_one_core": 0.9999691189536685,
          "cpu_ms_per_complete_frame": 1.1111111111111112,
          "rss_peak_mib": 26.25
        }
      ]
    }
  ],
  "comparisons": [
    {
      "scenario": "empty",
      "eligible": true,
      "cpp_cpu_percent_change": -86.5386330536566,
      "cpp_cpu_per_complete_frame_percent_change": -86.45484949832776,
      "cpp_rss_median_percent_change": -64.77094008421693,
      "cpp_output_rate_percent_change": -0.6185501986005537
    },
    {
      "scenario": "offset_payload",
      "eligible": true,
      "cpp_cpu_percent_change": -86.36373444832984,
      "cpp_cpu_per_complete_frame_percent_change": -86.6130820399113,
      "cpp_rss_median_percent_change": -65.73205597632543,
      "cpp_output_rate_percent_change": 1.8626213466376162
    }
  ],
  "limits": [
    "Steady-state controlled URDF fixture, fixed arm=0.2, 50Hz joint input, two attachment scenarios; not full robot or simulation acceptance.",
    "RSS/CPU from only each owned producer PID; CPU includes all producer threads and is normalized to one core.",
    "Original acquisition stamps match exactly. Latency includes the 20ms ROS timer and latest-state sampling phase; it is not isolated geometry kernel time.",
    "No output sequence gaps and no incomplete measured frames are necessary for a comparison; this test cannot prove all DDS delivery with an independent writer-side trace.",
    "Unselected 50Hz input samples are intentional latest-state sampling into roughly 10Hz geometry jobs, not missing output frames.",
    "Three interleaved rounds per scenario/variant; CPU clock-tick resolution is 0.01s. No confidence intervals or hardware timing guarantee."
  ]
}
