{
  "groups": [
    {
      "scenario": "empty",
      "variant": "python",
      "rounds": 3,
      "measurement_s": 18.000835921,
      "complete_frames": 163,
      "incomplete_frames": 0,
      "output_sequence_gaps": 0,
      "validation_failure_count": 0,
      "exact_float32_wire_frames": 163,
      "matched_original_source_frames": 163,
      "cpu_percent_one_core": 6.888568983362603,
      "cpu_ms_per_complete_frame": 7.607361963190184,
      "cpu_percent_per_run": [
        6.332965180124011,
        6.333091715329241,
        7.999655729482578
      ],
      "rss_mib": {
        "p50": 77.13671875,
        "p95": 77.35546875,
        "p99": 77.35546875
      },
      "complete_output_hz": 9.055135034581486,
      "output_interarrival_ms": {
        "p50": 119.4348235,
        "p95": 120.5567257,
        "p99": 120.88229041
      },
      "maximum_output_interarrival_ms": 121.064991,
      "source_to_publish_ms": {
        "p50": 32.22985,
        "p95": 37.0233016,
        "p99": 37.06307376
      },
      "source_to_receive_ms": {
        "p50": 33.31697,
        "p95": 38.320422,
        "p99": 38.72275962
      },
      "performance_comparison_eligible": true,
      "runs": [
        {
          "group": 1,
          "input_count": 300,
          "input_hz": 49.99709352729483,
          "complete_frames": 54,
          "output_hz": 8.999476834913068,
          "cpu_percent_one_core": 6.332965180124011,
          "cpu_ms_per_complete_frame": 7.037037037037037,
          "rss_peak_mib": 77.03125
        },
        {
          "group": 2,
          "input_count": 300,
          "input_hz": 49.998092489441376,
          "complete_frames": 54,
          "output_hz": 8.999656648099448,
          "cpu_percent_one_core": 6.333091715329241,
          "cpu_ms_per_complete_frame": 7.037037037037037,
          "rss_peak_mib": 77.35546875
        },
        {
          "group": 3,
          "input_count": 300,
          "input_hz": 49.99784830926612,
          "complete_frames": 55,
          "output_hz": 9.166272190032121,
          "cpu_percent_one_core": 7.999655729482578,
          "cpu_ms_per_complete_frame": 8.727272727272727,
          "rss_peak_mib": 77.3203125
        }
      ]
    },
    {
      "scenario": "empty",
      "variant": "cpp",
      "rounds": 3,
      "measurement_s": 18.000699537000003,
      "complete_frames": 163,
      "incomplete_frames": 0,
      "output_sequence_gaps": 0,
      "validation_failure_count": 0,
      "exact_float32_wire_frames": 163,
      "matched_original_source_frames": 163,
      "cpu_percent_one_core": 0.9444077417689747,
      "cpu_ms_per_complete_frame": 1.0429447852760734,
      "cpu_percent_per_run": [
        0.9999540937741449,
        0.8333027340402881,
        0.9999660404866211
      ],
      "rss_mib": {
        "p50": 27.34375,
        "p95": 27.34375,
        "p99": 27.34375
      },
      "complete_output_hz": 9.055203641667228,
      "output_interarrival_ms": {
        "p50": 119.347126,
        "p95": 120.45889595,
        "p99": 120.85494248
      },
      "maximum_output_interarrival_ms": 121.325849,
      "source_to_publish_ms": {
        "p50": 25.331151,
        "p95": 33.2593748,
        "p99": 33.281159179999996
      },
      "source_to_receive_ms": {
        "p50": 26.24414,
        "p95": 34.2726009,
        "p99": 34.7912982
      },
      "performance_comparison_eligible": true,
      "runs": [
        {
          "group": 1,
          "input_count": 300,
          "input_hz": 49.997704688707245,
          "complete_frames": 54,
          "output_hz": 8.999586843967304,
          "cpu_percent_one_core": 0.9999540937741449,
          "cpu_ms_per_complete_frame": 1.1111111111111112,
          "rss_peak_mib": 27.34375
        },
        {
          "group": 2,
          "input_count": 300,
          "input_hz": 49.99816404241728,
          "complete_frames": 54,
          "output_hz": 8.999669527635112,
          "cpu_percent_one_core": 0.8333027340402881,
          "cpu_ms_per_complete_frame": 0.9259259259259259,
          "rss_peak_mib": 27.34375
        },
        {
          "group": 3,
          "input_count": 300,
          "input_hz": 49.99830202433105,
          "complete_frames": 55,
          "output_hz": 9.16635537112736,
          "cpu_percent_one_core": 0.9999660404866211,
          "cpu_ms_per_complete_frame": 1.0909090909090908,
          "rss_peak_mib": 27.125
        }
      ]
    },
    {
      "scenario": "offset_payload",
      "variant": "python",
      "rounds": 3,
      "measurement_s": 18.000846026999998,
      "complete_frames": 165,
      "incomplete_frames": 0,
      "output_sequence_gaps": 0,
      "validation_failure_count": 0,
      "exact_float32_wire_frames": 165,
      "matched_original_source_frames": 165,
      "cpu_percent_one_core": 7.721859283253122,
      "cpu_ms_per_complete_frame": 8.424242424242426,
      "cpu_percent_per_run": [
        7.166441900771705,
        7.333036361248948,
        8.666067468763673
      ],
      "rss_mib": {
        "p50": 76.828125,
        "p95": 76.93359375,
        "p99": 76.93359375
      },
      "complete_output_hz": 9.166235839832842,
      "output_interarrival_ms": {
        "p50": 118.260915,
        "p95": 120.60317869999999,
        "p99": 122.48145768999998
      },
      "maximum_output_interarrival_ms": 122.96186,
      "source_to_publish_ms": {
        "p50": 30.381468,
        "p95": 31.5664002,
        "p99": 31.59216664
      },
      "source_to_receive_ms": {
        "p50": 31.77739,
        "p95": 33.185962599999996,
        "p99": 33.68089052
      },
      "performance_comparison_eligible": true,
      "runs": [
        {
          "group": 1,
          "input_count": 300,
          "input_hz": 49.998431865849106,
          "complete_frames": 55,
          "output_hz": 9.16637917540567,
          "cpu_percent_one_core": 7.166441900771705,
          "cpu_ms_per_complete_frame": 7.818181818181818,
          "rss_peak_mib": 76.828125
        },
        {
          "group": 2,
          "input_count": 300,
          "input_hz": 49.99797519033374,
          "complete_frames": 55,
          "output_hz": 9.166295451561185,
          "cpu_percent_one_core": 7.333036361248948,
          "cpu_ms_per_complete_frame": 8.0,
          "rss_peak_mib": 76.390625
        },
        {
          "group": 3,
          "input_count": 300,
          "input_hz": 49.996543089021195,
          "complete_frames": 55,
          "output_hz": 9.166032899653885,
          "cpu_percent_one_core": 8.666067468763673,
          "cpu_ms_per_complete_frame": 9.454545454545455,
          "rss_peak_mib": 76.93359375
        }
      ]
    },
    {
      "scenario": "offset_payload",
      "variant": "cpp",
      "rounds": 3,
      "measurement_s": 18.000679658,
      "complete_frames": 161,
      "incomplete_frames": 0,
      "output_sequence_gaps": 0,
      "validation_failure_count": 0,
      "exact_float32_wire_frames": 161,
      "matched_original_source_frames": 161,
      "cpu_percent_one_core": 0.9444087847230107,
      "cpu_ms_per_complete_frame": 1.0559006211180122,
      "cpu_percent_per_run": [
        0.8333073848357924,
        0.9999545960616112,
        0.9999632701824624
      ],
      "rss_mib": {
        "p50": 26.90625,
        "p95": 27.125,
        "p99": 27.125
      },
      "complete_output_hz": 8.94410672590616,
      "output_interarrival_ms": {
        "p50": 119.42182249999999,
        "p95": 120.61892445000001,
        "p99": 121.23180562
      },
      "maximum_output_interarrival_ms": 121.648086,
      "source_to_publish_ms": {
        "p50": 33.270415,
        "p95": 36.420504,
        "p99": 36.4784278
      },
      "source_to_receive_ms": {
        "p50": 34.235044,
        "p95": 38.000847,
        "p99": 38.7236088
      },
      "performance_comparison_eligible": true,
      "runs": [
        {
          "group": 1,
          "input_count": 300,
          "input_hz": 49.99844309014754,
          "complete_frames": 54,
          "output_hz": 8.999719756226558,
          "cpu_percent_one_core": 0.8333073848357924,
          "cpu_ms_per_complete_frame": 0.9259259259259259,
          "rss_peak_mib": 26.6875
        },
        {
          "group": 2,
          "input_count": 300,
          "input_hz": 49.99772980308056,
          "complete_frames": 53,
          "output_hz": 8.832932265210898,
          "cpu_percent_one_core": 0.9999545960616112,
          "cpu_ms_per_complete_frame": 1.1320754716981132,
          "rss_peak_mib": 27.125
        },
        {
          "group": 3,
          "input_count": 300,
          "input_hz": 49.998163509123124,
          "complete_frames": 54,
          "output_hz": 8.999669431642161,
          "cpu_percent_one_core": 0.9999632701824624,
          "cpu_ms_per_complete_frame": 1.1111111111111112,
          "rss_peak_mib": 26.90625
        }
      ]
    }
  ],
  "comparisons": [
    {
      "scenario": "empty",
      "eligible": true,
      "cpp_cpu_percent_change": -86.29021870797948,
      "cpp_cpu_per_complete_frame_percent_change": -86.29032258064517,
      "cpp_rss_median_percent_change": -64.55157745480327,
      "cpp_output_rate_percent_change": 0.0007576594438507556
    },
    {
      "scenario": "offset_payload",
      "eligible": true,
      "cpp_cpu_percent_change": -87.76967113644237,
      "cpp_cpu_per_complete_frame_percent_change": -87.46592787881497,
      "cpp_rss_median_percent_change": -64.97864551555827,
      "cpp_output_rate_percent_change": -2.423340592671608
    }
  ],
  "limits": [
    "Steady-state controlled URDF fixture, fixed arm=0.2, 50Hz joint input, two attachment scenarios; not full robot or simulation acceptance.",
    "RSS/CPU from only each owned producer PID; CPU includes all producer threads and is normalized to one core.",
    "Original acquisition stamps match exactly. Latency includes the 20ms ROS timer and latest-state sampling phase; it is not isolated geometry kernel time.",
    "No output sequence gaps and no incomplete measured frames are necessary for a comparison; this test cannot prove all DDS delivery with an independent writer-side trace.",
    "Unselected 50Hz input samples are intentional latest-state sampling into roughly 10Hz geometry jobs, not missing output frames.",
    "Three interleaved rounds per scenario/variant; CPU clock-tick resolution is 0.01s. No confidence intervals or hardware timing guarantee."
  ]
}
