Running main() from /opt/ros/humble/src/gtest_vendor/src/gtest_main.cc
Note: Google Test filter = Flow.PreRevocationAndSameStampPositiveAcksCannotRestorePermission
[==========] Running 1 test from 1 test suite.
[----------] Global test environment set-up.
[----------] 1 test from Flow
[ RUN      ] Flow.PreRevocationAndSameStampPositiveAcksCannotRestorePermission
/home/yjh/WorkSpace/astribot_sdk_ros2/ws_robot/src/astribot_s1_navigation_policy_native/test/fixed_hold_flow_test.cpp:95: Failure
Value of: coordinator.tick(now)->navigation_allowed
  Actual: true
Expected: false
/home/yjh/WorkSpace/astribot_sdk_ros2/ws_robot/src/astribot_s1_navigation_policy_native/test/fixed_hold_flow_test.cpp:97: Failure
Value of: coordinator.tick(now)->navigation_allowed
  Actual: true
Expected: false
[  FAILED  ] Flow.PreRevocationAndSameStampPositiveAcksCannotRestorePermission (0 ms)
[----------] 1 test from Flow (0 ms total)

[----------] Global test environment tear-down
[==========] 1 test from 1 test suite ran. (1 ms total)
[  PASSED  ] 0 tests.
[  FAILED  ] 1 test, listed below:
[  FAILED  ] Flow.PreRevocationAndSameStampPositiveAcksCannotRestorePermission

 1 FAILED TEST
