[INFO] [launch]: All log files can be found below /home/yjh/.ros/log/astribot/2026-09-21-23-23-14-815650-sh-xf2731-409308
[INFO] [launch]: Default logging verbosity is set to INFO
[INFO] [move_group-1]: process started with pid [409360]
[move_group-1] Warning: Link 'livox_mid360_left' is not known to URDF. Cannot disable/enable collisons.
[move_group-1]          at line 594 in ./src/model.cpp
[move_group-1] Warning: Link 'livox_mid360_right' is not known to URDF. Cannot disable/enable collisons.
[move_group-1]          at line 594 in ./src/model.cpp
[move_group-1] Warning: Link 'camera_link' is not known to URDF. Cannot disable/enable collisons.
[move_group-1]          at line 594 in ./src/model.cpp
[move_group-1] [INFO] [1790004195.158661646] [moveit_rdf_loader.rdf_loader]: Loaded robot model in 0 seconds
[move_group-1] [INFO] [1790004195.158688490] [moveit_robot_model.robot_model]: Loading robot model 'astribot_s1'...
[move_group-1] [WARN] [1790004195.166257725] [moveit_robot_model.robot_model]: Link astribot_gripper_left_Link_L1 has visual geometry but no collision geometry. Collision geometry will be left empty. Fix your URDF file by explicitly specifying collision geometry.
[move_group-1] [WARN] [1790004195.174089385] [moveit_robot_model.robot_model]: Link astribot_gripper_left_Link_R1 has visual geometry but no collision geometry. Collision geometry will be left empty. Fix your URDF file by explicitly specifying collision geometry.
[move_group-1] [WARN] [1790004195.179652501] [moveit_robot_model.robot_model]: Link astribot_gripper_right_Link_L1 has visual geometry but no collision geometry. Collision geometry will be left empty. Fix your URDF file by explicitly specifying collision geometry.
[move_group-1] [WARN] [1790004195.183958461] [moveit_robot_model.robot_model]: Link astribot_gripper_right_Link_R1 has visual geometry but no collision geometry. Collision geometry will be left empty. Fix your URDF file by explicitly specifying collision geometry.
[move_group-1] [WARN] [1790004195.199428739] [kdl_parser]: The root link astribot_torso_base has an inertia specified in the URDF, but KDL does not support a root link with an inertia.  As a workaround, you can add an extra dummy link to your URDF.
[move_group-1] [WARN] [1790004195.199653760] [kdl_parser]: The root link astribot_torso_base has an inertia specified in the URDF, but KDL does not support a root link with an inertia.  As a workaround, you can add an extra dummy link to your URDF.
[move_group-1] [WARN] [1790004195.199739389] [kdl_parser]: The root link astribot_torso_base has an inertia specified in the URDF, but KDL does not support a root link with an inertia.  As a workaround, you can add an extra dummy link to your URDF.
[move_group-1] [INFO] [1790004195.225412559] [moveit_ros.planning_scene_monitor.planning_scene_monitor]: Publishing maintained planning scene on 'monitored_planning_scene'
[move_group-1] [INFO] [1790004195.225532743] [moveit.ros_planning_interface.moveit_cpp]: Listening to 'joint_states' for joint states
[move_group-1] [INFO] [1790004195.226057154] [moveit_ros.current_state_monitor]: Listening to joint states on topic 'joint_states'
[move_group-1] [INFO] [1790004195.226427246] [moveit_ros.planning_scene_monitor.planning_scene_monitor]: Listening to '/attached_collision_object' for attached collision objects
[move_group-1] [INFO] [1790004195.226433789] [moveit_ros.planning_scene_monitor.planning_scene_monitor]: Starting planning scene monitor
[move_group-1] [INFO] [1790004195.226606135] [moveit_ros.planning_scene_monitor.planning_scene_monitor]: Listening to '/planning_scene'
[move_group-1] [INFO] [1790004195.226610486] [moveit_ros.planning_scene_monitor.planning_scene_monitor]: Starting world geometry update monitor for collision objects, attached objects, octomap updates.
[move_group-1] [INFO] [1790004195.226810849] [moveit_ros.planning_scene_monitor.planning_scene_monitor]: Listening to 'collision_object'
[move_group-1] [INFO] [1790004195.226979920] [moveit_ros.planning_scene_monitor.planning_scene_monitor]: Listening to 'planning_scene_world' for planning scene world geometry
[move_group-1] [INFO] [1790004195.258187792] [moveit.ros.perception.pointcloud_octomap_updater]: Listening to '/camera/head_rgbd/points' using message filter with target frame 'astribot_torso_base '
[move_group-1] [INFO] [1790004195.258692492] [moveit.ros.perception.pointcloud_octomap_updater]: Listening to '/camera/torso_rgbd/points' using message filter with target frame 'astribot_torso_base '
[move_group-1] [INFO] [1790004195.258701586] [moveit.ros_planning_interface.moveit_cpp]: Loading planning pipeline 'ompl'
[move_group-1] [INFO] [1790004195.266548708] [astribot_s1_manipulation.ompl_extension]: registered extra OMPL planners: 25 -> 30 total
[move_group-1] [INFO] [1790004195.266557741] [astribot_s1_manipulation.ompl_extension]:   [OK]      geometric::RRTstar
[move_group-1] [INFO] [1790004195.266559479] [astribot_s1_manipulation.ompl_extension]:   [OK]      geometric::BITstar
[move_group-1] [INFO] [1790004195.266560759] [astribot_s1_manipulation.ompl_extension]:   [OK]      geometric::InformedRRTstar
[move_group-1] [INFO] [1790004195.266562893] [moveit.ros_planning.planning_pipeline]: Using planning interface 'OMPL (with BITstar / InformedRRTstar registered by astribot_s1_manipulation)'
[move_group-1] [INFO] [1790004195.269116453] [moveit_ros.add_time_optimal_parameterization]: Param 'ompl.path_tolerance' was not set. Using default value: 0.100000
[move_group-1] [INFO] [1790004195.269123823] [moveit_ros.add_time_optimal_parameterization]: Param 'ompl.resample_dt' was not set. Using default value: 0.100000
[move_group-1] [INFO] [1790004195.269126564] [moveit_ros.add_time_optimal_parameterization]: Param 'ompl.min_angle_change' was not set. Using default value: 0.001000
[move_group-1] [INFO] [1790004195.269144261] [moveit_ros.fix_workspace_bounds]: Param 'ompl.default_workspace_bounds' was not set. Using default value: 10.000000
[move_group-1] [INFO] [1790004195.269150564] [moveit_ros.fix_start_state_bounds]: Param 'ompl.start_state_max_bounds_error' was set to 0.100000
[move_group-1] [INFO] [1790004195.269152920] [moveit_ros.fix_start_state_bounds]: Param 'ompl.start_state_max_dt' was not set. Using default value: 0.500000
[move_group-1] [INFO] [1790004195.269157606] [moveit_ros.fix_start_state_collision]: Param 'ompl.start_state_max_dt' was not set. Using default value: 0.500000
[move_group-1] [INFO] [1790004195.269159253] [moveit_ros.fix_start_state_collision]: Param 'ompl.jiggle_fraction' was not set. Using default value: 0.020000
[move_group-1] [INFO] [1790004195.269165434] [moveit_ros.fix_start_state_collision]: Param 'ompl.max_sampling_attempts' was not set. Using default value: 100
[move_group-1] [INFO] [1790004195.269170356] [moveit.ros_planning.planning_pipeline]: Using planning request adapter 'Add Time Optimal Parameterization'
[move_group-1] [INFO] [1790004195.269173447] [moveit.ros_planning.planning_pipeline]: Using planning request adapter 'Resolve constraint frames to robot links'
[move_group-1] [INFO] [1790004195.269174929] [moveit.ros_planning.planning_pipeline]: Using planning request adapter 'Fix Workspace Bounds'
[move_group-1] [INFO] [1790004195.269176590] [moveit.ros_planning.planning_pipeline]: Using planning request adapter 'Fix Start State Bounds'
[move_group-1] [INFO] [1790004195.269178016] [moveit.ros_planning.planning_pipeline]: Using planning request adapter 'Fix Start State In Collision'
[move_group-1] [INFO] [1790004195.269179181] [moveit.ros_planning.planning_pipeline]: Using planning request adapter 'Fix Start State Path Constraints'
[move_group-1] [INFO] [1790004195.296061673] [moveit.plugins.moveit_simple_controller_manager]: Added FollowJointTrajectory controller for arm_left_controller
[move_group-1] [INFO] [1790004195.297308663] [moveit.plugins.moveit_simple_controller_manager]: Added FollowJointTrajectory controller for arm_right_controller
[move_group-1] [INFO] [1790004195.298484144] [moveit.plugins.moveit_simple_controller_manager]: Added FollowJointTrajectory controller for torso_controller
[move_group-1] [INFO] [1790004195.299845969] [moveit.plugins.moveit_simple_controller_manager]: Added FollowJointTrajectory controller for gripper_left_controller
[move_group-1] [INFO] [1790004195.301183558] [moveit.plugins.moveit_simple_controller_manager]: Added FollowJointTrajectory controller for gripper_right_controller
[move_group-1] [INFO] [1790004195.301291473] [moveit.plugins.moveit_simple_controller_manager]: Returned 5 controllers in list
[move_group-1] [INFO] [1790004195.301312747] [moveit.plugins.moveit_simple_controller_manager]: Returned 5 controllers in list
[move_group-1] [INFO] [1790004195.301586326] [moveit_ros.trajectory_execution_manager]: Trajectory execution is not managing controllers
[move_group-1] [INFO] [1790004195.301593013] [move_group.move_group]: MoveGroup debug mode is ON
[move_group-1] [INFO] [1790004195.313206361] [move_group.move_group]: 
[move_group-1] 
[move_group-1] ********************************************************
[move_group-1] * MoveGroup using: 
[move_group-1] *     - ApplyPlanningSceneService
[move_group-1] *     - ClearOctomapService
[move_group-1] *     - CartesianPathService
[move_group-1] *     - ExecuteTrajectoryAction
[move_group-1] *     - GetPlanningSceneService
[move_group-1] *     - KinematicsService
[move_group-1] *     - MoveAction
[move_group-1] *     - MotionPlanService
[move_group-1] *     - QueryPlannersService
[move_group-1] *     - StateValidationService
[move_group-1] ********************************************************
[move_group-1] 
[move_group-1] [INFO] [1790004195.313237837] [moveit_move_group_capabilities_base.move_group_context]: MoveGroup context using planning plugin astribot_s1_manipulation/OmplPlannerExtension
[move_group-1] [INFO] [1790004195.313242713] [moveit_move_group_capabilities_base.move_group_context]: MoveGroup context initialization complete
[move_group-1] [96mLoading 'move_group/ApplyPlanningSceneService'...
[move_group-1] [0m[96mLoading 'move_group/ClearOctomapService'...
[move_group-1] [0m[96mLoading 'move_group/MoveGroupCartesianPathService'...
[move_group-1] [0m[96mLoading 'move_group/MoveGroupExecuteTrajectoryAction'...
[move_group-1] [0m[96mLoading 'move_group/MoveGroupGetPlanningSceneService'...
[move_group-1] [0m[96mLoading 'move_group/MoveGroupKinematicsService'...
[move_group-1] [0m[96mLoading 'move_group/MoveGroupMoveAction'...
[move_group-1] [0m[96mLoading 'move_group/MoveGroupPlanService'...
[move_group-1] [0m[96mLoading 'move_group/MoveGroupQueryPlannersService'...
[move_group-1] [0m[96mLoading 'move_group/MoveGroupStateValidationService'...
[move_group-1] [0m[92m
[move_group-1] You can start planning now!
[move_group-1] 
[move_group-1] [WARN] [1790004196.242140199] [moveit_ros.planning_scene_monitor.planning_scene_monitor]: Unable to transform object from frame 'astribot_s1/astribot_torso_base/livox_mid360_left_sensor' to planning frame'astribot_torso_base' (Could not find a connection between 'astribot_torso_base' and 'astribot_s1/astribot_torso_base/livox_mid360_left_sensor' because they are not part of the same tree.Tf has two or more unconnected trees.)
[move_group-1] [WARN] [1790004196.242170500] [moveit_ros.planning_scene_monitor.planning_scene_monitor]: Unable to transform object from frame 'livox_mid360_left' to planning frame'astribot_torso_base' (Could not find a connection between 'astribot_torso_base' and 'livox_mid360_left' because they are not part of the same tree.Tf has two or more unconnected trees.)
[move_group-1] [WARN] [1790004196.242179979] [moveit_ros.planning_scene_monitor.planning_scene_monitor]: Unable to transform object from frame 'astribot_s1/astribot_torso_base/livox_mid360_right_sensor' to planning frame'astribot_torso_base' (Could not find a connection between 'astribot_torso_base' and 'astribot_s1/astribot_torso_base/livox_mid360_right_sensor' because they are not part of the same tree.Tf has two or more unconnected trees.)
[move_group-1] [WARN] [1790004196.242187659] [moveit_ros.planning_scene_monitor.planning_scene_monitor]: Unable to transform object from frame 'livox_mid360_right' to planning frame'astribot_torso_base' (Could not find a connection between 'astribot_torso_base' and 'livox_mid360_right' because they are not part of the same tree.Tf has two or more unconnected trees.)
[move_group-1] [WARN] [1790004196.268421107] [moveit_ros.planning_scene_monitor.planning_scene_monitor]: Unable to transform object from frame 'astribot_s1/astribot_torso_base/livox_mid360_left_sensor' to planning frame'astribot_torso_base' (Could not find a connection between 'astribot_torso_base' and 'astribot_s1/astribot_torso_base/livox_mid360_left_sensor' because they are not part of the same tree.Tf has two or more unconnected trees.)
[move_group-1] [WARN] [1790004196.268443666] [moveit_ros.planning_scene_monitor.planning_scene_monitor]: Unable to transform object from frame 'livox_mid360_left' to planning frame'astribot_torso_base' (Could not find a connection between 'astribot_torso_base' and 'livox_mid360_left' because they are not part of the same tree.Tf has two or more unconnected trees.)
[move_group-1] [WARN] [1790004196.268452412] [moveit_ros.planning_scene_monitor.planning_scene_monitor]: Unable to transform object from frame 'astribot_s1/astribot_torso_base/livox_mid360_right_sensor' to planning frame'astribot_torso_base' (Could not find a connection between 'astribot_torso_base' and 'astribot_s1/astribot_torso_base/livox_mid360_right_sensor' because they are not part of the same tree.Tf has two or more unconnected trees.)
[move_group-1] [WARN] [1790004196.268460035] [moveit_ros.planning_scene_monitor.planning_scene_monitor]: Unable to transform object from frame 'livox_mid360_right' to planning frame'astribot_torso_base' (Could not find a connection between 'astribot_torso_base' and 'livox_mid360_right' because they are not part of the same tree.Tf has two or more unconnected trees.)
[move_group-1] [WARN] [1790004196.429118513] [moveit_ros.planning_scene_monitor.planning_scene_monitor]: Unable to transform object from frame 'astribot_s1/astribot_torso_base/livox_mid360_left_sensor' to planning frame'astribot_torso_base' (Could not find a connection between 'astribot_torso_base' and 'astribot_s1/astribot_torso_base/livox_mid360_left_sensor' because they are not part of the same tree.Tf has two or more unconnected trees.)
[move_group-1] [WARN] [1790004196.429132862] [moveit_ros.planning_scene_monitor.planning_scene_monitor]: Unable to transform object from frame 'livox_mid360_left' to planning frame'astribot_torso_base' (Could not find a connection between 'astribot_torso_base' and 'livox_mid360_left' because they are not part of the same tree.Tf has two or more unconnected trees.)
[move_group-1] [WARN] [1790004196.429136803] [moveit_ros.planning_scene_monitor.planning_scene_monitor]: Unable to transform object from frame 'astribot_s1/astribot_torso_base/livox_mid360_right_sensor' to planning frame'astribot_torso_base' (Could not find a connection between 'astribot_torso_base' and 'astribot_s1/astribot_torso_base/livox_mid360_right_sensor' because they are not part of the same tree.Tf has two or more unconnected trees.)
[move_group-1] [WARN] [1790004196.429140248] [moveit_ros.planning_scene_monitor.planning_scene_monitor]: Unable to transform object from frame 'livox_mid360_right' to planning frame'astribot_torso_base' (Could not find a connection between 'astribot_torso_base' and 'livox_mid360_right' because they are not part of the same tree.Tf has two or more unconnected trees.)
[move_group-1] [WARN] [1790004196.444567982] [moveit_ros.planning_scene_monitor.planning_scene_monitor]: Unable to transform object from frame 'astribot_s1/astribot_torso_base/livox_mid360_left_sensor' to planning frame'astribot_torso_base' (Could not find a connection between 'astribot_torso_base' and 'astribot_s1/astribot_torso_base/livox_mid360_left_sensor' because they are not part of the same tree.Tf has two or more unconnected trees.)
[move_group-1] [WARN] [1790004196.444584356] [moveit_ros.planning_scene_monitor.planning_scene_monitor]: Unable to transform object from frame 'livox_mid360_left' to planning frame'astribot_torso_base' (Could not find a connection between 'astribot_torso_base' and 'livox_mid360_left' because they are not part of the same tree.Tf has two or more unconnected trees.)
[move_group-1] [WARN] [1790004196.444588483] [moveit_ros.planning_scene_monitor.planning_scene_monitor]: Unable to transform object from frame 'astribot_s1/astribot_torso_base/livox_mid360_right_sensor' to planning frame'astribot_torso_base' (Could not find a connection between 'astribot_torso_base' and 'astribot_s1/astribot_torso_base/livox_mid360_right_sensor' because they are not part of the same tree.Tf has two or more unconnected trees.)
[move_group-1] [WARN] [1790004196.444591737] [moveit_ros.planning_scene_monitor.planning_scene_monitor]: Unable to transform object from frame 'livox_mid360_right' to planning frame'astribot_torso_base' (Could not find a connection between 'astribot_torso_base' and 'livox_mid360_right' because they are not part of the same tree.Tf has two or more unconnected trees.)
[move_group-1] [WARN] [1790004196.530227676] [moveit_ros.planning_scene_monitor.planning_scene_monitor]: Unable to transform object from frame 'astribot_s1/astribot_torso_base/livox_mid360_left_sensor' to planning frame'astribot_torso_base' (Could not find a connection between 'astribot_torso_base' and 'astribot_s1/astribot_torso_base/livox_mid360_left_sensor' because they are not part of the same tree.Tf has two or more unconnected trees.)
[move_group-1] [WARN] [1790004196.530241767] [moveit_ros.planning_scene_monitor.planning_scene_monitor]: Unable to transform object from frame 'livox_mid360_left' to planning frame'astribot_torso_base' (Could not find a connection between 'astribot_torso_base' and 'livox_mid360_left' because they are not part of the same tree.Tf has two or more unconnected trees.)
[move_group-1] [WARN] [1790004196.530245922] [moveit_ros.planning_scene_monitor.planning_scene_monitor]: Unable to transform object from frame 'astribot_s1/astribot_torso_base/livox_mid360_right_sensor' to planning frame'astribot_torso_base' (Could not find a connection between 'astribot_torso_base' and 'astribot_s1/astribot_torso_base/livox_mid360_right_sensor' because they are not part of the same tree.Tf has two or more unconnected trees.)
[move_group-1] [WARN] [1790004196.530249080] [moveit_ros.planning_scene_monitor.planning_scene_monitor]: Unable to transform object from frame 'livox_mid360_right' to planning frame'astribot_torso_base' (Could not find a connection between 'astribot_torso_base' and 'livox_mid360_right' because they are not part of the same tree.Tf has two or more unconnected trees.)
[move_group-1] [WARN] [1790004196.545634316] [moveit_ros.planning_scene_monitor.planning_scene_monitor]: Unable to transform object from frame 'astribot_s1/astribot_torso_base/livox_mid360_left_sensor' to planning frame'astribot_torso_base' (Could not find a connection between 'astribot_torso_base' and 'astribot_s1/astribot_torso_base/livox_mid360_left_sensor' because they are not part of the same tree.Tf has two or more unconnected trees.)
[move_group-1] [WARN] [1790004196.545652647] [moveit_ros.planning_scene_monitor.planning_scene_monitor]: Unable to transform object from frame 'livox_mid360_left' to planning frame'astribot_torso_base' (Could not find a connection between 'astribot_torso_base' and 'livox_mid360_left' because they are not part of the same tree.Tf has two or more unconnected trees.)
[move_group-1] [WARN] [1790004196.545656742] [moveit_ros.planning_scene_monitor.planning_scene_monitor]: Unable to transform object from frame 'astribot_s1/astribot_torso_base/livox_mid360_right_sensor' to planning frame'astribot_torso_base' (Could not find a connection between 'astribot_torso_base' and 'astribot_s1/astribot_torso_base/livox_mid360_right_sensor' because they are not part of the same tree.Tf has two or more unconnected trees.)
[move_group-1] [WARN] [1790004196.545660186] [moveit_ros.planning_scene_monitor.planning_scene_monitor]: Unable to transform object from frame 'livox_mid360_right' to planning frame'astribot_torso_base' (Could not find a connection between 'astribot_torso_base' and 'livox_mid360_right' because they are not part of the same tree.Tf has two or more unconnected trees.)
[move_group-1] [WARN] [1790004196.727534370] [moveit_ros.planning_scene_monitor.planning_scene_monitor]: Unable to transform object from frame 'astribot_s1/astribot_torso_base/livox_mid360_left_sensor' to planning frame'astribot_torso_base' (Could not find a connection between 'astribot_torso_base' and 'astribot_s1/astribot_torso_base/livox_mid360_left_sensor' because they are not part of the same tree.Tf has two or more unconnected trees.)
[move_group-1] [WARN] [1790004196.727559927] [moveit_ros.planning_scene_monitor.planning_scene_monitor]: Unable to transform object from frame 'livox_mid360_left' to planning frame'astribot_torso_base' (Could not find a connection between 'astribot_torso_base' and 'livox_mid360_left' because they are not part of the same tree.Tf has two or more unconnected trees.)
[move_group-1] [WARN] [1790004196.727568940] [moveit_ros.planning_scene_monitor.planning_scene_monitor]: Unable to transform object from frame 'astribot_s1/astribot_torso_base/livox_mid360_right_sensor' to planning frame'astribot_torso_base' (Could not find a connection between 'astribot_torso_base' and 'astribot_s1/astribot_torso_base/livox_mid360_right_sensor' because they are not part of the same tree.Tf has two or more unconnected trees.)
[move_group-1] [WARN] [1790004196.727576645] [moveit_ros.planning_scene_monitor.planning_scene_monitor]: Unable to transform object from frame 'livox_mid360_right' to planning frame'astribot_torso_base' (Could not find a connection between 'astribot_torso_base' and 'livox_mid360_right' because they are not part of the same tree.Tf has two or more unconnected trees.)
[move_group-1] [WARN] [1790004196.746069984] [moveit_ros.planning_scene_monitor.planning_scene_monitor]: Unable to transform object from frame 'astribot_s1/astribot_torso_base/livox_mid360_left_sensor' to planning frame'astribot_torso_base' (Could not find a connection between 'astribot_torso_base' and 'astribot_s1/astribot_torso_base/livox_mid360_left_sensor' because they are not part of the same tree.Tf has two or more unconnected trees.)
[move_group-1] [WARN] [1790004196.746086832] [moveit_ros.planning_scene_monitor.planning_scene_monitor]: Unable to transform object from frame 'livox_mid360_left' to planning frame'astribot_torso_base' (Could not find a connection between 'astribot_torso_base' and 'livox_mid360_left' because they are not part of the same tree.Tf has two or more unconnected trees.)
[move_group-1] [WARN] [1790004196.746090763] [moveit_ros.planning_scene_monitor.planning_scene_monitor]: Unable to transform object from frame 'astribot_s1/astribot_torso_base/livox_mid360_right_sensor' to planning frame'astribot_torso_base' (Could not find a connection between 'astribot_torso_base' and 'astribot_s1/astribot_torso_base/livox_mid360_right_sensor' because they are not part of the same tree.Tf has two or more unconnected trees.)
[move_group-1] [WARN] [1790004196.746094123] [moveit_ros.planning_scene_monitor.planning_scene_monitor]: Unable to transform object from frame 'livox_mid360_right' to planning frame'astribot_torso_base' (Could not find a connection between 'astribot_torso_base' and 'livox_mid360_right' because they are not part of the same tree.Tf has two or more unconnected trees.)
[move_group-1] [WARN] [1790004196.922861641] [moveit_ros.planning_scene_monitor.planning_scene_monitor]: Unable to transform object from frame 'astribot_s1/astribot_torso_base/livox_mid360_left_sensor' to planning frame'astribot_torso_base' (Could not find a connection between 'astribot_torso_base' and 'astribot_s1/astribot_torso_base/livox_mid360_left_sensor' because they are not part of the same tree.Tf has two or more unconnected trees.)
[move_group-1] [WARN] [1790004196.922879050] [moveit_ros.planning_scene_monitor.planning_scene_monitor]: Unable to transform object from frame 'livox_mid360_left' to planning frame'astribot_torso_base' (Could not find a connection between 'astribot_torso_base' and 'livox_mid360_left' because they are not part of the same tree.Tf has two or more unconnected trees.)
[move_group-1] [WARN] [1790004196.922883066] [moveit_ros.planning_scene_monitor.planning_scene_monitor]: Unable to transform object from frame 'astribot_s1/astribot_torso_base/livox_mid360_right_sensor' to planning frame'astribot_torso_base' (Could not find a connection between 'astribot_torso_base' and 'astribot_s1/astribot_torso_base/livox_mid360_right_sensor' because they are not part of the same tree.Tf has two or more unconnected trees.)
[move_group-1] [WARN] [1790004196.922886170] [moveit_ros.planning_scene_monitor.planning_scene_monitor]: Unable to transform object from frame 'livox_mid360_right' to planning frame'astribot_torso_base' (Could not find a connection between 'astribot_torso_base' and 'livox_mid360_right' because they are not part of the same tree.Tf has two or more unconnected trees.)
[move_group-1] [WARN] [1790004196.951606077] [moveit_ros.planning_scene_monitor.planning_scene_monitor]: Unable to transform object from frame 'astribot_s1/astribot_torso_base/livox_mid360_left_sensor' to planning frame'astribot_torso_base' (Could not find a connection between 'astribot_torso_base' and 'astribot_s1/astribot_torso_base/livox_mid360_left_sensor' because they are not part of the same tree.Tf has two or more unconnected trees.)
[move_group-1] [WARN] [1790004196.951622069] [moveit_ros.planning_scene_monitor.planning_scene_monitor]: Unable to transform object from frame 'livox_mid360_left' to planning frame'astribot_torso_base' (Could not find a connection between 'astribot_torso_base' and 'livox_mid360_left' because they are not part of the same tree.Tf has two or more unconnected trees.)
[move_group-1] [WARN] [1790004196.951626103] [moveit_ros.planning_scene_monitor.planning_scene_monitor]: Unable to transform object from frame 'astribot_s1/astribot_torso_base/livox_mid360_right_sensor' to planning frame'astribot_torso_base' (Could not find a connection between 'astribot_torso_base' and 'astribot_s1/astribot_torso_base/livox_mid360_right_sensor' because they are not part of the same tree.Tf has two or more unconnected trees.)
[move_group-1] [WARN] [1790004196.951629382] [moveit_ros.planning_scene_monitor.planning_scene_monitor]: Unable to transform object from frame 'livox_mid360_right' to planning frame'astribot_torso_base' (Could not find a connection between 'astribot_torso_base' and 'livox_mid360_right' because they are not part of the same tree.Tf has two or more unconnected trees.)
[move_group-1] [WARN] [1790004197.119818536] [moveit_ros.planning_scene_monitor.planning_scene_monitor]: Unable to transform object from frame 'astribot_s1/astribot_torso_base/livox_mid360_left_sensor' to planning frame'astribot_torso_base' (Could not find a connection between 'astribot_torso_base' and 'astribot_s1/astribot_torso_base/livox_mid360_left_sensor' because they are not part of the same tree.Tf has two or more unconnected trees.)
[move_group-1] [WARN] [1790004197.119843109] [moveit_ros.planning_scene_monitor.planning_scene_monitor]: Unable to transform object from frame 'livox_mid360_left' to planning frame'astribot_torso_base' (Could not find a connection between 'astribot_torso_base' and 'livox_mid360_left' because they are not part of the same tree.Tf has two or more unconnected trees.)
[move_group-1] [WARN] [1790004197.119851984] [moveit_ros.planning_scene_monitor.planning_scene_monitor]: Unable to transform object from frame 'astribot_s1/astribot_torso_base/livox_mid360_right_sensor' to planning frame'astribot_torso_base' (Could not find a connection between 'astribot_torso_base' and 'astribot_s1/astribot_torso_base/livox_mid360_right_sensor' because they are not part of the same tree.Tf has two or more unconnected trees.)
[move_group-1] [WARN] [1790004197.119859630] [moveit_ros.planning_scene_monitor.planning_scene_monitor]: Unable to transform object from frame 'livox_mid360_right' to planning frame'astribot_torso_base' (Could not find a connection between 'astribot_torso_base' and 'livox_mid360_right' because they are not part of the same tree.Tf has two or more unconnected trees.)
[move_group-1] [WARN] [1790004197.133514015] [moveit_ros.planning_scene_monitor.planning_scene_monitor]: Unable to transform object from frame 'astribot_s1/astribot_torso_base/livox_mid360_left_sensor' to planning frame'astribot_torso_base' (Could not find a connection between 'astribot_torso_base' and 'astribot_s1/astribot_torso_base/livox_mid360_left_sensor' because they are not part of the same tree.Tf has two or more unconnected trees.)
[move_group-1] [WARN] [1790004197.133529540] [moveit_ros.planning_scene_monitor.planning_scene_monitor]: Unable to transform object from frame 'livox_mid360_left' to planning frame'astribot_torso_base' (Could not find a connection between 'astribot_torso_base' and 'livox_mid360_left' because they are not part of the same tree.Tf has two or more unconnected trees.)
[move_group-1] [WARN] [1790004197.133533548] [moveit_ros.planning_scene_monitor.planning_scene_monitor]: Unable to transform object from frame 'astribot_s1/astribot_torso_base/livox_mid360_right_sensor' to planning frame'astribot_torso_base' (Could not find a connection between 'astribot_torso_base' and 'astribot_s1/astribot_torso_base/livox_mid360_right_sensor' because they are not part of the same tree.Tf has two or more unconnected trees.)
[move_group-1] [WARN] [1790004197.133536887] [moveit_ros.planning_scene_monitor.planning_scene_monitor]: Unable to transform object from frame 'livox_mid360_right' to planning frame'astribot_torso_base' (Could not find a connection between 'astribot_torso_base' and 'livox_mid360_right' because they are not part of the same tree.Tf has two or more unconnected trees.)
[move_group-1] [WARN] [1790004197.317444934] [moveit_ros.planning_scene_monitor.planning_scene_monitor]: Unable to transform object from frame 'astribot_s1/astribot_torso_base/livox_mid360_left_sensor' to planning frame'astribot_torso_base' (Could not find a connection between 'astribot_torso_base' and 'astribot_s1/astribot_torso_base/livox_mid360_left_sensor' because they are not part of the same tree.Tf has two or more unconnected trees.)
[move_group-1] [WARN] [1790004197.317472574] [moveit_ros.planning_scene_monitor.planning_scene_monitor]: Unable to transform object from frame 'livox_mid360_left' to planning frame'astribot_torso_base' (Could not find a connection between 'astribot_torso_base' and 'livox_mid360_left' because they are not part of the same tree.Tf has two or more unconnected trees.)
[move_group-1] [WARN] [1790004197.317476569] [moveit_ros.planning_scene_monitor.planning_scene_monitor]: Unable to transform object from frame 'astribot_s1/astribot_torso_base/livox_mid360_right_sensor' to planning frame'astribot_torso_base' (Could not find a connection between 'astribot_torso_base' and 'astribot_s1/astribot_torso_base/livox_mid360_right_sensor' because they are not part of the same tree.Tf has two or more unconnected trees.)
[move_group-1] [WARN] [1790004197.317480111] [moveit_ros.planning_scene_monitor.planning_scene_monitor]: Unable to transform object from frame 'livox_mid360_right' to planning frame'astribot_torso_base' (Could not find a connection between 'astribot_torso_base' and 'livox_mid360_right' because they are not part of the same tree.Tf has two or more unconnected trees.)
[move_group-1] [WARN] [1790004197.337060169] [moveit_ros.planning_scene_monitor.planning_scene_monitor]: Unable to transform object from frame 'astribot_s1/astribot_torso_base/livox_mid360_left_sensor' to planning frame'astribot_torso_base' (Could not find a connection between 'astribot_torso_base' and 'astribot_s1/astribot_torso_base/livox_mid360_left_sensor' because they are not part of the same tree.Tf has two or more unconnected trees.)
[move_group-1] [WARN] [1790004197.337075175] [moveit_ros.planning_scene_monitor.planning_scene_monitor]: Unable to transform object from frame 'livox_mid360_left' to planning frame'astribot_torso_base' (Could not find a connection between 'astribot_torso_base' and 'livox_mid360_left' because they are not part of the same tree.Tf has two or more unconnected trees.)
[move_group-1] [WARN] [1790004197.337078930] [moveit_ros.planning_scene_monitor.planning_scene_monitor]: Unable to transform object from frame 'astribot_s1/astribot_torso_base/livox_mid360_right_sensor' to planning frame'astribot_torso_base' (Could not find a connection between 'astribot_torso_base' and 'astribot_s1/astribot_torso_base/livox_mid360_right_sensor' because they are not part of the same tree.Tf has two or more unconnected trees.)
[move_group-1] [WARN] [1790004197.337082250] [moveit_ros.planning_scene_monitor.planning_scene_monitor]: Unable to transform object from frame 'livox_mid360_right' to planning frame'astribot_torso_base' (Could not find a connection between 'astribot_torso_base' and 'livox_mid360_right' because they are not part of the same tree.Tf has two or more unconnected trees.)
[move_group-1] [WARN] [1790004197.417332443] [moveit_ros.planning_scene_monitor.planning_scene_monitor]: Unable to transform object from frame 'astribot_s1/astribot_torso_base/livox_mid360_left_sensor' to planning frame'astribot_torso_base' (Could not find a connection between 'astribot_torso_base' and 'astribot_s1/astribot_torso_base/livox_mid360_left_sensor' because they are not part of the same tree.Tf has two or more unconnected trees.)
[move_group-1] [WARN] [1790004197.417350709] [moveit_ros.planning_scene_monitor.planning_scene_monitor]: Unable to transform object from frame 'livox_mid360_left' to planning frame'astribot_torso_base' (Could not find a connection between 'astribot_torso_base' and 'livox_mid360_left' because they are not part of the same tree.Tf has two or more unconnected trees.)
[move_group-1] [WARN] [1790004197.417355182] [moveit_ros.planning_scene_monitor.planning_scene_monitor]: Unable to transform object from frame 'astribot_s1/astribot_torso_base/livox_mid360_right_sensor' to planning frame'astribot_torso_base' (Could not find a connection between 'astribot_torso_base' and 'astribot_s1/astribot_torso_base/livox_mid360_right_sensor' because they are not part of the same tree.Tf has two or more unconnected trees.)
[move_group-1] [WARN] [1790004197.417358761] [moveit_ros.planning_scene_monitor.planning_scene_monitor]: Unable to transform object from frame 'livox_mid360_right' to planning frame'astribot_torso_base' (Could not find a connection between 'astribot_torso_base' and 'livox_mid360_right' because they are not part of the same tree.Tf has two or more unconnected trees.)
[move_group-1] [WARN] [1790004197.522389669] [moveit_ros.planning_scene_monitor.planning_scene_monitor]: Unable to transform object from frame 'astribot_s1/astribot_torso_base/livox_mid360_left_sensor' to planning frame'astribot_torso_base' (Could not find a connection between 'astribot_torso_base' and 'astribot_s1/astribot_torso_base/livox_mid360_left_sensor' because they are not part of the same tree.Tf has two or more unconnected trees.)
[move_group-1] [WARN] [1790004197.522409512] [moveit_ros.planning_scene_monitor.planning_scene_monitor]: Unable to transform object from frame 'livox_mid360_left' to planning frame'astribot_torso_base' (Could not find a connection between 'astribot_torso_base' and 'livox_mid360_left' because they are not part of the same tree.Tf has two or more unconnected trees.)
[move_group-1] [WARN] [1790004197.522413702] [moveit_ros.planning_scene_monitor.planning_scene_monitor]: Unable to transform object from frame 'astribot_s1/astribot_torso_base/livox_mid360_right_sensor' to planning frame'astribot_torso_base' (Could not find a connection between 'astribot_torso_base' and 'astribot_s1/astribot_torso_base/livox_mid360_right_sensor' because they are not part of the same tree.Tf has two or more unconnected trees.)
[move_group-1] [WARN] [1790004197.522416939] [moveit_ros.planning_scene_monitor.planning_scene_monitor]: Unable to transform object from frame 'livox_mid360_right' to planning frame'astribot_torso_base' (Could not find a connection between 'astribot_torso_base' and 'livox_mid360_right' because they are not part of the same tree.Tf has two or more unconnected trees.)
[move_group-1] [WARN] [1790004197.540159052] [moveit_ros.planning_scene_monitor.planning_scene_monitor]: Unable to transform object from frame 'astribot_s1/astribot_torso_base/livox_mid360_left_sensor' to planning frame'astribot_torso_base' (Could not find a connection between 'astribot_torso_base' and 'astribot_s1/astribot_torso_base/livox_mid360_left_sensor' because they are not part of the same tree.Tf has two or more unconnected trees.)
[move_group-1] [WARN] [1790004197.540173789] [moveit_ros.planning_scene_monitor.planning_scene_monitor]: Unable to transform object from frame 'livox_mid360_left' to planning frame'astribot_torso_base' (Could not find a connection between 'astribot_torso_base' and 'livox_mid360_left' because they are not part of the same tree.Tf has two or more unconnected trees.)
[move_group-1] [WARN] [1790004197.540177711] [moveit_ros.planning_scene_monitor.planning_scene_monitor]: Unable to transform object from frame 'astribot_s1/astribot_torso_base/livox_mid360_right_sensor' to planning frame'astribot_torso_base' (Could not find a connection between 'astribot_torso_base' and 'astribot_s1/astribot_torso_base/livox_mid360_right_sensor' because they are not part of the same tree.Tf has two or more unconnected trees.)
[move_group-1] [WARN] [1790004197.540180972] [moveit_ros.planning_scene_monitor.planning_scene_monitor]: Unable to transform object from frame 'livox_mid360_right' to planning frame'astribot_torso_base' (Could not find a connection between 'astribot_torso_base' and 'livox_mid360_right' because they are not part of the same tree.Tf has two or more unconnected trees.)
[move_group-1] [WARN] [1790004197.716930630] [moveit_ros.planning_scene_monitor.planning_scene_monitor]: Unable to transform object from frame 'astribot_s1/astribot_torso_base/livox_mid360_left_sensor' to planning frame'astribot_torso_base' (Could not find a connection between 'astribot_torso_base' and 'astribot_s1/astribot_torso_base/livox_mid360_left_sensor' because they are not part of the same tree.Tf has two or more unconnected trees.)
[move_group-1] [WARN] [1790004197.716947723] [moveit_ros.planning_scene_monitor.planning_scene_monitor]: Unable to transform object from frame 'livox_mid360_left' to planning frame'astribot_torso_base' (Could not find a connection between 'astribot_torso_base' and 'livox_mid360_left' because they are not part of the same tree.Tf has two or more unconnected trees.)
[move_group-1] [WARN] [1790004197.716951659] [moveit_ros.planning_scene_monitor.planning_scene_monitor]: Unable to transform object from frame 'astribot_s1/astribot_torso_base/livox_mid360_right_sensor' to planning frame'astribot_torso_base' (Could not find a connection between 'astribot_torso_base' and 'astribot_s1/astribot_torso_base/livox_mid360_right_sensor' because they are not part of the same tree.Tf has two or more unconnected trees.)
[move_group-1] [WARN] [1790004197.716954810] [moveit_ros.planning_scene_monitor.planning_scene_monitor]: Unable to transform object from frame 'livox_mid360_right' to planning frame'astribot_torso_base' (Could not find a connection between 'astribot_torso_base' and 'livox_mid360_right' because they are not part of the same tree.Tf has two or more unconnected trees.)
[move_group-1] [WARN] [1790004197.739825942] [moveit_ros.planning_scene_monitor.planning_scene_monitor]: Unable to transform object from frame 'astribot_s1/astribot_torso_base/livox_mid360_left_sensor' to planning frame'astribot_torso_base' (Could not find a connection between 'astribot_torso_base' and 'astribot_s1/astribot_torso_base/livox_mid360_left_sensor' because they are not part of the same tree.Tf has two or more unconnected trees.)
[move_group-1] [WARN] [1790004197.739839222] [moveit_ros.planning_scene_monitor.planning_scene_monitor]: Unable to transform object from frame 'livox_mid360_left' to planning frame'astribot_torso_base' (Could not find a connection between 'astribot_torso_base' and 'livox_mid360_left' because they are not part of the same tree.Tf has two or more unconnected trees.)
[move_group-1] [WARN] [1790004197.739843088] [moveit_ros.planning_scene_monitor.planning_scene_monitor]: Unable to transform object from frame 'astribot_s1/astribot_torso_base/livox_mid360_right_sensor' to planning frame'astribot_torso_base' (Could not find a connection between 'astribot_torso_base' and 'astribot_s1/astribot_torso_base/livox_mid360_right_sensor' because they are not part of the same tree.Tf has two or more unconnected trees.)
[move_group-1] [WARN] [1790004197.739846471] [moveit_ros.planning_scene_monitor.planning_scene_monitor]: Unable to transform object from frame 'livox_mid360_right' to planning frame'astribot_torso_base' (Could not find a connection between 'astribot_torso_base' and 'livox_mid360_right' because they are not part of the same tree.Tf has two or more unconnected trees.)
[move_group-1] [WARN] [1790004197.916522875] [moveit_ros.planning_scene_monitor.planning_scene_monitor]: Unable to transform object from frame 'astribot_s1/astribot_torso_base/livox_mid360_left_sensor' to planning frame'astribot_torso_base' (Could not find a connection between 'astribot_torso_base' and 'astribot_s1/astribot_torso_base/livox_mid360_left_sensor' because they are not part of the same tree.Tf has two or more unconnected trees.)
[move_group-1] [WARN] [1790004197.916542807] [moveit_ros.planning_scene_monitor.planning_scene_monitor]: Unable to transform object from frame 'livox_mid360_left' to planning frame'astribot_torso_base' (Could not find a connection between 'astribot_torso_base' and 'livox_mid360_left' because they are not part of the same tree.Tf has two or more unconnected trees.)
[move_group-1] [WARN] [1790004197.916547112] [moveit_ros.planning_scene_monitor.planning_scene_monitor]: Unable to transform object from frame 'astribot_s1/astribot_torso_base/livox_mid360_right_sensor' to planning frame'astribot_torso_base' (Could not find a connection between 'astribot_torso_base' and 'astribot_s1/astribot_torso_base/livox_mid360_right_sensor' because they are not part of the same tree.Tf has two or more unconnected trees.)
[move_group-1] [WARN] [1790004197.916550465] [moveit_ros.planning_scene_monitor.planning_scene_monitor]: Unable to transform object from frame 'livox_mid360_right' to planning frame'astribot_torso_base' (Could not find a connection between 'astribot_torso_base' and 'livox_mid360_right' because they are not part of the same tree.Tf has two or more unconnected trees.)
[move_group-1] [WARN] [1790004197.934203537] [moveit_ros.planning_scene_monitor.planning_scene_monitor]: Unable to transform object from frame 'astribot_s1/astribot_torso_base/livox_mid360_left_sensor' to planning frame'astribot_torso_base' (Could not find a connection between 'astribot_torso_base' and 'astribot_s1/astribot_torso_base/livox_mid360_left_sensor' because they are not part of the same tree.Tf has two or more unconnected trees.)
[move_group-1] [WARN] [1790004197.934218196] [moveit_ros.planning_scene_monitor.planning_scene_monitor]: Unable to transform object from frame 'livox_mid360_left' to planning frame'astribot_torso_base' (Could not find a connection between 'astribot_torso_base' and 'livox_mid360_left' because they are not part of the same tree.Tf has two or more unconnected trees.)
[move_group-1] [WARN] [1790004197.934222132] [moveit_ros.planning_scene_monitor.planning_scene_monitor]: Unable to transform object from frame 'astribot_s1/astribot_torso_base/livox_mid360_right_sensor' to planning frame'astribot_torso_base' (Could not find a connection between 'astribot_torso_base' and 'astribot_s1/astribot_torso_base/livox_mid360_right_sensor' because they are not part of the same tree.Tf has two or more unconnected trees.)
[move_group-1] [WARN] [1790004197.934225424] [moveit_ros.planning_scene_monitor.planning_scene_monitor]: Unable to transform object from frame 'livox_mid360_right' to planning frame'astribot_torso_base' (Could not find a connection between 'astribot_torso_base' and 'livox_mid360_right' because they are not part of the same tree.Tf has two or more unconnected trees.)
[move_group-1] [WARN] [1790004197.977222138] [moveit_ros.planning_scene_monitor.planning_scene_monitor]: Unable to transform object from frame 'astribot_s1/astribot_torso_base/livox_mid360_left_sensor' to planning frame'astribot_torso_base' (Could not find a connection between 'astribot_torso_base' and 'astribot_s1/astribot_torso_base/livox_mid360_left_sensor' because they are not part of the same tree.Tf has two or more unconnected trees.)
[move_group-1] [WARN] [1790004197.977242181] [moveit_ros.planning_scene_monitor.planning_scene_monitor]: Unable to transform object from frame 'livox_mid360_left' to planning frame'astribot_torso_base' (Could not find a connection between 'astribot_torso_base' and 'livox_mid360_left' because they are not part of the same tree.Tf has two or more unconnected trees.)
[move_group-1] [WARN] [1790004197.977246616] [moveit_ros.planning_scene_monitor.planning_scene_monitor]: Unable to transform object from frame 'astribot_s1/astribot_torso_base/livox_mid360_right_sensor' to planning frame'astribot_torso_base' (Could not find a connection between 'astribot_torso_base' and 'astribot_s1/astribot_torso_base/livox_mid360_right_sensor' because they are not part of the same tree.Tf has two or more unconnected trees.)
[move_group-1] [WARN] [1790004197.977250103] [moveit_ros.planning_scene_monitor.planning_scene_monitor]: Unable to transform object from frame 'livox_mid360_right' to planning frame'astribot_torso_base' (Could not find a connection between 'astribot_torso_base' and 'livox_mid360_right' because they are not part of the same tree.Tf has two or more unconnected trees.)
[move_group-1] [WARN] [1790004198.017739312] [moveit_ros.planning_scene_monitor.planning_scene_monitor]: Unable to transform object from frame 'astribot_s1/astribot_torso_base/livox_mid360_left_sensor' to planning frame'astribot_torso_base' (Could not find a connection between 'astribot_torso_base' and 'astribot_s1/astribot_torso_base/livox_mid360_left_sensor' because they are not part of the same tree.Tf has two or more unconnected trees.)
[move_group-1] [WARN] [1790004198.017773163] [moveit_ros.planning_scene_monitor.planning_scene_monitor]: Unable to transform object from frame 'livox_mid360_left' to planning frame'astribot_torso_base' (Could not find a connection between 'astribot_torso_base' and 'livox_mid360_left' because they are not part of the same tree.Tf has two or more unconnected trees.)
[move_group-1] [WARN] [1790004198.017792271] [moveit_ros.planning_scene_monitor.planning_scene_monitor]: Unable to transform object from frame 'astribot_s1/astribot_torso_base/livox_mid360_right_sensor' to planning frame'astribot_torso_base' (Could not find a connection between 'astribot_torso_base' and 'astribot_s1/astribot_torso_base/livox_mid360_right_sensor' because they are not part of the same tree.Tf has two or more unconnected trees.)
[move_group-1] [WARN] [1790004198.017805283] [moveit_ros.planning_scene_monitor.planning_scene_monitor]: Unable to transform object from frame 'livox_mid360_right' to planning frame'astribot_torso_base' (Could not find a connection between 'astribot_torso_base' and 'livox_mid360_right' because they are not part of the same tree.Tf has two or more unconnected trees.)
[move_group-1] [INFO] [1790004198.105384405] [moveit_move_group_default_capabilities.plan_service_capability]: Received new planning service request...
[move_group-1] [WARN] [1790004198.105450351] [moveit_ros.planning_scene_monitor.planning_scene_monitor]: Unable to transform object from frame 'astribot_s1/astribot_torso_base/livox_mid360_left_sensor' to planning frame'astribot_torso_base' (Could not find a connection between 'astribot_torso_base' and 'astribot_s1/astribot_torso_base/livox_mid360_left_sensor' because they are not part of the same tree.Tf has two or more unconnected trees.)
[move_group-1] [WARN] [1790004198.105461625] [moveit_ros.planning_scene_monitor.planning_scene_monitor]: Unable to transform object from frame 'livox_mid360_left' to planning frame'astribot_torso_base' (Could not find a connection between 'astribot_torso_base' and 'livox_mid360_left' because they are not part of the same tree.Tf has two or more unconnected trees.)
[move_group-1] [WARN] [1790004198.105474337] [moveit_ros.planning_scene_monitor.planning_scene_monitor]: Unable to transform object from frame 'astribot_s1/astribot_torso_base/livox_mid360_right_sensor' to planning frame'astribot_torso_base' (Could not find a connection between 'astribot_torso_base' and 'astribot_s1/astribot_torso_base/livox_mid360_right_sensor' because they are not part of the same tree.Tf has two or more unconnected trees.)
[move_group-1] [WARN] [1790004198.105482198] [moveit_ros.planning_scene_monitor.planning_scene_monitor]: Unable to transform object from frame 'livox_mid360_right' to planning frame'astribot_torso_base' (Could not find a connection between 'astribot_torso_base' and 'livox_mid360_right' because they are not part of the same tree.Tf has two or more unconnected trees.)
[move_group-1] [INFO] [1790004198.106297005] [astribot_s1_manipulation.ompl_extension]: planning request: group='arm_right' planner_id='RRTConnectConfig' allowed_time=5.00s
[move_group-1] [0mDebug:   Starting goal sampling thread
[move_group-1] Debug:   Waiting for space information to be set up before the sampling thread can begin computation...
[move_group-1] [INFO] [1790004198.106848187] [moveit.ompl_planning.model_based_planning_context]: Planner configuration 'arm_right[RRTConnectConfig]' will use planner 'geometric::RRTConnect'. Additional configuration parameters will be set when the planner is constructed.
[move_group-1] Debug:   The value of parameter 'longest_valid_segment_fraction' is now: '0.01'
[move_group-1] Debug:   The value of parameter 'range' is now: '0'
[move_group-1] Debug:   arm_right/arm_right[RRTConnectConfig]: Planner range detected to be 5.352000
[move_group-1] Info:    arm_right/arm_right[RRTConnectConfig]: Starting planning with 1 states already in datastructure
[move_group-1] Debug:   arm_right/arm_right[RRTConnectConfig]: Waiting for goal region samples ...
[move_group-1] Debug:   Beginning sampling thread computation
[move_group-1] Debug:   Adding goal state
[move_group-1] Debug:   arm_right/arm_right[RRTConnectConfig]: Waited 0.010073 seconds for the first goal sample.
[move_group-1] Debug:   Adding goal state
[move_group-1] Debug:   Adding goal state
[move_group-1] Debug:   Adding goal state
[move_group-1] Debug:   Adding goal state
[move_group-1] Debug:   Adding goal state
[move_group-1] Debug:   Adding goal state
[move_group-1] Debug:   Adding goal state
[move_group-1] Debug:   Adding goal state
[move_group-1] Debug:   Adding goal state
[move_group-1] Debug:   Stopped goal sampling thread after 10 sampling attempts
[move_group-1] Info:    arm_right/arm_right[RRTConnectConfig]: Created 5 states (3 start + 2 goal)
[move_group-1] Info:    Solution found in 0.016842 seconds
[move_group-1] Info:    SimpleSetup: Path simplification took 0.006509 seconds and changed from 3 to 2 states
[move_group-1] [WARN] [1790004198.133095918] [moveit_ros.planning_scene_monitor.planning_scene_monitor]: Unable to transform object from frame 'astribot_s1/astribot_torso_base/livox_mid360_left_sensor' to planning frame'astribot_torso_base' (Could not find a connection between 'astribot_torso_base' and 'astribot_s1/astribot_torso_base/livox_mid360_left_sensor' because they are not part of the same tree.Tf has two or more unconnected trees.)
[move_group-1] [WARN] [1790004198.133109799] [moveit_ros.planning_scene_monitor.planning_scene_monitor]: Unable to transform object from frame 'livox_mid360_left' to planning frame'astribot_torso_base' (Could not find a connection between 'astribot_torso_base' and 'livox_mid360_left' because they are not part of the same tree.Tf has two or more unconnected trees.)
[move_group-1] [WARN] [1790004198.133113666] [moveit_ros.planning_scene_monitor.planning_scene_monitor]: Unable to transform object from frame 'astribot_s1/astribot_torso_base/livox_mid360_right_sensor' to planning frame'astribot_torso_base' (Could not find a connection between 'astribot_torso_base' and 'astribot_s1/astribot_torso_base/livox_mid360_right_sensor' because they are not part of the same tree.Tf has two or more unconnected trees.)
[move_group-1] [WARN] [1790004198.133117001] [moveit_ros.planning_scene_monitor.planning_scene_monitor]: Unable to transform object from frame 'livox_mid360_right' to planning frame'astribot_torso_base' (Could not find a connection between 'astribot_torso_base' and 'livox_mid360_right' because they are not part of the same tree.Tf has two or more unconnected trees.)
[move_group-1] [INFO] [1790004198.133332539] [moveit_move_group_default_capabilities.plan_service_capability]: Received new planning service request...
[move_group-1] [WARN] [1790004198.133367800] [moveit_ros.planning_scene_monitor.planning_scene_monitor]: Unable to transform object from frame 'astribot_s1/astribot_torso_base/livox_mid360_left_sensor' to planning frame'astribot_torso_base' (Could not find a connection between 'astribot_torso_base' and 'astribot_s1/astribot_torso_base/livox_mid360_left_sensor' because they are not part of the same tree.Tf has two or more unconnected trees.)
[move_group-1] [WARN] [1790004198.133378014] [moveit_ros.planning_scene_monitor.planning_scene_monitor]: Unable to transform object from frame 'livox_mid360_left' to planning frame'astribot_torso_base' (Could not find a connection between 'astribot_torso_base' and 'livox_mid360_left' because they are not part of the same tree.Tf has two or more unconnected trees.)
[move_group-1] [WARN] [1790004198.133385589] [moveit_ros.planning_scene_monitor.planning_scene_monitor]: Unable to transform object from frame 'astribot_s1/astribot_torso_base/livox_mid360_right_sensor' to planning frame'astribot_torso_base' (Could not find a connection between 'astribot_torso_base' and 'astribot_s1/astribot_torso_base/livox_mid360_right_sensor' because they are not part of the same tree.Tf has two or more unconnected trees.)
[move_group-1] [WARN] [1790004198.133392371] [moveit_ros.planning_scene_monitor.planning_scene_monitor]: Unable to transform object from frame 'livox_mid360_right' to planning frame'astribot_torso_base' (Could not find a connection between 'astribot_torso_base' and 'livox_mid360_right' because they are not part of the same tree.Tf has two or more unconnected trees.)
[move_group-1] [INFO] [1790004198.134070802] [astribot_s1_manipulation.ompl_extension]: planning request: group='arm_right' planner_id='RRTConnectConfig' allowed_time=5.00s
[move_group-1] Debug:   Starting goal sampling thread
[move_group-1] Debug:   Waiting for space information to be set up before the sampling thread can begin computation...
[move_group-1] [INFO] [1790004198.134308514] [moveit.ompl_planning.model_based_planning_context]: Planner configuration 'arm_right[RRTConnectConfig]' will use planner 'geometric::RRTConnect'. Additional configuration parameters will be set when the planner is constructed.
[move_group-1] Debug:   The value of parameter 'longest_valid_segment_fraction' is now: '0.01'
[move_group-1] Debug:   The value of parameter 'range' is now: '0'
[move_group-1] Debug:   arm_right/arm_right[RRTConnectConfig]: Planner range detected to be 5.352000
[move_group-1] Info:    arm_right/arm_right[RRTConnectConfig]: Starting planning with 1 states already in datastructure
[move_group-1] Debug:   arm_right/arm_right[RRTConnectConfig]: Waiting for goal region samples ...
[move_group-1] Debug:   Beginning sampling thread computation
[move_group-1] Debug:   Adding goal state
[move_group-1] Debug:   Adding goal state
[move_group-1] Debug:   Adding goal state
[move_group-1] Debug:   Adding goal state
[move_group-1] Debug:   Adding goal state
[move_group-1] Debug:   Adding goal state
[move_group-1] Debug:   Adding goal state
[move_group-1] Debug:   Adding goal state
[move_group-1] Debug:   Adding goal state
[move_group-1] Debug:   Adding goal state
[move_group-1] Debug:   Stopped goal sampling thread after 10 sampling attempts
[move_group-1] Debug:   arm_right/arm_right[RRTConnectConfig]: Waited 0.020129 seconds for the first goal sample.
[move_group-1] Info:    arm_right/arm_right[RRTConnectConfig]: Created 4 states (2 start + 2 goal)
[move_group-1] Info:    Solution found in 0.023970 seconds
[move_group-1] Info:    SimpleSetup: Path simplification took 0.012824 seconds and changed from 3 to 2 states
[move_group-1] [INFO] [1790004198.173525379] [moveit_move_group_default_capabilities.plan_service_capability]: Received new planning service request...
[move_group-1] [WARN] [1790004198.173570159] [moveit_ros.planning_scene_monitor.planning_scene_monitor]: Unable to transform object from frame 'astribot_s1/astribot_torso_base/livox_mid360_left_sensor' to planning frame'astribot_torso_base' (Could not find a connection between 'astribot_torso_base' and 'astribot_s1/astribot_torso_base/livox_mid360_left_sensor' because they are not part of the same tree.Tf has two or more unconnected trees.)
[move_group-1] [WARN] [1790004198.173576066] [moveit_ros.planning_scene_monitor.planning_scene_monitor]: Unable to transform object from frame 'livox_mid360_left' to planning frame'astribot_torso_base' (Could not find a connection between 'astribot_torso_base' and 'livox_mid360_left' because they are not part of the same tree.Tf has two or more unconnected trees.)
[move_group-1] [WARN] [1790004198.173579778] [moveit_ros.planning_scene_monitor.planning_scene_monitor]: Unable to transform object from frame 'astribot_s1/astribot_torso_base/livox_mid360_right_sensor' to planning frame'astribot_torso_base' (Could not find a connection between 'astribot_torso_base' and 'astribot_s1/astribot_torso_base/livox_mid360_right_sensor' because they are not part of the same tree.Tf has two or more unconnected trees.)
[move_group-1] [WARN] [1790004198.173582954] [moveit_ros.planning_scene_monitor.planning_scene_monitor]: Unable to transform object from frame 'livox_mid360_right' to planning frame'astribot_torso_base' (Could not find a connection between 'astribot_torso_base' and 'livox_mid360_right' because they are not part of the same tree.Tf has two or more unconnected trees.)
[move_group-1] [WARN] [1790004198.177796473] [moveit_ros.planning_scene_monitor.planning_scene_monitor]: Unable to transform object from frame 'astribot_s1/astribot_torso_base/livox_mid360_left_sensor' to planning frame'astribot_torso_base' (Could not find a connection between 'astribot_torso_base' and 'astribot_s1/astribot_torso_base/livox_mid360_left_sensor' because they are not part of the same tree.Tf has two or more unconnected trees.)
[move_group-1] [WARN] [1790004198.177819886] [moveit_ros.planning_scene_monitor.planning_scene_monitor]: Unable to transform object from frame 'livox_mid360_left' to planning frame'astribot_torso_base' (Could not find a connection between 'astribot_torso_base' and 'livox_mid360_left' because they are not part of the same tree.Tf has two or more unconnected trees.)
[move_group-1] [WARN] [1790004198.177828855] [moveit_ros.planning_scene_monitor.planning_scene_monitor]: Unable to transform object from frame 'astribot_s1/astribot_torso_base/livox_mid360_right_sensor' to planning frame'astribot_torso_base' (Could not find a connection between 'astribot_torso_base' and 'astribot_s1/astribot_torso_base/livox_mid360_right_sensor' because they are not part of the same tree.Tf has two or more unconnected trees.)
[move_group-1] [WARN] [1790004198.177836538] [moveit_ros.planning_scene_monitor.planning_scene_monitor]: Unable to transform object from frame 'livox_mid360_right' to planning frame'astribot_torso_base' (Could not find a connection between 'astribot_torso_base' and 'livox_mid360_right' because they are not part of the same tree.Tf has two or more unconnected trees.)
[move_group-1] [INFO] [1790004198.180876370] [astribot_s1_manipulation.ompl_extension]: planning request: group='arm_right' planner_id='RRTConnectConfig' allowed_time=5.00s
[move_group-1] Debug:   Starting goal sampling thread
[move_group-1] Debug:   Waiting for space information to be set up before the sampling thread can begin computation...
[move_group-1] Debug:   The value of parameter 'longest_valid_segment_fraction' is now: '0.01'
[move_group-1] Debug:   The value of parameter 'range' is now: '0'
[move_group-1] Debug:   arm_right/arm_right[RRTConnectConfig]: Planner range detected to be 5.352000
[move_group-1] [INFO] [1790004198.181090767] [moveit.ompl_planning.model_based_planning_context]: Planner configuration 'arm_right[RRTConnectConfig]' will use planner 'geometric::RRTConnect'. Additional configuration parameters will be set when the planner is constructed.
[move_group-1] Info:    arm_right/arm_right[RRTConnectConfig]: Starting planning with 1 states already in datastructure
[move_group-1] Debug:   arm_right/arm_right[RRTConnectConfig]: Waiting for goal region samples ...
[move_group-1] Debug:   Beginning sampling thread computation
[move_group-1] Debug:   Adding goal state
[move_group-1] Debug:   Adding goal state
[move_group-1] Debug:   Adding goal state
[move_group-1] Debug:   Adding goal state
[move_group-1] Debug:   Adding goal state
[move_group-1] Debug:   Adding goal state
[move_group-1] Debug:   Adding goal state
[move_group-1] Debug:   Adding goal state
[move_group-1] Debug:   Adding goal state
[move_group-1] Debug:   Adding goal state
[move_group-1] Debug:   Stopped goal sampling thread after 10 sampling attempts
[move_group-1] Debug:   arm_right/arm_right[RRTConnectConfig]: Waited 0.020123 seconds for the first goal sample.
[move_group-1] Info:    arm_right/arm_right[RRTConnectConfig]: Created 4 states (2 start + 2 goal)
[move_group-1] Info:    Solution found in 0.023688 seconds
[move_group-1] Info:    SimpleSetup: Path simplification took 0.011264 seconds and changed from 3 to 2 states
[move_group-1] [WARN] [1790004198.324601268] [moveit_ros.planning_scene_monitor.planning_scene_monitor]: Unable to transform object from frame 'astribot_s1/astribot_torso_base/livox_mid360_left_sensor' to planning frame'astribot_torso_base' (Could not find a connection between 'astribot_torso_base' and 'astribot_s1/astribot_torso_base/livox_mid360_left_sensor' because they are not part of the same tree.Tf has two or more unconnected trees.)
[move_group-1] [WARN] [1790004198.324618528] [moveit_ros.planning_scene_monitor.planning_scene_monitor]: Unable to transform object from frame 'livox_mid360_left' to planning frame'astribot_torso_base' (Could not find a connection between 'astribot_torso_base' and 'livox_mid360_left' because they are not part of the same tree.Tf has two or more unconnected trees.)
[move_group-1] [WARN] [1790004198.324622403] [moveit_ros.planning_scene_monitor.planning_scene_monitor]: Unable to transform object from frame 'astribot_s1/astribot_torso_base/livox_mid360_right_sensor' to planning frame'astribot_torso_base' (Could not find a connection between 'astribot_torso_base' and 'astribot_s1/astribot_torso_base/livox_mid360_right_sensor' because they are not part of the same tree.Tf has two or more unconnected trees.)
[move_group-1] [WARN] [1790004198.324625680] [moveit_ros.planning_scene_monitor.planning_scene_monitor]: Unable to transform object from frame 'livox_mid360_right' to planning frame'astribot_torso_base' (Could not find a connection between 'astribot_torso_base' and 'livox_mid360_right' because they are not part of the same tree.Tf has two or more unconnected trees.)
[move_group-1] [WARN] [1790004198.357127288] [moveit_ros.planning_scene_monitor.planning_scene_monitor]: Unable to transform object from frame 'astribot_s1/astribot_torso_base/livox_mid360_left_sensor' to planning frame'astribot_torso_base' (Could not find a connection between 'astribot_torso_base' and 'astribot_s1/astribot_torso_base/livox_mid360_left_sensor' because they are not part of the same tree.Tf has two or more unconnected trees.)
[move_group-1] [WARN] [1790004198.357143011] [moveit_ros.planning_scene_monitor.planning_scene_monitor]: Unable to transform object from frame 'livox_mid360_left' to planning frame'astribot_torso_base' (Could not find a connection between 'astribot_torso_base' and 'livox_mid360_left' because they are not part of the same tree.Tf has two or more unconnected trees.)
[move_group-1] [WARN] [1790004198.357147074] [moveit_ros.planning_scene_monitor.planning_scene_monitor]: Unable to transform object from frame 'astribot_s1/astribot_torso_base/livox_mid360_right_sensor' to planning frame'astribot_torso_base' (Could not find a connection between 'astribot_torso_base' and 'astribot_s1/astribot_torso_base/livox_mid360_right_sensor' because they are not part of the same tree.Tf has two or more unconnected trees.)
[move_group-1] [WARN] [1790004198.357150289] [moveit_ros.planning_scene_monitor.planning_scene_monitor]: Unable to transform object from frame 'livox_mid360_right' to planning frame'astribot_torso_base' (Could not find a connection between 'astribot_torso_base' and 'livox_mid360_right' because they are not part of the same tree.Tf has two or more unconnected trees.)
[WARNING] [launch]: user interrupted with ctrl-c (SIGINT)
[INFO] [move_group-1]: sending signal 'SIGINT' to process[move_group-1]
[move_group-1] [INFO] [1790004198.379157913] [rclcpp]: signal_handler(SIGINT/SIGTERM)
[move_group-1] [INFO] [1790004198.381977671] [rclcpp]: signal_handler(SIGINT/SIGTERM)
[move_group-1] [INFO] [1790004198.390906978] [moveit.ros_planning_interface.moveit_cpp]: Deleting MoveItCpp
[move_group-1] [INFO] [1790004198.629902395] [moveit_ros.planning_scene_monitor.planning_scene_monitor]: Stopped publishing maintained planning scene.
[move_group-1] [INFO] [1790004198.630535015] [moveit_ros.planning_scene_monitor.planning_scene_monitor]: Stopping world geometry monitor
[move_group-1] [INFO] [1790004198.631210043] [moveit_ros.planning_scene_monitor.planning_scene_monitor]: Stopping planning scene monitor
[move_group-1] Warning: class_loader.ClassLoader: SEVERE WARNING!!! Attempting to unload library while objects created by this loader exist in the heap! You should delete your objects before attempting to unload the library or destroying the ClassLoader. The library will NOT be unloaded.
[move_group-1]          at line 127 in ./src/class_loader.cpp
[INFO] [move_group-1]: process has finished cleanly [pid 409360]
