{
  "video_integrity": {
    "owner_decoded_frames": 515,
    "sidecar_rows": 515,
    "summary_frames": 515,
    "contiguous_indices": true,
    "status_references_exact": true,
    "additional_decode_performed": false,
    "reencode_performed": false,
    "recorder_returncode": -2
  },
  "timing": {
    "first_execution_feedback": {
      "wall": 82893.838213904,
      "ros_s": 59.023,
      "goal_id": "4e03a46a016548ef8566ace20b868d28",
      "feedback": {
        "phase": "2",
        "reason": "EXECUTING_FIRST_MTC_STAGE",
        "lease_id": "17129c5c-9572-4f2b-846d-093ae6a791f4_1",
        "resource_epoch": "17129c5c-9572-4f2b-846d-093ae6a791f4",
        "hold_id": "17129c5c-9572-4f2b-846d-093ae6a791f4_1_hold",
        "hold_confirmed": false,
        "context_id": "m1_context_d3cf0828ac654d79b04e07f29bbeb0fc",
        "stage_id": "PREGRASP"
      }
    },
    "first_hold_feedback": {
      "wall": 82906.853869587,
      "ros_s": 71.41900000000001,
      "goal_id": "4e03a46a016548ef8566ace20b868d28",
      "feedback": {
        "phase": "3",
        "reason": "FIRST_STAGE_HOLD_CONFIRMED",
        "lease_id": "17129c5c-9572-4f2b-846d-093ae6a791f4_1",
        "resource_epoch": "17129c5c-9572-4f2b-846d-093ae6a791f4",
        "hold_id": "17129c5c-9572-4f2b-846d-093ae6a791f4_1_hold",
        "hold_confirmed": true,
        "context_id": "m1_context_d3cf0828ac654d79b04e07f29bbeb0fc",
        "stage_id": "PREGRASP"
      }
    },
    "first_cancel_feedback": {
      "wall": 82908.737106754,
      "ros_s": 73.229,
      "goal_id": "4e03a46a016548ef8566ace20b868d28",
      "feedback": {
        "phase": "4",
        "reason": "TASK_CANCELED",
        "lease_id": "17129c5c-9572-4f2b-846d-093ae6a791f4_1",
        "resource_epoch": "17129c5c-9572-4f2b-846d-093ae6a791f4",
        "hold_id": "17129c5c-9572-4f2b-846d-093ae6a791f4_1_hold",
        "hold_confirmed": false,
        "context_id": "m1_context_d3cf0828ac654d79b04e07f29bbeb0fc",
        "stage_id": "PREGRASP"
      }
    },
    "execution_steady_duration_s": 13.015655683,
    "execution_ros_duration_s": 12.396,
    "post_cancel_to_last_frame_s": 23.406666002003476,
    "recorder_loop_wall_s": 77.97266883999691,
    "whole_playback_s": 51.5,
    "execution_received_frames_playback_s": 6.6,
    "first_receive_after_execution_ms": 28.206876,
    "last_receive_before_hold_ms": 289.937872
  },
  "execution_by_receive": {
    "frames": 66,
    "frame_indices": [
      283,
      284,
      285,
      286,
      287,
      288,
      289,
      290,
      291,
      292,
      293,
      294,
      295,
      296,
      297,
      298,
      299,
      300,
      301,
      302,
      303,
      304,
      305,
      306,
      307,
      308,
      309,
      310,
      311,
      312,
      313,
      314,
      315,
      316,
      317,
      318,
      319,
      320,
      321,
      322,
      323,
      324,
      325,
      326,
      327,
      328,
      329,
      330,
      331,
      332,
      333,
      334,
      335,
      336,
      337,
      338,
      339,
      340,
      341,
      342,
      343,
      344,
      345,
      346,
      347,
      348
    ],
    "source_range_ns": [
      59000000000,
      71100000000
    ],
    "receive_range_ns": [
      82893866420780,
      82906563931715
    ],
    "source_span_s": 12.1,
    "receive_span_s": 12.697510935,
    "receive_gap_ms": {
      "samples": 65,
      "percentile_method": "linear",
      "min": 94.929492,
      "max": 863.09331,
      "p50": 120.403133,
      "p95": 425.6307794,
      "p99": 644.5030367199998
    },
    "source_gap_ms": {
      "samples": 65,
      "percentile_method": "linear",
      "min": 100.0,
      "max": 800.0,
      "p50": 100.0,
      "p95": 400.0,
      "p99": 607.9999999999998
    },
    "receive_gaps_over_250ms": 13,
    "source_duplicates": 0,
    "source_regressions": 0,
    "top_receive_gaps": [
      {
        "from_frame": 335,
        "to_frame": 336,
        "receive_gap_ms": 863.09331,
        "source_gap_ms": 800.0,
        "source_endpoints_ns": [
          68100000000,
          68900000000
        ],
        "receive_endpoints_ns": [
          82903424631906,
          82904287725216
        ]
      },
      {
        "from_frame": 336,
        "to_frame": 337,
        "receive_gap_ms": 521.546008,
        "source_gap_ms": 500.0,
        "source_endpoints_ns": [
          68900000000,
          69400000000
        ],
        "receive_endpoints_ns": [
          82904287725216,
          82904809271224
        ]
      },
      {
        "from_frame": 300,
        "to_frame": 301,
        "receive_gap_ms": 454.995905,
        "source_gap_ms": 400.0,
        "source_endpoints_ns": [
          61900000000,
          62300000000
        ],
        "receive_endpoints_ns": [
          82896933852801,
          82897388848706
        ]
      },
      {
        "from_frame": 296,
        "to_frame": 297,
        "receive_gap_ms": 426.658099,
        "source_gap_ms": 400.0,
        "source_endpoints_ns": [
          61100000000,
          61500000000
        ],
        "receive_endpoints_ns": [
          82896091350405,
          82896518008504
        ]
      },
      {
        "from_frame": 302,
        "to_frame": 303,
        "receive_gap_ms": 421.521501,
        "source_gap_ms": 400.0,
        "source_endpoints_ns": [
          62500000000,
          62900000000
        ],
        "receive_endpoints_ns": [
          82897594884175,
          82898016405676
        ]
      }
    ],
    "head_present": 66,
    "head_missing": 0,
    "head_cache_residence_ms": {
      "samples": 66,
      "percentile_method": "linear",
      "min": 13.279814,
      "max": 23.736553,
      "p50": 17.275578,
      "p95": 22.1803315,
      "p99": 23.493568049999997
    },
    "head_source_age_vs_latest_clock_ms": {
      "samples": 66,
      "percentile_method": "linear",
      "min": 37.0,
      "max": 54.0,
      "p50": 47.0,
      "p95": 53.0,
      "p99": 53.349999999999994
    },
    "head_consecutive_reused_receipt_count": 0,
    "encode_call_ms": {
      "samples": 66,
      "percentile_method": "linear",
      "min": 2.218878,
      "max": 5.055528,
      "p50": 2.6864835,
      "p95": 4.2482155,
      "p99": 5.00938125
    },
    "shown_status_reasons": {
      "EXECUTING_FIRST_MTC_STAGE": 66
    }
  },
  "execution_by_source": {
    "frames": 65,
    "frame_indices": [
      284,
      285,
      286,
      287,
      288,
      289,
      290,
      291,
      292,
      293,
      294,
      295,
      296,
      297,
      298,
      299,
      300,
      301,
      302,
      303,
      304,
      305,
      306,
      307,
      308,
      309,
      310,
      311,
      312,
      313,
      314,
      315,
      316,
      317,
      318,
      319,
      320,
      321,
      322,
      323,
      324,
      325,
      326,
      327,
      328,
      329,
      330,
      331,
      332,
      333,
      334,
      335,
      336,
      337,
      338,
      339,
      340,
      341,
      342,
      343,
      344,
      345,
      346,
      347,
      348
    ],
    "source_range_ns": [
      59100000000,
      71100000000
    ],
    "receive_range_ns": [
      82893964219123,
      82906563931715
    ],
    "source_span_s": 12.0,
    "receive_span_s": 12.599712592,
    "receive_gap_ms": {
      "samples": 64,
      "percentile_method": "linear",
      "min": 94.929492,
      "max": 863.09331,
      "p50": 123.2557055,
      "p95": 425.88760929999995,
      "p99": 647.9185097399991
    },
    "source_gap_ms": {
      "samples": 64,
      "percentile_method": "linear",
      "min": 100.0,
      "max": 800.0,
      "p50": 100.0,
      "p95": 400.0,
      "p99": 610.9999999999992
    },
    "receive_gaps_over_250ms": 13,
    "source_duplicates": 0,
    "source_regressions": 0,
    "top_receive_gaps": [
      {
        "from_frame": 335,
        "to_frame": 336,
        "receive_gap_ms": 863.09331,
        "source_gap_ms": 800.0,
        "source_endpoints_ns": [
          68100000000,
          68900000000
        ],
        "receive_endpoints_ns": [
          82903424631906,
          82904287725216
        ]
      },
      {
        "from_frame": 336,
        "to_frame": 337,
        "receive_gap_ms": 521.546008,
        "source_gap_ms": 500.0,
        "source_endpoints_ns": [
          68900000000,
          69400000000
        ],
        "receive_endpoints_ns": [
          82904287725216,
          82904809271224
        ]
      },
      {
        "from_frame": 300,
        "to_frame": 301,
        "receive_gap_ms": 454.995905,
        "source_gap_ms": 400.0,
        "source_endpoints_ns": [
          61900000000,
          62300000000
        ],
        "receive_endpoints_ns": [
          82896933852801,
          82897388848706
        ]
      },
      {
        "from_frame": 296,
        "to_frame": 297,
        "receive_gap_ms": 426.658099,
        "source_gap_ms": 400.0,
        "source_endpoints_ns": [
          61100000000,
          61500000000
        ],
        "receive_endpoints_ns": [
          82896091350405,
          82896518008504
        ]
      },
      {
        "from_frame": 302,
        "to_frame": 303,
        "receive_gap_ms": 421.521501,
        "source_gap_ms": 400.0,
        "source_endpoints_ns": [
          62500000000,
          62900000000
        ],
        "receive_endpoints_ns": [
          82897594884175,
          82898016405676
        ]
      }
    ],
    "head_present": 65,
    "head_missing": 0,
    "head_cache_residence_ms": {
      "samples": 65,
      "percentile_method": "linear",
      "min": 13.279814,
      "max": 23.736553,
      "p50": 17.396552,
      "p95": 22.245096199999995,
      "p99": 23.49730628
    },
    "head_source_age_vs_latest_clock_ms": {
      "samples": 65,
      "percentile_method": "linear",
      "min": 37.0,
      "max": 54.0,
      "p50": 47.0,
      "p95": 53.0,
      "p99": 53.36
    },
    "head_consecutive_reused_receipt_count": 0,
    "encode_call_ms": {
      "samples": 65,
      "percentile_method": "linear",
      "min": 2.218878,
      "max": 5.055528,
      "p50": 2.674699,
      "p95": 4.265635799999999,
      "p99": 5.0100912
    },
    "shown_status_reasons": {
      "EXECUTING_FIRST_MTC_STAGE": 65
    }
  },
  "jtc": {
    "samples": 581,
    "actual_position_ranges_rad": [
      1.306352525020659,
      0.7790514903415711,
      1.960135604907702,
      0.48625309638759495,
      1.7501364514450568,
      0.2191295634468271,
      1.1491511580383158
    ],
    "max_tracking_error_rad": 0.03226525098039773,
    "max_actual_velocity_rad_s": 0.3225305283379639,
    "last_source_ros_s": 71.4,
    "last_max_error_rad": 1.2226722339025997e-06
  }
}
