[0.285s] WARNING:colcon.colcon_ros.prefix_path.ament:The path '/tmp/astribot_arm_dynamic_recovery/simulation/frozen/astribot_s1_gazebo_bringup' in the environment variable AMENT_PREFIX_PATH doesn't contain any 'local_setup.*' files.
[0.285s] WARNING:colcon.colcon_ros.prefix_path.ament:The path '/tmp/astribot_arm_dynamic_recovery/simulation/frozen/astribot_s1_description' in the environment variable AMENT_PREFIX_PATH doesn't contain any 'local_setup.*' files.
[0.285s] WARNING:colcon.colcon_ros.prefix_path.ament:The path '/tmp/astribot_arm_dynamic_recovery/simulation/frozen/astribot_s1_chassis_effort_drive' in the environment variable AMENT_PREFIX_PATH doesn't contain any 'local_setup.*' files.
[0.285s] WARNING:colcon.colcon_ros.prefix_path.ament:The path '/tmp/astribot_arm_dynamic_recovery/simulation/frozen/astribot_s1_chassis_effort_drive_native' in the environment variable AMENT_PREFIX_PATH doesn't contain any 'local_setup.*' files.
[0.286s] WARNING:colcon.colcon_ros.prefix_path.ament:The path '/home/yjh/WorkSpace/astribot_sdk_ros2/runs/mainline_20260928/departure_no_deviation/deployment/prefixes/astribot_s1_transport_native' in the environment variable AMENT_PREFIX_PATH doesn't contain any 'local_setup.*' files.
[0.286s] WARNING:colcon.colcon_ros.prefix_path.ament:The path '/home/yjh/WorkSpace/astribot_sdk_ros2/runs/mainline_20260928/departure_no_deviation/deployment/prefixes/astribot_s1_transport_mtc' in the environment variable AMENT_PREFIX_PATH doesn't contain any 'local_setup.*' files.
[0.286s] WARNING:colcon.colcon_ros.prefix_path.ament:The path '/home/yjh/WorkSpace/astribot_sdk_ros2/runs/mainline_20260928/departure_no_deviation/deployment/prefixes/astribot_s1_payload_state' in the environment variable AMENT_PREFIX_PATH doesn't contain any 'local_setup.*' files.
[0.286s] WARNING:colcon.colcon_ros.prefix_path.ament:The path '/home/yjh/WorkSpace/astribot_sdk_ros2/runs/mainline_20260928/departure_no_deviation/deployment/prefixes/astribot_s1_robot_geometry' in the environment variable AMENT_PREFIX_PATH doesn't contain any 'local_setup.*' files.
[0.286s] WARNING:colcon.colcon_ros.prefix_path.ament:The path '/home/yjh/WorkSpace/astribot_sdk_ros2/runs/mainline_20260928/departure_no_deviation/deployment/prefixes/astribot_s1_perception_components' in the environment variable AMENT_PREFIX_PATH doesn't contain any 'local_setup.*' files.
[0.286s] WARNING:colcon.colcon_ros.prefix_path.ament:The path '/home/yjh/WorkSpace/astribot_sdk_ros2/runs/mainline_20260928/departure_no_deviation/deployment/prefixes/astribot_s1_perception_native' in the environment variable AMENT_PREFIX_PATH doesn't contain any 'local_setup.*' files.
[0.286s] WARNING:colcon.colcon_ros.prefix_path.ament:The path '/home/yjh/WorkSpace/astribot_sdk_ros2/runs/mainline_20260928/departure_no_deviation/deployment/prefixes/astribot_s1_navigation_policy_native' in the environment variable AMENT_PREFIX_PATH doesn't contain any 'local_setup.*' files.
[0.286s] WARNING:colcon.colcon_ros.prefix_path.ament:The path '/home/yjh/WorkSpace/astribot_sdk_ros2/runs/mainline_20260928/departure_no_deviation/deployment/prefixes/astribot_s1_path_tracking' in the environment variable AMENT_PREFIX_PATH doesn't contain any 'local_setup.*' files.
[0.286s] WARNING:colcon.colcon_ros.prefix_path.ament:The path '/home/yjh/WorkSpace/astribot_sdk_ros2/runs/mainline_20260928/departure_no_deviation/deployment/prefixes/astribot_s1_navigation_recovery' in the environment variable AMENT_PREFIX_PATH doesn't contain any 'local_setup.*' files.
[0.286s] WARNING:colcon.colcon_ros.prefix_path.ament:The path '/home/yjh/WorkSpace/astribot_sdk_ros2/runs/mainline_20260928/departure_no_deviation/deployment/prefixes/astribot_s1_navigation' in the environment variable AMENT_PREFIX_PATH doesn't contain any 'local_setup.*' files.
[0.286s] WARNING:colcon.colcon_ros.prefix_path.ament:The path '/home/yjh/WorkSpace/astribot_sdk_ros2/runs/mainline_20260928/departure_no_deviation/deployment/prefixes/astribot_s1_navigation_policy' in the environment variable AMENT_PREFIX_PATH doesn't contain any 'local_setup.*' files.
[0.286s] WARNING:colcon.colcon_ros.prefix_path.ament:The path '/home/yjh/WorkSpace/astribot_sdk_ros2/runs/mainline_20260928/departure_no_deviation/deployment/prefixes/astribot_s1_dynamics_coupling' in the environment variable AMENT_PREFIX_PATH doesn't contain any 'local_setup.*' files.
[0.286s] WARNING:colcon.colcon_ros.prefix_path.ament:The path '/home/yjh/WorkSpace/astribot_sdk_ros2/runs/mainline_20260928/slam_pose_monitor/deployment/prefixes/astribot_s1_transport_native' in the environment variable AMENT_PREFIX_PATH doesn't contain any 'local_setup.*' files.
[0.286s] WARNING:colcon.colcon_ros.prefix_path.ament:The path '/home/yjh/WorkSpace/astribot_sdk_ros2/runs/mainline_20260928/slam_pose_monitor/deployment/prefixes/astribot_s1_transport_mtc' in the environment variable AMENT_PREFIX_PATH doesn't contain any 'local_setup.*' files.
[0.286s] WARNING:colcon.colcon_ros.prefix_path.ament:The path '/home/yjh/WorkSpace/astribot_sdk_ros2/runs/mainline_20260928/slam_pose_monitor/deployment/prefixes/astribot_s1_payload_state' in the environment variable AMENT_PREFIX_PATH doesn't contain any 'local_setup.*' files.
[0.286s] WARNING:colcon.colcon_ros.prefix_path.ament:The path '/home/yjh/WorkSpace/astribot_sdk_ros2/runs/mainline_20260928/slam_pose_monitor/deployment/prefixes/astribot_s1_robot_geometry' in the environment variable AMENT_PREFIX_PATH doesn't contain any 'local_setup.*' files.
[0.286s] WARNING:colcon.colcon_ros.prefix_path.ament:The path '/home/yjh/WorkSpace/astribot_sdk_ros2/runs/mainline_20260928/slam_pose_monitor/deployment/prefixes/astribot_s1_perception_components' in the environment variable AMENT_PREFIX_PATH doesn't contain any 'local_setup.*' files.
[0.286s] WARNING:colcon.colcon_ros.prefix_path.ament:The path '/home/yjh/WorkSpace/astribot_sdk_ros2/runs/mainline_20260928/slam_pose_monitor/deployment/prefixes/astribot_s1_perception_native' in the environment variable AMENT_PREFIX_PATH doesn't contain any 'local_setup.*' files.
[0.286s] WARNING:colcon.colcon_ros.prefix_path.ament:The path '/home/yjh/WorkSpace/astribot_sdk_ros2/runs/mainline_20260928/slam_pose_monitor/deployment/prefixes/astribot_s1_navigation_policy_native' in the environment variable AMENT_PREFIX_PATH doesn't contain any 'local_setup.*' files.
[0.286s] WARNING:colcon.colcon_ros.prefix_path.ament:The path '/home/yjh/WorkSpace/astribot_sdk_ros2/runs/mainline_20260928/slam_pose_monitor/deployment/prefixes/astribot_s1_path_tracking' in the environment variable AMENT_PREFIX_PATH doesn't contain any 'local_setup.*' files.
[0.286s] WARNING:colcon.colcon_ros.prefix_path.ament:The path '/home/yjh/WorkSpace/astribot_sdk_ros2/runs/mainline_20260928/slam_pose_monitor/deployment/prefixes/astribot_s1_navigation_recovery' in the environment variable AMENT_PREFIX_PATH doesn't contain any 'local_setup.*' files.
[0.286s] WARNING:colcon.colcon_ros.prefix_path.ament:The path '/home/yjh/WorkSpace/astribot_sdk_ros2/runs/mainline_20260928/slam_pose_monitor/deployment/prefixes/astribot_s1_navigation' in the environment variable AMENT_PREFIX_PATH doesn't contain any 'local_setup.*' files.
[0.286s] WARNING:colcon.colcon_ros.prefix_path.ament:The path '/home/yjh/WorkSpace/astribot_sdk_ros2/runs/mainline_20260928/slam_pose_monitor/deployment/prefixes/astribot_s1_navigation_policy' in the environment variable AMENT_PREFIX_PATH doesn't contain any 'local_setup.*' files.
[0.286s] WARNING:colcon.colcon_ros.prefix_path.ament:The path '/home/yjh/WorkSpace/astribot_sdk_ros2/runs/mainline_20260928/slam_pose_monitor/deployment/prefixes/astribot_s1_dynamics_coupling' in the environment variable AMENT_PREFIX_PATH doesn't contain any 'local_setup.*' files.
[0.286s] WARNING:colcon.colcon_ros.prefix_path.ament:The path '/home/yjh/WorkSpace/astribot_sdk_ros2/runs/mainline_20260926/latest_time_contract/deployment/prefixes/astribot_s1_dynamics_coupling' in the environment variable AMENT_PREFIX_PATH doesn't contain any 'local_setup.*' files.
[0.286s] WARNING:colcon.colcon_ros.prefix_path.ament:The path '/home/yjh/WorkSpace/astribot_sdk_ros2/runs/mainline_20260926/latest_time_contract/deployment/prefixes/astribot_s1_transport_native' in the environment variable AMENT_PREFIX_PATH doesn't contain any 'local_setup.*' files.
[0.286s] WARNING:colcon.colcon_ros.prefix_path.ament:The path '/home/yjh/WorkSpace/astribot_sdk_ros2/runs/mainline_20260926/latest_time_contract/deployment/prefixes/astribot_s1_transport_mtc' in the environment variable AMENT_PREFIX_PATH doesn't contain any 'local_setup.*' files.
[0.286s] WARNING:colcon.colcon_ros.prefix_path.ament:The path '/home/yjh/WorkSpace/astribot_sdk_ros2/runs/mainline_20260926/latest_time_contract/deployment/prefixes/astribot_s1_payload_state' in the environment variable AMENT_PREFIX_PATH doesn't contain any 'local_setup.*' files.
[0.286s] WARNING:colcon.colcon_ros.prefix_path.ament:The path '/home/yjh/WorkSpace/astribot_sdk_ros2/runs/mainline_20260926/latest_time_contract/deployment/prefixes/astribot_s1_robot_geometry' in the environment variable AMENT_PREFIX_PATH doesn't contain any 'local_setup.*' files.
[0.286s] WARNING:colcon.colcon_ros.prefix_path.ament:The path '/home/yjh/WorkSpace/astribot_sdk_ros2/runs/mainline_20260926/latest_time_contract/deployment/prefixes/astribot_s1_perception_components' in the environment variable AMENT_PREFIX_PATH doesn't contain any 'local_setup.*' files.
[0.286s] WARNING:colcon.colcon_ros.prefix_path.ament:The path '/home/yjh/WorkSpace/astribot_sdk_ros2/runs/mainline_20260926/latest_time_contract/deployment/prefixes/astribot_s1_perception_native' in the environment variable AMENT_PREFIX_PATH doesn't contain any 'local_setup.*' files.
[0.286s] WARNING:colcon.colcon_ros.prefix_path.ament:The path '/home/yjh/WorkSpace/astribot_sdk_ros2/runs/mainline_20260926/latest_time_contract/deployment/prefixes/astribot_s1_navigation_policy_native' in the environment variable AMENT_PREFIX_PATH doesn't contain any 'local_setup.*' files.
[0.286s] WARNING:colcon.colcon_ros.prefix_path.ament:The path '/home/yjh/WorkSpace/astribot_sdk_ros2/runs/mainline_20260926/latest_time_contract/deployment/prefixes/astribot_s1_path_tracking' in the environment variable AMENT_PREFIX_PATH doesn't contain any 'local_setup.*' files.
[0.286s] WARNING:colcon.colcon_ros.prefix_path.ament:The path '/home/yjh/WorkSpace/astribot_sdk_ros2/runs/mainline_20260926/latest_time_contract/deployment/prefixes/astribot_s1_navigation_recovery' in the environment variable AMENT_PREFIX_PATH doesn't contain any 'local_setup.*' files.
[0.286s] WARNING:colcon.colcon_ros.prefix_path.ament:The path '/home/yjh/WorkSpace/astribot_sdk_ros2/runs/mainline_20260926/latest_time_contract/deployment/prefixes/astribot_s1_navigation' in the environment variable AMENT_PREFIX_PATH doesn't contain any 'local_setup.*' files.
[0.286s] WARNING:colcon.colcon_ros.prefix_path.ament:The path '/home/yjh/WorkSpace/astribot_sdk_ros2/runs/mainline_20260926/latest_time_contract/deployment/prefixes/astribot_s1_navigation_policy' in the environment variable AMENT_PREFIX_PATH doesn't contain any 'local_setup.*' files.
[0.286s] WARNING:colcon.colcon_ros.prefix_path.ament:The path '/home/yjh/WorkSpace/astribot_sdk_ros2/runs/mainline_20260926/recovery_loop_1852/deployment_candidate_v4/prefixes/astribot_s1_navigation' in the environment variable AMENT_PREFIX_PATH doesn't contain any 'local_setup.*' files.
[0.286s] WARNING:colcon.colcon_ros.prefix_path.ament:The path '/home/yjh/WorkSpace/astribot_sdk_ros2/runs/mainline_20260926/recovery_loop_1852/deployment_candidate_v4/prefixes/astribot_s1_navigation_recovery' in the environment variable AMENT_PREFIX_PATH doesn't contain any 'local_setup.*' files.
[0.286s] WARNING:colcon.colcon_ros.prefix_path.ament:The path '/home/yjh/WorkSpace/astribot_sdk_ros2/runs/mainline_20260926/recovery_loop_1852/deployment_candidate_v4/prefixes/astribot_s1_robot_geometry' in the environment variable AMENT_PREFIX_PATH doesn't contain any 'local_setup.*' files.
[0.286s] WARNING:colcon.colcon_ros.prefix_path.ament:The path '/home/yjh/WorkSpace/astribot_sdk_ros2/runs/mainline_20260926/recovery_loop_1852/deployment_candidate_v4/prefixes/astribot_s1_navigation_policy_native' in the environment variable AMENT_PREFIX_PATH doesn't contain any 'local_setup.*' files.
[0.286s] WARNING:colcon.colcon_ros.prefix_path.ament:The path '/home/yjh/WorkSpace/astribot_sdk_ros2/runs/mainline_20260926/start_recovery/policy_front55/install' in the environment variable AMENT_PREFIX_PATH doesn't contain any 'local_setup.*' files.
[0.286s] WARNING:colcon.colcon_ros.prefix_path.ament:The path '/home/yjh/WorkSpace/astribot_sdk_ros2/runs/mainline_20260926/front53_payload_prefix' in the environment variable AMENT_PREFIX_PATH doesn't contain any 'local_setup.*' files.
[0.286s] WARNING:colcon.colcon_ros.prefix_path.ament:The path '/home/yjh/WorkSpace/astribot_sdk_ros2/runs/mainline_20260926/mtc_goal_response_fix/install' in the environment variable AMENT_PREFIX_PATH doesn't contain any 'local_setup.*' files.
[0.286s] WARNING:colcon.colcon_ros.prefix_path.ament:The path '/home/yjh/WorkSpace/astribot_sdk_ros2/runs/mainline_20260926/payload_revalidate_cleanup/runtime' in the environment variable AMENT_PREFIX_PATH doesn't contain any 'local_setup.*' files.
[0.286s] WARNING:colcon.colcon_ros.prefix_path.ament:The path '/home/yjh/WorkSpace/astribot_sdk_ros2/runs/mainline_20260926/native_install' in the environment variable AMENT_PREFIX_PATH doesn't contain any 'local_setup.*' files.
[0.286s] WARNING:colcon.colcon_ros.prefix_path.ament:The path '/home/yjh/WorkSpace/astribot_sdk_ros2/runs/mainline_20260926/mtc_install' in the environment variable AMENT_PREFIX_PATH doesn't contain any 'local_setup.*' files.
[0.286s] WARNING:colcon.colcon_ros.prefix_path.ament:The path '/home/yjh/WorkSpace/astribot_sdk_ros2/runs/mainline_20260925/front_facing_alignment_0740/description_install' in the environment variable AMENT_PREFIX_PATH doesn't contain any 'local_setup.*' files.
[0.286s] WARNING:colcon.colcon_ros.prefix_path.ament:The path '/home/yjh/WorkSpace/astribot_sdk_ros2/runs/mainline_20260925/base_motion_user_0542/config_install' in the environment variable AMENT_PREFIX_PATH doesn't contain any 'local_setup.*' files.
[0.286s] WARNING:colcon.colcon_ros.prefix_path.ament:The path '/home/yjh/WorkSpace/astribot_sdk_ros2/runs/mainline_20260924/filter_tf_qos_2332/config_install' in the environment variable AMENT_PREFIX_PATH doesn't contain any 'local_setup.*' files.
[0.286s] WARNING:colcon.colcon_ros.prefix_path.ament:The path '/home/yjh/WorkSpace/astribot_sdk_ros2/runs/mainline_20260924/nav_boundary/install/astribot_s1_task_arbiter_native' in the environment variable AMENT_PREFIX_PATH doesn't contain any 'local_setup.*' files.
[0.286s] WARNING:colcon.colcon_ros.prefix_path.ament:The path '/home/yjh/WorkSpace/astribot_sdk_ros2/runs/mainline_20260924/nav_boundary/install/astribot_s1_dynamics_coupling' in the environment variable AMENT_PREFIX_PATH doesn't contain any 'local_setup.*' files.
[0.286s] WARNING:colcon.colcon_ros.prefix_path.ament:The path '/home/yjh/WorkSpace/astribot_sdk_ros2/runs/mainline_20260924/nav_boundary/install/astribot_s1_navigation_policy_native' in the environment variable AMENT_PREFIX_PATH doesn't contain any 'local_setup.*' files.
[0.286s] WARNING:colcon.colcon_ros.prefix_path.ament:The path '/home/yjh/WorkSpace/astribot_sdk_ros2/runs/mainline_20260924/nav_boundary/install/astribot_s1_path_tracking' in the environment variable AMENT_PREFIX_PATH doesn't contain any 'local_setup.*' files.
[0.286s] WARNING:colcon.colcon_ros.prefix_path.ament:The path '/home/yjh/WorkSpace/astribot_sdk_ros2/runs/mainline_20260924/canonical_scene/install/astribot_s1_transport_mtc' in the environment variable AMENT_PREFIX_PATH doesn't contain any 'local_setup.*' files.
[0.286s] WARNING:colcon.colcon_ros.prefix_path.ament:The path '/home/yjh/WorkSpace/astribot_sdk_ros2/ws_robot/deps/mtc_humble/opt/ros/humble' in the environment variable AMENT_PREFIX_PATH doesn't contain any 'local_setup.*' files.
[0.301s] WARNING:colcon.colcon_ros.prefix_path.ament:The path '/home/yjh/WorkSpace/astribot_validation/M2_20260924_0953/install/astribot_s1_navigation' in the environment variable AMENT_PREFIX_PATH doesn't contain any 'local_setup.*' files.
[0.301s] WARNING:colcon.colcon_ros.prefix_path.ament:The path '/home/yjh/WorkSpace/astribot_validation/M2_20260924_0953/install/astribot_s1_navigation_policy_native' in the environment variable AMENT_PREFIX_PATH doesn't contain any 'local_setup.*' files.
[0.302s] WARNING:colcon.colcon_ros.prefix_path.ament:The path '/home/yjh/WorkSpace/astribot_sdk_ros2/runs/mainline_20260925/scene_revalidation_0601/native_install' in the environment variable AMENT_PREFIX_PATH doesn't contain any 'local_setup.*' files.
[0.302s] WARNING:colcon.colcon_ros.prefix_path.ament:The path '/home/yjh/WorkSpace/astribot_sdk_ros2/runs/mainline_20260925/base_motion_user_0542/chassis_install' in the environment variable AMENT_PREFIX_PATH doesn't contain any 'local_setup.*' files.
[0.302s] WARNING:colcon.colcon_ros.prefix_path.ament:The path '/home/yjh/WorkSpace/astribot_sdk_ros2/runs/mainline_20260925/base_motion_user_0542/native_install' in the environment variable AMENT_PREFIX_PATH doesn't contain any 'local_setup.*' files.
[0.302s] WARNING:colcon.colcon_ros.prefix_path.ament:The path '/home/yjh/WorkSpace/astribot_sdk_ros2/runs/mainline_20260925/base_motion_user_0542/mtc_install' in the environment variable AMENT_PREFIX_PATH doesn't contain any 'local_setup.*' files.
[0.302s] WARNING:colcon.colcon_ros.prefix_path.ament:The path '/home/yjh/WorkSpace/astribot_sdk_ros2/runs/mainline_20260925/payload_replan_0502/native_install' in the environment variable AMENT_PREFIX_PATH doesn't contain any 'local_setup.*' files.
[0.302s] WARNING:colcon.colcon_ros.prefix_path.ament:The path '/home/yjh/WorkSpace/astribot_sdk_ros2/runs/mainline_20260925/payload_replan_0502/mtc_install' in the environment variable AMENT_PREFIX_PATH doesn't contain any 'local_setup.*' files.
[0.302s] WARNING:colcon.colcon_ros.prefix_path.ament:The path '/home/yjh/WorkSpace/astribot_sdk_ros2/runs/mainline_20260925/payload_replan_0502/msgs_install' in the environment variable AMENT_PREFIX_PATH doesn't contain any 'local_setup.*' files.
[0.302s] WARNING:colcon.colcon_ros.prefix_path.ament:The path '/home/yjh/WorkSpace/astribot_sdk_ros2/runs/mainline_20260924/collision_snapshot_0044/mtc_install' in the environment variable AMENT_PREFIX_PATH doesn't contain any 'local_setup.*' files.
[0.302s] WARNING:colcon.colcon_ros.prefix_path.ament:The path '/home/yjh/WorkSpace/astribot_sdk_ros2/runs/mainline_20260924/payload_receipt_order_0013/native_install' in the environment variable AMENT_PREFIX_PATH doesn't contain any 'local_setup.*' files.
[0.302s] WARNING:colcon.colcon_ros.prefix_path.ament:The path '/home/yjh/WorkSpace/astribot_sdk_ros2/runs/mainline_20260924/payload_scene_apply_0001/native_install' in the environment variable AMENT_PREFIX_PATH doesn't contain any 'local_setup.*' files.
[0.302s] WARNING:colcon.colcon_ros.prefix_path.ament:The path '/home/yjh/WorkSpace/astribot_sdk_ros2/runs/mainline_20260924/payload_timing_2335/native_install' in the environment variable AMENT_PREFIX_PATH doesn't contain any 'local_setup.*' files.
[0.302s] WARNING:colcon.colcon_ros.prefix_path.ament:The path '/home/yjh/WorkSpace/astribot_sdk_ros2/runs/mainline_20260924/payload_geometry_transition_2307/native_install' in the environment variable AMENT_PREFIX_PATH doesn't contain any 'local_setup.*' files.
[0.302s] WARNING:colcon.colcon_ros.prefix_path.ament:The path '/home/yjh/WorkSpace/astribot_sdk_ros2/runs/mainline_20260924/rigid_grasp_2302/mtc_install' in the environment variable AMENT_PREFIX_PATH doesn't contain any 'local_setup.*' files.
[0.302s] WARNING:colcon.colcon_ros.prefix_path.ament:The path '/home/yjh/WorkSpace/astribot_sdk_ros2/runs/mainline_20260924/transfer_station_binding_1841/native_install' in the environment variable AMENT_PREFIX_PATH doesn't contain any 'local_setup.*' files.
[0.302s] WARNING:colcon.colcon_ros.prefix_path.ament:The path '/home/yjh/WorkSpace/astribot_sdk_ros2/runs/mainline_20260924/transfer_resume_1528/mtc_install' in the environment variable AMENT_PREFIX_PATH doesn't contain any 'local_setup.*' files.
[0.302s] WARNING:colcon.colcon_ros.prefix_path.ament:The path '/home/yjh/WorkSpace/astribot_sdk_ros2/runs/mainline_20260924/trajectory_time_scaling/install/astribot_s1_transport_mtc' in the environment variable AMENT_PREFIX_PATH doesn't contain any 'local_setup.*' files.
[0.302s] WARNING:colcon.colcon_ros.prefix_path.ament:The path '/home/yjh/WorkSpace/astribot_sdk_ros2/runs/mainline_20260924/trajectory_time_scaling/install/astribot_s1_manipulation' in the environment variable AMENT_PREFIX_PATH doesn't contain any 'local_setup.*' files.
[0.302s] WARNING:colcon.colcon_ros.prefix_path.ament:The path '/home/yjh/WorkSpace/astribot_sdk_ros2/runs/mainline_20260924/scene_binding_first_stage/capture_install/astribot_s1_transport_native' in the environment variable AMENT_PREFIX_PATH doesn't contain any 'local_setup.*' files.
[0.302s] WARNING:colcon.colcon_ros.prefix_path.ament:The path '/home/yjh/WorkSpace/astribot_sdk_ros2/runs/mainline_20260924/scene_binding_first_stage/install/astribot_s1_transport_native' in the environment variable AMENT_PREFIX_PATH doesn't contain any 'local_setup.*' files.
[0.303s] WARNING:colcon.colcon_ros.prefix_path.ament:The path '/home/yjh/WorkSpace/astribot_sdk_ros2/runs/m1_transport_20260924/next_install' in the environment variable AMENT_PREFIX_PATH doesn't contain any 'local_setup.*' files.
[0.303s] WARNING:colcon.colcon_ros.prefix_path.ament:The path '/home/yjh/WorkSpace/astribot_sdk_ros2/runs/mainline_20260924/gripper_planning_only/install/astribot_s1_transport_mtc' in the environment variable AMENT_PREFIX_PATH doesn't contain any 'local_setup.*' files.
[0.303s] WARNING:colcon.colcon_ros.prefix_path.ament:The path '/home/yjh/WorkSpace/astribot_sdk_ros2/runs/mainline_20260924/gripper_planning_only/install/astribot_s1_manipulation' in the environment variable AMENT_PREFIX_PATH doesn't contain any 'local_setup.*' files.
[0.358s] WARNING:colcon.colcon_core.package_selection:Some selected packages are already built in one or more underlay workspaces:
	'astribot_transport_msgs' is in: /tmp/astribot_arm_dynamic_recovery/install/astribot_transport_msgs, /home/yjh/WorkSpace/astribot_validation/unified_navigation_resume_20260921_01/I0_2_20260923_065115/install/astribot_transport_msgs, /home/yjh/WorkSpace/astribot_sdk_ros2/ws_robot/install/astribot_transport_msgs, /home/yjh/WorkSpace/astribot_sdk_ros2/runs/mainline_20260924/payload_transition/install/astribot_transport_msgs
	'astribot_s1_manipulation' is in: /tmp/astribot_arm_dynamic_recovery/install/astribot_s1_manipulation, /home/yjh/WorkSpace/astribot_validation/unified_navigation_resume_20260921_01/I0_2_20260923_065115/install/astribot_s1_manipulation, /home/yjh/WorkSpace/astribot_sdk_ros2/ws_robot/install/astribot_s1_manipulation
	'astribot_s1_moveit_config' is in: /home/yjh/WorkSpace/astribot_validation/unified_navigation_resume_20260921_01/I0_2_20260923_065115/install/astribot_s1_moveit_config, /tmp/astribot_arm_dynamic_recovery/install/astribot_s1_moveit_config, /home/yjh/WorkSpace/astribot_sdk_ros2/ws_robot/install/astribot_s1_moveit_config
If a package in a merged underlay workspace is overridden and it installs headers, then all packages in the overlay must sort their include directories by workspace order. Failure to do so may result in build failures or undefined behavior at run time.
If the overridden package is used by another package in any underlay, then the overriding package in the overlay must be API and ABI compatible or undefined behavior at run time may occur.

If you understand the risks and want to override a package anyways, add the following to the command line:
	--allow-overriding astribot_s1_manipulation astribot_s1_moveit_config astribot_transport_msgs

This may be promoted to an error in a future release of colcon-override-check.
Starting >>> astribot_transport_msgs
Finished <<< astribot_transport_msgs [16.2s]
Starting >>> astribot_s1_manipulation
Finished <<< astribot_s1_manipulation [35.9s]
Starting >>> astribot_s1_moveit_config
Finished <<< astribot_s1_moveit_config [0.42s]

Summary: 3 packages finished [52.8s]
