[0.189s] WARNING:colcon.colcon_core.package_selection:Some selected packages are already built in one or more underlay workspaces:
	'astribot_s1_manipulation' is in: /tmp/astribot_arm_dynamic_recovery/install/astribot_s1_manipulation
If a package in a merged underlay workspace is overridden and it installs headers, then all packages in the overlay must sort their include directories by workspace order. Failure to do so may result in build failures or undefined behavior at run time.
If the overridden package is used by another package in any underlay, then the overriding package in the overlay must be API and ABI compatible or undefined behavior at run time may occur.

If you understand the risks and want to override a package anyways, add the following to the command line:
	--allow-overriding astribot_s1_manipulation

This may be promoted to an error in a future release of colcon-override-check.
Starting >>> astribot_s1_manipulation
--- stderr: astribot_s1_manipulation
/home/yjh/WorkSpace/astribot_arm_dynamic_recovery_impl/ws_robot/src/astribot_s1_manipulation/src/controller_trajectory.cpp: In function ‘astribot_s1_manipulation::ControllerSweepResult astribot_s1_manipulation::checkControllerCommand(const PlanningSceneConstPtr&, const moveit::core::RobotState&, const JointTrajectory&, const Point&, const rclcpp::Time&, double, std::size_t, double)’:
/home/yjh/WorkSpace/astribot_arm_dynamic_recovery_impl/ws_robot/src/astribot_s1_manipulation/src/controller_trajectory.cpp:342:108: error: no matching function for call to ‘rclcpp::Duration::Duration(long int)’
  342 |     point.time_from_start = rclcpp::Duration(offset + rclcpp::Duration(point.time_from_start).nanoseconds());
      |                                                                                                            ^
In file included from /opt/ros/humble/include/rclcpp/rclcpp/qos.hpp:20,
                 from /opt/ros/humble/include/rclcpp/rclcpp/node_interfaces/node_graph_interface.hpp:33,
                 from /opt/ros/humble/include/rclcpp/rclcpp/client.hpp:42,
                 from /opt/ros/humble/include/rclcpp/rclcpp/callback_group.hpp:24,
                 from /opt/ros/humble/include/rclcpp/rclcpp/node.hpp:40,
                 from /opt/ros/humble/include/moveit/kinematics_base/kinematics_base.h:43,
                 from /opt/ros/humble/include/moveit/robot_model/joint_model_group.h:42,
                 from /opt/ros/humble/include/moveit/robot_model/robot_model.h:45,
                 from /opt/ros/humble/include/moveit/robot_state/robot_state.h:40,
                 from /opt/ros/humble/include/moveit/robot_trajectory/robot_trajectory.h:40,
                 from /home/yjh/WorkSpace/astribot_arm_dynamic_recovery_impl/ws_robot/src/astribot_s1_manipulation/include/astribot_s1_manipulation/controller_trajectory.hpp:6,
                 from /home/yjh/WorkSpace/astribot_arm_dynamic_recovery_impl/ws_robot/src/astribot_s1_manipulation/src/controller_trajectory.cpp:1:
/opt/ros/humble/include/rclcpp/rclcpp/duration.hpp:48:3: note: candidate: ‘template<class Rep, class Period> rclcpp::Duration::Duration(const std::chrono::duration<_Rep1, _Period1>&)’
   48 |   Duration(const std::chrono::duration<Rep, Period> & duration)  // NOLINT(runtime/explicit)
      |   ^~~~~~~~
/opt/ros/humble/include/rclcpp/rclcpp/duration.hpp:48:3: note:   template argument deduction/substitution failed:
/home/yjh/WorkSpace/astribot_arm_dynamic_recovery_impl/ws_robot/src/astribot_s1_manipulation/src/controller_trajectory.cpp:342:108: note:   mismatched types ‘const std::chrono::duration<_Rep1, _Period1>’ and ‘long int’
  342 |     point.time_from_start = rclcpp::Duration(offset + rclcpp::Duration(point.time_from_start).nanoseconds());
      |                                                                                                            ^
In file included from /opt/ros/humble/include/rclcpp/rclcpp/qos.hpp:20,
                 from /opt/ros/humble/include/rclcpp/rclcpp/node_interfaces/node_graph_interface.hpp:33,
                 from /opt/ros/humble/include/rclcpp/rclcpp/client.hpp:42,
                 from /opt/ros/humble/include/rclcpp/rclcpp/callback_group.hpp:24,
                 from /opt/ros/humble/include/rclcpp/rclcpp/node.hpp:40,
                 from /opt/ros/humble/include/moveit/kinematics_base/kinematics_base.h:43,
                 from /opt/ros/humble/include/moveit/robot_model/joint_model_group.h:42,
                 from /opt/ros/humble/include/moveit/robot_model/robot_model.h:45,
                 from /opt/ros/humble/include/moveit/robot_state/robot_state.h:40,
                 from /opt/ros/humble/include/moveit/robot_trajectory/robot_trajectory.h:40,
                 from /home/yjh/WorkSpace/astribot_arm_dynamic_recovery_impl/ws_robot/src/astribot_s1_manipulation/include/astribot_s1_manipulation/controller_trajectory.hpp:6,
                 from /home/yjh/WorkSpace/astribot_arm_dynamic_recovery_impl/ws_robot/src/astribot_s1_manipulation/src/controller_trajectory.cpp:1:
/opt/ros/humble/include/rclcpp/rclcpp/duration.hpp:151:3: note: candidate: ‘rclcpp::Duration::Duration()’
  151 |   Duration() = default;
      |   ^~~~~~~~
/opt/ros/humble/include/rclcpp/rclcpp/duration.hpp:151:3: note:   candidate expects 0 arguments, 1 provided
/opt/ros/humble/include/rclcpp/rclcpp/duration.hpp:61:3: note: candidate: ‘rclcpp::Duration::Duration(const rclcpp::Duration&)’
   61 |   Duration(const Duration & rhs);
      |   ^~~~~~~~
/opt/ros/humble/include/rclcpp/rclcpp/duration.hpp:61:29: note:   no known conversion for argument 1 from ‘long int’ to ‘const rclcpp::Duration&’
   61 |   Duration(const Duration & rhs);
      |            ~~~~~~~~~~~~~~~~~^~~
/opt/ros/humble/include/rclcpp/rclcpp/duration.hpp:59:12: note: candidate: ‘rclcpp::Duration::Duration(const rcl_duration_t&)’
   59 |   explicit Duration(const rcl_duration_t & duration);
      |            ^~~~~~~~
/opt/ros/humble/include/rclcpp/rclcpp/duration.hpp:59:44: note:   no known conversion for argument 1 from ‘long int’ to ‘const rcl_duration_t&’ {aka ‘const rcl_duration_s&’}
   59 |   explicit Duration(const rcl_duration_t & duration);
      |                     ~~~~~~~~~~~~~~~~~~~~~~~^~~~~~~~
/opt/ros/humble/include/rclcpp/rclcpp/duration.hpp:53:3: note: candidate: ‘rclcpp::Duration::Duration(const Duration&)’
   53 |   Duration(const builtin_interfaces::msg::Duration & duration_msg);  // NOLINT(runtime/explicit)
      |   ^~~~~~~~
/opt/ros/humble/include/rclcpp/rclcpp/duration.hpp:53:54: note:   no known conversion for argument 1 from ‘long int’ to ‘const Duration&’ {aka ‘const builtin_interfaces::msg::Duration_<std::allocator<void> >&’}
   53 |   Duration(const builtin_interfaces::msg::Duration & duration_msg);  // NOLINT(runtime/explicit)
      |            ~~~~~~~~~~~~~~~~~~~~~~~~~~~~~~~~~~~~~~~~~~^~~~~~~~~~~~
/opt/ros/humble/include/rclcpp/rclcpp/duration.hpp:42:12: note: candidate: ‘rclcpp::Duration::Duration(std::chrono::nanoseconds)’
   42 |   explicit Duration(std::chrono::nanoseconds nanoseconds);
      |            ^~~~~~~~
/opt/ros/humble/include/rclcpp/rclcpp/duration.hpp:42:46: note:   no known conversion for argument 1 from ‘long int’ to ‘std::chrono::nanoseconds’ {aka ‘std::chrono::duration<long int, std::ratio<1, 1000000000> >’}
   42 |   explicit Duration(std::chrono::nanoseconds nanoseconds);
      |                     ~~~~~~~~~~~~~~~~~~~~~~~~~^~~~~~~~~~~
/opt/ros/humble/include/rclcpp/rclcpp/duration.hpp:39:3: note: candidate: ‘rclcpp::Duration::Duration(int32_t, uint32_t)’
   39 |   Duration(int32_t seconds, uint32_t nanoseconds);
      |   ^~~~~~~~
/opt/ros/humble/include/rclcpp/rclcpp/duration.hpp:39:3: note:   candidate expects 2 arguments, 1 provided
gmake[2]: *** [CMakeFiles/astribot_s1_manipulation_core.dir/build.make:118：CMakeFiles/astribot_s1_manipulation_core.dir/src/controller_trajectory.cpp.o] 错误 1
gmake[2]: *** 正在等待未完成的任务....
gmake[1]: *** [CMakeFiles/Makefile2:185：CMakeFiles/astribot_s1_manipulation_core.dir/all] 错误 2
gmake[1]: *** 正在等待未完成的任务....
gmake: *** [Makefile:146：all] 错误 2
---
Failed   <<< astribot_s1_manipulation [14.1s, exited with code 2]

Summary: 0 packages finished [14.3s]
  1 package failed: astribot_s1_manipulation
  1 package had stderr output: astribot_s1_manipulation
