[  4%] Built target astribot_s1_manipulation_ompl_extension
[  6%] Building CXX object CMakeFiles/astribot_s1_manipulation_core.dir/src/controller_trajectory.cpp.o
[ 11%] Built target grasp_candidate_gate_node
[ 16%] Built target astribot_cancellable_execution
[ 20%] Built target astribot_owned_trajectory_controller
[ 25%] Built target astribot_observed_pointcloud_updater
[ 30%] Built target gtest_main
[ 34%] Built target gtest
Consolidate compiler generated dependencies of target observed_pointcloud_test
[ 39%] Built target observed_pointcloud_test
[ 44%] Built target controller_stop_test
Consolidate compiler generated dependencies of target owned_controller_test
[ 48%] Built target owned_controller_test
[ 53%] Built target grasp_candidate_gate_test
[ 55%] Linking CXX shared library libastribot_s1_manipulation_core.so
[ 72%] Built target astribot_s1_manipulation_core
Consolidate compiler generated dependencies of target self_collision_pair_generator
Consolidate compiler generated dependencies of target astribot_s1_manipulation_gripper
[ 74%] Linking CXX executable self_collision_pair_generator
[ 76%] Linking CXX shared library libastribot_s1_manipulation_gripper.so
[ 79%] Built target astribot_s1_manipulation_gripper
[ 81%] Built target self_collision_pair_generator
Consolidate compiler generated dependencies of target controller_trajectory_test
Consolidate compiler generated dependencies of target gripper_planning_only_test
[ 83%] Building CXX object CMakeFiles/controller_trajectory_test.dir/test/controller_trajectory_test.cpp.o
[ 86%] Linking CXX executable gripper_planning_only_test
[ 88%] Built target gripper_planning_only_test
Consolidate compiler generated dependencies of target planning_demo_node
[ 90%] Linking CXX executable planning_demo_node
[ 93%] Built target planning_demo_node
Consolidate compiler generated dependencies of target transport_skill_planner
[ 95%] Linking CXX executable transport_skill_planner
[ 97%] Built target transport_skill_planner
[100%] Linking CXX executable controller_trajectory_test
[100%] Built target controller_trajectory_test
