[INFO] [launch]: All log files can be found below /home/yjh/.ros/log/astribot/2026-09-22-00-01-08-449987-sh-xf2731-753537
[INFO] [launch]: Default logging verbosity is set to INFO
[INFO] [move_group-1]: process started with pid [753842]
[INFO] [transport_skill_planner-2]: process started with pid [753844]
[INFO] [mtc_planner-3]: process started with pid [753846]
[INFO] [execution_guard-4]: process started with pid [753848]
[move_group-1] Warning: Link 'livox_mid360_left' is not known to URDF. Cannot disable/enable collisons.
[move_group-1]          at line 594 in ./src/model.cpp
[move_group-1] Warning: Link 'livox_mid360_right' is not known to URDF. Cannot disable/enable collisons.
[move_group-1]          at line 594 in ./src/model.cpp
[move_group-1] Warning: Link 'camera_link' is not known to URDF. Cannot disable/enable collisons.
[move_group-1]          at line 594 in ./src/model.cpp
[move_group-1] [INFO] [1790006469.037258658] [moveit_rdf_loader.rdf_loader]: Loaded robot model in 2175.95 seconds
[move_group-1] [INFO] [1790006469.037519514] [moveit_robot_model.robot_model]: Loading robot model 'astribot_s1'...
[move_group-1] [WARN] [1790006469.053267185] [moveit_robot_model.robot_model]: Link astribot_gripper_left_Link_L1 has visual geometry but no collision geometry. Collision geometry will be left empty. Fix your URDF file by explicitly specifying collision geometry.
[transport_skill_planner-2] Warning: Link 'livox_mid360_left' is not known to URDF. Cannot disable/enable collisons.
[transport_skill_planner-2]          at line 594 in ./src/model.cpp
[transport_skill_planner-2] Warning: Link 'livox_mid360_right' is not known to URDF. Cannot disable/enable collisons.
[transport_skill_planner-2]          at line 594 in ./src/model.cpp
[transport_skill_planner-2] Warning: Link 'camera_link' is not known to URDF. Cannot disable/enable collisons.
[transport_skill_planner-2]          at line 594 in ./src/model.cpp
[transport_skill_planner-2] [INFO] [1790006469.065224927] [moveit_rdf_loader.rdf_loader]: Loaded robot model in 0 seconds
[transport_skill_planner-2] [INFO] [1790006469.065269579] [moveit_robot_model.robot_model]: Loading robot model 'astribot_s1'...
[move_group-1] [WARN] [1790006469.069433489] [moveit_robot_model.robot_model]: Link astribot_gripper_left_Link_R1 has visual geometry but no collision geometry. Collision geometry will be left empty. Fix your URDF file by explicitly specifying collision geometry.
[transport_skill_planner-2] [WARN] [1790006469.079671981] [moveit_robot_model.robot_model]: Link astribot_gripper_left_Link_L1 has visual geometry but no collision geometry. Collision geometry will be left empty. Fix your URDF file by explicitly specifying collision geometry.
[move_group-1] [WARN] [1790006469.092355657] [moveit_robot_model.robot_model]: Link astribot_gripper_right_Link_L1 has visual geometry but no collision geometry. Collision geometry will be left empty. Fix your URDF file by explicitly specifying collision geometry.
[transport_skill_planner-2] [WARN] [1790006469.098524474] [moveit_robot_model.robot_model]: Link astribot_gripper_left_Link_R1 has visual geometry but no collision geometry. Collision geometry will be left empty. Fix your URDF file by explicitly specifying collision geometry.
[move_group-1] [WARN] [1790006469.108133417] [moveit_robot_model.robot_model]: Link astribot_gripper_right_Link_R1 has visual geometry but no collision geometry. Collision geometry will be left empty. Fix your URDF file by explicitly specifying collision geometry.
[transport_skill_planner-2] [WARN] [1790006469.125261472] [moveit_robot_model.robot_model]: Link astribot_gripper_right_Link_L1 has visual geometry but no collision geometry. Collision geometry will be left empty. Fix your URDF file by explicitly specifying collision geometry.
[transport_skill_planner-2] [WARN] [1790006469.137989659] [moveit_robot_model.robot_model]: Link astribot_gripper_right_Link_R1 has visual geometry but no collision geometry. Collision geometry will be left empty. Fix your URDF file by explicitly specifying collision geometry.
[move_group-1] [WARN] [1790006469.143783955] [kdl_parser]: The root link astribot_torso_base has an inertia specified in the URDF, but KDL does not support a root link with an inertia.  As a workaround, you can add an extra dummy link to your URDF.
[move_group-1] [WARN] [1790006469.143996638] [kdl_parser]: The root link astribot_torso_base has an inertia specified in the URDF, but KDL does not support a root link with an inertia.  As a workaround, you can add an extra dummy link to your URDF.
[move_group-1] [WARN] [1790006469.144081793] [kdl_parser]: The root link astribot_torso_base has an inertia specified in the URDF, but KDL does not support a root link with an inertia.  As a workaround, you can add an extra dummy link to your URDF.
[transport_skill_planner-2] [WARN] [1790006469.166570063] [kdl_parser]: The root link astribot_torso_base has an inertia specified in the URDF, but KDL does not support a root link with an inertia.  As a workaround, you can add an extra dummy link to your URDF.
[transport_skill_planner-2] [WARN] [1790006469.166812186] [kdl_parser]: The root link astribot_torso_base has an inertia specified in the URDF, but KDL does not support a root link with an inertia.  As a workaround, you can add an extra dummy link to your URDF.
[transport_skill_planner-2] [WARN] [1790006469.166899485] [kdl_parser]: The root link astribot_torso_base has an inertia specified in the URDF, but KDL does not support a root link with an inertia.  As a workaround, you can add an extra dummy link to your URDF.
[transport_skill_planner-2] Warning: class_loader.ClassLoader: SEVERE WARNING!!! Attempting to unload library while objects created by this loader exist in the heap! You should delete your objects before attempting to unload the library or destroying the ClassLoader. The library will NOT be unloaded.
[transport_skill_planner-2]          at line 127 in ./src/class_loader.cpp
[move_group-1] [INFO] [1790006469.171076690] [moveit_ros.planning_scene_monitor.planning_scene_monitor]: Publishing maintained planning scene on 'monitored_planning_scene'
[move_group-1] [INFO] [1790006469.171273553] [moveit.ros_planning_interface.moveit_cpp]: Listening to 'joint_states' for joint states
[move_group-1] [INFO] [1790006469.171995640] [moveit_ros.current_state_monitor]: Listening to joint states on topic 'joint_states'
[move_group-1] [INFO] [1790006469.172395429] [moveit_ros.planning_scene_monitor.planning_scene_monitor]: Listening to '/attached_collision_object' for attached collision objects
[move_group-1] [INFO] [1790006469.172405637] [moveit_ros.planning_scene_monitor.planning_scene_monitor]: Starting planning scene monitor
[move_group-1] [INFO] [1790006469.172840386] [moveit_ros.planning_scene_monitor.planning_scene_monitor]: Listening to '/planning_scene'
[move_group-1] [INFO] [1790006469.172852112] [moveit_ros.planning_scene_monitor.planning_scene_monitor]: Starting world geometry update monitor for collision objects, attached objects, octomap updates.
[move_group-1] [INFO] [1790006469.173228974] [moveit_ros.planning_scene_monitor.planning_scene_monitor]: Listening to 'collision_object'
[transport_skill_planner-2] Warning: Link 'livox_mid360_left' is not known to URDF. Cannot disable/enable collisons.
[transport_skill_planner-2]          at line 594 in ./src/model.cpp
[transport_skill_planner-2] Warning: Link 'livox_mid360_right' is not known to URDF. Cannot disable/enable collisons.
[transport_skill_planner-2]          at line 594 in ./src/model.cpp
[transport_skill_planner-2] Warning: Link 'camera_link' is not known to URDF. Cannot disable/enable collisons.
[transport_skill_planner-2]          at line 594 in ./src/model.cpp
[transport_skill_planner-2] [INFO] [1790006469.173408427] [moveit_rdf_loader.rdf_loader]: Loaded robot model in 0 seconds
[transport_skill_planner-2] [INFO] [1790006469.173419818] [moveit_robot_model.robot_model]: Loading robot model 'astribot_s1'...
[move_group-1] [INFO] [1790006469.173533267] [moveit_ros.planning_scene_monitor.planning_scene_monitor]: Listening to 'planning_scene_world' for planning scene world geometry
[transport_skill_planner-2] [WARN] [1790006469.179364343] [moveit_robot_model.robot_model]: Link astribot_gripper_left_Link_L1 has visual geometry but no collision geometry. Collision geometry will be left empty. Fix your URDF file by explicitly specifying collision geometry.
[transport_skill_planner-2] [WARN] [1790006469.183510035] [moveit_robot_model.robot_model]: Link astribot_gripper_left_Link_R1 has visual geometry but no collision geometry. Collision geometry will be left empty. Fix your URDF file by explicitly specifying collision geometry.
[transport_skill_planner-2] [WARN] [1790006469.192214447] [moveit_robot_model.robot_model]: Link astribot_gripper_right_Link_L1 has visual geometry but no collision geometry. Collision geometry will be left empty. Fix your URDF file by explicitly specifying collision geometry.
[transport_skill_planner-2] [WARN] [1790006469.202760769] [moveit_robot_model.robot_model]: Link astribot_gripper_right_Link_R1 has visual geometry but no collision geometry. Collision geometry will be left empty. Fix your URDF file by explicitly specifying collision geometry.
[move_group-1] [INFO] [1790006469.216155259] [moveit.ros.perception.pointcloud_octomap_updater]: Listening to '/camera/head_rgbd/points' using message filter with target frame 'astribot_torso_base '
[move_group-1] [INFO] [1790006469.217017030] [moveit.ros.perception.pointcloud_octomap_updater]: Listening to '/camera/torso_rgbd/points' using message filter with target frame 'astribot_torso_base '
[move_group-1] [INFO] [1790006469.217029741] [moveit.ros_planning_interface.moveit_cpp]: Loading planning pipeline 'ompl'
[transport_skill_planner-2] [WARN] [1790006469.223122012] [kdl_parser]: The root link astribot_torso_base has an inertia specified in the URDF, but KDL does not support a root link with an inertia.  As a workaround, you can add an extra dummy link to your URDF.
[transport_skill_planner-2] [WARN] [1790006469.223312012] [kdl_parser]: The root link astribot_torso_base has an inertia specified in the URDF, but KDL does not support a root link with an inertia.  As a workaround, you can add an extra dummy link to your URDF.
[transport_skill_planner-2] [WARN] [1790006469.223400022] [kdl_parser]: The root link astribot_torso_base has an inertia specified in the URDF, but KDL does not support a root link with an inertia.  As a workaround, you can add an extra dummy link to your URDF.
[move_group-1] [INFO] [1790006469.227136070] [astribot_s1_manipulation.ompl_extension]: registered extra OMPL planners: 25 -> 30 total
[move_group-1] [INFO] [1790006469.227166135] [astribot_s1_manipulation.ompl_extension]:   [OK]      geometric::RRTstar
[move_group-1] [INFO] [1790006469.227169560] [astribot_s1_manipulation.ompl_extension]:   [OK]      geometric::BITstar
[move_group-1] [INFO] [1790006469.227171908] [astribot_s1_manipulation.ompl_extension]:   [OK]      geometric::InformedRRTstar
[move_group-1] [INFO] [1790006469.227175294] [moveit.ros_planning.planning_pipeline]: Using planning interface 'OMPL (with BITstar / InformedRRTstar registered by astribot_s1_manipulation)'
[move_group-1] [INFO] [1790006469.231087741] [moveit_ros.add_time_optimal_parameterization]: Param 'ompl.path_tolerance' was not set. Using default value: 0.100000
[move_group-1] [INFO] [1790006469.231101489] [moveit_ros.add_time_optimal_parameterization]: Param 'ompl.resample_dt' was not set. Using default value: 0.100000
[move_group-1] [INFO] [1790006469.231103479] [moveit_ros.add_time_optimal_parameterization]: Param 'ompl.min_angle_change' was not set. Using default value: 0.001000
[move_group-1] [INFO] [1790006469.231120576] [moveit_ros.fix_workspace_bounds]: Param 'ompl.default_workspace_bounds' was not set. Using default value: 10.000000
[move_group-1] [INFO] [1790006469.231127164] [moveit_ros.fix_start_state_bounds]: Param 'ompl.start_state_max_bounds_error' was set to 0.100000
[move_group-1] [INFO] [1790006469.231129309] [moveit_ros.fix_start_state_bounds]: Param 'ompl.start_state_max_dt' was not set. Using default value: 0.500000
[move_group-1] [INFO] [1790006469.231134459] [moveit_ros.fix_start_state_collision]: Param 'ompl.start_state_max_dt' was not set. Using default value: 0.500000
[move_group-1] [INFO] [1790006469.231136073] [moveit_ros.fix_start_state_collision]: Param 'ompl.jiggle_fraction' was not set. Using default value: 0.020000
[move_group-1] [INFO] [1790006469.231144817] [moveit_ros.fix_start_state_collision]: Param 'ompl.max_sampling_attempts' was not set. Using default value: 100
[move_group-1] [INFO] [1790006469.231150163] [moveit.ros_planning.planning_pipeline]: Using planning request adapter 'Add Time Optimal Parameterization'
[move_group-1] [INFO] [1790006469.231152697] [moveit.ros_planning.planning_pipeline]: Using planning request adapter 'Resolve constraint frames to robot links'
[move_group-1] [INFO] [1790006469.231153810] [moveit.ros_planning.planning_pipeline]: Using planning request adapter 'Fix Workspace Bounds'
[move_group-1] [INFO] [1790006469.231154987] [moveit.ros_planning.planning_pipeline]: Using planning request adapter 'Fix Start State Bounds'
[move_group-1] [INFO] [1790006469.231156050] [moveit.ros_planning.planning_pipeline]: Using planning request adapter 'Fix Start State In Collision'
[move_group-1] [INFO] [1790006469.231157272] [moveit.ros_planning.planning_pipeline]: Using planning request adapter 'Fix Start State Path Constraints'
[transport_skill_planner-2] [INFO] [1790006469.252648633] [moveit_ros.current_state_monitor]: Listening to joint states on topic 'joint_states'
[transport_skill_planner-2] [INFO] [1790006469.257728811] [moveit_ros.planning_scene_monitor.planning_scene_monitor]: Listening to '/attached_collision_object' for attached collision objects
[transport_skill_planner-2] [INFO] [1790006469.257758630] [moveit_ros.planning_scene_monitor.planning_scene_monitor]: Starting planning scene monitor
[transport_skill_planner-2] [INFO] [1790006469.259195862] [moveit_ros.planning_scene_monitor.planning_scene_monitor]: Listening to '/planning_scene'
[transport_skill_planner-2] [INFO] [1790006469.259221686] [moveit_ros.planning_scene_monitor.planning_scene_monitor]: Starting world geometry update monitor for collision objects, attached objects, octomap updates.
[transport_skill_planner-2] [INFO] [1790006469.259970174] [moveit_ros.planning_scene_monitor.planning_scene_monitor]: Listening to 'collision_object'
[transport_skill_planner-2] [INFO] [1790006469.260502946] [moveit_ros.planning_scene_monitor.planning_scene_monitor]: Listening to 'planning_scene_world' for planning scene world geometry
[transport_skill_planner-2] [WARN] [1790006469.261889904] [moveit.ros.occupancy_map_monitor.middleware_handle]: Resolution not specified for Octomap. Assuming resolution = 0.1 instead
[transport_skill_planner-2] [ERROR] [1790006469.261907963] [moveit.ros.occupancy_map_monitor.middleware_handle]: No 3D sensor plugin(s) defined for octomap updates
[move_group-1] [INFO] [1790006469.283341230] [moveit.plugins.moveit_simple_controller_manager]: Added FollowJointTrajectory controller for arm_left_controller
[move_group-1] [INFO] [1790006469.286436306] [moveit.plugins.moveit_simple_controller_manager]: Added FollowJointTrajectory controller for arm_right_controller
[move_group-1] [INFO] [1790006469.288872540] [moveit.plugins.moveit_simple_controller_manager]: Added FollowJointTrajectory controller for torso_controller
[move_group-1] [INFO] [1790006469.291448012] [moveit.plugins.moveit_simple_controller_manager]: Added FollowJointTrajectory controller for gripper_left_controller
[move_group-1] [INFO] [1790006469.294206665] [moveit.plugins.moveit_simple_controller_manager]: Added FollowJointTrajectory controller for gripper_right_controller
[move_group-1] [INFO] [1790006469.294356745] [moveit.plugins.moveit_simple_controller_manager]: Returned 5 controllers in list
[move_group-1] [INFO] [1790006469.294387325] [moveit.plugins.moveit_simple_controller_manager]: Returned 5 controllers in list
[move_group-1] [INFO] [1790006469.294823858] [moveit_ros.trajectory_execution_manager]: Trajectory execution is not managing controllers
[move_group-1] [INFO] [1790006469.294836231] [move_group.move_group]: MoveGroup debug mode is ON
[move_group-1] [INFO] [1790006469.311136293] [move_group.move_group]: 
[move_group-1] 
[move_group-1] ********************************************************
[move_group-1] * MoveGroup using: 
[move_group-1] *     - ApplyPlanningSceneService
[move_group-1] *     - ClearOctomapService
[move_group-1] *     - CartesianPathService
[move_group-1] *     - GetPlanningSceneService
[move_group-1] *     - KinematicsService
[move_group-1] *     - MoveAction
[move_group-1] *     - MotionPlanService
[move_group-1] *     - QueryPlannersService
[move_group-1] *     - StateValidationService
[move_group-1] ********************************************************
[move_group-1] 
[move_group-1] [INFO] [1790006469.311170043] [moveit_move_group_capabilities_base.move_group_context]: MoveGroup context using planning plugin astribot_s1_manipulation/OmplPlannerExtension
[move_group-1] [INFO] [1790006469.311174862] [moveit_move_group_capabilities_base.move_group_context]: MoveGroup context initialization complete
[move_group-1] [96mLoading 'move_group/ApplyPlanningSceneService'...
[move_group-1] [0m[96mLoading 'move_group/ClearOctomapService'...
[move_group-1] [0m[96mLoading 'move_group/MoveGroupCartesianPathService'...
[move_group-1] [0m[96mLoading 'move_group/MoveGroupGetPlanningSceneService'...
[move_group-1] [0m[96mLoading 'move_group/MoveGroupKinematicsService'...
[move_group-1] [0m[96mLoading 'move_group/MoveGroupMoveAction'...
[move_group-1] [0m[96mLoading 'move_group/MoveGroupPlanService'...
[move_group-1] [0m[96mLoading 'move_group/MoveGroupQueryPlannersService'...
[move_group-1] [0m[96mLoading 'move_group/MoveGroupStateValidationService'...
[move_group-1] [0m[92m
[move_group-1] You can start planning now!
[move_group-1] 
[transport_skill_planner-2] [WARN] [1790006479.278802469] [astribot_s1_manipulation.dual_arm_planner]: did not receive a complete robot state within 10.0s; planning may fail if the arm joints are missing from /joint_states
[transport_skill_planner-2] [INFO] [1790006479.279389322] [astribot_s1_manipulation.dual_arm_planner]: initialized: dual_arm_group='dual_arm' planner='RRTConnectConfig' leader='arm_left' follower='arm_right' leader_tcp='astribot_arm_left_tcp_link' follower_tcp='astribot_arm_right_tcp_link' max_replan=3
[transport_skill_planner-2] [INFO] [1790006479.295235301] [transport_skill_planner]: Validated transport skill planner ready
[transport_skill_planner-2] Warning: Link 'livox_mid360_left' is not known to URDF. Cannot disable/enable collisons.
[transport_skill_planner-2]          at line 594 in ./src/model.cpp
[transport_skill_planner-2] Warning: Link 'livox_mid360_right' is not known to URDF. Cannot disable/enable collisons.
[transport_skill_planner-2]          at line 594 in ./src/model.cpp
[transport_skill_planner-2] Warning: Link 'camera_link' is not known to URDF. Cannot disable/enable collisons.
[transport_skill_planner-2]          at line 594 in ./src/model.cpp
[transport_skill_planner-2] [INFO] [1790006479.364628965] [moveit_rdf_loader.rdf_loader]: Loaded robot model in 0 seconds
[transport_skill_planner-2] [INFO] [1790006479.364644725] [moveit_robot_model.robot_model]: Loading robot model 'astribot_s1'...
[transport_skill_planner-2] [WARN] [1790006479.372530316] [moveit_robot_model.robot_model]: Link astribot_gripper_left_Link_L1 has visual geometry but no collision geometry. Collision geometry will be left empty. Fix your URDF file by explicitly specifying collision geometry.
[transport_skill_planner-2] [WARN] [1790006479.378016412] [moveit_robot_model.robot_model]: Link astribot_gripper_left_Link_R1 has visual geometry but no collision geometry. Collision geometry will be left empty. Fix your URDF file by explicitly specifying collision geometry.
[transport_skill_planner-2] [WARN] [1790006479.386337938] [moveit_robot_model.robot_model]: Link astribot_gripper_right_Link_L1 has visual geometry but no collision geometry. Collision geometry will be left empty. Fix your URDF file by explicitly specifying collision geometry.
[transport_skill_planner-2] [WARN] [1790006479.390776854] [moveit_robot_model.robot_model]: Link astribot_gripper_right_Link_R1 has visual geometry but no collision geometry. Collision geometry will be left empty. Fix your URDF file by explicitly specifying collision geometry.
[transport_skill_planner-2] [WARN] [1790006479.399033155] [kdl_parser]: The root link astribot_torso_base has an inertia specified in the URDF, but KDL does not support a root link with an inertia.  As a workaround, you can add an extra dummy link to your URDF.
[transport_skill_planner-2] [WARN] [1790006479.399166911] [kdl_parser]: The root link astribot_torso_base has an inertia specified in the URDF, but KDL does not support a root link with an inertia.  As a workaround, you can add an extra dummy link to your URDF.
[transport_skill_planner-2] [WARN] [1790006479.399221733] [kdl_parser]: The root link astribot_torso_base has an inertia specified in the URDF, but KDL does not support a root link with an inertia.  As a workaround, you can add an extra dummy link to your URDF.
[transport_skill_planner-2] [INFO] [1790006481.416152086] [move_group_interface]: Ready to take commands for planning group arm_right.
[transport_skill_planner-2] [INFO] [1790006481.416498360] [move_group_interface]: MoveGroup action client/server ready
[move_group-1] [INFO] [1790006481.416848219] [moveit_move_group_default_capabilities.move_action_capability]: Received request
[transport_skill_planner-2] [INFO] [1790006481.416964548] [move_group_interface]: Planning request accepted
[move_group-1] [INFO] [1790006481.416977946] [moveit_move_group_default_capabilities.move_action_capability]: executing..
[move_group-1] [INFO] [1790006481.419873315] [moveit_move_group_default_capabilities.move_action_capability]: Planning request received for MoveGroup action. Forwarding to planning pipeline.
[move_group-1] [INFO] [1790006481.420534691] [astribot_s1_manipulation.ompl_extension]: planning request: group='arm_right' planner_id='RRTConnectConfig' allowed_time=5.00s
[move_group-1] [0mDebug:   Starting goal sampling thread
[move_group-1] Debug:   Waiting for space information to be set up before the sampling thread can begin computation...
[move_group-1] Debug:   The value of parameter 'longest_valid_segment_fraction' is now: '0.01'
[move_group-1] Debug:   The value of parameter 'range' is now: '0'
[move_group-1] Debug:   arm_right/arm_right[RRTConnectConfig]: Planner range detected to be 5.352000
[move_group-1] [INFO] [1790006481.421021988] [moveit.ompl_planning.model_based_planning_context]: Planner configuration 'arm_right[RRTConnectConfig]' will use planner 'geometric::RRTConnect'. Additional configuration parameters will be set when the planner is constructed.
[move_group-1] Info:    arm_right/arm_right[RRTConnectConfig]: Starting planning with 1 states already in datastructure
[move_group-1] Debug:   arm_right/arm_right[RRTConnectConfig]: Waiting for goal region samples ...
[move_group-1] Debug:   Beginning sampling thread computation
[move_group-1] Debug:   Adding goal state
[move_group-1] Debug:   arm_right/arm_right[RRTConnectConfig]: Waited 0.010067 seconds for the first goal sample.
[move_group-1] Debug:   Adding goal state
[move_group-1] Debug:   Adding goal state
[move_group-1] Debug:   Adding goal state
[move_group-1] Debug:   Adding goal state
[move_group-1] Debug:   Adding goal state
[move_group-1] Debug:   Adding goal state
[move_group-1] Debug:   Adding goal state
[move_group-1] Debug:   Adding goal state
[move_group-1] Debug:   Adding goal state
[move_group-1] Debug:   Stopped goal sampling thread after 10 sampling attempts
[move_group-1] Info:    arm_right/arm_right[RRTConnectConfig]: Created 5 states (2 start + 3 goal)
[move_group-1] Info:    Solution found in 0.013254 seconds
[move_group-1] Info:    SimpleSetup: Path simplification took 0.011336 seconds and changed from 4 to 2 states
[move_group-1] [INFO] [1790006481.448090918] [moveit_move_group_default_capabilities.move_action_capability]: Motion plan was computed successfully.
[transport_skill_planner-2] [INFO] [1790006481.448637201] [move_group_interface]: Planning request complete!
[transport_skill_planner-2] [INFO] [1790006481.449342438] [move_group_interface]: time taken to generate plan: 0.0245896 seconds
[transport_skill_planner-2] [INFO] [1790006481.452622166] [astribot_s1_manipulation.singularity]: waypoint 0 is still singular (sigma_min=0.00771033 below threshold 0.02) but exempt as part of the escape from a singular start; the trajectory is allowed to move away from it
[transport_skill_planner-2] [INFO] [1790006481.452781017] [astribot_s1_manipulation.singularity]: waypoint 1 is still singular (sigma_min=0.010093 below threshold 0.02) but exempt as part of the escape from a singular start; the trajectory is allowed to move away from it
[transport_skill_planner-2] [INFO] [1790006481.452872400] [astribot_s1_manipulation.singularity]: waypoint 2 is still singular (sigma_min=0.0172161 below threshold 0.02) but exempt as part of the escape from a singular start; the trajectory is allowed to move away from it
[transport_skill_planner-2] [INFO] [1790006481.453865351] [astribot_s1_manipulation.time_optimizer]: baseline (IPTP, scaling 0.30/0.30): duration=0.629s waypoints=12 max_vel=2.921rad/s (astribot_arm_right_joint_4) max_acc=11.620rad/s^2 (astribot_arm_right_joint_4) peak_vel_util=20.9% source=trajectory
[transport_skill_planner-2] [INFO] [1790006481.453922795] [astribot_s1_manipulation.time_optimizer]: optimization disabled by configuration; baseline adopted
[transport_skill_planner-2] [INFO] [1790006481.454142771] [astribot_s1_manipulation.dual_arm_planner]: single-arm plan OK: group='arm_right' planner='RRTConnectConfig' attempt=1 duration=0.629s waypoints=12 max_vel=2.921rad/s (astribot_arm_right_joint_4) max_acc=11.620rad/s^2 (astribot_arm_right_joint_4) peak_vel_util=20.9% source=trajectory
[transport_skill_planner-2] [INFO] [1790006481.458090115] [move_group_interface]: MoveGroup action client/server ready
[move_group-1] [INFO] [1790006481.458248807] [moveit_move_group_default_capabilities.move_action_capability]: Received request
[move_group-1] [INFO] [1790006481.458293794] [moveit_move_group_default_capabilities.move_action_capability]: executing..
[transport_skill_planner-2] [INFO] [1790006481.458360127] [move_group_interface]: Planning request accepted
[move_group-1] [INFO] [1790006481.460162819] [moveit_move_group_default_capabilities.move_action_capability]: Planning request received for MoveGroup action. Forwarding to planning pipeline.
[move_group-1] [INFO] [1790006481.460603826] [astribot_s1_manipulation.ompl_extension]: planning request: group='arm_right' planner_id='RRTConnectConfig' allowed_time=5.00s
[move_group-1] Debug:   Starting goal sampling thread
[move_group-1] Debug:   Waiting for space information to be set up before the sampling thread can begin computation...
[move_group-1] [INFO] [1790006481.460823243] [moveit.ompl_planning.model_based_planning_context]: Planner configuration 'arm_right[RRTConnectConfig]' will use planner 'geometric::RRTConnect'. Additional configuration parameters will be set when the planner is constructed.
[move_group-1] Debug:   The value of parameter 'longest_valid_segment_fraction' is now: '0.01'
[move_group-1] Debug:   The value of parameter 'range' is now: '0'
[move_group-1] Debug:   arm_right/arm_right[RRTConnectConfig]: Planner range detected to be 5.352000
[move_group-1] Info:    arm_right/arm_right[RRTConnectConfig]: Starting planning with 1 states already in datastructure
[move_group-1] Debug:   arm_right/arm_right[RRTConnectConfig]: Waiting for goal region samples ...
[move_group-1] Debug:   Beginning sampling thread computation
[move_group-1] Debug:   Adding goal state
[move_group-1] Debug:   Adding goal state
[move_group-1] Debug:   Adding goal state
[move_group-1] Debug:   Adding goal state
[move_group-1] Debug:   Adding goal state
[move_group-1] Debug:   Adding goal state
[move_group-1] Debug:   Adding goal state
[move_group-1] Debug:   Adding goal state
[move_group-1] Debug:   Adding goal state
[move_group-1] Debug:   Adding goal state
[move_group-1] Debug:   Stopped goal sampling thread after 10 sampling attempts
[move_group-1] Debug:   arm_right/arm_right[RRTConnectConfig]: Waited 0.020121 seconds for the first goal sample.
[move_group-1] Info:    arm_right/arm_right[RRTConnectConfig]: Created 4 states (2 start + 2 goal)
[move_group-1] Info:    Solution found in 0.022950 seconds
[move_group-1] Info:    SimpleSetup: Path simplification took 0.013274 seconds and changed from 3 to 2 states
[move_group-1] [INFO] [1790006481.498749876] [moveit_move_group_default_capabilities.move_action_capability]: Motion plan was computed successfully.
[transport_skill_planner-2] [INFO] [1790006481.499017807] [move_group_interface]: Planning request complete!
[transport_skill_planner-2] [INFO] [1790006481.499248729] [move_group_interface]: time taken to generate plan: 0.0362243 seconds
[transport_skill_planner-2] [INFO] [1790006481.503998401] [astribot_s1_manipulation.singularity]: waypoint 0 is still singular (sigma_min=0.00771033 below threshold 0.02) but exempt as part of the escape from a singular start; the trajectory is allowed to move away from it
[transport_skill_planner-2] [INFO] [1790006481.504304675] [astribot_s1_manipulation.singularity]: waypoint 1 is still singular (sigma_min=0.0100927 below threshold 0.02) but exempt as part of the escape from a singular start; the trajectory is allowed to move away from it
[transport_skill_planner-2] [INFO] [1790006481.504614983] [astribot_s1_manipulation.singularity]: waypoint 2 is still singular (sigma_min=0.0172148 below threshold 0.02) but exempt as part of the escape from a singular start; the trajectory is allowed to move away from it
[transport_skill_planner-2] [INFO] [1790006481.505963129] [astribot_s1_manipulation.time_optimizer]: baseline (IPTP, scaling 0.30/0.30): duration=0.629s waypoints=12 max_vel=2.920rad/s (astribot_arm_right_joint_4) max_acc=11.612rad/s^2 (astribot_arm_right_joint_4) peak_vel_util=20.9% source=trajectory
[transport_skill_planner-2] [INFO] [1790006481.506017274] [astribot_s1_manipulation.time_optimizer]: optimization disabled by configuration; baseline adopted
[transport_skill_planner-2] [INFO] [1790006481.506309573] [astribot_s1_manipulation.dual_arm_planner]: single-arm plan OK: group='arm_right' planner='RRTConnectConfig' attempt=1 duration=0.629s waypoints=12 max_vel=2.920rad/s (astribot_arm_right_joint_4) max_acc=11.612rad/s^2 (astribot_arm_right_joint_4) peak_vel_util=20.9% source=trajectory
[transport_skill_planner-2] [INFO] [1790006481.510751474] [move_group_interface]: MoveGroup action client/server ready
[move_group-1] [INFO] [1790006481.512597370] [moveit_move_group_default_capabilities.move_action_capability]: Received request
[move_group-1] [INFO] [1790006481.512687631] [moveit_move_group_default_capabilities.move_action_capability]: executing..
[transport_skill_planner-2] [INFO] [1790006481.512777222] [move_group_interface]: Planning request accepted
[move_group-1] [INFO] [1790006481.513060124] [moveit_move_group_default_capabilities.move_action_capability]: Planning request received for MoveGroup action. Forwarding to planning pipeline.
[move_group-1] [INFO] [1790006481.513675865] [astribot_s1_manipulation.ompl_extension]: planning request: group='arm_right' planner_id='RRTConnectConfig' allowed_time=5.00s
[move_group-1] [INFO] [1790006481.514037486] [moveit.ompl_planning.model_based_planning_context]: Planner configuration 'arm_right[RRTConnectConfig]' will use planner 'geometric::RRTConnect'. Additional configuration parameters will be set when the planner is constructed.
[move_group-1] Debug:   Starting goal sampling thread
[move_group-1] Debug:   Waiting for space information to be set up before the sampling thread can begin computation...
[move_group-1] Debug:   The value of parameter 'longest_valid_segment_fraction' is now: '0.01'
[move_group-1] Debug:   The value of parameter 'range' is now: '0'
[move_group-1] Debug:   arm_right/arm_right[RRTConnectConfig]: Planner range detected to be 5.352000
[move_group-1] Info:    arm_right/arm_right[RRTConnectConfig]: Starting planning with 1 states already in datastructure
[move_group-1] Debug:   arm_right/arm_right[RRTConnectConfig]: Waiting for goal region samples ...
[move_group-1] Debug:   Beginning sampling thread computation
[move_group-1] Debug:   Adding goal state
[move_group-1] Debug:   arm_right/arm_right[RRTConnectConfig]: Waited 0.010060 seconds for the first goal sample.
[move_group-1] Debug:   Adding goal state
[move_group-1] Debug:   Adding goal state
[move_group-1] Debug:   Adding goal state
[move_group-1] Debug:   Adding goal state
[move_group-1] Debug:   Adding goal state
[move_group-1] Debug:   Adding goal state
[move_group-1] Debug:   Adding goal state
[move_group-1] Debug:   Adding goal state
[move_group-1] Debug:   Adding goal state
[move_group-1] Debug:   Stopped goal sampling thread after 10 sampling attempts
[move_group-1] Info:    arm_right/arm_right[RRTConnectConfig]: Created 6 states (4 start + 2 goal)
[move_group-1] Info:    Solution found in 0.015619 seconds
[move_group-1] Info:    SimpleSetup: Path simplification took 0.018278 seconds and changed from 4 to 2 states
[move_group-1] [INFO] [1790006481.549385054] [moveit_move_group_default_capabilities.move_action_capability]: Motion plan was computed successfully.
[transport_skill_planner-2] [INFO] [1790006481.549589439] [move_group_interface]: Planning request complete!
[transport_skill_planner-2] [INFO] [1790006481.549976220] [move_group_interface]: time taken to generate plan: 0.0338968 seconds
[transport_skill_planner-2] [INFO] [1790006481.552546462] [astribot_s1_manipulation.singularity]: waypoint 0 is still singular (sigma_min=0.00771033 below threshold 0.02) but exempt as part of the escape from a singular start; the trajectory is allowed to move away from it
[transport_skill_planner-2] [INFO] [1790006481.552670087] [astribot_s1_manipulation.singularity]: waypoint 1 is still singular (sigma_min=0.0100936 below threshold 0.02) but exempt as part of the escape from a singular start; the trajectory is allowed to move away from it
[transport_skill_planner-2] [INFO] [1790006481.552800056] [astribot_s1_manipulation.singularity]: waypoint 2 is still singular (sigma_min=0.0172184 below threshold 0.02) but exempt as part of the escape from a singular start; the trajectory is allowed to move away from it
[transport_skill_planner-2] [INFO] [1790006481.553748628] [astribot_s1_manipulation.time_optimizer]: baseline (IPTP, scaling 0.30/0.30): duration=0.629s waypoints=12 max_vel=3.012rad/s (astribot_arm_right_joint_4) max_acc=11.591rad/s^2 (astribot_arm_right_joint_4) peak_vel_util=21.5% source=trajectory
[transport_skill_planner-2] [INFO] [1790006481.553770923] [astribot_s1_manipulation.time_optimizer]: optimization disabled by configuration; baseline adopted
[transport_skill_planner-2] [INFO] [1790006481.553995469] [astribot_s1_manipulation.dual_arm_planner]: single-arm plan OK: group='arm_right' planner='RRTConnectConfig' attempt=1 duration=0.629s waypoints=12 max_vel=3.012rad/s (astribot_arm_right_joint_4) max_acc=11.591rad/s^2 (astribot_arm_right_joint_4) peak_vel_util=21.5% source=trajectory
[WARNING] [launch]: user interrupted with ctrl-c (SIGINT)
[INFO] [execution_guard-4]: sending signal 'SIGINT' to process[execution_guard-4]
[INFO] [mtc_planner-3]: sending signal 'SIGINT' to process[mtc_planner-3]
[INFO] [transport_skill_planner-2]: sending signal 'SIGINT' to process[transport_skill_planner-2]
[INFO] [move_group-1]: sending signal 'SIGINT' to process[move_group-1]
[execution_guard-4] [INFO] [1790006481.720622638] [rclcpp]: signal_handler(SIGINT/SIGTERM)
[mtc_planner-3] [INFO] [1790006481.721161457] [rclcpp]: signal_handler(SIGINT/SIGTERM)
[transport_skill_planner-2] [INFO] [1790006481.721493338] [rclcpp]: signal_handler(SIGINT/SIGTERM)
[move_group-1] [INFO] [1790006481.721891726] [rclcpp]: signal_handler(SIGINT/SIGTERM)
[move_group-1] [INFO] [1790006481.741140222] [moveit.ros_planning_interface.moveit_cpp]: Deleting MoveItCpp
[transport_skill_planner-2] [INFO] [1790006481.800681715] [moveit_ros.planning_scene_monitor.planning_scene_monitor]: Stopping planning scene monitor
[transport_skill_planner-2] [INFO] [1790006481.801390542] [moveit_ros.planning_scene_monitor.planning_scene_monitor]: Stopping world geometry monitor
[transport_skill_planner-2] [INFO] [1790006481.801644154] [moveit_ros.planning_scene_monitor.planning_scene_monitor]: Stopping world geometry monitor
[INFO] [mtc_planner-3]: process has finished cleanly [pid 753846]
[INFO] [execution_guard-4]: process has finished cleanly [pid 753848]
[INFO] [transport_skill_planner-2]: process has finished cleanly [pid 753844]
[move_group-1] [INFO] [1790006481.973106189] [moveit_ros.planning_scene_monitor.planning_scene_monitor]: Stopped publishing maintained planning scene.
[move_group-1] [INFO] [1790006481.973712603] [moveit_ros.planning_scene_monitor.planning_scene_monitor]: Stopping world geometry monitor
[move_group-1] [INFO] [1790006481.974622558] [moveit_ros.planning_scene_monitor.planning_scene_monitor]: Stopping planning scene monitor
[move_group-1] Warning: class_loader.ClassLoader: SEVERE WARNING!!! Attempting to unload library while objects created by this loader exist in the heap! You should delete your objects before attempting to unload the library or destroying the ClassLoader. The library will NOT be unloaded.
[move_group-1]          at line 127 in ./src/class_loader.cpp
[INFO] [move_group-1]: process has finished cleanly [pid 753842]
