	linux-vdso.so.1 (0x00007fff7bdf7000)
	libeagleaudithook.so => /usr/lib/x86_64-linux-gnu/eagleaudit/libeagleaudithook.so (0x0000761902000000)
	libpayload_client.so => /home/yjh/WorkSpace/astribot_sdk_ros2/runs/mainline_20260924/payload_geometry_transition_2307/native_install/lib/libpayload_client.so (0x0000761902804000)
	libpayload_frames.so => /home/yjh/WorkSpace/astribot_sdk_ros2/runs/mainline_20260924/payload_geometry_transition_2307/native_install/lib/libpayload_frames.so (0x00007619027f8000)
	libpayload_scene.so => /home/yjh/WorkSpace/astribot_sdk_ros2/runs/mainline_20260924/payload_geometry_transition_2307/native_install/lib/libpayload_scene.so (0x00007619027b9000)
	libfixed_station_scene.so => /home/yjh/WorkSpace/astribot_sdk_ros2/runs/mainline_20260924/payload_geometry_transition_2307/native_install/lib/libfixed_station_scene.so (0x000076190277b000)
	libfixed_station_navigation.so => /home/yjh/WorkSpace/astribot_sdk_ros2/runs/mainline_20260924/payload_geometry_transition_2307/native_install/lib/libfixed_station_navigation.so (0x0000761901e06000)
	libastribot_s1_transport_native__rosidl_typesupport_cpp.so => /home/yjh/WorkSpace/astribot_sdk_ros2/runs/mainline_20260924/payload_geometry_transition_2307/native_install/lib/libastribot_s1_transport_native__rosidl_typesupport_cpp.so (0x000076190276b000)
	libcontrol_msgs__rosidl_typesupport_cpp.so => /opt/ros/humble/lib/libcontrol_msgs__rosidl_typesupport_cpp.so (0x000076190274e000)
	libarm_hold_core.so => /home/yjh/WorkSpace/astribot_sdk_ros2/runs/mainline_20260924/payload_geometry_transition_2307/native_install/lib/libarm_hold_core.so (0x00007619026f7000)
	libcontroller_manager_msgs__rosidl_typesupport_cpp.so => /opt/ros/humble/lib/libcontroller_manager_msgs__rosidl_typesupport_cpp.so (0x00007619026ea000)
	libastribot_transport_msgs__rosidl_typesupport_cpp.so => /home/yjh/WorkSpace/astribot_sdk_ros2/runs/mainline_20260924/payload_transition/install/astribot_transport_msgs/lib/libastribot_transport_msgs__rosidl_typesupport_cpp.so (0x00007619023f5000)
	libignition-transport11.so.11 => /lib/x86_64-linux-gnu/libignition-transport11.so.11 (0x000076190234c000)
	libignition-msgs8.so.8 => /lib/x86_64-linux-gnu/libignition-msgs8.so.8 (0x0000761901a00000)
	libprotobuf.so.23 => /lib/x86_64-linux-gnu/libprotobuf.so.23 (0x0000761901600000)
	liburdfdom_world.so.3.0 => /opt/ros/humble/lib/x86_64-linux-gnu/liburdfdom_world.so.3.0 (0x0000761902330000)
	libastribot_payload_msgs__rosidl_typesupport_cpp.so => /home/yjh/WorkSpace/astribot_validation/unified_navigation_resume_20260921_01/I0_2_20260923_065115/install/astribot_payload_msgs/lib/libastribot_payload_msgs__rosidl_typesupport_cpp.so (0x00007619026e3000)
	libtf2_ros.so => /opt/ros/humble/lib/libtf2_ros.so (0x0000761902298000)
	librclcpp_action.so => /opt/ros/humble/lib/librclcpp_action.so (0x0000761902275000)
	librcl_action.so => /opt/ros/humble/lib/librcl_action.so (0x0000761902260000)
	librclcpp.so => /opt/ros/humble/lib/librclcpp.so (0x000076190140a000)
	liblibstatistics_collector.so => /opt/ros/humble/lib/liblibstatistics_collector.so (0x0000761902259000)
	librcl.so => /opt/ros/humble/lib/librcl.so (0x000076190221b000)
	libstatistics_msgs__rosidl_typesupport_cpp.so => /opt/ros/humble/lib/libstatistics_msgs__rosidl_typesupport_cpp.so (0x0000761902216000)
	libtracetools.so => /opt/ros/humble/lib/libtracetools.so (0x0000761902211000)
	libtf2_msgs__rosidl_typesupport_cpp.so => /opt/ros/humble/lib/libtf2_msgs__rosidl_typesupport_cpp.so (0x0000761901dfe000)
	libtf2.so => /opt/ros/humble/lib/libtf2.so (0x0000761901ddc000)
	libmoveit_msgs__rosidl_typesupport_cpp.so => /opt/ros/humble/lib/libmoveit_msgs__rosidl_typesupport_cpp.so (0x0000761901da4000)
	libastribot_navigation_msgs__rosidl_typesupport_cpp.so => /home/yjh/WorkSpace/astribot_validation/unified_navigation_resume_20260921_01/I0_2_20260923_065115/install/astribot_navigation_msgs/lib/libastribot_navigation_msgs__rosidl_typesupport_cpp.so (0x0000761901d97000)
	libnav_msgs__rosidl_typesupport_cpp.so => /opt/ros/humble/lib/libnav_msgs__rosidl_typesupport_cpp.so (0x00007619019f8000)
	librmw.so => /opt/ros/humble/lib/librmw.so (0x00007619019ec000)
	libsensor_msgs__rosidl_typesupport_cpp.so => /opt/ros/humble/lib/libsensor_msgs__rosidl_typesupport_cpp.so (0x00007619019e1000)
	libstd_msgs__rosidl_typesupport_cpp.so => /opt/ros/humble/lib/libstd_msgs__rosidl_typesupport_cpp.so (0x00007619019d6000)
	librcutils.so => /opt/ros/humble/lib/librcutils.so (0x00007619019be000)
	libstdc++.so.6 => /lib/x86_64-linux-gnu/libstdc++.so.6 (0x0000761901000000)
	libm.so.6 => /lib/x86_64-linux-gnu/libm.so.6 (0x00007619018d7000)
	libgcc_s.so.1 => /lib/x86_64-linux-gnu/libgcc_s.so.1 (0x00007619013ea000)
	libc.so.6 => /lib/x86_64-linux-gnu/libc.so.6 (0x0000761900c00000)
	libdl.so.2 => /lib/x86_64-linux-gnu/libdl.so.2 (0x00007619018d2000)
	libpthread.so.0 => /lib/x86_64-linux-gnu/libpthread.so.0 (0x00007619018cd000)
	/lib64/ld-linux-x86-64.so.2 (0x000076190285d000)
	liburdfdom_model.so.3.0 => /opt/ros/humble/lib/x86_64-linux-gnu/liburdfdom_model.so.3.0 (0x00007619013ce000)
	libtransport_scene_signature.so => /home/yjh/WorkSpace/astribot_sdk_ros2/runs/mainline_20260924/rigid_grasp_2302/mtc_install/lib/libtransport_scene_signature.so (0x00007619013b0000)
	libcrypto.so.3 => /lib/x86_64-linux-gnu/libcrypto.so.3 (0x0000761900600000)
	libnav2_msgs__rosidl_typesupport_cpp.so => /opt/ros/humble/lib/libnav2_msgs__rosidl_typesupport_cpp.so (0x0000761901377000)
	libgeometry_msgs__rosidl_typesupport_cpp.so => /opt/ros/humble/lib/libgeometry_msgs__rosidl_typesupport_cpp.so (0x000076190136b000)
	liborocos-kdl.so.1.5 => /lib/x86_64-linux-gnu/liborocos-kdl.so.1.5 (0x00007619012af000)
	libaction_msgs__rosidl_typesupport_cpp.so => /opt/ros/humble/lib/libaction_msgs__rosidl_typesupport_cpp.so (0x00007619018c5000)
	librosidl_typesupport_cpp.so => /opt/ros/humble/lib/librosidl_typesupport_cpp.so (0x00007619012a9000)
	libzmq.so.5 => /lib/x86_64-linux-gnu/libzmq.so.5 (0x0000761900f64000)
	libuuid.so.1 => /lib/x86_64-linux-gnu/libuuid.so.1 (0x00007619012a0000)
	libignition-math6.so.6 => /lib/x86_64-linux-gnu/libignition-math6.so.6 (0x000076190124d000)
	libtinyxml2.so.9 => /lib/x86_64-linux-gnu/libtinyxml2.so.9 (0x0000761901235000)
	libz.so.1 => /lib/x86_64-linux-gnu/libz.so.1 (0x0000761900f48000)
	libconsole_bridge.so.1.0 => /lib/x86_64-linux-gnu/libconsole_bridge.so.1.0 (0x000076190122d000)
	libtinyxml.so.2.6.2 => /lib/x86_64-linux-gnu/libtinyxml.so.2.6.2 (0x0000761900f31000)
	librcl_yaml_param_parser.so => /opt/ros/humble/lib/librcl_yaml_param_parser.so (0x0000761900f25000)
	librosgraph_msgs__rosidl_typesupport_cpp.so => /opt/ros/humble/lib/librosgraph_msgs__rosidl_typesupport_cpp.so (0x0000761900f1f000)
	librmw_implementation.so => /opt/ros/humble/lib/librmw_implementation.so (0x0000761900f10000)
	libament_index_cpp.so => /opt/ros/humble/lib/libament_index_cpp.so (0x0000761900f05000)
	librcl_logging_interface.so => /opt/ros/humble/lib/librcl_logging_interface.so (0x0000761900f00000)
	librcl_interfaces__rosidl_typesupport_cpp.so => /opt/ros/humble/lib/librcl_interfaces__rosidl_typesupport_cpp.so (0x0000761900ef5000)
	librcpputils.so => /opt/ros/humble/lib/librcpputils.so (0x0000761900ee7000)
	librcl_logging_spdlog.so => /opt/ros/humble/lib/librcl_logging_spdlog.so (0x0000761900edd000)
	librcl_interfaces__rosidl_typesupport_c.so => /opt/ros/humble/lib/librcl_interfaces__rosidl_typesupport_c.so (0x0000761900ed4000)
	librcl_interfaces__rosidl_generator_c.so => /opt/ros/humble/lib/librcl_interfaces__rosidl_generator_c.so (0x0000761900eb8000)
	librosidl_runtime_c.so => /opt/ros/humble/lib/librosidl_runtime_c.so (0x0000761900ead000)
	liboctomap.so.1.9 => /opt/ros/humble/lib/x86_64-linux-gnu/liboctomap.so.1.9 (0x0000761900e71000)
	liboctomath.so.1.9 => /opt/ros/humble/lib/x86_64-linux-gnu/liboctomath.so.1.9 (0x0000761900e67000)
	libbsd.so.0 => /lib/x86_64-linux-gnu/libbsd.so.0 (0x0000761900e4f000)
	libsodium.so.23 => /lib/x86_64-linux-gnu/libsodium.so.23 (0x0000761900ba9000)
	libpgm-5.3.so.0 => /lib/x86_64-linux-gnu/libpgm-5.3.so.0 (0x0000761900b58000)
	libnorm.so.1 => /lib/x86_64-linux-gnu/libnorm.so.1 (0x00007619004d5000)
	libgssapi_krb5.so.2 => /lib/x86_64-linux-gnu/libgssapi_krb5.so.2 (0x0000761900b04000)
	libyaml.so => /opt/ros/humble/lib/libyaml.so (0x0000761900e2b000)
	libspdlog.so.1 => /lib/x86_64-linux-gnu/libspdlog.so.1 (0x0000761900a89000)
	librosidl_typesupport_c.so => /opt/ros/humble/lib/librosidl_typesupport_c.so (0x0000761900a83000)
	libbuiltin_interfaces__rosidl_generator_c.so => /opt/ros/humble/lib/libbuiltin_interfaces__rosidl_generator_c.so (0x0000761900a7e000)
	libmd.so.0 => /lib/x86_64-linux-gnu/libmd.so.0 (0x0000761900a71000)
	libkrb5.so.3 => /lib/x86_64-linux-gnu/libkrb5.so.3 (0x000076190040a000)
	libk5crypto.so.3 => /lib/x86_64-linux-gnu/libk5crypto.so.3 (0x00007619003db000)
	libcom_err.so.2 => /lib/x86_64-linux-gnu/libcom_err.so.2 (0x0000761900a6b000)
	libkrb5support.so.0 => /lib/x86_64-linux-gnu/libkrb5support.so.0 (0x0000761900a5d000)
	libfmt.so.8 => /lib/x86_64-linux-gnu/libfmt.so.8 (0x00007619003ba000)
	libkeyutils.so.1 => /lib/x86_64-linux-gnu/libkeyutils.so.1 (0x0000761900a54000)
	libresolv.so.2 => /lib/x86_64-linux-gnu/libresolv.so.2 (0x00007619003a7000)
