-- Found ament_cmake: 1.3.14 (/opt/ros/humble/share/ament_cmake/cmake)
-- Found rclcpp: 16.0.19 (/opt/ros/humble/share/rclcpp/cmake)
-- Found rosidl_generator_c: 3.1.9 (/opt/ros/humble/share/rosidl_generator_c/cmake)
-- Found rosidl_adapter: 3.1.9 (/opt/ros/humble/share/rosidl_adapter/cmake)
-- Found rosidl_generator_cpp: 3.1.9 (/opt/ros/humble/share/rosidl_generator_cpp/cmake)
-- Using all available rosidl_typesupport_c: rosidl_typesupport_fastrtps_c;rosidl_typesupport_introspection_c
-- Using all available rosidl_typesupport_cpp: rosidl_typesupport_fastrtps_cpp;rosidl_typesupport_introspection_cpp
-- Found rmw_implementation_cmake: 6.1.3 (/opt/ros/humble/share/rmw_implementation_cmake/cmake)
-- Found rmw_fastrtps_cpp: 6.2.10 (/opt/ros/humble/share/rmw_fastrtps_cpp/cmake)
-- Using RMW implementation 'rmw_fastrtps_cpp' as default
-- Found geometry_msgs: 4.9.2 (/opt/ros/humble/share/geometry_msgs/cmake)
-- Found nav_msgs: 4.9.2 (/opt/ros/humble/share/nav_msgs/cmake)
-- Found sensor_msgs: 4.9.2 (/opt/ros/humble/share/sensor_msgs/cmake)
-- Found tf2: 0.25.22 (/opt/ros/humble/share/tf2/cmake)
-- Found tf2_ros: 0.25.22 (/opt/ros/humble/share/tf2_ros/cmake)
-- Found tf2_geometry_msgs: 0.25.22 (/opt/ros/humble/share/tf2_geometry_msgs/cmake)
-- Found eigen3_cmake_module: 0.1.1 (/opt/ros/humble/share/eigen3_cmake_module/cmake)
-- Ensuring Eigen3 include directory is part of orocos-kdl CMake target
-- Found astribot_navigation_msgs: 0.1.0 (/home/yjh/WorkSpace/astribot_sdk_ros2/ws_robot/install/astribot_navigation_msgs/share/astribot_navigation_msgs/cmake)
-- Found astribot_s1_robot_geometry: 0.1.0 (/home/yjh/WorkSpace/astribot_sdk_ros2/runs/cpp_migration_20260921/stage6b_integer_recovery/geometry_install/share/astribot_s1_robot_geometry/cmake)
-- Configuring done
-- Generating done
-- Build files have been written to: /home/yjh/WorkSpace/astribot_sdk_ros2/runs/cpp_migration_20260921/stage6b_strings/build
Consolidate compiler generated dependencies of target policy_profile
Consolidate compiler generated dependencies of target navigation_math
[  7%] Built target policy_profile
[  7%] Built target navigation_math
Consolidate compiler generated dependencies of target fixed_envelope_core
Consolidate compiler generated dependencies of target policy_contracts
[  9%] Built target fixed_envelope_core
[ 12%] Built target policy_contracts
Consolidate compiler generated dependencies of target policy_path_evidence
Consolidate compiler generated dependencies of target policy_sweep
[ 15%] Built target policy_sweep
[ 18%] Built target policy_path_evidence
Consolidate compiler generated dependencies of target policy_behavior_probe
Consolidate compiler generated dependencies of target cmd_vel_body_to_world_cpp
[ 21%] Built target policy_behavior_probe
[ 23%] Built target cmd_vel_body_to_world_cpp
Consolidate compiler generated dependencies of target envelope_coordinator_cpp
Consolidate compiler generated dependencies of target costmap_scan_cpp
[ 29%] Built target envelope_coordinator_cpp
[ 29%] Built target costmap_scan_cpp
Consolidate compiler generated dependencies of target navigation_math_test
Consolidate compiler generated dependencies of target final_protection_core
[ 32%] Built target navigation_math_test
[ 35%] Built target final_protection_core
Consolidate compiler generated dependencies of target cmd_vel_body_to_world_core_test
Consolidate compiler generated dependencies of target policy_profile_probe
[ 38%] Built target cmd_vel_body_to_world_core_test
[ 40%] Built target policy_profile_probe
Consolidate compiler generated dependencies of target final_protection_probe
Consolidate compiler generated dependencies of target fixed_envelope_cpp
[ 43%] Built target final_protection_probe
[ 46%] Built target fixed_envelope_cpp
Consolidate compiler generated dependencies of target fixed_envelope_probe
Consolidate compiler generated dependencies of target fixed_envelope_core_test
[ 49%] Built target fixed_envelope_probe
[ 52%] Built target fixed_envelope_core_test
Consolidate compiler generated dependencies of target policy_fusion
Consolidate compiler generated dependencies of target policy_health
[ 54%] Built target policy_fusion
[ 57%] Built target policy_health
Consolidate compiler generated dependencies of target policy_sweep_probe
Consolidate compiler generated dependencies of target policy_envelope
[ 60%] Built target policy_sweep_probe
[ 63%] Built target policy_envelope
Consolidate compiler generated dependencies of target policy_observation_adapters
Consolidate compiler generated dependencies of target policy_observer_core
[ 64%] Building CXX object CMakeFiles/policy_observation_adapters.dir/src/policy_observation_adapters.cpp.o
[ 67%] Built target policy_observer_core
Consolidate compiler generated dependencies of target policy_path_evidence_probe
[ 70%] Built target policy_path_evidence_probe
Consolidate compiler generated dependencies of target final_protection_cpp
[ 73%] Built target final_protection_cpp
Consolidate compiler generated dependencies of target policy_fusion_probe
[ 74%] Building CXX object CMakeFiles/policy_fusion_probe.dir/test/policy_fusion_probe.cpp.o
[ 76%] Linking CXX static library libpolicy_observation_adapters.a
[ 76%] Built target policy_observation_adapters
Consolidate compiler generated dependencies of target policy_health_probe
[ 77%] Building CXX object CMakeFiles/policy_health_probe.dir/test/policy_health_probe.cpp.o
[ 78%] Linking CXX executable policy_fusion_probe
[ 78%] Built target policy_fusion_probe
Consolidate compiler generated dependencies of target policy_risk
[ 81%] Built target policy_risk
Consolidate compiler generated dependencies of target policy_envelope_probe
[ 84%] Built target policy_envelope_probe
Consolidate compiler generated dependencies of target policy_observation_adapters_probe
[ 85%] Building CXX object CMakeFiles/policy_observation_adapters_probe.dir/test/policy_observation_adapters_probe.cpp.o
[ 87%] Linking CXX executable policy_health_probe
[ 87%] Built target policy_health_probe
Consolidate compiler generated dependencies of target policy_observer_runtime
[ 88%] Building CXX object CMakeFiles/policy_observer_runtime.dir/src/policy_observer_node.cpp.o
[ 90%] Linking CXX executable policy_observation_adapters_probe
[ 90%] Built target policy_observation_adapters_probe
Consolidate compiler generated dependencies of target policy_observer_core_probe
[ 92%] Built target policy_observer_core_probe
Consolidate compiler generated dependencies of target policy_risk_probe
[ 95%] Built target policy_risk_probe
[ 97%] Linking CXX static library libpolicy_observer_runtime.a
[ 97%] Built target policy_observer_runtime
Consolidate compiler generated dependencies of target policy_observer_cpp
[ 98%] Building CXX object CMakeFiles/policy_observer_cpp.dir/src/policy_observer_main.cpp.o
[100%] Linking CXX executable policy_observer_cpp
[100%] Built target policy_observer_cpp
