FF.F.F.F.FF...FFFFFFF.FFF                                                [100%]
=================================== FAILURES ===================================
___________ test_lone_paired_null_marker_keys_and_syntax["\\ud800"] ____________

authority = (<module '_frozen_policy_observation_adapters.contracts' from '/home/yjh/WorkSpace/astribot_sdk_ros2/ws_robot/src/astr...ws_robot/src/astribot_s1_navigation_policy_native/test/reference/policy_observation_adapters/observation_adapters.py'>)
raw = '"\\ud800"'

    @pytest.mark.parametrize('raw',[
        r'"\ud800"',r'"\udfff"',r'"\ud800\udc00"',
        r'"\ud800\ud800\udc00\udfff"',r'"\u0000Sd800"',
        r'"\u0000\u0000Sdead\ud800"',r'"\\ud800"',
        r'{"\ud800":1,"\u0000Sd800":2,"\ud800":3}',
        '{"\\ud800\\udc00":1,"\U00010000":2}',
        r'{"__integer_json__":"\ud800","n":18446744073709551617}',
        r'["\u0000", "\udfff", "普通文字", "\u2028"]',
        r'"\ud800\uDEZZ"',r'"\ud800',r'"\u0000\q"',
    ])
    def test_lone_paired_null_marker_keys_and_syntax(authority,raw):
>       check(dict(operations=[dict(action='json',data=raw)]),authority)

ws_robot/src/astribot_s1_navigation_policy_native/test/test_policy_json_strings.py:19: 
_ _ _ _ _ _ _ _ _ _ _ _ _ _ _ _ _ _ _ _ _ _ _ _ _ _ _ _ _ _ _ _ _ _ _ _ _ _ _ _ 
ws_robot/src/astribot_s1_navigation_policy_native/test/test_policy_observation_adapters.py:148: in check
    def check(case,authority):compare(reference(case,authority),native(case))
ws_robot/src/astribot_s1_navigation_policy_native/test/test_policy_observation_adapters.py:144: in compare
    for i,(x,y) in enumerate(zip(a,b)):compare(x,y,path+f'[{i}]')
_ _ _ _ _ _ _ _ _ _ _ _ _ _ _ _ _ _ _ _ _ _ _ _ _ _ _ _ _ _ _ _ _ _ _ _ _ _ _ _ 

a = {'calls': [], 'last_packet': None, 'ok': True, 'result': '\ud800'}
b = {'calls': [], 'last_packet': None, 'ok': False, 'type': 'JSONDecodeError'}
path = '[0]'

    def compare(a,b,path=''):
        if isinstance(a,float):
            assert b==pytest.approx(a,rel=2e-12,abs=2e-12),(path,a,b)
            if a==0. and b==0.:assert math.copysign(1.,a)==math.copysign(1.,b),(path,a,b)
        elif isinstance(a,dict):
>           assert set(a)==set(b),(path,a,b)
E           AssertionError: ('[0]', {'calls': [], 'last_packet': None, 'ok': True, 'result': '\ud800'}, {'calls': [], 'last_packet': None, 'ok': False, 'type': 'JSONDecodeError'})
E           assert {'calls', 'la...ok', 'result'} == {'calls', 'la... 'ok', 'type'}
E             Extra items in the left set:
E             'result'
E             Extra items in the right set:
E             'type'
E             Full diff:
E             - {'calls', 'type', 'ok', 'last_packet'}
E             ?             ---...
E             
E             ...Full output truncated (3 lines hidden), use '-vv' to show

ws_robot/src/astribot_s1_navigation_policy_native/test/test_policy_observation_adapters.py:140: AssertionError
___________ test_lone_paired_null_marker_keys_and_syntax["\\udfff"] ____________

authority = (<module '_frozen_policy_observation_adapters.contracts' from '/home/yjh/WorkSpace/astribot_sdk_ros2/ws_robot/src/astr...ws_robot/src/astribot_s1_navigation_policy_native/test/reference/policy_observation_adapters/observation_adapters.py'>)
raw = '"\\udfff"'

    @pytest.mark.parametrize('raw',[
        r'"\ud800"',r'"\udfff"',r'"\ud800\udc00"',
        r'"\ud800\ud800\udc00\udfff"',r'"\u0000Sd800"',
        r'"\u0000\u0000Sdead\ud800"',r'"\\ud800"',
        r'{"\ud800":1,"\u0000Sd800":2,"\ud800":3}',
        '{"\\ud800\\udc00":1,"\U00010000":2}',
        r'{"__integer_json__":"\ud800","n":18446744073709551617}',
        r'["\u0000", "\udfff", "普通文字", "\u2028"]',
        r'"\ud800\uDEZZ"',r'"\ud800',r'"\u0000\q"',
    ])
    def test_lone_paired_null_marker_keys_and_syntax(authority,raw):
>       check(dict(operations=[dict(action='json',data=raw)]),authority)

ws_robot/src/astribot_s1_navigation_policy_native/test/test_policy_json_strings.py:19: 
_ _ _ _ _ _ _ _ _ _ _ _ _ _ _ _ _ _ _ _ _ _ _ _ _ _ _ _ _ _ _ _ _ _ _ _ _ _ _ _ 
ws_robot/src/astribot_s1_navigation_policy_native/test/test_policy_observation_adapters.py:148: in check
    def check(case,authority):compare(reference(case,authority),native(case))
ws_robot/src/astribot_s1_navigation_policy_native/test/test_policy_observation_adapters.py:144: in compare
    for i,(x,y) in enumerate(zip(a,b)):compare(x,y,path+f'[{i}]')
_ _ _ _ _ _ _ _ _ _ _ _ _ _ _ _ _ _ _ _ _ _ _ _ _ _ _ _ _ _ _ _ _ _ _ _ _ _ _ _ 

a = {'calls': [], 'last_packet': None, 'ok': True, 'result': '\udfff'}
b = {'calls': [], 'last_packet': None, 'ok': False, 'type': 'JSONDecodeError'}
path = '[0]'

    def compare(a,b,path=''):
        if isinstance(a,float):
            assert b==pytest.approx(a,rel=2e-12,abs=2e-12),(path,a,b)
            if a==0. and b==0.:assert math.copysign(1.,a)==math.copysign(1.,b),(path,a,b)
        elif isinstance(a,dict):
>           assert set(a)==set(b),(path,a,b)
E           AssertionError: ('[0]', {'calls': [], 'last_packet': None, 'ok': True, 'result': '\udfff'}, {'calls': [], 'last_packet': None, 'ok': False, 'type': 'JSONDecodeError'})
E           assert {'calls', 'la...ok', 'result'} == {'calls', 'la... 'ok', 'type'}
E             Extra items in the left set:
E             'result'
E             Extra items in the right set:
E             'type'
E             Full diff:
E             - {'calls', 'type', 'ok', 'last_packet'}
E             ?             ---...
E             
E             ...Full output truncated (3 lines hidden), use '-vv' to show

ws_robot/src/astribot_s1_navigation_policy_native/test/test_policy_observation_adapters.py:140: AssertionError
_ test_lone_paired_null_marker_keys_and_syntax["\\ud800\\ud800\\udc00\\udfff"] _

authority = (<module '_frozen_policy_observation_adapters.contracts' from '/home/yjh/WorkSpace/astribot_sdk_ros2/ws_robot/src/astr...ws_robot/src/astribot_s1_navigation_policy_native/test/reference/policy_observation_adapters/observation_adapters.py'>)
raw = '"\\ud800\\ud800\\udc00\\udfff"'

    @pytest.mark.parametrize('raw',[
        r'"\ud800"',r'"\udfff"',r'"\ud800\udc00"',
        r'"\ud800\ud800\udc00\udfff"',r'"\u0000Sd800"',
        r'"\u0000\u0000Sdead\ud800"',r'"\\ud800"',
        r'{"\ud800":1,"\u0000Sd800":2,"\ud800":3}',
        '{"\\ud800\\udc00":1,"\U00010000":2}',
        r'{"__integer_json__":"\ud800","n":18446744073709551617}',
        r'["\u0000", "\udfff", "普通文字", "\u2028"]',
        r'"\ud800\uDEZZ"',r'"\ud800',r'"\u0000\q"',
    ])
    def test_lone_paired_null_marker_keys_and_syntax(authority,raw):
>       check(dict(operations=[dict(action='json',data=raw)]),authority)

ws_robot/src/astribot_s1_navigation_policy_native/test/test_policy_json_strings.py:19: 
_ _ _ _ _ _ _ _ _ _ _ _ _ _ _ _ _ _ _ _ _ _ _ _ _ _ _ _ _ _ _ _ _ _ _ _ _ _ _ _ 
ws_robot/src/astribot_s1_navigation_policy_native/test/test_policy_observation_adapters.py:148: in check
    def check(case,authority):compare(reference(case,authority),native(case))
ws_robot/src/astribot_s1_navigation_policy_native/test/test_policy_observation_adapters.py:144: in compare
    for i,(x,y) in enumerate(zip(a,b)):compare(x,y,path+f'[{i}]')
_ _ _ _ _ _ _ _ _ _ _ _ _ _ _ _ _ _ _ _ _ _ _ _ _ _ _ _ _ _ _ _ _ _ _ _ _ _ _ _ 

a = {'calls': [], 'last_packet': None, 'ok': True, 'result': '\ud800𐀀\udfff'}
b = {'calls': [], 'last_packet': None, 'ok': False, 'type': 'JSONDecodeError'}
path = '[0]'

    def compare(a,b,path=''):
        if isinstance(a,float):
            assert b==pytest.approx(a,rel=2e-12,abs=2e-12),(path,a,b)
            if a==0. and b==0.:assert math.copysign(1.,a)==math.copysign(1.,b),(path,a,b)
        elif isinstance(a,dict):
>           assert set(a)==set(b),(path,a,b)
E           AssertionError: ('[0]', {'calls': [], 'last_packet': None, 'ok': True, 'result': '\ud800𐀀\udfff'}, {'calls': [], 'last_packet': None, 'ok': False, 'type': 'JSONDecodeError'})
E           assert {'calls', 'la...ok', 'result'} == {'calls', 'la... 'ok', 'type'}
E             Extra items in the left set:
E             'result'
E             Extra items in the right set:
E             'type'
E             Full diff:
E             - {'calls', 'type', 'ok', 'last_packet'}
E             ?             ---...
E             
E             ...Full output truncated (3 lines hidden), use '-vv' to show

ws_robot/src/astribot_s1_navigation_policy_native/test/test_policy_observation_adapters.py:140: AssertionError
__ test_lone_paired_null_marker_keys_and_syntax["\\u0000\\u0000Sdead\\ud800"] __

authority = (<module '_frozen_policy_observation_adapters.contracts' from '/home/yjh/WorkSpace/astribot_sdk_ros2/ws_robot/src/astr...ws_robot/src/astribot_s1_navigation_policy_native/test/reference/policy_observation_adapters/observation_adapters.py'>)
raw = '"\\u0000\\u0000Sdead\\ud800"'

    @pytest.mark.parametrize('raw',[
        r'"\ud800"',r'"\udfff"',r'"\ud800\udc00"',
        r'"\ud800\ud800\udc00\udfff"',r'"\u0000Sd800"',
        r'"\u0000\u0000Sdead\ud800"',r'"\\ud800"',
        r'{"\ud800":1,"\u0000Sd800":2,"\ud800":3}',
        '{"\\ud800\\udc00":1,"\U00010000":2}',
        r'{"__integer_json__":"\ud800","n":18446744073709551617}',
        r'["\u0000", "\udfff", "普通文字", "\u2028"]',
        r'"\ud800\uDEZZ"',r'"\ud800',r'"\u0000\q"',
    ])
    def test_lone_paired_null_marker_keys_and_syntax(authority,raw):
>       check(dict(operations=[dict(action='json',data=raw)]),authority)

ws_robot/src/astribot_s1_navigation_policy_native/test/test_policy_json_strings.py:19: 
_ _ _ _ _ _ _ _ _ _ _ _ _ _ _ _ _ _ _ _ _ _ _ _ _ _ _ _ _ _ _ _ _ _ _ _ _ _ _ _ 
ws_robot/src/astribot_s1_navigation_policy_native/test/test_policy_observation_adapters.py:148: in check
    def check(case,authority):compare(reference(case,authority),native(case))
ws_robot/src/astribot_s1_navigation_policy_native/test/test_policy_observation_adapters.py:144: in compare
    for i,(x,y) in enumerate(zip(a,b)):compare(x,y,path+f'[{i}]')
_ _ _ _ _ _ _ _ _ _ _ _ _ _ _ _ _ _ _ _ _ _ _ _ _ _ _ _ _ _ _ _ _ _ _ _ _ _ _ _ 

a = {'calls': [], 'last_packet': None, 'ok': True, 'result': '\x00\x00Sdead\ud800'}
b = {'calls': [], 'last_packet': None, 'ok': False, 'type': 'JSONDecodeError'}
path = '[0]'

    def compare(a,b,path=''):
        if isinstance(a,float):
            assert b==pytest.approx(a,rel=2e-12,abs=2e-12),(path,a,b)
            if a==0. and b==0.:assert math.copysign(1.,a)==math.copysign(1.,b),(path,a,b)
        elif isinstance(a,dict):
>           assert set(a)==set(b),(path,a,b)
E           AssertionError: ('[0]', {'calls': [], 'last_packet': None, 'ok': True, 'result': '\x00\x00Sdead\ud800'}, {'calls': [], 'last_packet': None, 'ok': False, 'type': 'JSONDecodeError'})
E           assert {'calls', 'la...ok', 'result'} == {'calls', 'la... 'ok', 'type'}
E             Extra items in the left set:
E             'result'
E             Extra items in the right set:
E             'type'
E             Full diff:
E             - {'calls', 'type', 'ok', 'last_packet'}
E             ?             ---...
E             
E             ...Full output truncated (3 lines hidden), use '-vv' to show

ws_robot/src/astribot_s1_navigation_policy_native/test/test_policy_observation_adapters.py:140: AssertionError
_ test_lone_paired_null_marker_keys_and_syntax[{"\\ud800":1,"\\u0000Sd800":2,"\\ud800":3}] _

authority = (<module '_frozen_policy_observation_adapters.contracts' from '/home/yjh/WorkSpace/astribot_sdk_ros2/ws_robot/src/astr...ws_robot/src/astribot_s1_navigation_policy_native/test/reference/policy_observation_adapters/observation_adapters.py'>)
raw = '{"\\ud800":1,"\\u0000Sd800":2,"\\ud800":3}'

    @pytest.mark.parametrize('raw',[
        r'"\ud800"',r'"\udfff"',r'"\ud800\udc00"',
        r'"\ud800\ud800\udc00\udfff"',r'"\u0000Sd800"',
        r'"\u0000\u0000Sdead\ud800"',r'"\\ud800"',
        r'{"\ud800":1,"\u0000Sd800":2,"\ud800":3}',
        '{"\\ud800\\udc00":1,"\U00010000":2}',
        r'{"__integer_json__":"\ud800","n":18446744073709551617}',
        r'["\u0000", "\udfff", "普通文字", "\u2028"]',
        r'"\ud800\uDEZZ"',r'"\ud800',r'"\u0000\q"',
    ])
    def test_lone_paired_null_marker_keys_and_syntax(authority,raw):
>       check(dict(operations=[dict(action='json',data=raw)]),authority)

ws_robot/src/astribot_s1_navigation_policy_native/test/test_policy_json_strings.py:19: 
_ _ _ _ _ _ _ _ _ _ _ _ _ _ _ _ _ _ _ _ _ _ _ _ _ _ _ _ _ _ _ _ _ _ _ _ _ _ _ _ 
ws_robot/src/astribot_s1_navigation_policy_native/test/test_policy_observation_adapters.py:148: in check
    def check(case,authority):compare(reference(case,authority),native(case))
ws_robot/src/astribot_s1_navigation_policy_native/test/test_policy_observation_adapters.py:144: in compare
    for i,(x,y) in enumerate(zip(a,b)):compare(x,y,path+f'[{i}]')
_ _ _ _ _ _ _ _ _ _ _ _ _ _ _ _ _ _ _ _ _ _ _ _ _ _ _ _ _ _ _ _ _ _ _ _ _ _ _ _ 

a = {'calls': [], 'last_packet': None, 'ok': True, 'result': {'\x00Sd800': 2, '\ud800': 3}}
b = {'calls': [], 'last_packet': None, 'ok': False, 'type': 'JSONDecodeError'}
path = '[0]'

    def compare(a,b,path=''):
        if isinstance(a,float):
            assert b==pytest.approx(a,rel=2e-12,abs=2e-12),(path,a,b)
            if a==0. and b==0.:assert math.copysign(1.,a)==math.copysign(1.,b),(path,a,b)
        elif isinstance(a,dict):
>           assert set(a)==set(b),(path,a,b)
E           AssertionError: ('[0]', {'calls': [], 'last_packet': None, 'ok': True, 'result': {'\x00Sd800': 2, '\ud800': 3}}, {'calls': [], 'last_packet': None, 'ok': False, 'type': 'JSONDecodeError'})
E           assert {'calls', 'la...ok', 'result'} == {'calls', 'la... 'ok', 'type'}
E             Extra items in the left set:
E             'result'
E             Extra items in the right set:
E             'type'
E             Full diff:
E             - {'calls', 'type', 'ok', 'last_packet'}
E             ?             ---...
E             
E             ...Full output truncated (3 lines hidden), use '-vv' to show

ws_robot/src/astribot_s1_navigation_policy_native/test/test_policy_observation_adapters.py:140: AssertionError
_ test_lone_paired_null_marker_keys_and_syntax[{"__integer_json__":"\\ud800","n":18446744073709551617}] _

authority = (<module '_frozen_policy_observation_adapters.contracts' from '/home/yjh/WorkSpace/astribot_sdk_ros2/ws_robot/src/astr...ws_robot/src/astribot_s1_navigation_policy_native/test/reference/policy_observation_adapters/observation_adapters.py'>)
raw = '{"__integer_json__":"\\ud800","n":18446744073709551617}'

    @pytest.mark.parametrize('raw',[
        r'"\ud800"',r'"\udfff"',r'"\ud800\udc00"',
        r'"\ud800\ud800\udc00\udfff"',r'"\u0000Sd800"',
        r'"\u0000\u0000Sdead\ud800"',r'"\\ud800"',
        r'{"\ud800":1,"\u0000Sd800":2,"\ud800":3}',
        '{"\\ud800\\udc00":1,"\U00010000":2}',
        r'{"__integer_json__":"\ud800","n":18446744073709551617}',
        r'["\u0000", "\udfff", "普通文字", "\u2028"]',
        r'"\ud800\uDEZZ"',r'"\ud800',r'"\u0000\q"',
    ])
    def test_lone_paired_null_marker_keys_and_syntax(authority,raw):
>       check(dict(operations=[dict(action='json',data=raw)]),authority)

ws_robot/src/astribot_s1_navigation_policy_native/test/test_policy_json_strings.py:19: 
_ _ _ _ _ _ _ _ _ _ _ _ _ _ _ _ _ _ _ _ _ _ _ _ _ _ _ _ _ _ _ _ _ _ _ _ _ _ _ _ 
ws_robot/src/astribot_s1_navigation_policy_native/test/test_policy_observation_adapters.py:148: in check
    def check(case,authority):compare(reference(case,authority),native(case))
ws_robot/src/astribot_s1_navigation_policy_native/test/test_policy_observation_adapters.py:144: in compare
    for i,(x,y) in enumerate(zip(a,b)):compare(x,y,path+f'[{i}]')
_ _ _ _ _ _ _ _ _ _ _ _ _ _ _ _ _ _ _ _ _ _ _ _ _ _ _ _ _ _ _ _ _ _ _ _ _ _ _ _ 

a = {'calls': [], 'last_packet': None, 'ok': True, 'result': {'__integer_json__': '\ud800', 'n': 18446744073709551617}}
b = {'calls': [], 'last_packet': None, 'ok': False, 'type': 'JSONDecodeError'}
path = '[0]'

    def compare(a,b,path=''):
        if isinstance(a,float):
            assert b==pytest.approx(a,rel=2e-12,abs=2e-12),(path,a,b)
            if a==0. and b==0.:assert math.copysign(1.,a)==math.copysign(1.,b),(path,a,b)
        elif isinstance(a,dict):
>           assert set(a)==set(b),(path,a,b)
E           AssertionError: ('[0]', {'calls': [], 'last_packet': None, 'ok': True, 'result': {'__integer_json__': '\ud800', 'n': 18446744073709551617}}, {'calls': [], 'last_packet': None, 'ok': False, 'type': 'JSONDecodeError'})
E           assert {'calls', 'la...ok', 'result'} == {'calls', 'la... 'ok', 'type'}
E             Extra items in the left set:
E             'result'
E             Extra items in the right set:
E             'type'
E             Full diff:
E             - {'calls', 'type', 'ok', 'last_packet'}
E             ?             ---...
E             
E             ...Full output truncated (3 lines hidden), use '-vv' to show

ws_robot/src/astribot_s1_navigation_policy_native/test/test_policy_observation_adapters.py:140: AssertionError
_ test_lone_paired_null_marker_keys_and_syntax[["\\u0000", "\\udfff", "\u666e\u901a\u6587\u5b57", "\\u2028"]] _

authority = (<module '_frozen_policy_observation_adapters.contracts' from '/home/yjh/WorkSpace/astribot_sdk_ros2/ws_robot/src/astr...ws_robot/src/astribot_s1_navigation_policy_native/test/reference/policy_observation_adapters/observation_adapters.py'>)
raw = '["\\u0000", "\\udfff", "普通文字", "\\u2028"]'

    @pytest.mark.parametrize('raw',[
        r'"\ud800"',r'"\udfff"',r'"\ud800\udc00"',
        r'"\ud800\ud800\udc00\udfff"',r'"\u0000Sd800"',
        r'"\u0000\u0000Sdead\ud800"',r'"\\ud800"',
        r'{"\ud800":1,"\u0000Sd800":2,"\ud800":3}',
        '{"\\ud800\\udc00":1,"\U00010000":2}',
        r'{"__integer_json__":"\ud800","n":18446744073709551617}',
        r'["\u0000", "\udfff", "普通文字", "\u2028"]',
        r'"\ud800\uDEZZ"',r'"\ud800',r'"\u0000\q"',
    ])
    def test_lone_paired_null_marker_keys_and_syntax(authority,raw):
>       check(dict(operations=[dict(action='json',data=raw)]),authority)

ws_robot/src/astribot_s1_navigation_policy_native/test/test_policy_json_strings.py:19: 
_ _ _ _ _ _ _ _ _ _ _ _ _ _ _ _ _ _ _ _ _ _ _ _ _ _ _ _ _ _ _ _ _ _ _ _ _ _ _ _ 
ws_robot/src/astribot_s1_navigation_policy_native/test/test_policy_observation_adapters.py:148: in check
    def check(case,authority):compare(reference(case,authority),native(case))
ws_robot/src/astribot_s1_navigation_policy_native/test/test_policy_observation_adapters.py:144: in compare
    for i,(x,y) in enumerate(zip(a,b)):compare(x,y,path+f'[{i}]')
_ _ _ _ _ _ _ _ _ _ _ _ _ _ _ _ _ _ _ _ _ _ _ _ _ _ _ _ _ _ _ _ _ _ _ _ _ _ _ _ 

a = {'calls': [], 'last_packet': None, 'ok': True, 'result': ['\x00', '\udfff', '普通文字', '\u2028']}
b = {'calls': [], 'last_packet': None, 'ok': False, 'type': 'JSONDecodeError'}
path = '[0]'

    def compare(a,b,path=''):
        if isinstance(a,float):
            assert b==pytest.approx(a,rel=2e-12,abs=2e-12),(path,a,b)
            if a==0. and b==0.:assert math.copysign(1.,a)==math.copysign(1.,b),(path,a,b)
        elif isinstance(a,dict):
>           assert set(a)==set(b),(path,a,b)
E           AssertionError: ('[0]', {'calls': [], 'last_packet': None, 'ok': True, 'result': ['\x00', '\udfff', '普通文字', '\u2028']}, {'calls': [], 'last_packet': None, 'ok': False, 'type': 'JSONDecodeError'})
E           assert {'calls', 'la...ok', 'result'} == {'calls', 'la... 'ok', 'type'}
E             Extra items in the left set:
E             'result'
E             Extra items in the right set:
E             'type'
E             Full diff:
E             - {'calls', 'type', 'ok', 'last_packet'}
E             ?             ---...
E             
E             ...Full output truncated (3 lines hidden), use '-vv' to show

ws_robot/src/astribot_s1_navigation_policy_native/test/test_policy_observation_adapters.py:140: AssertionError
____________ test_adapter_preserves_strings_and_call_order[ignored] ____________

authority = (<module '_frozen_policy_observation_adapters.contracts' from '/home/yjh/WorkSpace/astribot_sdk_ros2/ws_robot/src/astr...ws_robot/src/astribot_s1_navigation_policy_native/test/reference/policy_observation_adapters/observation_adapters.py'>)
field = 'ignored'

    @pytest.mark.parametrize('field',['ignored','measurement_id','track_id','provenance','classes','sensor_id','frame_id'])
    def test_adapter_preserves_strings_and_call_order(authority,field):
        p=vision()
        if field in ('ignored','sensor_id','frame_id'):p[field]='text\ud800'
        elif field=='provenance':p['observations'][0][field]=['origin\udfff']
        elif field=='classes':p['observations'][0][field]={'person\ud800':.6,'unknown':.3}
        else:p['observations'][0][field]='text\ud800'
>       check(dict(operations=[dict(data=json.dumps(p)),dict(action='metadata')]),authority)

ws_robot/src/astribot_s1_navigation_policy_native/test/test_policy_json_strings.py:29: 
_ _ _ _ _ _ _ _ _ _ _ _ _ _ _ _ _ _ _ _ _ _ _ _ _ _ _ _ _ _ _ _ _ _ _ _ _ _ _ _ 
ws_robot/src/astribot_s1_navigation_policy_native/test/test_policy_observation_adapters.py:148: in check
    def check(case,authority):compare(reference(case,authority),native(case))
ws_robot/src/astribot_s1_navigation_policy_native/test/test_policy_observation_adapters.py:144: in compare
    for i,(x,y) in enumerate(zip(a,b)):compare(x,y,path+f'[{i}]')
_ _ _ _ _ _ _ _ _ _ _ _ _ _ _ _ _ _ _ _ _ _ _ _ _ _ _ _ _ _ _ _ _ _ _ _ _ _ _ _ 

a = {'calls': [['now', 0], ['now', 1], ['tf', 'odom', 'sensor', 100], ['steady', 0]], 'last_packet': {'calibration_epoch':...: 'ros', 'epoch': 4, 'ns': 100}, 'class_probabilities': [['person', 0.6], ['unknown', 0.3]], 'frame_id': 'odom', ...}]}
b = {'calls': [], 'last_packet': None, 'ok': False, 'type': 'JSONDecodeError'}
path = '[0]'

    def compare(a,b,path=''):
        if isinstance(a,float):
            assert b==pytest.approx(a,rel=2e-12,abs=2e-12),(path,a,b)
            if a==0. and b==0.:assert math.copysign(1.,a)==math.copysign(1.,b),(path,a,b)
        elif isinstance(a,dict):
>           assert set(a)==set(b),(path,a,b)
E           AssertionError: ('[0]', {'calls': [['now', 0], ['now', 1], ['tf', 'odom', 'sensor', 100], ['steady', 0]], 'last_packet': {'calibration...nknown', 0.3]], 'frame_id': 'odom', ...}]}, {'calls': [], 'last_packet': None, 'ok': False, 'type': 'JSONDecodeError'})
E           assert {'calls', 'la...ok', 'result'} == {'calls', 'la... 'ok', 'type'}
E             Extra items in the left set:
E             'result'
E             Extra items in the right set:
E             'type'
E             Full diff:
E             - {'calls', 'type', 'ok', 'last_packet'}
E             ?             ---...
E             
E             ...Full output truncated (3 lines hidden), use '-vv' to show

ws_robot/src/astribot_s1_navigation_policy_native/test/test_policy_observation_adapters.py:140: AssertionError
________ test_adapter_preserves_strings_and_call_order[measurement_id] _________

authority = (<module '_frozen_policy_observation_adapters.contracts' from '/home/yjh/WorkSpace/astribot_sdk_ros2/ws_robot/src/astr...ws_robot/src/astribot_s1_navigation_policy_native/test/reference/policy_observation_adapters/observation_adapters.py'>)
field = 'measurement_id'

    @pytest.mark.parametrize('field',['ignored','measurement_id','track_id','provenance','classes','sensor_id','frame_id'])
    def test_adapter_preserves_strings_and_call_order(authority,field):
        p=vision()
        if field in ('ignored','sensor_id','frame_id'):p[field]='text\ud800'
        elif field=='provenance':p['observations'][0][field]=['origin\udfff']
        elif field=='classes':p['observations'][0][field]={'person\ud800':.6,'unknown':.3}
        else:p['observations'][0][field]='text\ud800'
>       check(dict(operations=[dict(data=json.dumps(p)),dict(action='metadata')]),authority)

ws_robot/src/astribot_s1_navigation_policy_native/test/test_policy_json_strings.py:29: 
_ _ _ _ _ _ _ _ _ _ _ _ _ _ _ _ _ _ _ _ _ _ _ _ _ _ _ _ _ _ _ _ _ _ _ _ _ _ _ _ 
ws_robot/src/astribot_s1_navigation_policy_native/test/test_policy_observation_adapters.py:148: in check
    def check(case,authority):compare(reference(case,authority),native(case))
ws_robot/src/astribot_s1_navigation_policy_native/test/test_policy_observation_adapters.py:144: in compare
    for i,(x,y) in enumerate(zip(a,b)):compare(x,y,path+f'[{i}]')
_ _ _ _ _ _ _ _ _ _ _ _ _ _ _ _ _ _ _ _ _ _ _ _ _ _ _ _ _ _ _ _ _ _ _ _ _ _ _ _ 

a = {'calls': [['now', 0], ['now', 1], ['tf', 'odom', 'sensor', 100], ['steady', 0]], 'last_packet': {'calibration_epoch':...: 'ros', 'epoch': 4, 'ns': 100}, 'class_probabilities': [['person', 0.6], ['unknown', 0.3]], 'frame_id': 'odom', ...}]}
b = {'calls': [], 'last_packet': None, 'ok': False, 'type': 'JSONDecodeError'}
path = '[0]'

    def compare(a,b,path=''):
        if isinstance(a,float):
            assert b==pytest.approx(a,rel=2e-12,abs=2e-12),(path,a,b)
            if a==0. and b==0.:assert math.copysign(1.,a)==math.copysign(1.,b),(path,a,b)
        elif isinstance(a,dict):
>           assert set(a)==set(b),(path,a,b)
E           AssertionError: ('[0]', {'calls': [['now', 0], ['now', 1], ['tf', 'odom', 'sensor', 100], ['steady', 0]], 'last_packet': {'calibration...nknown', 0.3]], 'frame_id': 'odom', ...}]}, {'calls': [], 'last_packet': None, 'ok': False, 'type': 'JSONDecodeError'})
E           assert {'calls', 'la...ok', 'result'} == {'calls', 'la... 'ok', 'type'}
E             Extra items in the left set:
E             'result'
E             Extra items in the right set:
E             'type'
E             Full diff:
E             - {'calls', 'type', 'ok', 'last_packet'}
E             ?             ---...
E             
E             ...Full output truncated (3 lines hidden), use '-vv' to show

ws_robot/src/astribot_s1_navigation_policy_native/test/test_policy_observation_adapters.py:140: AssertionError
___________ test_adapter_preserves_strings_and_call_order[track_id] ____________

authority = (<module '_frozen_policy_observation_adapters.contracts' from '/home/yjh/WorkSpace/astribot_sdk_ros2/ws_robot/src/astr...ws_robot/src/astribot_s1_navigation_policy_native/test/reference/policy_observation_adapters/observation_adapters.py'>)
field = 'track_id'

    @pytest.mark.parametrize('field',['ignored','measurement_id','track_id','provenance','classes','sensor_id','frame_id'])
    def test_adapter_preserves_strings_and_call_order(authority,field):
        p=vision()
        if field in ('ignored','sensor_id','frame_id'):p[field]='text\ud800'
        elif field=='provenance':p['observations'][0][field]=['origin\udfff']
        elif field=='classes':p['observations'][0][field]={'person\ud800':.6,'unknown':.3}
        else:p['observations'][0][field]='text\ud800'
>       check(dict(operations=[dict(data=json.dumps(p)),dict(action='metadata')]),authority)

ws_robot/src/astribot_s1_navigation_policy_native/test/test_policy_json_strings.py:29: 
_ _ _ _ _ _ _ _ _ _ _ _ _ _ _ _ _ _ _ _ _ _ _ _ _ _ _ _ _ _ _ _ _ _ _ _ _ _ _ _ 
ws_robot/src/astribot_s1_navigation_policy_native/test/test_policy_observation_adapters.py:148: in check
    def check(case,authority):compare(reference(case,authority),native(case))
ws_robot/src/astribot_s1_navigation_policy_native/test/test_policy_observation_adapters.py:144: in compare
    for i,(x,y) in enumerate(zip(a,b)):compare(x,y,path+f'[{i}]')
_ _ _ _ _ _ _ _ _ _ _ _ _ _ _ _ _ _ _ _ _ _ _ _ _ _ _ _ _ _ _ _ _ _ _ _ _ _ _ _ 

a = {'calls': [['now', 0], ['now', 1], ['tf', 'odom', 'sensor', 100], ['steady', 0]], 'last_packet': {'calibration_epoch':...: 'ros', 'epoch': 4, 'ns': 100}, 'class_probabilities': [['person', 0.6], ['unknown', 0.3]], 'frame_id': 'odom', ...}]}
b = {'calls': [], 'last_packet': None, 'ok': False, 'type': 'JSONDecodeError'}
path = '[0]'

    def compare(a,b,path=''):
        if isinstance(a,float):
            assert b==pytest.approx(a,rel=2e-12,abs=2e-12),(path,a,b)
            if a==0. and b==0.:assert math.copysign(1.,a)==math.copysign(1.,b),(path,a,b)
        elif isinstance(a,dict):
>           assert set(a)==set(b),(path,a,b)
E           AssertionError: ('[0]', {'calls': [['now', 0], ['now', 1], ['tf', 'odom', 'sensor', 100], ['steady', 0]], 'last_packet': {'calibration...nknown', 0.3]], 'frame_id': 'odom', ...}]}, {'calls': [], 'last_packet': None, 'ok': False, 'type': 'JSONDecodeError'})
E           assert {'calls', 'la...ok', 'result'} == {'calls', 'la... 'ok', 'type'}
E             Extra items in the left set:
E             'result'
E             Extra items in the right set:
E             'type'
E             Full diff:
E             - {'calls', 'type', 'ok', 'last_packet'}
E             ?             ---...
E             
E             ...Full output truncated (3 lines hidden), use '-vv' to show

ws_robot/src/astribot_s1_navigation_policy_native/test/test_policy_observation_adapters.py:140: AssertionError
__________ test_adapter_preserves_strings_and_call_order[provenance] ___________

authority = (<module '_frozen_policy_observation_adapters.contracts' from '/home/yjh/WorkSpace/astribot_sdk_ros2/ws_robot/src/astr...ws_robot/src/astribot_s1_navigation_policy_native/test/reference/policy_observation_adapters/observation_adapters.py'>)
field = 'provenance'

    @pytest.mark.parametrize('field',['ignored','measurement_id','track_id','provenance','classes','sensor_id','frame_id'])
    def test_adapter_preserves_strings_and_call_order(authority,field):
        p=vision()
        if field in ('ignored','sensor_id','frame_id'):p[field]='text\ud800'
        elif field=='provenance':p['observations'][0][field]=['origin\udfff']
        elif field=='classes':p['observations'][0][field]={'person\ud800':.6,'unknown':.3}
        else:p['observations'][0][field]='text\ud800'
>       check(dict(operations=[dict(data=json.dumps(p)),dict(action='metadata')]),authority)

ws_robot/src/astribot_s1_navigation_policy_native/test/test_policy_json_strings.py:29: 
_ _ _ _ _ _ _ _ _ _ _ _ _ _ _ _ _ _ _ _ _ _ _ _ _ _ _ _ _ _ _ _ _ _ _ _ _ _ _ _ 
ws_robot/src/astribot_s1_navigation_policy_native/test/test_policy_observation_adapters.py:148: in check
    def check(case,authority):compare(reference(case,authority),native(case))
ws_robot/src/astribot_s1_navigation_policy_native/test/test_policy_observation_adapters.py:144: in compare
    for i,(x,y) in enumerate(zip(a,b)):compare(x,y,path+f'[{i}]')
_ _ _ _ _ _ _ _ _ _ _ _ _ _ _ _ _ _ _ _ _ _ _ _ _ _ _ _ _ _ _ _ _ _ _ _ _ _ _ _ 

a = {'calls': [['now', 0], ['now', 1], ['tf', 'odom', 'sensor', 100], ['steady', 0]], 'last_packet': {'calibration_epoch':...: 'ros', 'epoch': 4, 'ns': 100}, 'class_probabilities': [['person', 0.6], ['unknown', 0.3]], 'frame_id': 'odom', ...}]}
b = {'calls': [], 'last_packet': None, 'ok': False, 'type': 'JSONDecodeError'}
path = '[0]'

    def compare(a,b,path=''):
        if isinstance(a,float):
            assert b==pytest.approx(a,rel=2e-12,abs=2e-12),(path,a,b)
            if a==0. and b==0.:assert math.copysign(1.,a)==math.copysign(1.,b),(path,a,b)
        elif isinstance(a,dict):
>           assert set(a)==set(b),(path,a,b)
E           AssertionError: ('[0]', {'calls': [['now', 0], ['now', 1], ['tf', 'odom', 'sensor', 100], ['steady', 0]], 'last_packet': {'calibration...nknown', 0.3]], 'frame_id': 'odom', ...}]}, {'calls': [], 'last_packet': None, 'ok': False, 'type': 'JSONDecodeError'})
E           assert {'calls', 'la...ok', 'result'} == {'calls', 'la... 'ok', 'type'}
E             Extra items in the left set:
E             'result'
E             Extra items in the right set:
E             'type'
E             Full diff:
E             - {'calls', 'type', 'ok', 'last_packet'}
E             ?             ---...
E             
E             ...Full output truncated (3 lines hidden), use '-vv' to show

ws_robot/src/astribot_s1_navigation_policy_native/test/test_policy_observation_adapters.py:140: AssertionError
____________ test_adapter_preserves_strings_and_call_order[classes] ____________

authority = (<module '_frozen_policy_observation_adapters.contracts' from '/home/yjh/WorkSpace/astribot_sdk_ros2/ws_robot/src/astr...ws_robot/src/astribot_s1_navigation_policy_native/test/reference/policy_observation_adapters/observation_adapters.py'>)
field = 'classes'

    @pytest.mark.parametrize('field',['ignored','measurement_id','track_id','provenance','classes','sensor_id','frame_id'])
    def test_adapter_preserves_strings_and_call_order(authority,field):
        p=vision()
        if field in ('ignored','sensor_id','frame_id'):p[field]='text\ud800'
        elif field=='provenance':p['observations'][0][field]=['origin\udfff']
        elif field=='classes':p['observations'][0][field]={'person\ud800':.6,'unknown':.3}
        else:p['observations'][0][field]='text\ud800'
>       check(dict(operations=[dict(data=json.dumps(p)),dict(action='metadata')]),authority)

ws_robot/src/astribot_s1_navigation_policy_native/test/test_policy_json_strings.py:29: 
_ _ _ _ _ _ _ _ _ _ _ _ _ _ _ _ _ _ _ _ _ _ _ _ _ _ _ _ _ _ _ _ _ _ _ _ _ _ _ _ 
ws_robot/src/astribot_s1_navigation_policy_native/test/test_policy_observation_adapters.py:148: in check
    def check(case,authority):compare(reference(case,authority),native(case))
ws_robot/src/astribot_s1_navigation_policy_native/test/test_policy_observation_adapters.py:144: in compare
    for i,(x,y) in enumerate(zip(a,b)):compare(x,y,path+f'[{i}]')
_ _ _ _ _ _ _ _ _ _ _ _ _ _ _ _ _ _ _ _ _ _ _ _ _ _ _ _ _ _ _ _ _ _ _ _ _ _ _ _ 

a = {'calls': [['now', 0], ['now', 1], ['tf', 'odom', 'sensor', 100], ['steady', 0]], 'last_packet': {'calibration_epoch':...', 'epoch': 4, 'ns': 100}, 'class_probabilities': [['person\ud800', 0.6], ['unknown', 0.3]], 'frame_id': 'odom', ...}]}
b = {'calls': [], 'last_packet': None, 'ok': False, 'type': 'JSONDecodeError'}
path = '[0]'

    def compare(a,b,path=''):
        if isinstance(a,float):
            assert b==pytest.approx(a,rel=2e-12,abs=2e-12),(path,a,b)
            if a==0. and b==0.:assert math.copysign(1.,a)==math.copysign(1.,b),(path,a,b)
        elif isinstance(a,dict):
>           assert set(a)==set(b),(path,a,b)
E           AssertionError: ('[0]', {'calls': [['now', 0], ['now', 1], ['tf', 'odom', 'sensor', 100], ['steady', 0]], 'last_packet': {'calibration...nknown', 0.3]], 'frame_id': 'odom', ...}]}, {'calls': [], 'last_packet': None, 'ok': False, 'type': 'JSONDecodeError'})
E           assert {'calls', 'la...ok', 'result'} == {'calls', 'la... 'ok', 'type'}
E             Extra items in the left set:
E             'result'
E             Extra items in the right set:
E             'type'
E             Full diff:
E             - {'calls', 'type', 'ok', 'last_packet'}
E             ?             ---...
E             
E             ...Full output truncated (3 lines hidden), use '-vv' to show

ws_robot/src/astribot_s1_navigation_policy_native/test/test_policy_observation_adapters.py:140: AssertionError
___________ test_adapter_preserves_strings_and_call_order[sensor_id] ___________

authority = (<module '_frozen_policy_observation_adapters.contracts' from '/home/yjh/WorkSpace/astribot_sdk_ros2/ws_robot/src/astr...ws_robot/src/astribot_s1_navigation_policy_native/test/reference/policy_observation_adapters/observation_adapters.py'>)
field = 'sensor_id'

    @pytest.mark.parametrize('field',['ignored','measurement_id','track_id','provenance','classes','sensor_id','frame_id'])
    def test_adapter_preserves_strings_and_call_order(authority,field):
        p=vision()
        if field in ('ignored','sensor_id','frame_id'):p[field]='text\ud800'
        elif field=='provenance':p['observations'][0][field]=['origin\udfff']
        elif field=='classes':p['observations'][0][field]={'person\ud800':.6,'unknown':.3}
        else:p['observations'][0][field]='text\ud800'
>       check(dict(operations=[dict(data=json.dumps(p)),dict(action='metadata')]),authority)

ws_robot/src/astribot_s1_navigation_policy_native/test/test_policy_json_strings.py:29: 
_ _ _ _ _ _ _ _ _ _ _ _ _ _ _ _ _ _ _ _ _ _ _ _ _ _ _ _ _ _ _ _ _ _ _ _ _ _ _ _ 
ws_robot/src/astribot_s1_navigation_policy_native/test/test_policy_observation_adapters.py:148: in check
    def check(case,authority):compare(reference(case,authority),native(case))
ws_robot/src/astribot_s1_navigation_policy_native/test/test_policy_observation_adapters.py:144: in compare
    for i,(x,y) in enumerate(zip(a,b)):compare(x,y,path+f'[{i}]')
_ _ _ _ _ _ _ _ _ _ _ _ _ _ _ _ _ _ _ _ _ _ _ _ _ _ _ _ _ _ _ _ _ _ _ _ _ _ _ _ 

a = {'calls': [['now', 0], ['now', 1], ['tf', 'odom', 'sensor', 100], ['steady', 0]], 'last_packet': {'calibration_epoch':...: 'ros', 'epoch': 4, 'ns': 100}, 'class_probabilities': [['person', 0.6], ['unknown', 0.3]], 'frame_id': 'odom', ...}]}
b = {'calls': [], 'last_packet': None, 'ok': False, 'type': 'JSONDecodeError'}
path = '[0]'

    def compare(a,b,path=''):
        if isinstance(a,float):
            assert b==pytest.approx(a,rel=2e-12,abs=2e-12),(path,a,b)
            if a==0. and b==0.:assert math.copysign(1.,a)==math.copysign(1.,b),(path,a,b)
        elif isinstance(a,dict):
>           assert set(a)==set(b),(path,a,b)
E           AssertionError: ('[0]', {'calls': [['now', 0], ['now', 1], ['tf', 'odom', 'sensor', 100], ['steady', 0]], 'last_packet': {'calibration...nknown', 0.3]], 'frame_id': 'odom', ...}]}, {'calls': [], 'last_packet': None, 'ok': False, 'type': 'JSONDecodeError'})
E           assert {'calls', 'la...ok', 'result'} == {'calls', 'la... 'ok', 'type'}
E             Extra items in the left set:
E             'result'
E             Extra items in the right set:
E             'type'
E             Full diff:
E             - {'calls', 'type', 'ok', 'last_packet'}
E             ?             ---...
E             
E             ...Full output truncated (3 lines hidden), use '-vv' to show

ws_robot/src/astribot_s1_navigation_policy_native/test/test_policy_observation_adapters.py:140: AssertionError
___________ test_adapter_preserves_strings_and_call_order[frame_id] ____________

authority = (<module '_frozen_policy_observation_adapters.contracts' from '/home/yjh/WorkSpace/astribot_sdk_ros2/ws_robot/src/astr...ws_robot/src/astribot_s1_navigation_policy_native/test/reference/policy_observation_adapters/observation_adapters.py'>)
field = 'frame_id'

    @pytest.mark.parametrize('field',['ignored','measurement_id','track_id','provenance','classes','sensor_id','frame_id'])
    def test_adapter_preserves_strings_and_call_order(authority,field):
        p=vision()
        if field in ('ignored','sensor_id','frame_id'):p[field]='text\ud800'
        elif field=='provenance':p['observations'][0][field]=['origin\udfff']
        elif field=='classes':p['observations'][0][field]={'person\ud800':.6,'unknown':.3}
        else:p['observations'][0][field]='text\ud800'
>       check(dict(operations=[dict(data=json.dumps(p)),dict(action='metadata')]),authority)

ws_robot/src/astribot_s1_navigation_policy_native/test/test_policy_json_strings.py:29: 
_ _ _ _ _ _ _ _ _ _ _ _ _ _ _ _ _ _ _ _ _ _ _ _ _ _ _ _ _ _ _ _ _ _ _ _ _ _ _ _ 
ws_robot/src/astribot_s1_navigation_policy_native/test/test_policy_observation_adapters.py:148: in check
    def check(case,authority):compare(reference(case,authority),native(case))
ws_robot/src/astribot_s1_navigation_policy_native/test/test_policy_observation_adapters.py:144: in compare
    for i,(x,y) in enumerate(zip(a,b)):compare(x,y,path+f'[{i}]')
_ _ _ _ _ _ _ _ _ _ _ _ _ _ _ _ _ _ _ _ _ _ _ _ _ _ _ _ _ _ _ _ _ _ _ _ _ _ _ _ 

a = {'calls': [['now', 0], ['now', 1], ['tf', 'odom', 'text\ud800', 100], ['steady', 0]], 'last_packet': {'calibration_epo...: 'ros', 'epoch': 4, 'ns': 100}, 'class_probabilities': [['person', 0.6], ['unknown', 0.3]], 'frame_id': 'odom', ...}]}
b = {'calls': [], 'last_packet': None, 'ok': False, 'type': 'JSONDecodeError'}
path = '[0]'

    def compare(a,b,path=''):
        if isinstance(a,float):
            assert b==pytest.approx(a,rel=2e-12,abs=2e-12),(path,a,b)
            if a==0. and b==0.:assert math.copysign(1.,a)==math.copysign(1.,b),(path,a,b)
        elif isinstance(a,dict):
>           assert set(a)==set(b),(path,a,b)
E           AssertionError: ('[0]', {'calls': [['now', 0], ['now', 1], ['tf', 'odom', 'text\ud800', 100], ['steady', 0]], 'last_packet': {'calibra...nknown', 0.3]], 'frame_id': 'odom', ...}]}, {'calls': [], 'last_packet': None, 'ok': False, 'type': 'JSONDecodeError'})
E           assert {'calls', 'la...ok', 'result'} == {'calls', 'la... 'ok', 'type'}
E             Extra items in the left set:
E             'result'
E             Extra items in the right set:
E             'type'
E             Full diff:
E             - {'calls', 'type', 'ok', 'last_packet'}
E             ?             ---...
E             
E             ...Full output truncated (3 lines hidden), use '-vv' to show

ws_robot/src/astribot_s1_navigation_policy_native/test/test_policy_observation_adapters.py:140: AssertionError
______________ test_packet_budget_counts_original_escaped_text[0] ______________

authority = (<module '_frozen_policy_observation_adapters.contracts' from '/home/yjh/WorkSpace/astribot_sdk_ros2/ws_robot/src/astr...ws_robot/src/astribot_s1_navigation_policy_native/test/reference/policy_observation_adapters/observation_adapters.py'>)
offset = 0

    @pytest.mark.parametrize('offset',[-1,0,1])
    def test_packet_budget_counts_original_escaped_text(authority,offset):
        p=vision(ignored='\u0000Sd800\ud800中文')
        raw=json.dumps(p,ensure_ascii=True)
>       check(dict(raw_options={'max_packet_bytes':len(raw)+offset},operations=[dict(data=raw)]),authority)

ws_robot/src/astribot_s1_navigation_policy_native/test/test_policy_json_strings.py:36: 
_ _ _ _ _ _ _ _ _ _ _ _ _ _ _ _ _ _ _ _ _ _ _ _ _ _ _ _ _ _ _ _ _ _ _ _ _ _ _ _ 
ws_robot/src/astribot_s1_navigation_policy_native/test/test_policy_observation_adapters.py:148: in check
    def check(case,authority):compare(reference(case,authority),native(case))
ws_robot/src/astribot_s1_navigation_policy_native/test/test_policy_observation_adapters.py:144: in compare
    for i,(x,y) in enumerate(zip(a,b)):compare(x,y,path+f'[{i}]')
_ _ _ _ _ _ _ _ _ _ _ _ _ _ _ _ _ _ _ _ _ _ _ _ _ _ _ _ _ _ _ _ _ _ _ _ _ _ _ _ 

a = {'calls': [['now', 0], ['now', 1], ['tf', 'odom', 'sensor', 100], ['steady', 0]], 'last_packet': {'calibration_epoch':...: 'ros', 'epoch': 4, 'ns': 100}, 'class_probabilities': [['person', 0.6], ['unknown', 0.3]], 'frame_id': 'odom', ...}]}
b = {'calls': [], 'last_packet': None, 'ok': False, 'type': 'JSONDecodeError'}
path = '[0]'

    def compare(a,b,path=''):
        if isinstance(a,float):
            assert b==pytest.approx(a,rel=2e-12,abs=2e-12),(path,a,b)
            if a==0. and b==0.:assert math.copysign(1.,a)==math.copysign(1.,b),(path,a,b)
        elif isinstance(a,dict):
>           assert set(a)==set(b),(path,a,b)
E           AssertionError: ('[0]', {'calls': [['now', 0], ['now', 1], ['tf', 'odom', 'sensor', 100], ['steady', 0]], 'last_packet': {'calibration...nknown', 0.3]], 'frame_id': 'odom', ...}]}, {'calls': [], 'last_packet': None, 'ok': False, 'type': 'JSONDecodeError'})
E           assert {'calls', 'la...ok', 'result'} == {'calls', 'la... 'ok', 'type'}
E             Extra items in the left set:
E             'result'
E             Extra items in the right set:
E             'type'
E             Full diff:
E             - {'calls', 'type', 'ok', 'last_packet'}
E             ?             ---...
E             
E             ...Full output truncated (3 lines hidden), use '-vv' to show

ws_robot/src/astribot_s1_navigation_policy_native/test/test_policy_observation_adapters.py:140: AssertionError
______________ test_packet_budget_counts_original_escaped_text[1] ______________

authority = (<module '_frozen_policy_observation_adapters.contracts' from '/home/yjh/WorkSpace/astribot_sdk_ros2/ws_robot/src/astr...ws_robot/src/astribot_s1_navigation_policy_native/test/reference/policy_observation_adapters/observation_adapters.py'>)
offset = 1

    @pytest.mark.parametrize('offset',[-1,0,1])
    def test_packet_budget_counts_original_escaped_text(authority,offset):
        p=vision(ignored='\u0000Sd800\ud800中文')
        raw=json.dumps(p,ensure_ascii=True)
>       check(dict(raw_options={'max_packet_bytes':len(raw)+offset},operations=[dict(data=raw)]),authority)

ws_robot/src/astribot_s1_navigation_policy_native/test/test_policy_json_strings.py:36: 
_ _ _ _ _ _ _ _ _ _ _ _ _ _ _ _ _ _ _ _ _ _ _ _ _ _ _ _ _ _ _ _ _ _ _ _ _ _ _ _ 
ws_robot/src/astribot_s1_navigation_policy_native/test/test_policy_observation_adapters.py:148: in check
    def check(case,authority):compare(reference(case,authority),native(case))
ws_robot/src/astribot_s1_navigation_policy_native/test/test_policy_observation_adapters.py:144: in compare
    for i,(x,y) in enumerate(zip(a,b)):compare(x,y,path+f'[{i}]')
_ _ _ _ _ _ _ _ _ _ _ _ _ _ _ _ _ _ _ _ _ _ _ _ _ _ _ _ _ _ _ _ _ _ _ _ _ _ _ _ 

a = {'calls': [['now', 0], ['now', 1], ['tf', 'odom', 'sensor', 100], ['steady', 0]], 'last_packet': {'calibration_epoch':...: 'ros', 'epoch': 4, 'ns': 100}, 'class_probabilities': [['person', 0.6], ['unknown', 0.3]], 'frame_id': 'odom', ...}]}
b = {'calls': [], 'last_packet': None, 'ok': False, 'type': 'JSONDecodeError'}
path = '[0]'

    def compare(a,b,path=''):
        if isinstance(a,float):
            assert b==pytest.approx(a,rel=2e-12,abs=2e-12),(path,a,b)
            if a==0. and b==0.:assert math.copysign(1.,a)==math.copysign(1.,b),(path,a,b)
        elif isinstance(a,dict):
>           assert set(a)==set(b),(path,a,b)
E           AssertionError: ('[0]', {'calls': [['now', 0], ['now', 1], ['tf', 'odom', 'sensor', 100], ['steady', 0]], 'last_packet': {'calibration...nknown', 0.3]], 'frame_id': 'odom', ...}]}, {'calls': [], 'last_packet': None, 'ok': False, 'type': 'JSONDecodeError'})
E           assert {'calls', 'la...ok', 'result'} == {'calls', 'la... 'ok', 'type'}
E             Extra items in the left set:
E             'result'
E             Extra items in the right set:
E             'type'
E             Full diff:
E             - {'calls', 'type', 'ok', 'last_packet'}
E             ?             ---...
E             
E             ...Full output truncated (3 lines hidden), use '-vv' to show

ws_robot/src/astribot_s1_navigation_policy_native/test/test_policy_observation_adapters.py:140: AssertionError
__________ test_distinct_surrogate_and_literal_marker_measurement_ids __________

authority = (<module '_frozen_policy_observation_adapters.contracts' from '/home/yjh/WorkSpace/astribot_sdk_ros2/ws_robot/src/astr...ws_robot/src/astribot_s1_navigation_policy_native/test/reference/policy_observation_adapters/observation_adapters.py'>)

    def test_distinct_surrogate_and_literal_marker_measurement_ids(authority):
        p=vision();original=p['observations'][0]
        p['observations']=[dict(original,measurement_id=x,provenance=[x])
            for x in ('x\ud800','x\u0000Sd800','x\udfff','x\u0000Sdfff','x\u0000\u0000Sd800')]
>       check(dict(operations=[dict(data=json.dumps(p))]),authority)

ws_robot/src/astribot_s1_navigation_policy_native/test/test_policy_json_strings.py:43: 
_ _ _ _ _ _ _ _ _ _ _ _ _ _ _ _ _ _ _ _ _ _ _ _ _ _ _ _ _ _ _ _ _ _ _ _ _ _ _ _ 
ws_robot/src/astribot_s1_navigation_policy_native/test/test_policy_observation_adapters.py:148: in check
    def check(case,authority):compare(reference(case,authority),native(case))
ws_robot/src/astribot_s1_navigation_policy_native/test/test_policy_observation_adapters.py:144: in compare
    for i,(x,y) in enumerate(zip(a,b)):compare(x,y,path+f'[{i}]')
_ _ _ _ _ _ _ _ _ _ _ _ _ _ _ _ _ _ _ _ _ _ _ _ _ _ _ _ _ _ _ _ _ _ _ _ _ _ _ _ 

a = {'calls': [['now', 0], ['now', 1], ['tf', 'odom', 'sensor', 100], ['steady', 0], ['tf', 'odom', 'sensor', 100], ['stea...: 'ros', 'epoch': 4, 'ns': 100}, 'class_probabilities': [['person', 0.6], ['unknown', 0.3]], 'frame_id': 'odom', ...}]}
b = {'calls': [], 'last_packet': None, 'ok': False, 'type': 'JSONDecodeError'}
path = '[0]'

    def compare(a,b,path=''):
        if isinstance(a,float):
            assert b==pytest.approx(a,rel=2e-12,abs=2e-12),(path,a,b)
            if a==0. and b==0.:assert math.copysign(1.,a)==math.copysign(1.,b),(path,a,b)
        elif isinstance(a,dict):
>           assert set(a)==set(b),(path,a,b)
E           AssertionError: ('[0]', {'calls': [['now', 0], ['now', 1], ['tf', 'odom', 'sensor', 100], ['steady', 0], ['tf', 'odom', 'sensor', 100]...nknown', 0.3]], 'frame_id': 'odom', ...}]}, {'calls': [], 'last_packet': None, 'ok': False, 'type': 'JSONDecodeError'})
E           assert {'calls', 'la...ok', 'result'} == {'calls', 'la... 'ok', 'type'}
E             Extra items in the left set:
E             'result'
E             Extra items in the right set:
E             'type'
E             Full diff:
E             - {'calls', 'type', 'ok', 'last_packet'}
E             ?             ---...
E             
E             ...Full output truncated (3 lines hidden), use '-vv' to show

ws_robot/src/astribot_s1_navigation_policy_native/test/test_policy_observation_adapters.py:140: AssertionError
=========================== short test summary info ============================
FAILED ws_robot/src/astribot_s1_navigation_policy_native/test/test_policy_json_strings.py::test_lone_paired_null_marker_keys_and_syntax["\\ud800"]
FAILED ws_robot/src/astribot_s1_navigation_policy_native/test/test_policy_json_strings.py::test_lone_paired_null_marker_keys_and_syntax["\\udfff"]
FAILED ws_robot/src/astribot_s1_navigation_policy_native/test/test_policy_json_strings.py::test_lone_paired_null_marker_keys_and_syntax["\\ud800\\ud800\\udc00\\udfff"]
FAILED ws_robot/src/astribot_s1_navigation_policy_native/test/test_policy_json_strings.py::test_lone_paired_null_marker_keys_and_syntax["\\u0000\\u0000Sdead\\ud800"]
FAILED ws_robot/src/astribot_s1_navigation_policy_native/test/test_policy_json_strings.py::test_lone_paired_null_marker_keys_and_syntax[{"\\ud800":1,"\\u0000Sd800":2,"\\ud800":3}]
FAILED ws_robot/src/astribot_s1_navigation_policy_native/test/test_policy_json_strings.py::test_lone_paired_null_marker_keys_and_syntax[{"__integer_json__":"\\ud800","n":18446744073709551617}]
FAILED ws_robot/src/astribot_s1_navigation_policy_native/test/test_policy_json_strings.py::test_lone_paired_null_marker_keys_and_syntax[["\\u0000", "\\udfff", "\u666e\u901a\u6587\u5b57", "\\u2028"]]
FAILED ws_robot/src/astribot_s1_navigation_policy_native/test/test_policy_json_strings.py::test_adapter_preserves_strings_and_call_order[ignored]
FAILED ws_robot/src/astribot_s1_navigation_policy_native/test/test_policy_json_strings.py::test_adapter_preserves_strings_and_call_order[measurement_id]
FAILED ws_robot/src/astribot_s1_navigation_policy_native/test/test_policy_json_strings.py::test_adapter_preserves_strings_and_call_order[track_id]
FAILED ws_robot/src/astribot_s1_navigation_policy_native/test/test_policy_json_strings.py::test_adapter_preserves_strings_and_call_order[provenance]
FAILED ws_robot/src/astribot_s1_navigation_policy_native/test/test_policy_json_strings.py::test_adapter_preserves_strings_and_call_order[classes]
FAILED ws_robot/src/astribot_s1_navigation_policy_native/test/test_policy_json_strings.py::test_adapter_preserves_strings_and_call_order[sensor_id]
FAILED ws_robot/src/astribot_s1_navigation_policy_native/test/test_policy_json_strings.py::test_adapter_preserves_strings_and_call_order[frame_id]
FAILED ws_robot/src/astribot_s1_navigation_policy_native/test/test_policy_json_strings.py::test_packet_budget_counts_original_escaped_text[0]
FAILED ws_robot/src/astribot_s1_navigation_policy_native/test/test_policy_json_strings.py::test_packet_budget_counts_original_escaped_text[1]
FAILED ws_robot/src/astribot_s1_navigation_policy_native/test/test_policy_json_strings.py::test_distinct_surrogate_and_literal_marker_measurement_ids
17 failed, 8 passed in 0.43s
