Running main() from /opt/ros/humble/src/gtest_vendor/src/gtest_main.cc
Note: Google Test filter = *FreshLeaseWaits*
[==========] Running 1 test from 1 test suite.
[----------] Global test environment set-up.
[----------] 1 test from OwnedController
[ RUN      ] OwnedController.FreshLeaseWaitsForControlCycleBeforeAdmittingGoal
[WARN] [1790569408.106348218] [stop_probe]: [Deprecated]: "allow_nonzero_velocity_at_trajectory_end" is set to true. The default behavior will change to false.
[INFO] [1790569408.106463838] [stop_probe]: No specific joint names are used for command interfaces. Using 'joints' parameter.
[INFO] [1790569408.106475311] [stop_probe]: Command interfaces are [position] and state interfaces are [position velocity].
[INFO] [1790569408.106482928] [stop_probe]: Using 'splines' interpolation method.
[INFO] [1790569408.107305204] [stop_probe]: Controller state will be published at 50.00 Hz.
[INFO] [1790569408.108908904] [stop_probe]: Action status changes will be monitored at 20.00 Hz.
[INFO] [1790569408.322428870] [stop_probe]: Received new action goal
[INFO] [1790569408.322485497] [stop_probe]: Accepted new action goal
/home/yjh/WorkSpace/astribot_arm_dynamic_recovery/ws_robot/src/astribot_s1_manipulation/test/owned_controller_test.cpp:155: Failure
Value of: premature
  Actual: true
Expected: false
[  FAILED  ] OwnedController.FreshLeaseWaitsForControlCycleBeforeAdmittingGoal (231 ms)
[----------] 1 test from OwnedController (231 ms total)

[----------] Global test environment tear-down
[==========] 1 test from 1 test suite ran. (238 ms total)
[  PASSED  ] 0 tests.
[  FAILED  ] 1 test, listed below:
[  FAILED  ] OwnedController.FreshLeaseWaitsForControlCycleBeforeAdmittingGoal

 1 FAILED TEST
