Running main() from /opt/ros/humble/src/gtest_vendor/src/gtest_main.cc
[==========] Running 13 tests from 2 test suites.
[----------] Global test environment set-up.
[----------] 1 test from OwnedControllerDiscovery
[ RUN      ] OwnedControllerDiscovery.InstalledPluginCanBeLoaded
[       OK ] OwnedControllerDiscovery.InstalledPluginCanBeLoaded (17 ms)
[----------] 1 test from OwnedControllerDiscovery (17 ms total)

[----------] 12 tests from OwnedController
[ RUN      ] OwnedController.FreshOwnerKeepsOriginalTrajectory
[WARN] [1790569509.377858451] [stop_probe]: [Deprecated]: "allow_nonzero_velocity_at_trajectory_end" is set to true. The default behavior will change to false.
[INFO] [1790569509.378024034] [stop_probe]: No specific joint names are used for command interfaces. Using 'joints' parameter.
[INFO] [1790569509.378041292] [stop_probe]: Command interfaces are [position] and state interfaces are [position velocity].
[INFO] [1790569509.378055367] [stop_probe]: Using 'splines' interpolation method.
[INFO] [1790569509.379162927] [stop_probe]: Controller state will be published at 50.00 Hz.
[INFO] [1790569509.380892916] [stop_probe]: Action status changes will be monitored at 20.00 Hz.
[INFO] [1790569509.540161879] [stop_probe]: Received new action goal
[INFO] [1790569509.540230970] [stop_probe]: Accepted new action goal
[       OK ] OwnedController.FreshOwnerKeepsOriginalTrajectory (778 ms)
[ RUN      ] OwnedController.UpdateCycleBenchmark
[WARN] [1790569510.150478746] [stop_probe]: [Deprecated]: "allow_nonzero_velocity_at_trajectory_end" is set to true. The default behavior will change to false.
[INFO] [1790569510.150559100] [stop_probe]: No specific joint names are used for command interfaces. Using 'joints' parameter.
[INFO] [1790569510.150577505] [stop_probe]: Command interfaces are [position] and state interfaces are [position velocity].
[INFO] [1790569510.150588734] [stop_probe]: Using 'splines' interpolation method.
[INFO] [1790569510.150703223] [stop_probe]: Controller state will be published at 50.00 Hz.
[INFO] [1790569510.151324538] [stop_probe]: Action status changes will be monitored at 20.00 Hz.
[INFO] [1790569510.307962581] [stop_probe]: Received new action goal
[INFO] [1790569510.307998804] [stop_probe]: Accepted new action goal
[       OK ] OwnedController.UpdateCycleBenchmark (666 ms)
[ RUN      ] OwnedController.LostOwnerAbortsAndHoldsInsteadOfCompletingOldTrajectory
[WARN] [1790569510.816453636] [stop_probe]: [Deprecated]: "allow_nonzero_velocity_at_trajectory_end" is set to true. The default behavior will change to false.
[INFO] [1790569510.816532154] [stop_probe]: No specific joint names are used for command interfaces. Using 'joints' parameter.
[INFO] [1790569510.816546436] [stop_probe]: Command interfaces are [position] and state interfaces are [position velocity].
[INFO] [1790569510.816557097] [stop_probe]: Using 'splines' interpolation method.
[INFO] [1790569510.816673507] [stop_probe]: Controller state will be published at 50.00 Hz.
[INFO] [1790569510.817321141] [stop_probe]: Action status changes will be monitored at 20.00 Hz.
[INFO] [1790569510.973740182] [stop_probe]: Received new action goal
[INFO] [1790569510.973796596] [stop_probe]: Accepted new action goal
[       OK ] OwnedController.LostOwnerAbortsAndHoldsInsteadOfCompletingOldTrajectory (1235 ms)
[ RUN      ] OwnedController.ExpiredLeaseCannotBeRevivedByLateHeartbeat
[WARN] [1790569512.051055127] [stop_probe]: [Deprecated]: "allow_nonzero_velocity_at_trajectory_end" is set to true. The default behavior will change to false.
[INFO] [1790569512.051108841] [stop_probe]: No specific joint names are used for command interfaces. Using 'joints' parameter.
[INFO] [1790569512.051114024] [stop_probe]: Command interfaces are [position] and state interfaces are [position velocity].
[INFO] [1790569512.051118432] [stop_probe]: Using 'splines' interpolation method.
[INFO] [1790569512.051176166] [stop_probe]: Controller state will be published at 50.00 Hz.
[INFO] [1790569512.051634005] [stop_probe]: Action status changes will be monitored at 20.00 Hz.
[INFO] [1790569512.206376886] [stop_probe]: Received new action goal
[INFO] [1790569512.206419900] [stop_probe]: Accepted new action goal
[       OK ] OwnedController.ExpiredLeaseCannotBeRevivedByLateHeartbeat (927 ms)
[ RUN      ] OwnedController.ExplicitRevocationStopsBeforeLeaseTimeout
[WARN] [1790569512.978780559] [stop_probe]: [Deprecated]: "allow_nonzero_velocity_at_trajectory_end" is set to true. The default behavior will change to false.
[INFO] [1790569512.978858727] [stop_probe]: No specific joint names are used for command interfaces. Using 'joints' parameter.
[INFO] [1790569512.978873819] [stop_probe]: Command interfaces are [position] and state interfaces are [position velocity].
[INFO] [1790569512.978884757] [stop_probe]: Using 'splines' interpolation method.
[INFO] [1790569512.978998462] [stop_probe]: Controller state will be published at 50.00 Hz.
[INFO] [1790569512.979746400] [stop_probe]: Action status changes will be monitored at 20.00 Hz.
[INFO] [1790569513.136704336] [stop_probe]: Received new action goal
[INFO] [1790569513.136743227] [stop_probe]: Accepted new action goal
[       OK ] OwnedController.ExplicitRevocationStopsBeforeLeaseTimeout (472 ms)
[ RUN      ] OwnedController.DuplicateSequenceCannotExtendAuthority
[WARN] [1790569513.451323746] [stop_probe]: [Deprecated]: "allow_nonzero_velocity_at_trajectory_end" is set to true. The default behavior will change to false.
[INFO] [1790569513.451391654] [stop_probe]: No specific joint names are used for command interfaces. Using 'joints' parameter.
[INFO] [1790569513.451404949] [stop_probe]: Command interfaces are [position] and state interfaces are [position velocity].
[INFO] [1790569513.451415290] [stop_probe]: Using 'splines' interpolation method.
[INFO] [1790569513.451507337] [stop_probe]: Controller state will be published at 50.00 Hz.
[INFO] [1790569513.452111513] [stop_probe]: Action status changes will be monitored at 20.00 Hz.
[INFO] [1790569513.608291654] [stop_probe]: Received new action goal
[INFO] [1790569513.608345617] [stop_probe]: Accepted new action goal
[       OK ] OwnedController.DuplicateSequenceCannotExtendAuthority (1183 ms)
[ RUN      ] OwnedController.DirectTrajectoryTopicIsNotAnAlternateEntry
[WARN] [1790569514.633369322] [stop_probe]: [Deprecated]: "allow_nonzero_velocity_at_trajectory_end" is set to true. The default behavior will change to false.
[INFO] [1790569514.633426049] [stop_probe]: No specific joint names are used for command interfaces. Using 'joints' parameter.
[INFO] [1790569514.633431624] [stop_probe]: Command interfaces are [position] and state interfaces are [position velocity].
[INFO] [1790569514.633436204] [stop_probe]: Using 'splines' interpolation method.
[INFO] [1790569514.633516638] [stop_probe]: Controller state will be published at 50.00 Hz.
[INFO] [1790569514.634070541] [stop_probe]: Action status changes will be monitored at 20.00 Hz.
[       OK ] OwnedController.DirectTrajectoryTopicIsNotAnAlternateEntry (266 ms)
[ RUN      ] OwnedController.NewLeaseCannotTakeOverAnExecutingGoal
[WARN] [1790569514.900020402] [stop_probe]: [Deprecated]: "allow_nonzero_velocity_at_trajectory_end" is set to true. The default behavior will change to false.
[INFO] [1790569514.900083453] [stop_probe]: No specific joint names are used for command interfaces. Using 'joints' parameter.
[INFO] [1790569514.900091396] [stop_probe]: Command interfaces are [position] and state interfaces are [position velocity].
[INFO] [1790569514.900098536] [stop_probe]: Using 'splines' interpolation method.
[INFO] [1790569514.900182957] [stop_probe]: Controller state will be published at 50.00 Hz.
[INFO] [1790569514.900731874] [stop_probe]: Action status changes will be monitored at 20.00 Hz.
[INFO] [1790569515.055041960] [stop_probe]: Received new action goal
[INFO] [1790569515.055104159] [stop_probe]: Accepted new action goal
[       OK ] OwnedController.NewLeaseCannotTakeOverAnExecutingGoal (467 ms)
[ RUN      ] OwnedController.StaleOrFutureSourceCannotExtendLease
[WARN] [1790569515.368296778] [stop_probe]: [Deprecated]: "allow_nonzero_velocity_at_trajectory_end" is set to true. The default behavior will change to false.
[INFO] [1790569515.368388850] [stop_probe]: No specific joint names are used for command interfaces. Using 'joints' parameter.
[INFO] [1790569515.368403212] [stop_probe]: Command interfaces are [position] and state interfaces are [position velocity].
[INFO] [1790569515.368413867] [stop_probe]: Using 'splines' interpolation method.
[INFO] [1790569515.368516768] [stop_probe]: Controller state will be published at 50.00 Hz.
[INFO] [1790569515.369128683] [stop_probe]: Action status changes will be monitored at 20.00 Hz.
[INFO] [1790569515.525762300] [stop_probe]: Received new action goal
[INFO] [1790569515.525816559] [stop_probe]: Accepted new action goal
[       OK ] OwnedController.StaleOrFutureSourceCannotExtendLease (1081 ms)
[ RUN      ] OwnedController.NormalCompletionPreservesEndpoint
[WARN] [1790569516.449221657] [stop_probe]: [Deprecated]: "allow_nonzero_velocity_at_trajectory_end" is set to true. The default behavior will change to false.
[INFO] [1790569516.449317909] [stop_probe]: No specific joint names are used for command interfaces. Using 'joints' parameter.
[INFO] [1790569516.449332818] [stop_probe]: Command interfaces are [position] and state interfaces are [position velocity].
[INFO] [1790569516.449343820] [stop_probe]: Using 'splines' interpolation method.
[INFO] [1790569516.449471623] [stop_probe]: Controller state will be published at 50.00 Hz.
[INFO] [1790569516.450119983] [stop_probe]: Action status changes will be monitored at 20.00 Hz.
[INFO] [1790569516.606765319] [stop_probe]: Received new action goal
[INFO] [1790569516.606826957] [stop_probe]: Accepted new action goal
[INFO] [1790569518.612641304] [stop_probe]: Goal reached, success!
[       OK ] OwnedController.NormalCompletionPreservesEndpoint (2375 ms)
[ RUN      ] OwnedController.HeartbeatCallbacksRaceRealtimeExpiryWithoutRevival
[WARN] [1790569518.822807548] [stop_probe]: [Deprecated]: "allow_nonzero_velocity_at_trajectory_end" is set to true. The default behavior will change to false.
[INFO] [1790569518.822854022] [stop_probe]: No specific joint names are used for command interfaces. Using 'joints' parameter.
[INFO] [1790569518.822859592] [stop_probe]: Command interfaces are [position] and state interfaces are [position velocity].
[INFO] [1790569518.822864381] [stop_probe]: Using 'splines' interpolation method.
[INFO] [1790569518.822926292] [stop_probe]: Controller state will be published at 50.00 Hz.
[INFO] [1790569518.823377824] [stop_probe]: Action status changes will be monitored at 20.00 Hz.
[INFO] [1790569518.977602551] [stop_probe]: Received new action goal
[INFO] [1790569518.977638260] [stop_probe]: Accepted new action goal
[       OK ] OwnedController.HeartbeatCallbacksRaceRealtimeExpiryWithoutRevival (1172 ms)
[ RUN      ] OwnedController.FreshLeaseWaitsForControlCycleBeforeAdmittingGoal
[WARN] [1790569519.994724743] [stop_probe]: [Deprecated]: "allow_nonzero_velocity_at_trajectory_end" is set to true. The default behavior will change to false.
[INFO] [1790569519.994786427] [stop_probe]: No specific joint names are used for command interfaces. Using 'joints' parameter.
[INFO] [1790569519.994792255] [stop_probe]: Command interfaces are [position] and state interfaces are [position velocity].
[INFO] [1790569519.994797358] [stop_probe]: Using 'splines' interpolation method.
[INFO] [1790569519.994864411] [stop_probe]: Controller state will be published at 50.00 Hz.
[INFO] [1790569519.995520400] [stop_probe]: Action status changes will be monitored at 20.00 Hz.
[INFO] [1790569520.302526116] [stop_probe]: Received new action goal
[INFO] [1790569520.302612778] [stop_probe]: Accepted new action goal
[       OK ] OwnedController.FreshLeaseWaitsForControlCycleBeforeAdmittingGoal (314 ms)
[----------] 12 tests from OwnedController (10937 ms total)

[----------] Global test environment tear-down
[==========] 13 tests from 2 test suites ran. (10957 ms total)
[  PASSED  ] 13 tests.
