GEOMETRY_TIMING {"event":"tick","ros_ns":2040000000,"source_ns":0,"steady_ns":1204579937322}
GEOMETRY_TIMING {"event":"tick","ros_ns":2040000000,"source_ns":0,"steady_ns":1204580054332}
GEOMETRY_TIMING {"event":"tick","ros_ns":2060000000,"source_ns":0,"steady_ns":1204600261607}
GEOMETRY_TIMING {"event":"tick","ros_ns":2080000000,"source_ns":0,"steady_ns":1204620532252}
GEOMETRY_TIMING {"event":"tick","ros_ns":2100000000,"source_ns":0,"steady_ns":1204640943784}
GEOMETRY_TIMING {"event":"tick","ros_ns":2120000000,"source_ns":0,"steady_ns":1204661285488}
GEOMETRY_TIMING {"event":"tick","ros_ns":2140000000,"source_ns":0,"steady_ns":1204681634399}
GEOMETRY_TIMING {"event":"submit","ros_ns":2140000000,"source_ns":2140000000,"steady_ns":1204681649332}
GEOMETRY_TIMING {"event":"compute_begin","ros_ns":-1,"source_ns":2140000000,"steady_ns":1204681766240}
GEOMETRY_TIMING {"event":"tick","ros_ns":2160000000,"source_ns":0,"steady_ns":1204701918286}
GEOMETRY_TIMING {"event":"tick","ros_ns":2180000000,"source_ns":0,"steady_ns":1204722212303}
GEOMETRY_TIMING {"event":"tick","ros_ns":2200000000,"source_ns":0,"steady_ns":1204742647874}
GEOMETRY_TIMING {"event":"tick","ros_ns":2220000000,"source_ns":0,"steady_ns":1204762948250}
GEOMETRY_TIMING {"event":"tick","ros_ns":2240000000,"source_ns":0,"steady_ns":1204783266971}
GEOMETRY_TIMING {"event":"compute_end","ros_ns":-1,"source_ns":2140000000,"steady_ns":1204801992450}
GEOMETRY_TIMING {"event":"tick","ros_ns":2240000000,"source_ns":0,"steady_ns":1204802634413}
GEOMETRY_TIMING {"event":"publish","ros_ns":2240000000,"source_ns":2140000000,"steady_ns":1204802766310}
GEOMETRY_TIMING {"event":"tick","ros_ns":2260000000,"source_ns":0,"steady_ns":1204803652364}
GEOMETRY_TIMING {"event":"submit","ros_ns":2260000000,"source_ns":2260000000,"steady_ns":1204803664817}
GEOMETRY_TIMING {"event":"compute_begin","ros_ns":-1,"source_ns":2260000000,"steady_ns":1204803720059}
GEOMETRY_TIMING {"event":"tick","ros_ns":2280000000,"source_ns":0,"steady_ns":1204823947645}
GEOMETRY_TIMING {"event":"tick","ros_ns":2300000000,"source_ns":0,"steady_ns":1204844395610}
GEOMETRY_TIMING {"event":"tick","ros_ns":2320000000,"source_ns":0,"steady_ns":1204864858643}
GEOMETRY_TIMING {"event":"tick","ros_ns":2340000000,"source_ns":0,"steady_ns":1204885307463}
GEOMETRY_TIMING {"event":"tick","ros_ns":2360000000,"source_ns":0,"steady_ns":1204905794996}
GEOMETRY_TIMING {"event":"compute_end","ros_ns":-1,"source_ns":2260000000,"steady_ns":1204923918289}
GEOMETRY_TIMING {"event":"tick","ros_ns":2360000000,"source_ns":0,"steady_ns":1204924626578}
GEOMETRY_TIMING {"event":"publish","ros_ns":2360000000,"source_ns":2260000000,"steady_ns":1204924643313}
GEOMETRY_TIMING {"event":"tick","ros_ns":2380000000,"source_ns":0,"steady_ns":1204926068595}
GEOMETRY_TIMING {"event":"submit","ros_ns":2380000000,"source_ns":2380000000,"steady_ns":1204926080518}
GEOMETRY_TIMING {"event":"compute_begin","ros_ns":-1,"source_ns":2380000000,"steady_ns":1204926137705}
GEOMETRY_TIMING {"event":"tick","ros_ns":2400000000,"source_ns":0,"steady_ns":1204946440663}
GEOMETRY_TIMING {"event":"tick","ros_ns":2420000000,"source_ns":0,"steady_ns":1204966735038}
GEOMETRY_TIMING {"event":"tick","ros_ns":2440000000,"source_ns":0,"steady_ns":1204987073572}
GEOMETRY_TIMING {"event":"tick","ros_ns":2460000000,"source_ns":0,"steady_ns":1205007402891}
GEOMETRY_TIMING {"event":"tick","ros_ns":2480000000,"source_ns":0,"steady_ns":1205027697281}
GEOMETRY_TIMING {"event":"compute_end","ros_ns":-1,"source_ns":2380000000,"steady_ns":1205046307897}
GEOMETRY_TIMING {"event":"tick","ros_ns":2480000000,"source_ns":0,"steady_ns":1205047025981}
GEOMETRY_TIMING {"event":"publish","ros_ns":2480000000,"source_ns":2380000000,"steady_ns":1205047044439}
GEOMETRY_TIMING {"event":"tick","ros_ns":2500000000,"source_ns":0,"steady_ns":1205048310693}
GEOMETRY_TIMING {"event":"submit","ros_ns":2500000000,"source_ns":2500000000,"steady_ns":1205048322987}
GEOMETRY_TIMING {"event":"compute_begin","ros_ns":-1,"source_ns":2500000000,"steady_ns":1205048372394}
GEOMETRY_TIMING {"event":"tick","ros_ns":2520000000,"source_ns":0,"steady_ns":1205068795817}
GEOMETRY_TIMING {"event":"tick","ros_ns":2540000000,"source_ns":0,"steady_ns":1205089279173}
GEOMETRY_TIMING {"event":"tick","ros_ns":2560000000,"source_ns":0,"steady_ns":1205109674003}
GEOMETRY_TIMING {"event":"tick","ros_ns":2580000000,"source_ns":0,"steady_ns":1205130060257}
GEOMETRY_TIMING {"event":"tick","ros_ns":2600000000,"source_ns":0,"steady_ns":1205150541358}
GEOMETRY_TIMING {"event":"compute_end","ros_ns":-1,"source_ns":2500000000,"steady_ns":1205168577421}
GEOMETRY_TIMING {"event":"tick","ros_ns":2600000000,"source_ns":0,"steady_ns":1205169280119}
GEOMETRY_TIMING {"event":"publish","ros_ns":2600000000,"source_ns":2500000000,"steady_ns":1205169297136}
GEOMETRY_TIMING {"event":"tick","ros_ns":2620000000,"source_ns":0,"steady_ns":1205171040014}
GEOMETRY_TIMING {"event":"submit","ros_ns":2620000000,"source_ns":2620000000,"steady_ns":1205171054534}
GEOMETRY_TIMING {"event":"compute_begin","ros_ns":-1,"source_ns":2620000000,"steady_ns":1205171112045}
GEOMETRY_TIMING {"event":"tick","ros_ns":2640000000,"source_ns":0,"steady_ns":1205191513410}
GEOMETRY_TIMING {"event":"tick","ros_ns":2660000000,"source_ns":0,"steady_ns":1205211859459}
GEOMETRY_TIMING {"event":"tick","ros_ns":2680000000,"source_ns":0,"steady_ns":1205232305834}
GEOMETRY_TIMING {"event":"tick","ros_ns":2700000000,"source_ns":0,"steady_ns":1205252867516}
GEOMETRY_TIMING {"event":"tick","ros_ns":2720000000,"source_ns":0,"steady_ns":1205273388577}
GEOMETRY_TIMING {"event":"compute_end","ros_ns":-1,"source_ns":2620000000,"steady_ns":1205291310361}
GEOMETRY_TIMING {"event":"tick","ros_ns":2720000000,"source_ns":0,"steady_ns":1205292014206}
GEOMETRY_TIMING {"event":"publish","ros_ns":2720000000,"source_ns":2620000000,"steady_ns":1205292027384}
GEOMETRY_TIMING {"event":"tick","ros_ns":2740000000,"source_ns":0,"steady_ns":1205293838660}
GEOMETRY_TIMING {"event":"submit","ros_ns":2740000000,"source_ns":2740000000,"steady_ns":1205293848673}
GEOMETRY_TIMING {"event":"compute_begin","ros_ns":-1,"source_ns":2740000000,"steady_ns":1205293878390}
GEOMETRY_TIMING {"event":"tick","ros_ns":2760000000,"source_ns":0,"steady_ns":1205314312379}
GEOMETRY_TIMING {"event":"tick","ros_ns":2780000000,"source_ns":0,"steady_ns":1205334904866}
GEOMETRY_TIMING {"event":"tick","ros_ns":2800000000,"source_ns":0,"steady_ns":1205355446936}
GEOMETRY_TIMING {"event":"tick","ros_ns":2820000000,"source_ns":0,"steady_ns":1205376137763}
GEOMETRY_TIMING {"event":"tick","ros_ns":2840000000,"source_ns":0,"steady_ns":1205396687126}
GEOMETRY_TIMING {"event":"compute_end","ros_ns":-1,"source_ns":2740000000,"steady_ns":1205414047569}
GEOMETRY_TIMING {"event":"tick","ros_ns":2840000000,"source_ns":0,"steady_ns":1205414780851}
GEOMETRY_TIMING {"event":"publish","ros_ns":2840000000,"source_ns":2740000000,"steady_ns":1205414886133}
GEOMETRY_TIMING {"event":"tick","ros_ns":2860000000,"source_ns":0,"steady_ns":1205417253840}
GEOMETRY_TIMING {"event":"submit","ros_ns":2860000000,"source_ns":2860000000,"steady_ns":1205417265643}
GEOMETRY_TIMING {"event":"compute_begin","ros_ns":-1,"source_ns":2860000000,"steady_ns":1205417311746}
GEOMETRY_TIMING {"event":"tick","ros_ns":2880000000,"source_ns":0,"steady_ns":1205437917716}
GEOMETRY_TIMING {"event":"tick","ros_ns":2900000000,"source_ns":0,"steady_ns":1205458272987}
GEOMETRY_TIMING {"event":"tick","ros_ns":2920000000,"source_ns":0,"steady_ns":1205478583312}
GEOMETRY_TIMING {"event":"tick","ros_ns":2940000000,"source_ns":0,"steady_ns":1205499021579}
GEOMETRY_TIMING {"event":"tick","ros_ns":2960000000,"source_ns":0,"steady_ns":1205519469016}
GEOMETRY_TIMING {"event":"compute_end","ros_ns":-1,"source_ns":2860000000,"steady_ns":1205537474089}
GEOMETRY_TIMING {"event":"tick","ros_ns":2960000000,"source_ns":0,"steady_ns":1205538226288}
GEOMETRY_TIMING {"event":"publish","ros_ns":2960000000,"source_ns":2860000000,"steady_ns":1205538243453}
GEOMETRY_TIMING {"event":"tick","ros_ns":2980000000,"source_ns":0,"steady_ns":1205539932683}
GEOMETRY_TIMING {"event":"submit","ros_ns":2980000000,"source_ns":2980000000,"steady_ns":1205539944280}
GEOMETRY_TIMING {"event":"compute_begin","ros_ns":-1,"source_ns":2980000000,"steady_ns":1205540011361}
GEOMETRY_TIMING {"event":"tick","ros_ns":3000000000,"source_ns":0,"steady_ns":1205560525429}
GEOMETRY_TIMING {"event":"tick","ros_ns":3020000000,"source_ns":0,"steady_ns":1205580917287}
GEOMETRY_TIMING {"event":"tick","ros_ns":3040000000,"source_ns":0,"steady_ns":1205601449246}
GEOMETRY_TIMING {"event":"tick","ros_ns":3060000000,"source_ns":0,"steady_ns":1205621798526}
GEOMETRY_TIMING {"event":"tick","ros_ns":3080000000,"source_ns":0,"steady_ns":1205642135267}
GEOMETRY_TIMING {"event":"compute_end","ros_ns":-1,"source_ns":2980000000,"steady_ns":1205660214499}
GEOMETRY_TIMING {"event":"tick","ros_ns":3080000000,"source_ns":0,"steady_ns":1205660917590}
GEOMETRY_TIMING {"event":"publish","ros_ns":3080000000,"source_ns":2980000000,"steady_ns":1205660933277}
GEOMETRY_TIMING {"event":"tick","ros_ns":3100000000,"source_ns":0,"steady_ns":1205662959456}
GEOMETRY_TIMING {"event":"submit","ros_ns":3100000000,"source_ns":3100000000,"steady_ns":1205662972490}
GEOMETRY_TIMING {"event":"compute_begin","ros_ns":-1,"source_ns":3100000000,"steady_ns":1205663036781}
GEOMETRY_TIMING {"event":"tick","ros_ns":3120000000,"source_ns":0,"steady_ns":1205683433166}
GEOMETRY_TIMING {"event":"tick","ros_ns":3140000000,"source_ns":0,"steady_ns":1205703892885}
GEOMETRY_TIMING {"event":"tick","ros_ns":3160000000,"source_ns":0,"steady_ns":1205724183391}
GEOMETRY_TIMING {"event":"tick","ros_ns":3180000000,"source_ns":0,"steady_ns":1205744550948}
GEOMETRY_TIMING {"event":"tick","ros_ns":3200000000,"source_ns":0,"steady_ns":1205765087576}
GEOMETRY_TIMING {"event":"compute_end","ros_ns":-1,"source_ns":3100000000,"steady_ns":1205783248369}
GEOMETRY_TIMING {"event":"tick","ros_ns":3200000000,"source_ns":0,"steady_ns":1205783943482}
GEOMETRY_TIMING {"event":"publish","ros_ns":3200000000,"source_ns":3100000000,"steady_ns":1205783957218}
GEOMETRY_TIMING {"event":"tick","ros_ns":3220000000,"source_ns":0,"steady_ns":1205785600117}
GEOMETRY_TIMING {"event":"submit","ros_ns":3220000000,"source_ns":3220000000,"steady_ns":1205785617329}
GEOMETRY_TIMING {"event":"compute_begin","ros_ns":-1,"source_ns":3220000000,"steady_ns":1205785686094}
GEOMETRY_TIMING {"event":"tick","ros_ns":3240000000,"source_ns":0,"steady_ns":1205806095682}
GEOMETRY_TIMING {"event":"tick","ros_ns":3260000000,"source_ns":0,"steady_ns":1205826582569}
GEOMETRY_TIMING {"event":"tick","ros_ns":3280000000,"source_ns":0,"steady_ns":1205847137529}
GEOMETRY_TIMING {"event":"tick","ros_ns":3300000000,"source_ns":0,"steady_ns":1205867705111}
GEOMETRY_TIMING {"event":"tick","ros_ns":3320000000,"source_ns":0,"steady_ns":1205888066982}
GEOMETRY_TIMING {"event":"compute_end","ros_ns":-1,"source_ns":3220000000,"steady_ns":1205905846146}
GEOMETRY_TIMING {"event":"tick","ros_ns":3320000000,"source_ns":0,"steady_ns":1205906603823}
GEOMETRY_TIMING {"event":"publish","ros_ns":3320000000,"source_ns":3220000000,"steady_ns":1205906620151}
GEOMETRY_TIMING {"event":"tick","ros_ns":3340000000,"source_ns":0,"steady_ns":1205908520641}
GEOMETRY_TIMING {"event":"submit","ros_ns":3340000000,"source_ns":3340000000,"steady_ns":1205908531579}
GEOMETRY_TIMING {"event":"compute_begin","ros_ns":-1,"source_ns":3340000000,"steady_ns":1205908589319}
GEOMETRY_TIMING {"event":"tick","ros_ns":3360000000,"source_ns":0,"steady_ns":1205928985641}
GEOMETRY_TIMING {"event":"tick","ros_ns":3380000000,"source_ns":0,"steady_ns":1205949381067}
GEOMETRY_TIMING {"event":"tick","ros_ns":3400000000,"source_ns":0,"steady_ns":1205969720377}
GEOMETRY_TIMING {"event":"tick","ros_ns":3420000000,"source_ns":0,"steady_ns":1205990055295}
GEOMETRY_TIMING {"event":"tick","ros_ns":3440000000,"source_ns":0,"steady_ns":1206010359311}
GEOMETRY_TIMING {"event":"compute_end","ros_ns":-1,"source_ns":3340000000,"steady_ns":1206028792039}
GEOMETRY_TIMING {"event":"tick","ros_ns":3440000000,"source_ns":0,"steady_ns":1206029505306}
GEOMETRY_TIMING {"event":"publish","ros_ns":3440000000,"source_ns":3340000000,"steady_ns":1206029638014}
GEOMETRY_TIMING {"event":"tick","ros_ns":3460000000,"source_ns":0,"steady_ns":1206031034447}
GEOMETRY_TIMING {"event":"submit","ros_ns":3460000000,"source_ns":3460000000,"steady_ns":1206031079233}
GEOMETRY_TIMING {"event":"compute_begin","ros_ns":-1,"source_ns":3460000000,"steady_ns":1206031137455}
GEOMETRY_TIMING {"event":"tick","ros_ns":3480000000,"source_ns":0,"steady_ns":1206051446045}
GEOMETRY_TIMING {"event":"tick","ros_ns":3500000000,"source_ns":0,"steady_ns":1206071854519}
GEOMETRY_TIMING {"event":"tick","ros_ns":3520000000,"source_ns":0,"steady_ns":1206092183697}
GEOMETRY_TIMING {"event":"tick","ros_ns":3540000000,"source_ns":0,"steady_ns":1206112584583}
GEOMETRY_TIMING {"event":"tick","ros_ns":3560000000,"source_ns":0,"steady_ns":1206133034188}
GEOMETRY_TIMING {"event":"compute_end","ros_ns":-1,"source_ns":3460000000,"steady_ns":1206151354497}
GEOMETRY_TIMING {"event":"tick","ros_ns":3560000000,"source_ns":0,"steady_ns":1206152036786}
GEOMETRY_TIMING {"event":"publish","ros_ns":3560000000,"source_ns":3460000000,"steady_ns":1206152049698}
GEOMETRY_TIMING {"event":"tick","ros_ns":3580000000,"source_ns":0,"steady_ns":1206153487539}
GEOMETRY_TIMING {"event":"submit","ros_ns":3580000000,"source_ns":3580000000,"steady_ns":1206153497330}
GEOMETRY_TIMING {"event":"compute_begin","ros_ns":-1,"source_ns":3580000000,"steady_ns":1206153543600}
GEOMETRY_TIMING {"event":"tick","ros_ns":3600000000,"source_ns":0,"steady_ns":1206173950737}
GEOMETRY_TIMING {"event":"tick","ros_ns":3620000000,"source_ns":0,"steady_ns":1206194309194}
GEOMETRY_TIMING {"event":"tick","ros_ns":3640000000,"source_ns":0,"steady_ns":1206214702422}
GEOMETRY_TIMING {"event":"tick","ros_ns":3660000000,"source_ns":0,"steady_ns":1206235138592}
GEOMETRY_TIMING {"event":"tick","ros_ns":3680000000,"source_ns":0,"steady_ns":1206255489428}
GEOMETRY_TIMING {"event":"compute_end","ros_ns":-1,"source_ns":3580000000,"steady_ns":1206273740922}
GEOMETRY_TIMING {"event":"tick","ros_ns":3680000000,"source_ns":0,"steady_ns":1206274449907}
GEOMETRY_TIMING {"event":"publish","ros_ns":3680000000,"source_ns":3580000000,"steady_ns":1206274464513}
GEOMETRY_TIMING {"event":"tick","ros_ns":3700000000,"source_ns":0,"steady_ns":1206275783703}
GEOMETRY_TIMING {"event":"submit","ros_ns":3700000000,"source_ns":3700000000,"steady_ns":1206275794459}
GEOMETRY_TIMING {"event":"compute_begin","ros_ns":-1,"source_ns":3700000000,"steady_ns":1206275846788}
GEOMETRY_TIMING {"event":"tick","ros_ns":3720000000,"source_ns":0,"steady_ns":1206296252951}
GEOMETRY_TIMING {"event":"tick","ros_ns":3740000000,"source_ns":0,"steady_ns":1206316676195}
GEOMETRY_TIMING {"event":"tick","ros_ns":3760000000,"source_ns":0,"steady_ns":1206337046766}
GEOMETRY_TIMING {"event":"tick","ros_ns":3780000000,"source_ns":0,"steady_ns":1206357547224}
GEOMETRY_TIMING {"event":"tick","ros_ns":3800000000,"source_ns":0,"steady_ns":1206377925478}
GEOMETRY_TIMING {"event":"compute_end","ros_ns":-1,"source_ns":3700000000,"steady_ns":1206396053021}
GEOMETRY_TIMING {"event":"tick","ros_ns":3800000000,"source_ns":0,"steady_ns":1206396759499}
GEOMETRY_TIMING {"event":"publish","ros_ns":3800000000,"source_ns":3700000000,"steady_ns":1206396777042}
GEOMETRY_TIMING {"event":"tick","ros_ns":3820000000,"source_ns":0,"steady_ns":1206398420858}
GEOMETRY_TIMING {"event":"submit","ros_ns":3820000000,"source_ns":3820000000,"steady_ns":1206398435042}
GEOMETRY_TIMING {"event":"compute_begin","ros_ns":-1,"source_ns":3820000000,"steady_ns":1206398489275}
GEOMETRY_TIMING {"event":"tick","ros_ns":3840000000,"source_ns":0,"steady_ns":1206418900779}
GEOMETRY_TIMING {"event":"tick","ros_ns":3860000000,"source_ns":0,"steady_ns":1206439424543}
GEOMETRY_TIMING {"event":"tick","ros_ns":3880000000,"source_ns":0,"steady_ns":1206459940595}
GEOMETRY_TIMING {"event":"tick","ros_ns":3900000000,"source_ns":0,"steady_ns":1206480317405}
GEOMETRY_TIMING {"event":"tick","ros_ns":3920000000,"source_ns":0,"steady_ns":1206500690066}
GEOMETRY_TIMING {"event":"compute_end","ros_ns":-1,"source_ns":3820000000,"steady_ns":1206518695557}
GEOMETRY_TIMING {"event":"tick","ros_ns":3920000000,"source_ns":0,"steady_ns":1206519413472}
GEOMETRY_TIMING {"event":"publish","ros_ns":3920000000,"source_ns":3820000000,"steady_ns":1206519440069}
GEOMETRY_TIMING {"event":"tick","ros_ns":3940000000,"source_ns":0,"steady_ns":1206520990970}
GEOMETRY_TIMING {"event":"submit","ros_ns":3940000000,"source_ns":3940000000,"steady_ns":1206521009103}
GEOMETRY_TIMING {"event":"compute_begin","ros_ns":-1,"source_ns":3940000000,"steady_ns":1206521063639}
GEOMETRY_TIMING {"event":"tick","ros_ns":3960000000,"source_ns":0,"steady_ns":1206541496792}
GEOMETRY_TIMING {"event":"tick","ros_ns":3980000000,"source_ns":0,"steady_ns":1206561954368}
GEOMETRY_TIMING {"event":"tick","ros_ns":4000000000,"source_ns":0,"steady_ns":1206582400710}
GEOMETRY_TIMING {"event":"tick","ros_ns":4020000000,"source_ns":0,"steady_ns":1206602868790}
GEOMETRY_TIMING {"event":"tick","ros_ns":4040000000,"source_ns":0,"steady_ns":1206623315786}
GEOMETRY_TIMING {"event":"compute_end","ros_ns":-1,"source_ns":3940000000,"steady_ns":1206641271316}
GEOMETRY_TIMING {"event":"tick","ros_ns":4040000000,"source_ns":0,"steady_ns":1206641984528}
GEOMETRY_TIMING {"event":"publish","ros_ns":4040000000,"source_ns":3940000000,"steady_ns":1206642143576}
GEOMETRY_TIMING {"event":"tick","ros_ns":4060000000,"source_ns":0,"steady_ns":1206644530590}
GEOMETRY_TIMING {"event":"submit","ros_ns":4060000000,"source_ns":4060000000,"steady_ns":1206644550196}
GEOMETRY_TIMING {"event":"compute_begin","ros_ns":-1,"source_ns":4060000000,"steady_ns":1206644624062}
GEOMETRY_TIMING {"event":"tick","ros_ns":4080000000,"source_ns":0,"steady_ns":1206664945791}
GEOMETRY_TIMING {"event":"tick","ros_ns":4100000000,"source_ns":0,"steady_ns":1206685484998}
GEOMETRY_TIMING {"event":"tick","ros_ns":4120000000,"source_ns":0,"steady_ns":1206705874398}
GEOMETRY_TIMING {"event":"tick","ros_ns":4140000000,"source_ns":0,"steady_ns":1206726285659}
GEOMETRY_TIMING {"event":"tick","ros_ns":4160000000,"source_ns":0,"steady_ns":1206746804828}
GEOMETRY_TIMING {"event":"compute_end","ros_ns":-1,"source_ns":4060000000,"steady_ns":1206764820185}
GEOMETRY_TIMING {"event":"tick","ros_ns":4160000000,"source_ns":0,"steady_ns":1206765549485}
GEOMETRY_TIMING {"event":"publish","ros_ns":4160000000,"source_ns":4060000000,"steady_ns":1206765568372}
GEOMETRY_TIMING {"event":"tick","ros_ns":4180000000,"source_ns":0,"steady_ns":1206767297315}
GEOMETRY_TIMING {"event":"submit","ros_ns":4180000000,"source_ns":4180000000,"steady_ns":1206767315522}
GEOMETRY_TIMING {"event":"compute_begin","ros_ns":-1,"source_ns":4180000000,"steady_ns":1206767377049}
GEOMETRY_TIMING {"event":"tick","ros_ns":4200000000,"source_ns":0,"steady_ns":1206787782884}
GEOMETRY_TIMING {"event":"tick","ros_ns":4220000000,"source_ns":0,"steady_ns":1206808888297}
GEOMETRY_TIMING {"event":"tick","ros_ns":4240000000,"source_ns":0,"steady_ns":1206829635527}
GEOMETRY_TIMING {"event":"tick","ros_ns":4260000000,"source_ns":0,"steady_ns":1206850791553}
GEOMETRY_TIMING {"event":"tick","ros_ns":4280000000,"source_ns":0,"steady_ns":1206871882365}
GEOMETRY_TIMING {"event":"compute_end","ros_ns":-1,"source_ns":4180000000,"steady_ns":1206887572066}
GEOMETRY_TIMING {"event":"tick","ros_ns":4280000000,"source_ns":0,"steady_ns":1206888293296}
GEOMETRY_TIMING {"event":"publish","ros_ns":4280000000,"source_ns":4180000000,"steady_ns":1206888304519}
GEOMETRY_TIMING {"event":"tick","ros_ns":4300000000,"source_ns":0,"steady_ns":1206892604920}
GEOMETRY_TIMING {"event":"submit","ros_ns":4300000000,"source_ns":4300000000,"steady_ns":1206892617228}
GEOMETRY_TIMING {"event":"compute_begin","ros_ns":-1,"source_ns":4300000000,"steady_ns":1206892671496}
GEOMETRY_TIMING {"event":"tick","ros_ns":4600000000,"source_ns":0,"steady_ns":1206908129099}
GEOMETRY_TIMING {"event":"tick","ros_ns":4600000000,"source_ns":0,"steady_ns":1206908153902}
GEOMETRY_TIMING {"event":"compute_end","ros_ns":-1,"source_ns":4300000000,"steady_ns":1207012898503}
GEOMETRY_TIMING {"event":"tick","ros_ns":4600000000,"source_ns":0,"steady_ns":1207013590265}
[INFO] [1789977111.776615025] [rclcpp]: signal_handler(SIGINT/SIGTERM)
