Consolidate compiler generated dependencies of target inference_contract
[  8%] Built target inference_contract
Consolidate compiler generated dependencies of target manipulation_perception_server
[ 14%] Built target manipulation_perception_server
Consolidate compiler generated dependencies of target pick_planning_client
[ 17%] Building CXX object CMakeFiles/pick_planning_client.dir/src/pick_planning_contract.cpp.o
[ 20%] Building CXX object CMakeFiles/pick_planning_client.dir/src/pick_planning_client.cpp.o
[ 22%] Linking CXX static library libpick_planning_client.a
[ 22%] Built target pick_planning_client
Consolidate compiler generated dependencies of target known_box_grasp_mapping
[ 25%] Building CXX object CMakeFiles/known_box_grasp_mapping.dir/src/known_box_grasp_mapping.cpp.o
[ 28%] Linking CXX static library libknown_box_grasp_mapping.a
[ 28%] Built target known_box_grasp_mapping
Consolidate compiler generated dependencies of target single_box_request_source
[ 31%] Building CXX object CMakeFiles/single_box_request_source.dir/src/single_box_request.cpp.o
[ 34%] Building CXX object CMakeFiles/single_box_request_source.dir/src/single_box_request_source.cpp.o
[ 37%] Linking CXX static library libsingle_box_request_source.a
[ 37%] Built target single_box_request_source
Consolidate compiler generated dependencies of target gtest_main
[ 42%] Built target gtest_main
Consolidate compiler generated dependencies of target gtest
[ 48%] Built target gtest
Consolidate compiler generated dependencies of target pick_planning_test
[ 51%] Building CXX object CMakeFiles/pick_planning_test.dir/test/pick_planning_test.cpp.o
/home/yjh/WorkSpace/astribot_sdk_ros2/ws_robot/src/astribot_s1_manipulation_perception/test/pick_planning_test.cpp: In member function ‘virtual void PickPlanning::SetUp()’:
/home/yjh/WorkSpace/astribot_sdk_ros2/ws_robot/src/astribot_s1_manipulation_perception/test/pick_planning_test.cpp:14:96: warning: missing initializer for member ‘astribot::perception_planning::Context::camera_info_revision’ [-Wmissing-field-initializers]
   14 |                "cad_a","cad_hash:visibility_hash","grasp_hash",2,7,9,1,"actual_scene_signature"};
      |                                                                                                ^
/home/yjh/WorkSpace/astribot_sdk_ros2/ws_robot/src/astribot_s1_manipulation_perception/test/pick_planning_test.cpp:14:96: warning: missing initializer for member ‘astribot::perception_planning::Context::station_region_revision’ [-Wmissing-field-initializers]
[ 54%] Linking CXX executable pick_planning_test
[ 54%] Built target pick_planning_test
Consolidate compiler generated dependencies of target single_box_request_test
[ 57%] Building CXX object CMakeFiles/single_box_request_test.dir/test/single_box_request_test.cpp.o
[ 60%] Linking CXX executable single_box_request_test
[ 60%] Built target single_box_request_test
[ 62%] Building CXX object CMakeFiles/single_box_source_protocol_test.dir/test/single_box_source_protocol_test.cpp.o
[ 65%] Linking CXX executable single_box_source_protocol_test
[ 65%] Built target single_box_source_protocol_test
Consolidate compiler generated dependencies of target pick_planning_protocol_test
[ 68%] Building CXX object CMakeFiles/pick_planning_protocol_test.dir/test/pick_planning_protocol_test.cpp.o
/home/yjh/WorkSpace/astribot_sdk_ros2/ws_robot/src/astribot_s1_manipulation_perception/test/pick_planning_protocol_test.cpp: In member function ‘void PickProtocol::setup(const string&)’:
/home/yjh/WorkSpace/astribot_sdk_ros2/ws_robot/src/astribot_s1_manipulation_perception/test/pick_planning_protocol_test.cpp:54:62: warning: missing initializer for member ‘astribot::perception_planning::Context::camera_info_revision’ [-Wmissing-field-initializers]
   54 |       "cad","cad_hash","grasp_hash",2,3,4,1,"scene_signature"};
      |                                                              ^
/home/yjh/WorkSpace/astribot_sdk_ros2/ws_robot/src/astribot_s1_manipulation_perception/test/pick_planning_protocol_test.cpp:54:62: warning: missing initializer for member ‘astribot::perception_planning::Context::station_region_revision’ [-Wmissing-field-initializers]
[ 71%] Linking CXX executable pick_planning_protocol_test
[ 71%] Built target pick_planning_protocol_test
Consolidate compiler generated dependencies of target known_box_grasp_mapping_test
[ 74%] Building CXX object CMakeFiles/known_box_grasp_mapping_test.dir/test/known_box_grasp_mapping_test.cpp.o
[ 77%] Linking CXX executable known_box_grasp_mapping_test
[ 77%] Built target known_box_grasp_mapping_test
Consolidate compiler generated dependencies of target inference_contract_test
[ 82%] Built target inference_contract_test
Consolidate compiler generated dependencies of target worker_process_test
[ 88%] Built target worker_process_test
Consolidate compiler generated dependencies of target inference_fixture_worker
[ 94%] Built target inference_fixture_worker
Consolidate compiler generated dependencies of target action_contract_test
[100%] Built target action_contract_test
