[ 16%] Built target gtest_main
Consolidate compiler generated dependencies of target pick_planning_client
[ 41%] Built target pick_planning_client
Consolidate compiler generated dependencies of target single_box_request_source
[ 50%] Building CXX object CMakeFiles/single_box_request_source.dir/src/single_box_request_source.cpp.o
[ 58%] Linking CXX static library libsingle_box_request_source.a
[ 66%] Built target single_box_request_source
[ 83%] Built target gtest
Consolidate compiler generated dependencies of target single_box_source_protocol_test
[ 91%] Linking CXX executable single_box_source_protocol_test
[100%] Built target single_box_source_protocol_test
[ 22%] Built target gtest_main
[ 55%] Built target pick_planning_client
[ 77%] Built target gtest
Consolidate compiler generated dependencies of target pick_planning_test
[ 88%] Building CXX object CMakeFiles/pick_planning_test.dir/test/pick_planning_test.cpp.o
[100%] Linking CXX executable pick_planning_test
[100%] Built target pick_planning_test
[ 22%] Built target gtest_main
[ 55%] Built target pick_planning_client
[ 77%] Built target gtest
Consolidate compiler generated dependencies of target pick_planning_protocol_test
[ 88%] Building CXX object CMakeFiles/pick_planning_protocol_test.dir/test/pick_planning_protocol_test.cpp.o
[100%] Linking CXX executable pick_planning_protocol_test
[100%] Built target pick_planning_protocol_test
