Running main() from /opt/ros/humble/src/gtest_vendor/src/gtest_main.cc
[==========] Running 6 tests from 1 test suite.
[----------] Global test environment set-up.
[----------] 6 tests from PickProtocol
[ RUN      ] PickProtocol.CallsBothInferenceActionsAndUsesNextMtcCandidate
[       OK ] PickProtocol.CallsBothInferenceActionsAndUsesNextMtcCandidate (45 ms)
[ RUN      ] PickProtocol.PoseFailureCancelsOtherEndpointWithoutHidingOriginal
[       OK ] PickProtocol.PoseFailureCancelsOtherEndpointWithoutHidingOriginal (24 ms)
[ RUN      ] PickProtocol.GraspFailureCancelsPoseEndpoint
[       OK ] PickProtocol.GraspFailureCancelsPoseEndpoint (23 ms)
[ RUN      ] PickProtocol.CancellationWaitsForBothTerminalResults
[       OK ] PickProtocol.CancellationWaitsForBothTerminalResults (64 ms)
[ RUN      ] PickProtocol.SceneChangesDuringPlanningDiscardSuccessfulResult
[       OK ] PickProtocol.SceneChangesDuringPlanningDiscardSuccessfulResult (28 ms)
[ RUN      ] PickProtocol.CancelAcceptanceWithoutTerminalBlocksReuse
[       OK ] PickProtocol.CancelAcceptanceWithoutTerminalBlocksReuse (1060 ms)
[----------] 6 tests from PickProtocol (1245 ms total)

[----------] Global test environment tear-down
[==========] 6 tests from 1 test suite ran. (1249 ms total)
[  PASSED  ] 6 tests.
