-- The CXX compiler identification is GNU 11.4.0
-- Detecting CXX compiler ABI info
-- Detecting CXX compiler ABI info - done
-- Check for working CXX compiler: /usr/bin/c++ - skipped
-- Detecting CXX compile features
-- Detecting CXX compile features - done
CMake Error at CMakeLists.txt:4 (find_package):
  By not providing "Findastribot_s1_manipulation_perception.cmake" in
  CMAKE_MODULE_PATH this project has asked CMake to find a package
  configuration file provided by "astribot_s1_manipulation_perception", but
  CMake did not find one.

  Could not find a package configuration file provided by
  "astribot_s1_manipulation_perception" with any of the following names:

    astribot_s1_manipulation_perceptionConfig.cmake
    astribot_s1_manipulation_perception-config.cmake

  Add the installation prefix of "astribot_s1_manipulation_perception" to
  CMAKE_PREFIX_PATH or set "astribot_s1_manipulation_perception_DIR" to a
  directory containing one of the above files.  If
  "astribot_s1_manipulation_perception" provides a separate development
  package or SDK, be sure it has been installed.


-- Configuring incomplete, errors occurred!
See also "/home/yjh/WorkSpace/astribot_sdk_ros2/runs/m3_perception_planning_20260924/rgbd_consumer/build/CMakeFiles/CMakeOutput.log".
