Running main() from /opt/ros/humble/src/gtest_vendor/src/gtest_main.cc
[==========] Running 13 tests from 1 test suite.
[----------] Global test environment set-up.
[----------] 13 tests from SingleBoxRequest
[ RUN      ] SingleBoxRequest.PreservesRealPointsCaptureInfoIdentityAndDeadline
[       OK ] SingleBoxRequest.PreservesRealPointsCaptureInfoIdentityAndDeadline (1 ms)
[ RUN      ] SingleBoxRequest.MultipleColorRegionsCannotEstablishIdentity
[       OK ] SingleBoxRequest.MultipleColorRegionsCannotEstablishIdentity (0 ms)
[ RUN      ] SingleBoxRequest.InsufficientActualPointsAreNeverPadded
[       OK ] SingleBoxRequest.InsufficientActualPointsAreNeverPadded (0 ms)
[ RUN      ] SingleBoxRequest.MissingDepthFractionIsNotInflated
[       OK ] SingleBoxRequest.MissingDepthFractionIsNotInflated (1 ms)
[ RUN      ] SingleBoxRequest.WrongLayoutOrRegistrationRejected
[       OK ] SingleBoxRequest.WrongLayoutOrRegistrationRejected (0 ms)
[ RUN      ] SingleBoxRequest.DifferentStampDistortionAndCameraInfoRejected
[       OK ] SingleBoxRequest.DifferentStampDistortionAndCameraInfoRejected (0 ms)
[ RUN      ] SingleBoxRequest.SourceAndProcessingEpochAndExpiryRejected
[       OK ] SingleBoxRequest.SourceAndProcessingEpochAndExpiryRejected (0 ms)
[ RUN      ] SingleBoxRequest.FixtureAndCaptureTransformMustBeBound
[       OK ] SingleBoxRequest.FixtureAndCaptureTransformMustBeBound (0 ms)
[ RUN      ] SingleBoxRequest.CameraInfoHashIgnoresOnlyStamp
[       OK ] SingleBoxRequest.CameraInfoHashIgnoresOnlyStamp (0 ms)
[ RUN      ] SingleBoxRequest.RegionExcludesBackgroundWithoutEntityPose
[       OK ] SingleBoxRequest.RegionExcludesBackgroundWithoutEntityPose (0 ms)
[ RUN      ] SingleBoxRequest.RegionTransformAndBoundsAreMandatory
[       OK ] SingleBoxRequest.RegionTransformAndBoundsAreMandatory (0 ms)
[ RUN      ] SingleBoxRequest.LateCaptureCannotRenewBudgetWhenRosTimePauses
[       OK ] SingleBoxRequest.LateCaptureCannotRenewBudgetWhenRosTimePauses (0 ms)
[ RUN      ] SingleBoxRequest.LaterPlanningKeepsOriginalSteadyDeadlines
[       OK ] SingleBoxRequest.LaterPlanningKeepsOriginalSteadyDeadlines (0 ms)
[----------] 13 tests from SingleBoxRequest (2 ms total)

[----------] Global test environment tear-down
[==========] 13 tests from 1 test suite ran. (2 ms total)
[  PASSED  ] 13 tests.
