Running main() from /opt/ros/humble/src/gtest_vendor/src/gtest_main.cc
[==========] Running 11 tests from 1 test suite.
[----------] Global test environment set-up.
[----------] 11 tests from SingleBoxRequest
[ RUN      ] SingleBoxRequest.PreservesRealPointsCaptureInfoIdentityAndDeadline
[       OK ] SingleBoxRequest.PreservesRealPointsCaptureInfoIdentityAndDeadline (1 ms)
[ RUN      ] SingleBoxRequest.MultipleColorRegionsCannotEstablishIdentity
[       OK ] SingleBoxRequest.MultipleColorRegionsCannotEstablishIdentity (0 ms)
[ RUN      ] SingleBoxRequest.InsufficientActualPointsAreNeverPadded
[       OK ] SingleBoxRequest.InsufficientActualPointsAreNeverPadded (0 ms)
[ RUN      ] SingleBoxRequest.MissingDepthFractionIsNotInflated
[       OK ] SingleBoxRequest.MissingDepthFractionIsNotInflated (0 ms)
[ RUN      ] SingleBoxRequest.WrongLayoutOrRegistrationRejected
[       OK ] SingleBoxRequest.WrongLayoutOrRegistrationRejected (0 ms)
[ RUN      ] SingleBoxRequest.DifferentStampDistortionAndCameraInfoRejected
[       OK ] SingleBoxRequest.DifferentStampDistortionAndCameraInfoRejected (0 ms)
[ RUN      ] SingleBoxRequest.SourceAndProcessingEpochAndExpiryRejected
[       OK ] SingleBoxRequest.SourceAndProcessingEpochAndExpiryRejected (0 ms)
[ RUN      ] SingleBoxRequest.FixtureAndCaptureTransformMustBeBound
[       OK ] SingleBoxRequest.FixtureAndCaptureTransformMustBeBound (0 ms)
[ RUN      ] SingleBoxRequest.CameraInfoHashIgnoresOnlyStamp
[       OK ] SingleBoxRequest.CameraInfoHashIgnoresOnlyStamp (0 ms)
[ RUN      ] SingleBoxRequest.RegionExcludesBackgroundWithoutEntityPose
[       OK ] SingleBoxRequest.RegionExcludesBackgroundWithoutEntityPose (0 ms)
[ RUN      ] SingleBoxRequest.RegionTransformAndBoundsAreMandatory
[       OK ] SingleBoxRequest.RegionTransformAndBoundsAreMandatory (1 ms)
[----------] 11 tests from SingleBoxRequest (2 ms total)

[----------] Global test environment tear-down
[==========] 11 tests from 1 test suite ran. (2 ms total)
[  PASSED  ] 11 tests.
