Running main() from /opt/ros/humble/src/gtest_vendor/src/gtest_main.cc
[==========] Running 6 tests from 1 test suite.
[----------] Global test environment set-up.
[----------] 6 tests from SingleBoxProtocol
[ RUN      ] SingleBoxProtocol.RealSubscriptionsProduceBoundRequest
[ERROR] [1790220066.392373874] [tf2_buffer]: Do not call canTransform or lookupTransform with a timeout unless you are using another thread for populating data. Without a dedicated thread it will always timeout.  If you have a separate thread servicing tf messages, call setUsingDedicatedThread(true) on your Buffer instance.
[ERROR] [1790220066.392422829] [tf2_buffer]: Do not call canTransform or lookupTransform with a timeout unless you are using another thread for populating data. Without a dedicated thread it will always timeout.  If you have a separate thread servicing tf messages, call setUsingDedicatedThread(true) on your Buffer instance.
[       OK ] SingleBoxProtocol.RealSubscriptionsProduceBoundRequest (33 ms)
[ RUN      ] SingleBoxProtocol.CalibrationChangeLatchesUntilAuthoritativeRevisionChanges
[ERROR] [1790220066.418970809] [tf2_buffer]: Do not call canTransform or lookupTransform with a timeout unless you are using another thread for populating data. Without a dedicated thread it will always timeout.  If you have a separate thread servicing tf messages, call setUsingDedicatedThread(true) on your Buffer instance.
[ERROR] [1790220066.418995756] [tf2_buffer]: Do not call canTransform or lookupTransform with a timeout unless you are using another thread for populating data. Without a dedicated thread it will always timeout.  If you have a separate thread servicing tf messages, call setUsingDedicatedThread(true) on your Buffer instance.
[WARN] [1790220066.419185729] [m3_single_box_source_test]: RGBD_REQUEST_SOURCE: CAMERA_INFO_CHANGED_WITHOUT_REVISION
[       OK ] SingleBoxProtocol.CalibrationChangeLatchesUntilAuthoritativeRevisionChanges (57 ms)
[ RUN      ] SingleBoxProtocol.ProjectionEpochCannotReuseCachedOrRepeatedFrame
[ERROR] [1790220066.476467145] [tf2_buffer]: Do not call canTransform or lookupTransform with a timeout unless you are using another thread for populating data. Without a dedicated thread it will always timeout.  If you have a separate thread servicing tf messages, call setUsingDedicatedThread(true) on your Buffer instance.
[ERROR] [1790220066.476501771] [tf2_buffer]: Do not call canTransform or lookupTransform with a timeout unless you are using another thread for populating data. Without a dedicated thread it will always timeout.  If you have a separate thread servicing tf messages, call setUsingDedicatedThread(true) on your Buffer instance.
[ERROR] [1790220066.520166289] [tf2_buffer]: Do not call canTransform or lookupTransform with a timeout unless you are using another thread for populating data. Without a dedicated thread it will always timeout.  If you have a separate thread servicing tf messages, call setUsingDedicatedThread(true) on your Buffer instance.
[ERROR] [1790220066.520202495] [tf2_buffer]: Do not call canTransform or lookupTransform with a timeout unless you are using another thread for populating data. Without a dedicated thread it will always timeout.  If you have a separate thread servicing tf messages, call setUsingDedicatedThread(true) on your Buffer instance.
[       OK ] SingleBoxProtocol.ProjectionEpochCannotReuseCachedOrRepeatedFrame (70 ms)
[ RUN      ] SingleBoxProtocol.LateReceiptPauseAndDuplicateMessagesDoNotRenewLease
[       OK ] SingleBoxProtocol.LateReceiptPauseAndDuplicateMessagesDoNotRenewLease (150 ms)
[ RUN      ] SingleBoxProtocol.RollbackRequiresNewOwnerClockEpochAndFreshFrame
[ERROR] [1790220066.696474754] [tf2_buffer]: Do not call canTransform or lookupTransform with a timeout unless you are using another thread for populating data. Without a dedicated thread it will always timeout.  If you have a separate thread servicing tf messages, call setUsingDedicatedThread(true) on your Buffer instance.
[ERROR] [1790220066.696500797] [tf2_buffer]: Do not call canTransform or lookupTransform with a timeout unless you are using another thread for populating data. Without a dedicated thread it will always timeout.  If you have a separate thread servicing tf messages, call setUsingDedicatedThread(true) on your Buffer instance.
[WARN] [1790220066.696700711] [tf2_buffer]: Detected jump back in time. Clearing TF buffer.
[ERROR] [1790220066.718023549] [tf2_buffer]: Do not call canTransform or lookupTransform with a timeout unless you are using another thread for populating data. Without a dedicated thread it will always timeout.  If you have a separate thread servicing tf messages, call setUsingDedicatedThread(true) on your Buffer instance.
[ERROR] [1790220066.718045113] [tf2_buffer]: Do not call canTransform or lookupTransform with a timeout unless you are using another thread for populating data. Without a dedicated thread it will always timeout.  If you have a separate thread servicing tf messages, call setUsingDedicatedThread(true) on your Buffer instance.
[       OK ] SingleBoxProtocol.RollbackRequiresNewOwnerClockEpochAndFreshFrame (47 ms)
[ RUN      ] SingleBoxProtocol.LaterClientCannotResetFrozenOriginalDeadline
[ERROR] [1790220066.744292899] [tf2_buffer]: Do not call canTransform or lookupTransform with a timeout unless you are using another thread for populating data. Without a dedicated thread it will always timeout.  If you have a separate thread servicing tf messages, call setUsingDedicatedThread(true) on your Buffer instance.
[ERROR] [1790220066.744315648] [tf2_buffer]: Do not call canTransform or lookupTransform with a timeout unless you are using another thread for populating data. Without a dedicated thread it will always timeout.  If you have a separate thread servicing tf messages, call setUsingDedicatedThread(true) on your Buffer instance.
[       OK ] SingleBoxProtocol.LaterClientCannotResetFrozenOriginalDeadline (32 ms)
[----------] 6 tests from SingleBoxProtocol (390 ms total)

[----------] Global test environment tear-down
[==========] 6 tests from 1 test suite ran. (392 ms total)
[  PASSED  ] 6 tests.
