Running main() from /opt/ros/humble/src/gtest_vendor/src/gtest_main.cc
[==========] Running 6 tests from 1 test suite.
[----------] Global test environment set-up.
[----------] 6 tests from SingleBoxProtocol
[ RUN      ] SingleBoxProtocol.RealSubscriptionsProduceBoundRequest
[       OK ] SingleBoxProtocol.RealSubscriptionsProduceBoundRequest (32 ms)
[ RUN      ] SingleBoxProtocol.CalibrationChangeLatchesUntilAuthoritativeRevisionChanges
[WARN] [1790220252.557206980] [m3_single_box_source_test]: RGBD_REQUEST_SOURCE: CAMERA_INFO_CHANGED_WITHOUT_REVISION
[       OK ] SingleBoxProtocol.CalibrationChangeLatchesUntilAuthoritativeRevisionChanges (58 ms)
[ RUN      ] SingleBoxProtocol.ProjectionEpochCannotReuseCachedOrRepeatedFrame
[       OK ] SingleBoxProtocol.ProjectionEpochCannotReuseCachedOrRepeatedFrame (69 ms)
[ RUN      ] SingleBoxProtocol.LateReceiptPauseAndDuplicateMessagesDoNotRenewLease
[       OK ] SingleBoxProtocol.LateReceiptPauseAndDuplicateMessagesDoNotRenewLease (148 ms)
[ RUN      ] SingleBoxProtocol.RollbackRequiresNewOwnerClockEpochAndFreshFrame
[WARN] [1790220252.831084360] [tf2_buffer]: Detected jump back in time. Clearing TF buffer.
[       OK ] SingleBoxProtocol.RollbackRequiresNewOwnerClockEpochAndFreshFrame (47 ms)
[ RUN      ] SingleBoxProtocol.LaterClientCannotResetFrozenOriginalDeadline
[       OK ] SingleBoxProtocol.LaterClientCannotResetFrozenOriginalDeadline (32 ms)
[----------] 6 tests from SingleBoxProtocol (386 ms total)

[----------] Global test environment tear-down
[==========] 6 tests from 1 test suite ran. (388 ms total)
[  PASSED  ] 6 tests.
