Running main() from /opt/ros/humble/src/gtest_vendor/src/gtest_main.cc
[==========] Running 9 tests from 1 test suite.
[----------] Global test environment set-up.
[----------] 9 tests from SingleBoxRequest
[ RUN      ] SingleBoxRequest.PreservesRealPointsCaptureInfoIdentityAndDeadline
unknown file: Failure
C++ exception with description "SINGLE_BOX_SOURCE_NOT_IMPLEMENTED" thrown in the test body.
[  FAILED  ] SingleBoxRequest.PreservesRealPointsCaptureInfoIdentityAndDeadline (0 ms)
[ RUN      ] SingleBoxRequest.MultipleColorRegionsCannotEstablishIdentity
/home/yjh/WorkSpace/astribot_sdk_ros2/ws_robot/src/astribot_s1_manipulation_perception/test/single_box_request_test.cpp:54: Failure
Expected: (std::string(e.what()).find(reason)) != (std::string::npos), actual: 18446744073709551615 vs 18446744073709551615
SINGLE_BOX_SOURCE_NOT_IMPLEMENTED
[  FAILED  ] SingleBoxRequest.MultipleColorRegionsCannotEstablishIdentity (0 ms)
[ RUN      ] SingleBoxRequest.InsufficientActualPointsAreNeverPadded
/home/yjh/WorkSpace/astribot_sdk_ros2/ws_robot/src/astribot_s1_manipulation_perception/test/single_box_request_test.cpp:54: Failure
Expected: (std::string(e.what()).find(reason)) != (std::string::npos), actual: 18446744073709551615 vs 18446744073709551615
SINGLE_BOX_SOURCE_NOT_IMPLEMENTED
[  FAILED  ] SingleBoxRequest.InsufficientActualPointsAreNeverPadded (1 ms)
[ RUN      ] SingleBoxRequest.MissingDepthFractionIsNotInflated
/home/yjh/WorkSpace/astribot_sdk_ros2/ws_robot/src/astribot_s1_manipulation_perception/test/single_box_request_test.cpp:54: Failure
Expected: (std::string(e.what()).find(reason)) != (std::string::npos), actual: 18446744073709551615 vs 18446744073709551615
SINGLE_BOX_SOURCE_NOT_IMPLEMENTED
[  FAILED  ] SingleBoxRequest.MissingDepthFractionIsNotInflated (0 ms)
[ RUN      ] SingleBoxRequest.WrongLayoutOrRegistrationRejected
/home/yjh/WorkSpace/astribot_sdk_ros2/ws_robot/src/astribot_s1_manipulation_perception/test/single_box_request_test.cpp:54: Failure
Expected: (std::string(e.what()).find(reason)) != (std::string::npos), actual: 18446744073709551615 vs 18446744073709551615
SINGLE_BOX_SOURCE_NOT_IMPLEMENTED
/home/yjh/WorkSpace/astribot_sdk_ros2/ws_robot/src/astribot_s1_manipulation_perception/test/single_box_request_test.cpp:54: Failure
Expected: (std::string(e.what()).find(reason)) != (std::string::npos), actual: 18446744073709551615 vs 18446744073709551615
SINGLE_BOX_SOURCE_NOT_IMPLEMENTED
[  FAILED  ] SingleBoxRequest.WrongLayoutOrRegistrationRejected (0 ms)
[ RUN      ] SingleBoxRequest.DifferentStampDistortionAndCameraInfoRejected
/home/yjh/WorkSpace/astribot_sdk_ros2/ws_robot/src/astribot_s1_manipulation_perception/test/single_box_request_test.cpp:54: Failure
Expected: (std::string(e.what()).find(reason)) != (std::string::npos), actual: 18446744073709551615 vs 18446744073709551615
SINGLE_BOX_SOURCE_NOT_IMPLEMENTED
/home/yjh/WorkSpace/astribot_sdk_ros2/ws_robot/src/astribot_s1_manipulation_perception/test/single_box_request_test.cpp:54: Failure
Expected: (std::string(e.what()).find(reason)) != (std::string::npos), actual: 18446744073709551615 vs 18446744073709551615
SINGLE_BOX_SOURCE_NOT_IMPLEMENTED
/home/yjh/WorkSpace/astribot_sdk_ros2/ws_robot/src/astribot_s1_manipulation_perception/test/single_box_request_test.cpp:54: Failure
Expected: (std::string(e.what()).find(reason)) != (std::string::npos), actual: 18446744073709551615 vs 18446744073709551615
SINGLE_BOX_SOURCE_NOT_IMPLEMENTED
[  FAILED  ] SingleBoxRequest.DifferentStampDistortionAndCameraInfoRejected (0 ms)
[ RUN      ] SingleBoxRequest.SourceAndProcessingEpochAndExpiryRejected
/home/yjh/WorkSpace/astribot_sdk_ros2/ws_robot/src/astribot_s1_manipulation_perception/test/single_box_request_test.cpp:54: Failure
Expected: (std::string(e.what()).find(reason)) != (std::string::npos), actual: 18446744073709551615 vs 18446744073709551615
SINGLE_BOX_SOURCE_NOT_IMPLEMENTED
/home/yjh/WorkSpace/astribot_sdk_ros2/ws_robot/src/astribot_s1_manipulation_perception/test/single_box_request_test.cpp:54: Failure
Expected: (std::string(e.what()).find(reason)) != (std::string::npos), actual: 18446744073709551615 vs 18446744073709551615
SINGLE_BOX_SOURCE_NOT_IMPLEMENTED
/home/yjh/WorkSpace/astribot_sdk_ros2/ws_robot/src/astribot_s1_manipulation_perception/test/single_box_request_test.cpp:54: Failure
Expected: (std::string(e.what()).find(reason)) != (std::string::npos), actual: 18446744073709551615 vs 18446744073709551615
SINGLE_BOX_SOURCE_NOT_IMPLEMENTED
/home/yjh/WorkSpace/astribot_sdk_ros2/ws_robot/src/astribot_s1_manipulation_perception/test/single_box_request_test.cpp:54: Failure
Expected: (std::string(e.what()).find(reason)) != (std::string::npos), actual: 18446744073709551615 vs 18446744073709551615
SINGLE_BOX_SOURCE_NOT_IMPLEMENTED
/home/yjh/WorkSpace/astribot_sdk_ros2/ws_robot/src/astribot_s1_manipulation_perception/test/single_box_request_test.cpp:54: Failure
Expected: (std::string(e.what()).find(reason)) != (std::string::npos), actual: 18446744073709551615 vs 18446744073709551615
SINGLE_BOX_SOURCE_NOT_IMPLEMENTED
[  FAILED  ] SingleBoxRequest.SourceAndProcessingEpochAndExpiryRejected (0 ms)
[ RUN      ] SingleBoxRequest.FixtureAndCaptureTransformMustBeBound
/home/yjh/WorkSpace/astribot_sdk_ros2/ws_robot/src/astribot_s1_manipulation_perception/test/single_box_request_test.cpp:54: Failure
Expected: (std::string(e.what()).find(reason)) != (std::string::npos), actual: 18446744073709551615 vs 18446744073709551615
SINGLE_BOX_SOURCE_NOT_IMPLEMENTED
/home/yjh/WorkSpace/astribot_sdk_ros2/ws_robot/src/astribot_s1_manipulation_perception/test/single_box_request_test.cpp:54: Failure
Expected: (std::string(e.what()).find(reason)) != (std::string::npos), actual: 18446744073709551615 vs 18446744073709551615
SINGLE_BOX_SOURCE_NOT_IMPLEMENTED
/home/yjh/WorkSpace/astribot_sdk_ros2/ws_robot/src/astribot_s1_manipulation_perception/test/single_box_request_test.cpp:54: Failure
Expected: (std::string(e.what()).find(reason)) != (std::string::npos), actual: 18446744073709551615 vs 18446744073709551615
SINGLE_BOX_SOURCE_NOT_IMPLEMENTED
/home/yjh/WorkSpace/astribot_sdk_ros2/ws_robot/src/astribot_s1_manipulation_perception/test/single_box_request_test.cpp:54: Failure
Expected: (std::string(e.what()).find(reason)) != (std::string::npos), actual: 18446744073709551615 vs 18446744073709551615
SINGLE_BOX_SOURCE_NOT_IMPLEMENTED
[  FAILED  ] SingleBoxRequest.FixtureAndCaptureTransformMustBeBound (0 ms)
[ RUN      ] SingleBoxRequest.CameraInfoHashIgnoresOnlyStamp
/home/yjh/WorkSpace/astribot_sdk_ros2/ws_robot/src/astribot_s1_manipulation_perception/test/single_box_request_test.cpp:111: Failure
Expected: (pp::camera_info_revision(changed)) != (task.context.camera_info_revision), actual: "not_implemented" vs "not_implemented"
unknown file: Failure
C++ exception with description "SINGLE_BOX_SOURCE_NOT_IMPLEMENTED" thrown in the test body.
[  FAILED  ] SingleBoxRequest.CameraInfoHashIgnoresOnlyStamp (0 ms)
[----------] 9 tests from SingleBoxRequest (1 ms total)

[----------] Global test environment tear-down
[==========] 9 tests from 1 test suite ran. (1 ms total)
[  PASSED  ] 0 tests.
[  FAILED  ] 9 tests, listed below:
[  FAILED  ] SingleBoxRequest.PreservesRealPointsCaptureInfoIdentityAndDeadline
[  FAILED  ] SingleBoxRequest.MultipleColorRegionsCannotEstablishIdentity
[  FAILED  ] SingleBoxRequest.InsufficientActualPointsAreNeverPadded
[  FAILED  ] SingleBoxRequest.MissingDepthFractionIsNotInflated
[  FAILED  ] SingleBoxRequest.WrongLayoutOrRegistrationRejected
[  FAILED  ] SingleBoxRequest.DifferentStampDistortionAndCameraInfoRejected
[  FAILED  ] SingleBoxRequest.SourceAndProcessingEpochAndExpiryRejected
[  FAILED  ] SingleBoxRequest.FixtureAndCaptureTransformMustBeBound
[  FAILED  ] SingleBoxRequest.CameraInfoHashIgnoresOnlyStamp

 9 FAILED TESTS
