{
  "decode": {
    "actual_decoded_frames": 383,
    "sidecar_rows": 383,
    "summary_frames": 383,
    "contiguous_indices": true,
    "status_references_exact": true,
    "decode_passes_this_analysis": 1,
    "reencode": false,
    "recorder_returncode": -2
  },
  "stage_window": {
    "begin_feedback": {
      "wall": 82289.863465815,
      "ros_s": 70.70400000000001,
      "goal_id": "b05110d71a634437917052ac984e7873",
      "feedback": {
        "phase": "2",
        "reason": "EXECUTING_FIRST_MTC_STAGE",
        "lease_id": "f9191e67-043b-4a02-a2ad-cd5e56e18a4c_1",
        "resource_epoch": "f9191e67-043b-4a02-a2ad-cd5e56e18a4c",
        "hold_id": "f9191e67-043b-4a02-a2ad-cd5e56e18a4c_1_hold",
        "hold_confirmed": false,
        "context_id": "m1_context_a115642e1aac4045a6e183d0d6b283b6",
        "stage_id": "PREGRASP"
      }
    },
    "end_feedback": {
      "wall": 82298.966628639,
      "ros_s": 79.02900000000001,
      "goal_id": "b05110d71a634437917052ac984e7873",
      "feedback": {
        "phase": "3",
        "reason": "FIRST_STAGE_HOLD_CONFIRMED",
        "lease_id": "f9191e67-043b-4a02-a2ad-cd5e56e18a4c_1",
        "resource_epoch": "f9191e67-043b-4a02-a2ad-cd5e56e18a4c",
        "hold_id": "f9191e67-043b-4a02-a2ad-cd5e56e18a4c_1_hold",
        "hold_confirmed": true,
        "context_id": "m1_context_a115642e1aac4045a6e183d0d6b283b6",
        "stage_id": "PREGRASP"
      }
    },
    "steady_duration_sec": 9.103162824,
    "ros_duration_sec": 8.325,
    "same_clock_epoch_assumption": "No source regression observed in selected sidecar; consult full observer /clock"
  },
  "during_execution_by_receive": {
    "frames": 39,
    "frame_indices": [
      336,
      337,
      338,
      339,
      340,
      341,
      342,
      343,
      344,
      345,
      346,
      347,
      348,
      349,
      350,
      351,
      352,
      353,
      354,
      355,
      356,
      357,
      358,
      359,
      360,
      361,
      362,
      363,
      364,
      365,
      366,
      367,
      368,
      369,
      370,
      371,
      372,
      373,
      374
    ],
    "source_range_ns": [
      70700000000,
      78900000000
    ],
    "receive_range_ns": [
      82289906324502,
      82298877110148
    ],
    "receive_gap_ms": {
      "samples": 38,
      "percentile_method": "linear",
      "min": 96.616305,
      "max": 1233.57974,
      "p50": 159.6336775,
      "p95": 548.1466122499993,
      "p99": 1138.1313298800005
    },
    "source_gap_ms": {
      "samples": 38,
      "percentile_method": "linear",
      "min": 100.0,
      "max": 1000.0,
      "p50": 150.0,
      "p95": 474.9999999999993,
      "p99": 963.0000000000002
    },
    "receive_gaps_over_250ms": 8,
    "source_duplicates": 0,
    "source_regressions": 0,
    "top_receive_gaps": [
      {
        "from_frame": 368,
        "to_frame": 369,
        "receive_gap_ms": 1233.57974,
        "source_gap_ms": 1000.0,
        "source_start_ns": 76400000000,
        "source_end_ns": 77400000000,
        "receive_start_ns": 82296014097050,
        "receive_end_ns": 82297247676790
      },
      {
        "from_frame": 365,
        "to_frame": 366,
        "receive_gap_ms": 975.611064,
        "source_gap_ms": 900.0,
        "source_start_ns": 75100000000,
        "source_end_ns": 76000000000,
        "receive_start_ns": 82294604745595,
        "receive_end_ns": 82295580356659
      },
      {
        "from_frame": 363,
        "to_frame": 364,
        "receive_gap_ms": 472.711709,
        "source_gap_ms": 400.0,
        "source_start_ns": 74600000000,
        "source_end_ns": 75000000000,
        "receive_start_ns": 82294024321689,
        "receive_end_ns": 82294497033398
      },
      {
        "from_frame": 369,
        "to_frame": 370,
        "receive_gap_ms": 449.386921,
        "source_gap_ms": 400.0,
        "source_start_ns": 77400000000,
        "source_end_ns": 77800000000,
        "receive_start_ns": 82297247676790,
        "receive_end_ns": 82297697063711
      },
      {
        "from_frame": 370,
        "to_frame": 371,
        "receive_gap_ms": 434.124961,
        "source_gap_ms": 400.0,
        "source_start_ns": 77800000000,
        "source_end_ns": 78200000000,
        "receive_start_ns": 82297697063711,
        "receive_end_ns": 82298131188672
      }
    ],
    "head_present_frames": 39,
    "head_cache_residence_ms": {
      "samples": 39,
      "percentile_method": "linear",
      "min": 13.543547,
      "max": 25.080851,
      "p50": 17.849776,
      "p95": 22.824248,
      "p99": 24.8762267
    },
    "head_age_vs_latest_clock_ms": {
      "samples": 39,
      "percentile_method": "linear",
      "min": 40.0,
      "max": 54.0,
      "p50": 48.0,
      "p95": 53.0,
      "p99": 53.62
    },
    "head_same_receipt_consecutive": 0,
    "visible_status_reasons": {
      "EXECUTING_FIRST_MTC_STAGE": 39
    },
    "encode_call_ms": {
      "samples": 39,
      "percentile_method": "linear",
      "min": 2.227557,
      "max": 4.809133,
      "p50": 3.087335,
      "p95": 4.0482833000000005,
      "p99": 4.563345959999999
    }
  },
  "boundaries": {
    "first_receive_after_execute_delay_ms": 42.858687,
    "last_receive_to_hold_ms": 89.518491,
    "first_source_after_execute_ms": 96.0,
    "last_source_before_hold_ms": 129.0
  },
  "jtc": {
    "samples": 382,
    "first_source_ros_s": 70.72,
    "last_source_ros_s": 79.02,
    "actual_position_range_rad": [
      0.11127319043613544,
      0.8205361881187984,
      0.27582957031376587,
      0.43209518964520366,
      1.0402619269124498,
      0.30625204332651684,
      1.1865966354352986
    ],
    "max_measured_velocity_rad_s": 0.3205467282685819,
    "max_tracking_error_rad": 0.032049613341732286,
    "final_max_tracking_error_rad": 1.4077759133979129e-06,
    "final_max_abs_velocity_rad_s": 1.564196776242158e-05
  },
  "playback": {
    "fps": 10,
    "whole_duration_sec": 38.3,
    "recorder_loop_wall_sec": 63.68520588800311,
    "meaning": "Fixed playback fps; not actual execution duration"
  },
  "acceptance": {
    "first_stage_hold_feedback": "OBSERVED",
    "complete_pick": "NOT_VALIDATED",
    "cleanup_complete": false,
    "resource_disposition": "STOP_UNPROVEN_HOLD_NOT_CANCELLED_OWNING_SIMULATION_TEARDOWN_REQUIRED",
    "error": "AttributeError(\"'EnvelopeApplyStatus' object has no attribute 'mode'\")",
    "owner_process_teardown_complete": true,
    "stop_cancel_release": "UNPROVEN; owner teardown is not a release acknowledgement",
    "ack_count_in_probe": 0
  },
  "keyframes": [
    {
      "frame_index": 335,
      "source_ns": 70600000000,
      "receive_monotonic_ns": 82289806680799,
      "head_source_ns": 70600000000,
      "status": {
        "authority_reason": "EXECUTING",
        "epoch": "f9191e67-043b-4a02-a2ad-cd5e56e18a4c",
        "hold_confirmed": false,
        "hold_id": "f9191e67-043b-4a02-a2ad-cd5e56e18a4c_1_hold",
        "hold_reason": "NO_HOLD",
        "lease_id": "f9191e67-043b-4a02-a2ad-cd5e56e18a4c_1",
        "phase": "2",
        "reason": "WAITING_FOR_EXECUTION_GUARD"
      },
      "file": "frame_335.png",
      "sha256": "9b614912eaccdeeb331968caae01f4ab539a1dad3b6463048d4fefcbe9eb7fa9"
    },
    {
      "frame_index": 351,
      "source_ns": 72800000000,
      "receive_monotonic_ns": 82292121522846,
      "head_source_ns": 72800000000,
      "status": {
        "authority_reason": "EXECUTING",
        "epoch": "f9191e67-043b-4a02-a2ad-cd5e56e18a4c",
        "hold_confirmed": false,
        "hold_id": "f9191e67-043b-4a02-a2ad-cd5e56e18a4c_1_hold",
        "hold_reason": "NO_HOLD",
        "lease_id": "f9191e67-043b-4a02-a2ad-cd5e56e18a4c_1",
        "phase": "2",
        "reason": "EXECUTING_FIRST_MTC_STAGE"
      },
      "file": "frame_351.png",
      "sha256": "7ad8678f9c3ae1e1be63f359060fc2e038f4d80eaba3d3cc22a29728311b11ce"
    },
    {
      "frame_index": 363,
      "source_ns": 74600000000,
      "receive_monotonic_ns": 82294024321689,
      "head_source_ns": 74600000000,
      "status": {
        "authority_reason": "EXECUTING",
        "epoch": "f9191e67-043b-4a02-a2ad-cd5e56e18a4c",
        "hold_confirmed": false,
        "hold_id": "f9191e67-043b-4a02-a2ad-cd5e56e18a4c_1_hold",
        "hold_reason": "NO_HOLD",
        "lease_id": "f9191e67-043b-4a02-a2ad-cd5e56e18a4c_1",
        "phase": "2",
        "reason": "EXECUTING_FIRST_MTC_STAGE"
      },
      "file": "frame_363.png",
      "sha256": "52f4c2f2a57a351687177e32eb2f6c8c723997c30f4dfff7ce383ad7678dd86f"
    },
    {
      "frame_index": 368,
      "source_ns": 76400000000,
      "receive_monotonic_ns": 82296014097050,
      "head_source_ns": 76400000000,
      "status": {
        "authority_reason": "EXECUTING",
        "epoch": "f9191e67-043b-4a02-a2ad-cd5e56e18a4c",
        "hold_confirmed": false,
        "hold_id": "f9191e67-043b-4a02-a2ad-cd5e56e18a4c_1_hold",
        "hold_reason": "NO_HOLD",
        "lease_id": "f9191e67-043b-4a02-a2ad-cd5e56e18a4c_1",
        "phase": "2",
        "reason": "EXECUTING_FIRST_MTC_STAGE"
      },
      "file": "frame_368.png",
      "sha256": "9070158438f73fcb75738b4920fefe21dccaf4fe7602d7ce92b58a729f2465a4"
    },
    {
      "frame_index": 374,
      "source_ns": 78900000000,
      "receive_monotonic_ns": 82298877110148,
      "head_source_ns": 78900000000,
      "status": {
        "authority_reason": "EXECUTING",
        "epoch": "f9191e67-043b-4a02-a2ad-cd5e56e18a4c",
        "hold_confirmed": false,
        "hold_id": "f9191e67-043b-4a02-a2ad-cd5e56e18a4c_1_hold",
        "hold_reason": "WAITING_FOR_MEASURED_SETTLING",
        "lease_id": "f9191e67-043b-4a02-a2ad-cd5e56e18a4c_1",
        "phase": "2",
        "reason": "EXECUTING_FIRST_MTC_STAGE"
      },
      "file": "frame_374.png",
      "sha256": "a96db4c274a3d9e10af66e36338f261a3380f3cf166445017fc150d54132c1ba"
    },
    {
      "frame_index": 382,
      "source_ns": 80300000000,
      "receive_monotonic_ns": 82300433010273,
      "head_source_ns": 80300000000,
      "status": {
        "authority_reason": "HOLDING",
        "epoch": "f9191e67-043b-4a02-a2ad-cd5e56e18a4c",
        "hold_confirmed": true,
        "hold_id": "f9191e67-043b-4a02-a2ad-cd5e56e18a4c_1_hold",
        "hold_reason": "HOLD_CONFIRMED",
        "lease_id": "f9191e67-043b-4a02-a2ad-cd5e56e18a4c_1",
        "phase": "3",
        "reason": "FIRST_STAGE_HOLD_CONFIRMED"
      },
      "file": "frame_382.png",
      "sha256": "3a822cb877e9666e59d7e69576fe3eb8fe09f141c580749e1eb6db08958a9c2b"
    }
  ]
}
