[ 20%] Built target gtest_main
[ 40%] Built target policy_profile
[ 50%] Building CXX object CMakeFiles/fixed_envelope_core.dir/src/fixed_envelope_core.cpp.o
[ 60%] Linking CXX static library libfixed_envelope_core.a
[ 60%] Built target fixed_envelope_core
[ 80%] Built target gtest
Consolidate compiler generated dependencies of target fixed_hold_flow_test
[ 90%] Building CXX object CMakeFiles/fixed_hold_flow_test.dir/test/fixed_hold_flow_test.cpp.o
[100%] Linking CXX executable fixed_hold_flow_test
[100%] Built target fixed_hold_flow_test
Consolidate compiler generated dependencies of target fixed_envelope_core
[ 33%] Built target fixed_envelope_core
[ 66%] Built target policy_profile
Consolidate compiler generated dependencies of target fixed_envelope_cpp
[ 83%] Linking CXX executable fixed_envelope_cpp
[100%] Built target fixed_envelope_cpp
[ 33%] Built target fixed_envelope_core
[ 66%] Built target policy_profile
Consolidate compiler generated dependencies of target fixed_envelope_core_test
[ 83%] Linking CXX executable fixed_envelope_core_test
[100%] Built target fixed_envelope_core_test
