Consolidate compiler generated dependencies of target navigation_math
Consolidate compiler generated dependencies of target policy_profile
[  2%] Building CXX object CMakeFiles/navigation_math.dir/src/navigation_math.cpp.o
[  6%] Built target policy_profile
Consolidate compiler generated dependencies of target fixed_envelope_core
[ 10%] Built target fixed_envelope_core
Consolidate compiler generated dependencies of target policy_contracts
[ 12%] Building CXX object CMakeFiles/policy_contracts.dir/src/policy_contracts.cpp.o
/home/yjh/WorkSpace/astribot_sdk_ros2/ws_robot/src/astribot_s1_navigation_policy_native/src/navigation_math.cpp: In function ‘std::vector<double> astribot::navigation::scan_coverage(const std::vector<double>&, double, double, double, double, double)’:
/home/yjh/WorkSpace/astribot_sdk_ros2/ws_robot/src/astribot_s1_navigation_policy_native/src/navigation_math.cpp:304:69: warning: suggest parentheses around ‘&&’ within ‘||’ [-Wparentheses]
  304 |         (std::isfinite(ranges[index]) && range_min <= ranges[index] &&
      |          ~~~~~~~~~~~~~~~~~~~~~~~~~~~~~~~~~~~~~~~~~~~~~~~~~~~~~~~~~~~^~
  305 |              ranges[index] <= range_max || ranges[index] == INFINITY);
      |              ~~~~~~~~~~~~~~~~~~~~~~~~~~                              
[ 14%] Linking CXX static library libpolicy_contracts.a
[ 16%] Building CXX object CMakeFiles/navigation_math.dir/src/cmd_vel_body_to_world_core.cpp.o
[ 16%] Built target policy_contracts
Consolidate compiler generated dependencies of target envelope_coordinator_cpp
[ 20%] Built target envelope_coordinator_cpp
Consolidate compiler generated dependencies of target policy_profile_probe
[ 24%] Built target policy_profile_probe
Consolidate compiler generated dependencies of target fixed_envelope_cpp
[ 28%] Built target fixed_envelope_cpp
Consolidate compiler generated dependencies of target fixed_envelope_probe
[ 32%] Built target fixed_envelope_probe
Consolidate compiler generated dependencies of target fixed_envelope_core_test
[ 36%] Built target fixed_envelope_core_test
Consolidate compiler generated dependencies of target policy_fusion
[ 38%] Building CXX object CMakeFiles/policy_fusion.dir/src/policy_fusion.cpp.o
[ 40%] Linking CXX static library libnavigation_math.a
[ 40%] Built target navigation_math
Consolidate compiler generated dependencies of target cmd_vel_body_to_world_cpp
[ 42%] Linking CXX executable cmd_vel_body_to_world_cpp
[ 44%] Built target cmd_vel_body_to_world_cpp
Consolidate compiler generated dependencies of target costmap_scan_cpp
[ 46%] Linking CXX executable costmap_scan_cpp
[ 48%] Built target costmap_scan_cpp
Consolidate compiler generated dependencies of target final_protection_core
[ 53%] Built target final_protection_core
Consolidate compiler generated dependencies of target navigation_math_test
[ 55%] Linking CXX executable navigation_math_test
[ 57%] Built target navigation_math_test
Consolidate compiler generated dependencies of target cmd_vel_body_to_world_core_test
[ 59%] Linking CXX executable cmd_vel_body_to_world_core_test
[ 61%] Built target cmd_vel_body_to_world_core_test
Consolidate compiler generated dependencies of target final_protection_probe
[ 63%] Linking CXX executable final_protection_probe
[ 65%] Built target final_protection_probe
Consolidate compiler generated dependencies of target policy_health
[ 67%] Building CXX object CMakeFiles/policy_health.dir/src/policy_health.cpp.o
[ 69%] Linking CXX static library libpolicy_health.a
[ 69%] Built target policy_health
Consolidate compiler generated dependencies of target policy_sweep
[ 71%] Building CXX object CMakeFiles/policy_sweep.dir/src/policy_sweep.cpp.o
[ 73%] Linking CXX static library libpolicy_fusion.a
[ 73%] Built target policy_fusion
Consolidate compiler generated dependencies of target final_protection_cpp
[ 75%] Linking CXX executable final_protection_cpp
[ 77%] Linking CXX static library libpolicy_sweep.a
[ 77%] Built target policy_sweep
Consolidate compiler generated dependencies of target policy_fusion_probe
[ 79%] Building CXX object CMakeFiles/policy_fusion_probe.dir/test/policy_fusion_probe.cpp.o
[ 81%] Built target final_protection_cpp
Consolidate compiler generated dependencies of target policy_health_probe
[ 83%] Building CXX object CMakeFiles/policy_health_probe.dir/test/policy_health_probe.cpp.o
[ 85%] Linking CXX executable policy_health_probe
[ 85%] Built target policy_health_probe
Consolidate compiler generated dependencies of target policy_risk
[ 87%] Building CXX object CMakeFiles/policy_risk.dir/src/policy_risk.cpp.o
[ 89%] Linking CXX static library libpolicy_risk.a
[ 89%] Built target policy_risk
Consolidate compiler generated dependencies of target policy_sweep_probe
[ 91%] Linking CXX executable policy_sweep_probe
[ 93%] Built target policy_sweep_probe
Consolidate compiler generated dependencies of target policy_risk_probe
[ 95%] Building CXX object CMakeFiles/policy_risk_probe.dir/test/policy_risk_probe.cpp.o
[ 97%] Linking CXX executable policy_fusion_probe
[ 97%] Built target policy_fusion_probe
[100%] Linking CXX executable policy_risk_probe
[100%] Built target policy_risk_probe
