
Dynamic section at offset 0x50b20 contains 30 entries:
  标记        类型                         名称/值
 0x0000000000000001 (NEEDED)             共享库：[libstdc++.so.6]
 0x0000000000000001 (NEEDED)             共享库：[libm.so.6]
 0x0000000000000001 (NEEDED)             共享库：[libgcc_s.so.1]
 0x0000000000000001 (NEEDED)             共享库：[libc.so.6]
 0x000000000000000c (INIT)               0x3000
 0x000000000000000d (FINI)               0x44248
 0x0000000000000019 (INIT_ARRAY)         0x51628
 0x000000000000001b (INIT_ARRAYSZ)       16 (bytes)
 0x000000000000001a (FINI_ARRAY)         0x51638
 0x000000000000001c (FINI_ARRAYSZ)       8 (bytes)
 0x000000006ffffef5 (GNU_HASH)           0x3b0
 0x0000000000000005 (STRTAB)             0xe10
 0x0000000000000006 (SYMTAB)             0x420
 0x000000000000000a (STRSZ)              3720 (bytes)
 0x000000000000000b (SYMENT)             24 (bytes)
 0x0000000000000015 (DEBUG)              0x0
 0x0000000000000003 (PLTGOT)             0x51d40
 0x0000000000000002 (PLTRELSZ)           1824 (bytes)
 0x0000000000000014 (PLTREL)             RELA
 0x0000000000000017 (JMPREL)             0x2870
 0x0000000000000007 (RELA)               0x1ee0
 0x0000000000000008 (RELASZ)             2448 (bytes)
 0x0000000000000009 (RELAENT)            24 (bytes)
 0x000000000000001e (FLAGS)              BIND_NOW
 0x000000006ffffffb (FLAGS_1)            标志： NOW PIE
 0x000000006ffffffe (VERNEED)            0x1d70
 0x000000006fffffff (VERNEEDNUM)         4
 0x000000006ffffff0 (VERSYM)             0x1c98
 0x000000006ffffff9 (RELACOUNT)          63
 0x0000000000000000 (NULL)               0x0
