{'pair': 0, 'mode': 'legacy', 'implementation': 'python', 'cpu_s': 2.4899999999999998, 'cpu_percent_of_one_core': 31.124869738518246, 'median_rss_kib': 62814.0, 'achieved_input_hz': 49.99979074460762, 'checked_refusal_outputs': 66}
{'pair': 0, 'mode': 'legacy', 'implementation': 'cpp', 'cpu_s': 0.16, 'cpu_percent_of_one_core': 1.9999731538630137, 'median_rss_kib': 26882.0, 'achieved_input_hz': 49.99932884657534, 'checked_refusal_outputs': 66}
{'pair': 0, 'mode': 'fixed_v2', 'implementation': 'python', 'cpu_s': 2.7399999999999998, 'cpu_percent_of_one_core': 34.24964137631175, 'median_rss_kib': 63372.0, 'achieved_input_hz': 49.999476461768985, 'checked_refusal_outputs': 65}
{'pair': 0, 'mode': 'fixed_v2', 'implementation': 'cpp', 'cpu_s': 0.19, 'cpu_percent_of_one_core': 2.3749767495712755, 'median_rss_kib': 29060.0, 'achieved_input_hz': 49.999510517290005, 'checked_refusal_outputs': 66}
{'pair': 1, 'mode': 'fixed_v2', 'implementation': 'cpp', 'cpu_s': 0.19999999999999998, 'cpu_percent_of_one_core': 2.4999745796360022, 'median_rss_kib': 29068.0, 'achieved_input_hz': 49.99949159272005, 'checked_refusal_outputs': 66}
{'pair': 1, 'mode': 'fixed_v2', 'implementation': 'python', 'cpu_s': 2.89, 'cpu_percent_of_one_core': 36.12448307222929, 'median_rss_kib': 63432.0, 'achieved_input_hz': 49.99928452903708, 'checked_refusal_outputs': 66}
{'pair': 1, 'mode': 'legacy', 'implementation': 'cpp', 'cpu_s': 0.16, 'cpu_percent_of_one_core': 1.999972224886841, 'median_rss_kib': 26884.0, 'achieved_input_hz': 49.99930562217102, 'checked_refusal_outputs': 66}
{'pair': 1, 'mode': 'legacy', 'implementation': 'python', 'cpu_s': 2.5700000000000003, 'cpu_percent_of_one_core': 32.12468557964156, 'median_rss_kib': 62962.0, 'achieved_input_hz': 49.9995106297923, 'checked_refusal_outputs': 66}
{'pair': 2, 'mode': 'legacy', 'implementation': 'python', 'cpu_s': 2.5700000000000003, 'cpu_percent_of_one_core': 32.124649299248446, 'median_rss_kib': 62972.0, 'achieved_input_hz': 49.99945416225438, 'checked_refusal_outputs': 67}
{'pair': 2, 'mode': 'legacy', 'implementation': 'cpp', 'cpu_s': 0.16, 'cpu_percent_of_one_core': 1.9999897443029324, 'median_rss_kib': 26918.0, 'achieved_input_hz': 49.99974360757331, 'checked_refusal_outputs': 66}
{'pair': 2, 'mode': 'fixed_v2', 'implementation': 'python', 'cpu_s': 2.82, 'cpu_percent_of_one_core': 35.24932653961267, 'median_rss_kib': 63372.0, 'achieved_input_hz': 49.99904473703925, 'checked_refusal_outputs': 65}
{'pair': 2, 'mode': 'fixed_v2', 'implementation': 'cpp', 'cpu_s': 0.2, 'cpu_percent_of_one_core': 2.4999866072574934, 'median_rss_kib': 29118.0, 'achieved_input_hz': 49.99973214514987, 'checked_refusal_outputs': 66}
{
  "legacy": {
    "python": {
      "cpu_s": 2.5700000000000003,
      "cpu_percent_of_one_core": 32.124649299248446,
      "cpu_ms_per_input_frame": 6.425000000000001,
      "median_rss_kib": 62962.0,
      "max_sampled_rss_kib": 63016,
      "achieved_input_hz": 49.9995106297923
    },
    "cpp": {
      "cpu_s": 0.16,
      "cpu_percent_of_one_core": 1.9999731538630137,
      "cpu_ms_per_input_frame": 0.4,
      "median_rss_kib": 26884.0,
      "max_sampled_rss_kib": 26892,
      "achieved_input_hz": 49.99932884657534
    }
  },
  "fixed_v2": {
    "python": {
      "cpu_s": 2.82,
      "cpu_percent_of_one_core": 35.24932653961267,
      "cpu_ms_per_input_frame": 7.05,
      "median_rss_kib": 63372.0,
      "max_sampled_rss_kib": 63472,
      "achieved_input_hz": 49.99928452903708
    },
    "cpp": {
      "cpu_s": 0.19999999999999998,
      "cpu_percent_of_one_core": 2.4999745796360022,
      "cpu_ms_per_input_frame": 0.49999999999999994,
      "median_rss_kib": 29068.0,
      "max_sampled_rss_kib": 29072,
      "achieved_input_hz": 49.999510517290005
    }
  }
}
