[INFO] [launch]: All log files can be found below /home/yjh/.ros/log/astribot/2026-09-21-23-12-15-770753-sh-xf2731-318826
[INFO] [launch]: Default logging verbosity is set to INFO
[INFO] [move_group-1]: process started with pid [318845]
[move_group-1] Warning: Link 'livox_mid360_left' is not known to URDF. Cannot disable/enable collisons.
[move_group-1]          at line 594 in ./src/model.cpp
[move_group-1] Warning: Link 'livox_mid360_right' is not known to URDF. Cannot disable/enable collisons.
[move_group-1]          at line 594 in ./src/model.cpp
[move_group-1] Warning: Link 'camera_link' is not known to URDF. Cannot disable/enable collisons.
[move_group-1]          at line 594 in ./src/model.cpp
[move_group-1] [INFO] [1790003536.100480471] [moveit_rdf_loader.rdf_loader]: Loaded robot model in 0 seconds
[move_group-1] [INFO] [1790003536.100503827] [moveit_robot_model.robot_model]: Loading robot model 'astribot_s1'...
[move_group-1] [WARN] [1790003536.108568100] [moveit_robot_model.robot_model]: Link astribot_gripper_left_Link_L1 has visual geometry but no collision geometry. Collision geometry will be left empty. Fix your URDF file by explicitly specifying collision geometry.
[move_group-1] [WARN] [1790003536.114600182] [moveit_robot_model.robot_model]: Link astribot_gripper_left_Link_R1 has visual geometry but no collision geometry. Collision geometry will be left empty. Fix your URDF file by explicitly specifying collision geometry.
[move_group-1] [WARN] [1790003536.119442376] [moveit_robot_model.robot_model]: Link astribot_gripper_right_Link_L1 has visual geometry but no collision geometry. Collision geometry will be left empty. Fix your URDF file by explicitly specifying collision geometry.
[move_group-1] [WARN] [1790003536.122653752] [moveit_robot_model.robot_model]: Link astribot_gripper_right_Link_R1 has visual geometry but no collision geometry. Collision geometry will be left empty. Fix your URDF file by explicitly specifying collision geometry.
[move_group-1] [WARN] [1790003536.135632846] [kdl_parser]: The root link astribot_torso_base has an inertia specified in the URDF, but KDL does not support a root link with an inertia.  As a workaround, you can add an extra dummy link to your URDF.
[move_group-1] [WARN] [1790003536.135773279] [kdl_parser]: The root link astribot_torso_base has an inertia specified in the URDF, but KDL does not support a root link with an inertia.  As a workaround, you can add an extra dummy link to your URDF.
[move_group-1] [WARN] [1790003536.135832102] [kdl_parser]: The root link astribot_torso_base has an inertia specified in the URDF, but KDL does not support a root link with an inertia.  As a workaround, you can add an extra dummy link to your URDF.
[move_group-1] [INFO] [1790003536.161258679] [moveit_ros.planning_scene_monitor.planning_scene_monitor]: Publishing maintained planning scene on 'monitored_planning_scene'
[move_group-1] [INFO] [1790003536.161367938] [moveit.ros_planning_interface.moveit_cpp]: Listening to 'joint_states' for joint states
[move_group-1] [INFO] [1790003536.161740128] [moveit_ros.current_state_monitor]: Listening to joint states on topic 'joint_states'
[move_group-1] [INFO] [1790003536.161958639] [moveit_ros.planning_scene_monitor.planning_scene_monitor]: Listening to '/attached_collision_object' for attached collision objects
[move_group-1] [INFO] [1790003536.161966048] [moveit_ros.planning_scene_monitor.planning_scene_monitor]: Starting planning scene monitor
[move_group-1] [INFO] [1790003536.162122462] [moveit_ros.planning_scene_monitor.planning_scene_monitor]: Listening to '/planning_scene'
[move_group-1] [INFO] [1790003536.162129064] [moveit_ros.planning_scene_monitor.planning_scene_monitor]: Starting world geometry update monitor for collision objects, attached objects, octomap updates.
[move_group-1] [INFO] [1790003536.162295354] [moveit_ros.planning_scene_monitor.planning_scene_monitor]: Listening to 'collision_object'
[move_group-1] [INFO] [1790003536.162456346] [moveit_ros.planning_scene_monitor.planning_scene_monitor]: Listening to 'planning_scene_world' for planning scene world geometry
[move_group-1] [ERROR] [1790003536.163176347] [moveit.ros.occupancy_map_monitor.middleware_handle]: Exception while loading octomap updater 'occupancy_map_monitor/PointCloudOctomapUpdater': According to the loaded plugin descriptions the class occupancy_map_monitor/PointCloudOctomapUpdater with base class type occupancy_map_monitor::OccupancyMapUpdater does not exist. Declared types are 
[move_group-1] 
[move_group-1] [ERROR] [1790003536.163187521] [moveit.ros.occupancy_map_monitor]: Failed to load sensor: `head_rgbd` of type: `occupancy_map_monitor/PointCloudOctomapUpdater`
[move_group-1] [ERROR] [1790003536.163192215] [moveit.ros.occupancy_map_monitor.middleware_handle]: Exception while loading octomap updater 'occupancy_map_monitor/PointCloudOctomapUpdater': According to the loaded plugin descriptions the class occupancy_map_monitor/PointCloudOctomapUpdater with base class type occupancy_map_monitor::OccupancyMapUpdater does not exist. Declared types are 
[move_group-1] 
[move_group-1] [ERROR] [1790003536.163193823] [moveit.ros.occupancy_map_monitor]: Failed to load sensor: `torso_rgbd` of type: `occupancy_map_monitor/PointCloudOctomapUpdater`
[move_group-1] [INFO] [1790003536.164515676] [moveit.ros_planning_interface.moveit_cpp]: Loading planning pipeline 'ompl'
[move_group-1] [INFO] [1790003536.185016274] [astribot_s1_manipulation.ompl_extension]: registered extra OMPL planners: 25 -> 30 total
[move_group-1] [INFO] [1790003536.185025354] [astribot_s1_manipulation.ompl_extension]:   [OK]      geometric::RRTstar
[move_group-1] [INFO] [1790003536.185027131] [astribot_s1_manipulation.ompl_extension]:   [OK]      geometric::BITstar
[move_group-1] [INFO] [1790003536.185028230] [astribot_s1_manipulation.ompl_extension]:   [OK]      geometric::InformedRRTstar
[move_group-1] [INFO] [1790003536.185030109] [moveit.ros_planning.planning_pipeline]: Using planning interface 'OMPL (with BITstar / InformedRRTstar registered by astribot_s1_manipulation)'
[move_group-1] [INFO] [1790003536.188333049] [moveit_ros.add_time_optimal_parameterization]: Param 'ompl.path_tolerance' was not set. Using default value: 0.100000
[move_group-1] [INFO] [1790003536.188339510] [moveit_ros.add_time_optimal_parameterization]: Param 'ompl.resample_dt' was not set. Using default value: 0.100000
[move_group-1] [INFO] [1790003536.188341473] [moveit_ros.add_time_optimal_parameterization]: Param 'ompl.min_angle_change' was not set. Using default value: 0.001000
[move_group-1] [INFO] [1790003536.188351008] [moveit_ros.fix_workspace_bounds]: Param 'ompl.default_workspace_bounds' was not set. Using default value: 10.000000
[move_group-1] [INFO] [1790003536.188357062] [moveit_ros.fix_start_state_bounds]: Param 'ompl.start_state_max_bounds_error' was set to 0.100000
[move_group-1] [INFO] [1790003536.188359311] [moveit_ros.fix_start_state_bounds]: Param 'ompl.start_state_max_dt' was not set. Using default value: 0.500000
[move_group-1] [INFO] [1790003536.188363951] [moveit_ros.fix_start_state_collision]: Param 'ompl.start_state_max_dt' was not set. Using default value: 0.500000
[move_group-1] [INFO] [1790003536.188365626] [moveit_ros.fix_start_state_collision]: Param 'ompl.jiggle_fraction' was not set. Using default value: 0.020000
[move_group-1] [INFO] [1790003536.188367364] [moveit_ros.fix_start_state_collision]: Param 'ompl.max_sampling_attempts' was not set. Using default value: 100
[move_group-1] [INFO] [1790003536.188371805] [moveit.ros_planning.planning_pipeline]: Using planning request adapter 'Add Time Optimal Parameterization'
[move_group-1] [INFO] [1790003536.188373577] [moveit.ros_planning.planning_pipeline]: Using planning request adapter 'Resolve constraint frames to robot links'
[move_group-1] [INFO] [1790003536.188374702] [moveit.ros_planning.planning_pipeline]: Using planning request adapter 'Fix Workspace Bounds'
[move_group-1] [INFO] [1790003536.188375802] [moveit.ros_planning.planning_pipeline]: Using planning request adapter 'Fix Start State Bounds'
[move_group-1] [INFO] [1790003536.188376896] [moveit.ros_planning.planning_pipeline]: Using planning request adapter 'Fix Start State In Collision'
[move_group-1] [INFO] [1790003536.188377926] [moveit.ros_planning.planning_pipeline]: Using planning request adapter 'Fix Start State Path Constraints'
[move_group-1] [INFO] [1790003536.215774472] [moveit.plugins.moveit_simple_controller_manager]: Added FollowJointTrajectory controller for arm_left_controller
[move_group-1] [INFO] [1790003536.216910912] [moveit.plugins.moveit_simple_controller_manager]: Added FollowJointTrajectory controller for arm_right_controller
[move_group-1] [INFO] [1790003536.217805594] [moveit.plugins.moveit_simple_controller_manager]: Added FollowJointTrajectory controller for torso_controller
[move_group-1] [INFO] [1790003536.218635059] [moveit.plugins.moveit_simple_controller_manager]: Added FollowJointTrajectory controller for gripper_left_controller
[move_group-1] [INFO] [1790003536.219610444] [moveit.plugins.moveit_simple_controller_manager]: Added FollowJointTrajectory controller for gripper_right_controller
[move_group-1] [INFO] [1790003536.219747363] [moveit.plugins.moveit_simple_controller_manager]: Returned 5 controllers in list
[move_group-1] [INFO] [1790003536.219767560] [moveit.plugins.moveit_simple_controller_manager]: Returned 5 controllers in list
[move_group-1] [INFO] [1790003536.220104346] [moveit_ros.trajectory_execution_manager]: Trajectory execution is not managing controllers
[move_group-1] [INFO] [1790003536.220114990] [move_group.move_group]: MoveGroup debug mode is ON
[move_group-1] [INFO] [1790003536.233544937] [move_group.move_group]: 
[move_group-1] 
[move_group-1] ********************************************************
[move_group-1] * MoveGroup using: 
[move_group-1] *     - ApplyPlanningSceneService
[move_group-1] *     - ClearOctomapService
[move_group-1] *     - CartesianPathService
[move_group-1] *     - ExecuteTrajectoryAction
[move_group-1] *     - GetPlanningSceneService
[move_group-1] *     - KinematicsService
[move_group-1] *     - MoveAction
[move_group-1] *     - MotionPlanService
[move_group-1] *     - QueryPlannersService
[move_group-1] *     - StateValidationService
[move_group-1] ********************************************************
[move_group-1] 
[move_group-1] [INFO] [1790003536.233573060] [moveit_move_group_capabilities_base.move_group_context]: MoveGroup context using planning plugin astribot_s1_manipulation/OmplPlannerExtension
[move_group-1] [INFO] [1790003536.233577474] [moveit_move_group_capabilities_base.move_group_context]: MoveGroup context initialization complete
[move_group-1] [96mLoading 'move_group/ApplyPlanningSceneService'...
[move_group-1] [0m[96mLoading 'move_group/ClearOctomapService'...
[move_group-1] [0m[96mLoading 'move_group/MoveGroupCartesianPathService'...
[move_group-1] [0m[96mLoading 'move_group/MoveGroupExecuteTrajectoryAction'...
[move_group-1] [0m[96mLoading 'move_group/MoveGroupGetPlanningSceneService'...
[move_group-1] [0m[96mLoading 'move_group/MoveGroupKinematicsService'...
[move_group-1] [0m[96mLoading 'move_group/MoveGroupMoveAction'...
[move_group-1] [0m[96mLoading 'move_group/MoveGroupPlanService'...
[move_group-1] [0m[96mLoading 'move_group/MoveGroupQueryPlannersService'...
[move_group-1] [0m[96mLoading 'move_group/MoveGroupStateValidationService'...
[move_group-1] [0m[92m
[move_group-1] You can start planning now!
[move_group-1] 
[move_group-1] [INFO] [1790003536.467562028] [moveit_move_group_default_capabilities.plan_service_capability]: Received new planning service request...
[move_group-1] [INFO] [1790003536.468100683] [astribot_s1_manipulation.ompl_extension]: planning request: group='arm_right' planner_id='RRTConnectConfig' allowed_time=5.00s
[move_group-1] [0mDebug:   Starting goal sampling thread
[move_group-1] Debug:   Waiting for space information to be set up before the sampling thread can begin computation...
[move_group-1] [INFO] [1790003536.473292466] [moveit.ompl_planning.model_based_planning_context]: Planner configuration 'arm_right[RRTConnectConfig]' will use planner 'geometric::RRTConnect'. Additional configuration parameters will be set when the planner is constructed.
[move_group-1] Debug:   The value of parameter 'longest_valid_segment_fraction' is now: '0.01'
[move_group-1] Debug:   The value of parameter 'range' is now: '0'
[move_group-1] Debug:   arm_right/arm_right[RRTConnectConfig]: Planner range detected to be 5.352000
[move_group-1] Info:    arm_right/arm_right[RRTConnectConfig]: Starting planning with 1 states already in datastructure
[move_group-1] Debug:   arm_right/arm_right[RRTConnectConfig]: Waiting for goal region samples ...
[move_group-1] Debug:   Beginning sampling thread computation
[move_group-1] Debug:   Adding goal state
[move_group-1] Debug:   Adding goal state
[move_group-1] Debug:   Adding goal state
[move_group-1] Debug:   Adding goal state
[move_group-1] Debug:   Adding goal state
[move_group-1] Debug:   Adding goal state
[move_group-1] Debug:   Adding goal state
[move_group-1] Debug:   Adding goal state
[move_group-1] Debug:   Adding goal state
[move_group-1] Debug:   Adding goal state
[move_group-1] Debug:   Stopped goal sampling thread after 10 sampling attempts
[move_group-1] Debug:   arm_right/arm_right[RRTConnectConfig]: Waited 0.010073 seconds for the first goal sample.
[move_group-1] Info:    arm_right/arm_right[RRTConnectConfig]: Created 5 states (3 start + 2 goal)
[move_group-1] Info:    Solution found in 0.017287 seconds
[move_group-1] Info:    SimpleSetup: Path simplification took 0.011245 seconds and changed from 3 to 2 states
[move_group-1] [INFO] [1790003536.506079379] [moveit_move_group_default_capabilities.plan_service_capability]: Received new planning service request...
[move_group-1] [INFO] [1790003536.506655555] [astribot_s1_manipulation.ompl_extension]: planning request: group='arm_right' planner_id='RRTConnectConfig' allowed_time=5.00s
[move_group-1] Debug:   Starting goal sampling thread
[move_group-1] [INFO] [1790003536.507059969] [moveit.ompl_planning.model_based_planning_context]: Planner configuration 'arm_right[RRTConnectConfig]' will use planner 'geometric::RRTConnect'. Additional configuration parameters will be set when the planner is constructed.
[move_group-1] Debug:   Waiting for space information to be set up before the sampling thread can begin computation...
[move_group-1] Debug:   The value of parameter 'longest_valid_segment_fraction' is now: '0.01'
[move_group-1] Debug:   The value of parameter 'range' is now: '0'
[move_group-1] Debug:   arm_right/arm_right[RRTConnectConfig]: Planner range detected to be 5.352000
[move_group-1] Info:    arm_right/arm_right[RRTConnectConfig]: Starting planning with 1 states already in datastructure
[move_group-1] Debug:   arm_right/arm_right[RRTConnectConfig]: Waiting for goal region samples ...
[move_group-1] Debug:   Beginning sampling thread computation
[move_group-1] Debug:   Adding goal state
[move_group-1] Debug:   arm_right/arm_right[RRTConnectConfig]: Waited 0.010062 seconds for the first goal sample.
[move_group-1] Debug:   Adding goal state
[move_group-1] Debug:   Adding goal state
[move_group-1] Debug:   Adding goal state
[move_group-1] Debug:   Adding goal state
[move_group-1] Debug:   Adding goal state
[move_group-1] Debug:   Adding goal state
[move_group-1] Debug:   Adding goal state
[move_group-1] Debug:   Adding goal state
[move_group-1] Debug:   Adding goal state
[move_group-1] Debug:   Stopped goal sampling thread after 10 sampling attempts
[move_group-1] Info:    arm_right/arm_right[RRTConnectConfig]: Created 4 states (2 start + 2 goal)
[move_group-1] Info:    Solution found in 0.013114 seconds
[move_group-1] Info:    SimpleSetup: Path simplification took 0.009921 seconds and changed from 3 to 2 states
[move_group-1] [INFO] [1790003536.532720890] [moveit_move_group_default_capabilities.plan_service_capability]: Received new planning service request...
[move_group-1] [INFO] [1790003536.533187920] [astribot_s1_manipulation.ompl_extension]: planning request: group='arm_right' planner_id='RRTConnectConfig' allowed_time=5.00s
[move_group-1] Debug:   Starting goal sampling thread
[move_group-1] Debug:   Waiting for space information to be set up before the sampling thread can begin computation...
[move_group-1] Debug:   The value of parameter 'longest_valid_segment_fraction' is now: '0.01'
[move_group-1] Debug:   The value of parameter 'range' is now: '0'
[move_group-1] Debug:   arm_right/arm_right[RRTConnectConfig]: Planner range detected to be 5.352000
[move_group-1] [INFO] [1790003536.533440992] [moveit.ompl_planning.model_based_planning_context]: Planner configuration 'arm_right[RRTConnectConfig]' will use planner 'geometric::RRTConnect'. Additional configuration parameters will be set when the planner is constructed.
[move_group-1] Info:    arm_right/arm_right[RRTConnectConfig]: Starting planning with 1 states already in datastructure
[move_group-1] Debug:   arm_right/arm_right[RRTConnectConfig]: Waiting for goal region samples ...
[move_group-1] Debug:   Beginning sampling thread computation
[move_group-1] Debug:   Adding goal state
[move_group-1] Debug:   arm_right/arm_right[RRTConnectConfig]: Waited 0.010062 seconds for the first goal sample.
[move_group-1] Debug:   Adding goal state
[move_group-1] Debug:   Adding goal state
[move_group-1] Debug:   Adding goal state
[move_group-1] Debug:   Adding goal state
[move_group-1] Debug:   Adding goal state
[move_group-1] Debug:   Adding goal state
[move_group-1] Debug:   Adding goal state
[move_group-1] Debug:   Adding goal state
[move_group-1] Debug:   Adding goal state
[move_group-1] Debug:   Stopped goal sampling thread after 10 sampling attempts
[move_group-1] Info:    arm_right/arm_right[RRTConnectConfig]: Created 4 states (2 start + 2 goal)
[move_group-1] Info:    Solution found in 0.013068 seconds
[move_group-1] Info:    SimpleSetup: Path simplification took 0.005859 seconds and changed from 3 to 2 states
[WARNING] [launch]: user interrupted with ctrl-c (SIGINT)
[INFO] [move_group-1]: sending signal 'SIGINT' to process[move_group-1]
[move_group-1] [INFO] [1790003536.722469744] [rclcpp]: signal_handler(SIGINT/SIGTERM)
[move_group-1] [INFO] [1790003536.723815298] [rclcpp]: signal_handler(SIGINT/SIGTERM)
[move_group-1] [INFO] [1790003536.730406373] [moveit.ros_planning_interface.moveit_cpp]: Deleting MoveItCpp
[move_group-1] [INFO] [1790003536.730904219] [moveit_ros.planning_scene_monitor.planning_scene_monitor]: Stopped publishing maintained planning scene.
[move_group-1] [INFO] [1790003536.731504918] [moveit_ros.planning_scene_monitor.planning_scene_monitor]: Stopping world geometry monitor
[move_group-1] [INFO] [1790003536.731750952] [moveit_ros.planning_scene_monitor.planning_scene_monitor]: Stopping planning scene monitor
[move_group-1] Warning: class_loader.ClassLoader: SEVERE WARNING!!! Attempting to unload library while objects created by this loader exist in the heap! You should delete your objects before attempting to unload the library or destroying the ClassLoader. The library will NOT be unloaded.
[move_group-1]          at line 127 in ./src/class_loader.cpp
[move_group-1] Stack trace (most recent call last):
[move_group-1] #16   Object "", at 0xffffffffffffffff, in 
[move_group-1] #15   Object "/opt/ros/humble/lib/moveit_ros_move_group/move_group", at 0x58d08e0d1724, in 
[move_group-1] #14   Source "../csu/libc-start.c", line 392, in __libc_start_main_impl [0x79d769e29e3f]
[move_group-1] #13   Source "../sysdeps/nptl/libc_start_call_main.h", line 58, in __libc_start_call_main [0x79d769e29d8f]
[move_group-1] #12   Object "/opt/ros/humble/lib/moveit_ros_move_group/move_group", at 0x58d08e0d065b, in 
[move_group-1] #11   Object "/opt/ros/humble/lib/moveit_ros_move_group/move_group", at 0x58d08e0d2709, in 
[move_group-1] #10   Object "/opt/ros/humble/lib/libmoveit_cpp.so.2.5.9", at 0x79d76a9bf876, in moveit_cpp::MoveItCpp::~MoveItCpp()
[move_group-1] #9    Object "/opt/ros/humble/lib/libmoveit_cpp.so.2.5.9", at 0x79d76a9bdba9, in 
[move_group-1] #8    Object "/opt/ros/humble/lib/libmoveit_trajectory_execution_manager.so.2.5.9", at 0x79d769cd13b5, in trajectory_execution_manager::TrajectoryExecutionManager::~TrajectoryExecutionManager()
[move_group-1] #7    Object "/opt/ros/humble/lib/libmoveit_trajectory_execution_manager.so.2.5.9", at 0x79d769ce42d9, in 
[move_group-1] #6    Object "/opt/ros/humble/lib/librclcpp.so", at 0x79d76a644b8c, in rclcpp::Node::~Node()
[move_group-1] #5    Object "/opt/ros/humble/lib/librclcpp.so", at 0x79d76a644b2e, in rclcpp::Node::~Node()
[move_group-1] #4    Object "/opt/ros/humble/lib/librclcpp.so", at 0x79d76a61fd39, in 
[move_group-1] #3    Object "/opt/ros/humble/lib/librclcpp.so", at 0x79d76a64e0b9, in 
[move_group-1] #2    Object "/opt/ros/humble/lib/librclcpp.so", at 0x79d76a64e000, in rclcpp::node_interfaces::NodeBase::~NodeBase()
[move_group-1] #1    Object "/opt/ros/humble/lib/librclcpp.so", at 0x79d76a61fd39, in 
[move_group-1] #0    Object "/opt/ros/humble/lib/librclcpp.so", at 0x79d76a624b31, in rclcpp::CallbackGroup::~CallbackGroup()
[move_group-1] Segmentation fault (Address not mapped to object [0x79d74812f798])
[ERROR] [move_group-1]: process has died [pid 318845, exit code -11, cmd '/opt/ros/humble/lib/moveit_ros_move_group/move_group --ros-args --log-level info --ros-args --disable-external-lib-logs --ros-args --params-file /tmp/launch_params_959f60ap --params-file /tmp/launch_params_6xavh1zo --params-file /tmp/launch_params_o4pnekzn --params-file /tmp/launch_params_fuhlymxd --params-file /tmp/launch_params_6q64emyd --params-file /tmp/launch_params_07kjr8s9 --params-file /tmp/launch_params__tf205lt --params-file /tmp/launch_params_uh2fc6yi --params-file /tmp/launch_params_cdx0258l --params-file /tmp/launch_params_65tplex3 --params-file /tmp/launch_params_5gnoi0qr --params-file /tmp/launch_params_2q1srh1z --params-file /tmp/launch_params_vony3wqj --params-file /tmp/launch_params_7iip3h6p --params-file /tmp/launch_params_54z_vcdl'].
