Running main() from /opt/ros/humble/src/gtest_vendor/src/gtest_main.cc
Note: Google Test filter = *PausedClock*
[==========] Running 2 tests from 1 test suite.
[----------] Global test environment set-up.
[----------] 2 tests from VisionContract
[ RUN      ] VisionContract.PausedClockAndLostHealthRejectsCachedObservation
/home/yjh/WorkSpace/astribot_sdk_ros2/ws_robot/src/astribot_s1_perception_components/test/vision_contract_test.cpp:98: Failure
Value of: observations.empty()
  Actual: false
Expected: true
[  FAILED  ] VisionContract.PausedClockAndLostHealthRejectsCachedObservation (612 ms)
[ RUN      ] VisionContract.PausedClockDoesNotPreserveDepthDespiteHealthHeartbeat
/home/yjh/WorkSpace/astribot_sdk_ros2/ws_robot/src/astribot_s1_perception_components/test/vision_contract_test.cpp:105: Failure
Value of: observations.empty()
  Actual: false
Expected: true
[  FAILED  ] VisionContract.PausedClockDoesNotPreserveDepthDespiteHealthHeartbeat (334 ms)
[----------] 2 tests from VisionContract (946 ms total)

[----------] Global test environment tear-down
[==========] 2 tests from 1 test suite ran. (949 ms total)
[  PASSED  ] 0 tests.
[  FAILED  ] 2 tests, listed below:
[  FAILED  ] VisionContract.PausedClockAndLostHealthRejectsCachedObservation
[  FAILED  ] VisionContract.PausedClockDoesNotPreserveDepthDespiteHealthHeartbeat

 2 FAILED TESTS
