Collecting numpy<2
  Downloading numpy-1.26.4-cp310-cp310-manylinux_2_17_x86_64.manylinux2014_x86_64.whl (18.2 MB)
     ━━━━━━━━━━━━━━━━━━━━━━━━━━━━━━━━━━━━━━━━ 18.2/18.2 MB 4.7 MB/s eta 0:00:00
Collecting onnxsim
  Downloading onnxsim-0.7.3-cp310-cp310-manylinux_2_27_x86_64.manylinux_2_28_x86_64.whl (3.2 MB)
     ━━━━━━━━━━━━━━━━━━━━━━━━━━━━━━━━━━━━━━━━ 3.2/3.2 MB 2.5 MB/s eta 0:00:00
Collecting onnxruntime
  Downloading onnxruntime-1.23.2-cp310-cp310-manylinux_2_27_x86_64.manylinux_2_28_x86_64.whl (17.4 MB)
     ━━━━━━━━━━━━━━━━━━━━━━━━━━━━━━━━━━━━━━━━ 17.4/17.4 MB 3.6 MB/s eta 0:00:00
Collecting rich
  Downloading rich-15.0.0-py3-none-any.whl (310 kB)
     ━━━━━━━━━━━━━━━━━━━━━━━━━━━━━━━━━━━━━━━ 310.7/310.7 KB 1.0 MB/s eta 0:00:00
Collecting onnx
  Downloading onnx-1.23.0-cp310-cp310-manylinux_2_27_x86_64.manylinux_2_28_x86_64.whl (8.9 MB)
     ━━━━━━━━━━━━━━━━━━━━━━━━━━━━━━━━━━━━━━━━ 8.9/8.9 MB 2.7 MB/s eta 0:00:00
Collecting coloredlogs
  Downloading coloredlogs-15.0.1-py2.py3-none-any.whl (46 kB)
     ━━━━━━━━━━━━━━━━━━━━━━━━━━━━━━━━━━━━━━━━ 46.0/46.0 KB 1.8 MB/s eta 0:00:00
Collecting packaging
  Downloading packaging-26.3-py3-none-any.whl (129 kB)
     ━━━━━━━━━━━━━━━━━━━━━━━━━━━━━━━━━━━━━━━ 130.0/130.0 KB 2.5 MB/s eta 0:00:00
Collecting sympy
  Downloading sympy-1.14.0-py3-none-any.whl (6.3 MB)
     ━━━━━━━━━━━━━━━━━━━━━━━━━━━━━━━━━━━━━━━━ 6.3/6.3 MB 2.9 MB/s eta 0:00:00
Collecting protobuf
  Downloading protobuf-7.36.2-cp310-abi3-manylinux2014_x86_64.whl (343 kB)
     ━━━━━━━━━━━━━━━━━━━━━━━━━━━━━━━━━━━━━━━ 343.2/343.2 KB 2.8 MB/s eta 0:00:00
Collecting flatbuffers
  Downloading flatbuffers-25.12.19-py2.py3-none-any.whl (26 kB)
Collecting humanfriendly>=9.1
  Downloading humanfriendly-10.0-py2.py3-none-any.whl (86 kB)
     ━━━━━━━━━━━━━━━━━━━━━━━━━━━━━━━━━━━━━━━━ 86.8/86.8 KB 2.3 MB/s eta 0:00:00
Collecting typing_extensions>=4.7.1
  Using cached typing_extensions-4.16.0-py3-none-any.whl (45 kB)
Collecting ml_dtypes>=0.5.4
  Downloading ml_dtypes-0.6.0-cp310-cp310-manylinux_2_27_x86_64.manylinux_2_28_x86_64.whl (412 kB)
     ━━━━━━━━━━━━━━━━━━━━━━━━━━━━━━━━━━━━━━━ 412.0/412.0 KB 2.8 MB/s eta 0:00:00
Collecting markdown-it-py>=2.2.0
  Downloading markdown_it_py-4.2.0-py3-none-any.whl (91 kB)
     ━━━━━━━━━━━━━━━━━━━━━━━━━━━━━━━━━━━━━━━━ 91.7/91.7 KB 3.7 MB/s eta 0:00:00
Collecting pygments<3.0.0,>=2.13.0
  Downloading pygments-2.21.0-py3-none-any.whl (1.3 MB)
     ━━━━━━━━━━━━━━━━━━━━━━━━━━━━━━━━━━━━━━━━ 1.3/1.3 MB 2.9 MB/s eta 0:00:00
Collecting mpmath<1.4,>=1.1.0
  Downloading mpmath-1.3.0-py3-none-any.whl (536 kB)
     ━━━━━━━━━━━━━━━━━━━━━━━━━━━━━━━━━━━━━ 536.2/536.2 KB 861.8 kB/s eta 0:00:00
Collecting mdurl~=0.1
  Downloading mdurl-0.1.2-py3-none-any.whl (10.0 kB)
Collecting ml_dtypes>=0.5.4
  Downloading ml_dtypes-0.5.4-cp310-cp310-manylinux_2_27_x86_64.manylinux_2_28_x86_64.whl (5.0 MB)
     ━━━━━━━━━━━━━━━━━━━━━━━━━━━━━━━━━━━━━━━━ 5.0/5.0 MB 2.4 MB/s eta 0:00:00
Installing collected packages: mpmath, flatbuffers, typing_extensions, sympy, pygments, protobuf, packaging, numpy, mdurl, humanfriendly, ml_dtypes, markdown-it-py, coloredlogs, rich, onnxruntime, onnx, onnxsim
Successfully installed coloredlogs-15.0.1 flatbuffers-25.12.19 humanfriendly-10.0 markdown-it-py-4.2.0 mdurl-0.1.2 ml_dtypes-0.5.4 mpmath-1.3.0 numpy-1.26.4 onnx-1.23.0 onnxruntime-1.23.2 onnxsim-0.7.3 packaging-26.3 protobuf-7.36.2 pygments-2.21.0 rich-15.0.0 sympy-1.14.0 typing_extensions-4.16.0
