[0.273s] WARNING:colcon.colcon_core.package_selection:Some selected packages are already built in one or more underlay workspaces:
	'astribot_perception_msgs' is in: /home/yjh/WorkSpace/astribot_sdk_ros2/install/astribot_perception_msgs
If a package in a merged underlay workspace is overridden and it installs headers, then all packages in the overlay must sort their include directories by workspace order. Failure to do so may result in build failures or undefined behavior at run time.
If the overridden package is used by another package in any underlay, then the overriding package in the overlay must be API and ABI compatible or undefined behavior at run time may occur.

If you understand the risks and want to override a package anyways, add the following to the command line:
	--allow-overriding astribot_perception_msgs

This may be promoted to an error in a future release of colcon-override-check.
Starting >>> astribot_perception_msgs
Finished <<< astribot_perception_msgs [0.34s]

Summary: 1 package finished [0.56s]
[0.258s] WARNING:colcon.colcon_core.package_selection:Some selected packages are already built in one or more underlay workspaces:
	'astribot_s1_perception_components' is in: /tmp/vision_cpp_build/install/astribot_s1_perception_components, /home/yjh/WorkSpace/astribot_sdk_ros2/install/astribot_s1_perception_components
If a package in a merged underlay workspace is overridden and it installs headers, then all packages in the overlay must sort their include directories by workspace order. Failure to do so may result in build failures or undefined behavior at run time.
If the overridden package is used by another package in any underlay, then the overriding package in the overlay must be API and ABI compatible or undefined behavior at run time may occur.

If you understand the risks and want to override a package anyways, add the following to the command line:
	--allow-overriding astribot_s1_perception_components

This may be promoted to an error in a future release of colcon-override-check.
Starting >>> astribot_s1_perception_components
[0.264s] WARNING:colcon.colcon_core.shell:The following packages are in the workspace but haven't been built:
- astribot_autonomy_core
- astribot_eigen_vendor
- astribot_logging
They are being used from the following locations instead:
- /home/yjh/WorkSpace/astribot_sdk_ros2/install/astribot_autonomy_core
- /home/yjh/WorkSpace/astribot_sdk_ros2/install/astribot_eigen_vendor
- /home/yjh/WorkSpace/astribot_sdk_ros2/install/astribot_logging
To suppress this warning ignore these packages in the workspace:
--packages-ignore astribot_autonomy_core astribot_eigen_vendor astribot_logging
Finished <<< astribot_s1_perception_components [22.5s]
Starting >>> astribot_s1_manipulation
[22.811s] WARNING:colcon.colcon_core.shell:The following packages are in the workspace but haven't been built:
- astribot_eigen_vendor
- astribot_logging
- astribot_transport_msgs
- astribot_s1_description
They are being used from the following locations instead:
- /home/yjh/WorkSpace/astribot_sdk_ros2/install/astribot_eigen_vendor
- /home/yjh/WorkSpace/astribot_sdk_ros2/install/astribot_logging
- /home/yjh/WorkSpace/astribot_sdk_ros2/install/astribot_transport_msgs
- /home/yjh/WorkSpace/astribot_sdk_ros2/install/astribot_s1_description
To suppress this warning ignore these packages in the workspace:
--packages-ignore astribot_eigen_vendor astribot_logging astribot_transport_msgs astribot_s1_description
Finished <<< astribot_s1_manipulation [0.16s]

Summary: 2 packages finished [22.9s]
Internal ctest changing into directory: /tmp/vision_cpp_build/build/astribot_s1_perception_components
Test project /tmp/vision_cpp_build/build/astribot_s1_perception_components
    Start 1: detection_gate_test
1/7 Test #1: detection_gate_test ..............   Passed    0.81 sec
    Start 2: yolo_pipeline_test
2/7 Test #2: yolo_pipeline_test ...............   Passed    2.36 sec
    Start 3: camera_health_test
3/7 Test #3: camera_health_test ...............   Passed    0.91 sec
    Start 4: yolo_decode_test
4/7 Test #4: yolo_decode_test .................   Passed    0.05 sec
    Start 5: vision_contract_test
5/7 Test #5: vision_contract_test .............   Passed    2.49 sec
    Start 6: attached_body_filter
6/7 Test #6: attached_body_filter .............   Passed    0.00 sec
    Start 7: attachment_filter_confirmation
7/7 Test #7: attachment_filter_confirmation ...   Passed    0.00 sec

100% tests passed, 0 tests failed out of 7

Label Time Summary:
gtest    =   6.63 sec*proc (5 tests)

Total Test time (real) =   6.63 sec
Internal ctest changing into directory: /tmp/vision_cpp_build/build/astribot_s1_manipulation
Test project /tmp/vision_cpp_build/build/astribot_s1_manipulation
    Start 1: grasp_candidate_gate_test
1/1 Test #1: grasp_candidate_gate_test ........   Passed    0.21 sec

100% tests passed, 0 tests failed out of 1

Label Time Summary:
gtest    =   0.21 sec*proc (1 test)

Total Test time (real) =   0.21 sec
PASS standalone camera topics and default detector disabled: head_rgbd
PASS standalone camera topics and default detector disabled: torso_rgbd
PASS warehouse selected detector and matched depth/info/frame, postprocess: true
PASS warehouse selected detector and matched depth/info/frame, postprocess: false
PASS camera-disabled warehouse starts no vision consumers
