Running main() from /opt/ros/humble/src/gtest_vendor/src/gtest_main.cc
[==========] Running 6 tests from 1 test suite.
[----------] Global test environment set-up.
[----------] 6 tests from Yolo
[ RUN      ] Yolo.LetterboxRetainsAspectAndPadding
[       OK ] Yolo.LetterboxRetainsAspectAndPadding (3 ms)
[ RUN      ] Yolo.V5BoxRestoredWithObjectness
[       OK ] Yolo.V5BoxRestoredWithObjectness (1 ms)
[ RUN      ] Yolo.V8ChannelMajorNoObjectness
[       OK ] Yolo.V8ChannelMajorNoObjectness (1 ms)
[ RUN      ] Yolo.NmsPreservesDifferentClasses
[       OK ] Yolo.NmsPreservesDifferentClasses (1 ms)
[ RUN      ] Yolo.RejectsUnexpectedSegmentationOrClassShape
[       OK ] Yolo.RejectsUnexpectedSegmentationOrClassShape (1 ms)
[ RUN      ] Yolo.RejectsNonfiniteOrOffImageBox
[       OK ] Yolo.RejectsNonfiniteOrOffImageBox (1 ms)
[----------] 6 tests from Yolo (8 ms total)

[----------] Global test environment tear-down
[==========] 6 tests from 1 test suite ran. (8 ms total)
[  PASSED  ] 6 tests.
