Running main() from /opt/ros/humble/src/gtest_vendor/src/gtest_main.cc
[==========] Running 18 tests from 1 test suite.
[----------] Global test environment set-up.
[----------] 18 tests from CloudContract
[ RUN      ] CloudContract.ConvertsMillimeters
[       OK ] CloudContract.ConvertsMillimeters (116 ms)
[ RUN      ] CloudContract.MatchesDepthBeforeInfo
[       OK ] CloudContract.MatchesDepthBeforeInfo (111 ms)
[ RUN      ] CloudContract.RejectsDifferentStamp
[       OK ] CloudContract.RejectsDifferentStamp (112 ms)
[ RUN      ] CloudContract.RejectsOldPair
[       OK ] CloudContract.RejectsOldPair (110 ms)
[ RUN      ] CloudContract.RejectsWrongFrame
[       OK ] CloudContract.RejectsWrongFrame (112 ms)
[ RUN      ] CloudContract.RejectsWrongDimensions
[       OK ] CloudContract.RejectsWrongDimensions (112 ms)
[ RUN      ] CloudContract.RejectsInvalidStride
[       OK ] CloudContract.RejectsInvalidStride (112 ms)
[ RUN      ] CloudContract.RejectsNonfiniteIntrinsics
[       OK ] CloudContract.RejectsNonfiniteIntrinsics (112 ms)
[ RUN      ] CloudContract.RejectsUnsupportedEncoding
[       OK ] CloudContract.RejectsUnsupportedEncoding (111 ms)
[ RUN      ] CloudContract.RejectsDuplicatePair
[       OK ] CloudContract.RejectsDuplicatePair (157 ms)
[ RUN      ] CloudContract.RejectsFuturePair
[       OK ] CloudContract.RejectsFuturePair (111 ms)
[ RUN      ] CloudContract.RejectsTruncatedPayload
[       OK ] CloudContract.RejectsTruncatedPayload (113 ms)
[ RUN      ] CloudContract.ConvertsFloatMeters
[       OK ] CloudContract.ConvertsFloatMeters (114 ms)
[ RUN      ] CloudContract.ConvertsBigEndianMillimeters
[       OK ] CloudContract.ConvertsBigEndianMillimeters (111 ms)
[ RUN      ] CloudContract.FreshPairRecoversAfterMismatch
[       OK ] CloudContract.FreshPairRecoversAfterMismatch (158 ms)
[ RUN      ] CloudContract.ClockRollbackDropsOldPartialAndRecovers
[       OK ] CloudContract.ClockRollbackDropsOldPartialAndRecovers (142 ms)
[ RUN      ] CloudContract.FrozenClockCannotKeepPartialAlive
[       OK ] CloudContract.FrozenClockCannotKeepPartialAlive (397 ms)
[ RUN      ] CloudContract.BoundedCacheEvictsUnmatchedOldDepth
[       OK ] CloudContract.BoundedCacheEvictsUnmatchedOldDepth (140 ms)
[----------] 18 tests from CloudContract (2452 ms total)

[----------] Global test environment tear-down
[==========] 18 tests from 1 test suite ran. (2456 ms total)
[  PASSED  ] 18 tests.
