Running main() from /opt/ros/humble/src/gtest_vendor/src/gtest_main.cc
[==========] Running 10 tests from 1 test suite.
[----------] Global test environment set-up.
[----------] 10 tests from CloudContract
[ RUN      ] CloudContract.ConvertsMillimeters
[       OK ] CloudContract.ConvertsMillimeters (122 ms)
[ RUN      ] CloudContract.MatchesDepthBeforeInfo
[       OK ] CloudContract.MatchesDepthBeforeInfo (118 ms)
[ RUN      ] CloudContract.RejectsDifferentStamp
[       OK ] CloudContract.RejectsDifferentStamp (118 ms)
[ RUN      ] CloudContract.RejectsOldPair
[       OK ] CloudContract.RejectsOldPair (112 ms)
[ RUN      ] CloudContract.RejectsWrongFrame
[       OK ] CloudContract.RejectsWrongFrame (113 ms)
[ RUN      ] CloudContract.RejectsWrongDimensions
[       OK ] CloudContract.RejectsWrongDimensions (111 ms)
[ RUN      ] CloudContract.RejectsInvalidStride
[       OK ] CloudContract.RejectsInvalidStride (113 ms)
[ RUN      ] CloudContract.RejectsNonfiniteIntrinsics
[       OK ] CloudContract.RejectsNonfiniteIntrinsics (114 ms)
[ RUN      ] CloudContract.RejectsUnsupportedEncoding
[       OK ] CloudContract.RejectsUnsupportedEncoding (112 ms)
[ RUN      ] CloudContract.RejectsDuplicatePair
[       OK ] CloudContract.RejectsDuplicatePair (158 ms)
[----------] 10 tests from CloudContract (1191 ms total)

[----------] Global test environment tear-down
[==========] 10 tests from 1 test suite ran. (1195 ms total)
[  PASSED  ] 10 tests.
