Running main() from /opt/ros/humble/src/gtest_vendor/src/gtest_main.cc
[==========] Running 15 tests from 1 test suite.
[----------] Global test environment set-up.
[----------] 15 tests from CloudContract
[ RUN      ] CloudContract.ConvertsMillimeters
[       OK ] CloudContract.ConvertsMillimeters (116 ms)
[ RUN      ] CloudContract.MatchesDepthBeforeInfo
[       OK ] CloudContract.MatchesDepthBeforeInfo (114 ms)
[ RUN      ] CloudContract.RejectsDifferentStamp
[       OK ] CloudContract.RejectsDifferentStamp (111 ms)
[ RUN      ] CloudContract.RejectsOldPair
[       OK ] CloudContract.RejectsOldPair (111 ms)
[ RUN      ] CloudContract.RejectsWrongFrame
[       OK ] CloudContract.RejectsWrongFrame (111 ms)
[ RUN      ] CloudContract.RejectsWrongDimensions
[       OK ] CloudContract.RejectsWrongDimensions (111 ms)
[ RUN      ] CloudContract.RejectsInvalidStride
[       OK ] CloudContract.RejectsInvalidStride (113 ms)
[ RUN      ] CloudContract.RejectsNonfiniteIntrinsics
[       OK ] CloudContract.RejectsNonfiniteIntrinsics (111 ms)
[ RUN      ] CloudContract.RejectsUnsupportedEncoding
[       OK ] CloudContract.RejectsUnsupportedEncoding (113 ms)
[ RUN      ] CloudContract.RejectsDuplicatePair
[       OK ] CloudContract.RejectsDuplicatePair (158 ms)
[ RUN      ] CloudContract.RejectsFuturePair
[       OK ] CloudContract.RejectsFuturePair (110 ms)
[ RUN      ] CloudContract.RejectsTruncatedPayload
[       OK ] CloudContract.RejectsTruncatedPayload (111 ms)
[ RUN      ] CloudContract.ConvertsFloatMeters
[       OK ] CloudContract.ConvertsFloatMeters (113 ms)
[ RUN      ] CloudContract.ConvertsBigEndianMillimeters
[       OK ] CloudContract.ConvertsBigEndianMillimeters (112 ms)
[ RUN      ] CloudContract.FreshPairRecoversAfterMismatch
[       OK ] CloudContract.FreshPairRecoversAfterMismatch (160 ms)
[----------] 15 tests from CloudContract (1775 ms total)

[----------] Global test environment tear-down
[==========] 15 tests from 1 test suite ran. (1780 ms total)
[  PASSED  ] 15 tests.
