Warning: Link 'livox_mid360_left' is not known to URDF. Cannot disable/enable collisons.
         at line 594 in ./src/model.cpp
Warning: Link 'livox_mid360_right' is not known to URDF. Cannot disable/enable collisons.
         at line 594 in ./src/model.cpp
Warning: Link 'camera_link' is not known to URDF. Cannot disable/enable collisons.
         at line 594 in ./src/model.cpp
[INFO] [1790003295.581810329] [moveit_robot_model.robot_model]: Loading robot model 'astribot_s1'...
[WARN] [1790003295.599054810] [moveit_robot_model.robot_model]: Link astribot_gripper_left_Link_L1 has visual geometry but no collision geometry. Collision geometry will be left empty. Fix your URDF file by explicitly specifying collision geometry.
[WARN] [1790003295.609290329] [moveit_robot_model.robot_model]: Link astribot_gripper_left_Link_R1 has visual geometry but no collision geometry. Collision geometry will be left empty. Fix your URDF file by explicitly specifying collision geometry.
[WARN] [1790003295.616417236] [moveit_robot_model.robot_model]: Link astribot_gripper_right_Link_L1 has visual geometry but no collision geometry. Collision geometry will be left empty. Fix your URDF file by explicitly specifying collision geometry.
[WARN] [1790003295.620175167] [moveit_robot_model.robot_model]: Link astribot_gripper_right_Link_R1 has visual geometry but no collision geometry. Collision geometry will be left empty. Fix your URDF file by explicitly specifying collision geometry.
{
  "camera_mount_checks_passed": true,
  "environment_checks": [
    {
      "camera": "head_rgbd",
      "external_collision_detected": true
    },
    {
      "camera": "head_stereo_left",
      "external_collision_detected": true
    },
    {
      "camera": "head_stereo_right",
      "external_collision_detected": true
    },
    {
      "camera": "torso_rgbd",
      "external_collision_detected": true
    },
    {
      "camera": "left_wrist_rgbd",
      "external_collision_detected": true
    },
    {
      "camera": "right_wrist_rgbd",
      "external_collision_detected": true
    }
  ],
  "parent_coverage_checks": [
    {
      "parent_collision_detected": true,
      "part": "housing"
    },
    {
      "parent_collision_detected": true,
      "part": "bracket"
    }
  ],
  "scope": "offline MoveIt FCL geometry; no trajectory execution",
  "states": [
    {
      "camera_contacts": [],
      "gripper_rad": 0.0,
      "other_contacts": [],
      "pose": "zero",
      "within_bounds": true
    },
    {
      "camera_contacts": [],
      "gripper_rad": 0.465,
      "other_contacts": [],
      "pose": "zero",
      "within_bounds": true
    },
    {
      "camera_contacts": [],
      "gripper_rad": 0.93,
      "other_contacts": [],
      "pose": "zero",
      "within_bounds": true
    },
    {
      "camera_contacts": [],
      "gripper_rad": 0.0,
      "other_contacts": [],
      "pose": "home",
      "within_bounds": true
    },
    {
      "camera_contacts": [],
      "gripper_rad": 0.465,
      "other_contacts": [],
      "pose": "home",
      "within_bounds": true
    },
    {
      "camera_contacts": [],
      "gripper_rad": 0.93,
      "other_contacts": [],
      "pose": "home",
      "within_bounds": true
    },
    {
      "camera_contacts": [],
      "gripper_rad": 0.0,
      "other_contacts": [],
      "pose": "ready_left",
      "within_bounds": true
    },
    {
      "camera_contacts": [],
      "gripper_rad": 0.465,
      "other_contacts": [],
      "pose": "ready_left",
      "within_bounds": true
    },
    {
      "camera_contacts": [],
      "gripper_rad": 0.93,
      "other_contacts": [],
      "pose": "ready_left",
      "within_bounds": true
    },
    {
      "camera_contacts": [],
      "gripper_rad": 0.0,
      "other_contacts": [],
      "pose": "ready_right",
      "within_bounds": true
    },
    {
      "camera_contacts": [],
      "gripper_rad": 0.465,
      "other_contacts": [],
      "pose": "ready_right",
      "within_bounds": true
    },
    {
      "camera_contacts": [],
      "gripper_rad": 0.93,
      "other_contacts": [],
      "pose": "ready_right",
      "within_bounds": true
    },
    {
      "camera_contacts": [],
      "gripper_rad": 0.0,
      "other_contacts": [],
      "pose": "ready_both",
      "within_bounds": true
    },
    {
      "camera_contacts": [],
      "gripper_rad": 0.465,
      "other_contacts": [],
      "pose": "ready_both",
      "within_bounds": true
    },
    {
      "camera_contacts": [],
      "gripper_rad": 0.93,
      "other_contacts": [],
      "pose": "ready_both",
      "within_bounds": true
    },
    {
      "camera_contacts": [],
      "gripper_rad": 0.0,
      "other_contacts": [],
      "pose": "transport_compact_right",
      "within_bounds": true
    },
    {
      "camera_contacts": [],
      "gripper_rad": 0.465,
      "other_contacts": [],
      "pose": "transport_compact_right",
      "within_bounds": true
    },
    {
      "camera_contacts": [],
      "gripper_rad": 0.93,
      "other_contacts": [],
      "pose": "transport_compact_right",
      "within_bounds": true
    },
    {
      "camera_contacts": [],
      "gripper_rad": 0.0,
      "other_contacts": [],
      "pose": "transport_compact_both",
      "within_bounds": true
    },
    {
      "camera_contacts": [],
      "gripper_rad": 0.465,
      "other_contacts": [],
      "pose": "transport_compact_both",
      "within_bounds": true
    },
    {
      "camera_contacts": [],
      "gripper_rad": 0.93,
      "other_contacts": [],
      "pose": "transport_compact_both",
      "within_bounds": true
    },
    {
      "camera_contacts": [],
      "gripper_rad": 0.0,
      "other_contacts": [],
      "pose": "torso_yaw_min",
      "within_bounds": true
    },
    {
      "camera_contacts": [],
      "gripper_rad": 0.465,
      "other_contacts": [],
      "pose": "torso_yaw_min",
      "within_bounds": true
    },
    {
      "camera_contacts": [],
      "gripper_rad": 0.93,
      "other_contacts": [],
      "pose": "torso_yaw_min",
      "within_bounds": true
    },
    {
      "camera_contacts": [],
      "gripper_rad": 0.0,
      "other_contacts": [],
      "pose": "torso_yaw_mid",
      "within_bounds": true
    },
    {
      "camera_contacts": [],
      "gripper_rad": 0.465,
      "other_contacts": [],
      "pose": "torso_yaw_mid",
      "within_bounds": true
    },
    {
      "camera_contacts": [],
      "gripper_rad": 0.93,
      "other_contacts": [],
      "pose": "torso_yaw_mid",
      "within_bounds": true
    },
    {
      "camera_contacts": [],
      "gripper_rad": 0.0,
      "other_contacts": [],
      "pose": "torso_yaw_max",
      "within_bounds": true
    },
    {
      "camera_contacts": [],
      "gripper_rad": 0.465,
      "other_contacts": [],
      "pose": "torso_yaw_max",
      "within_bounds": true
    },
    {
      "camera_contacts": [],
      "gripper_rad": 0.93,
      "other_contacts": [],
      "pose": "torso_yaw_max",
      "within_bounds": true
    }
  ]
}
