Traceback (most recent call last):
  File "/home/yjh/WorkSpace/astribot_sdk_ros2/tools/vision/verify_live_cloud_pairs.py", line 66, in <module>
    if __name__=='__main__':raise SystemExit(main())
  File "/home/yjh/WorkSpace/astribot_sdk_ros2/tools/vision/verify_live_cloud_pairs.py", line 44, in main
    while time.monotonic()-start<a.seconds:rclpy.spin_once(node,timeout_sec=.01)
  File "/opt/ros/humble/local/lib/python3.10/dist-packages/rclpy/__init__.py", line 208, in spin_once
    executor.spin_once(timeout_sec=timeout_sec)
  File "/opt/ros/humble/local/lib/python3.10/dist-packages/rclpy/executors.py", line 808, in spin_once
    self._spin_once_impl(timeout_sec)
  File "/opt/ros/humble/local/lib/python3.10/dist-packages/rclpy/executors.py", line 805, in _spin_once_impl
    raise handler.exception()
  File "/opt/ros/humble/local/lib/python3.10/dist-packages/rclpy/task.py", line 272, in _execute_coroutine_step
    result = coro.send(None)
  File "/opt/ros/humble/local/lib/python3.10/dist-packages/rclpy/executors.py", line 488, in handler
    await call_coroutine(entity, arg)
  File "/opt/ros/humble/local/lib/python3.10/dist-packages/rclpy/executors.py", line 407, in _execute_subscription
    await await_or_execute(sub.callback, msg)
  File "/opt/ros/humble/local/lib/python3.10/dist-packages/rclpy/executors.py", line 110, in await_or_execute
    return callback(*args)
  File "/home/yjh/WorkSpace/astribot_sdk_ros2/tools/vision/verify_live_cloud_pairs.py", line 30, in cb
    if kind=='cloud':clouds[camera].append((key,(node.get_clock().now().nanoseconds()-key[0])*1e-9))
TypeError: 'int' object is not callable
