{
  "camera_id": "torso_rgbd",
  "source_epoch": "gazebo_camera:6765663680898:3528311368",
  "calibration_revision": 2026092101,
  "camera_health_at_capture": {
    "header": {
      "stamp": {
        "sec": 57,
        "nanosec": 691000000
      },
      "frame_id": "astribot_s1/astribot_torso_link_4/torso_rgbd_sensor"
    },
    "camera_id": "torso_rgbd",
    "source_epoch": "gazebo_camera:6765663680898:3528311368",
    "frame_id": "astribot_s1/astribot_torso_link_4/torso_rgbd_sensor",
    "state": "OK",
    "reason_code": "CAMERA_READY",
    "age_sec": 0.09100000000000001,
    "frequency_hz": 10.0,
    "max_interval_sec": 0.1,
    "sync_skew_sec": 0.0,
    "drop_count": 0,
    "sequence": 1243,
    "calibration_revision": 2026092101,
    "capture_stamp": {
      "sec": 57,
      "nanosec": 600000000
    },
    "valid_until": {
      "sec": 57,
      "nanosec": 850000000
    },
    "valid": true
  },
  "camera_health_samples": 47,
  "capture_age_at_end_sec": 0.126,
  "schema_version": 1,
  "capture_stamp_ns": 57600000000,
  "source": "actual Gazebo rendered raw RGB-D",
  "finite_depth_pixels": 129228,
  "camera": "torso_rgbd",
  "frame": "astribot_s1/astribot_torso_link_4/torso_rgbd_sensor",
  "width": 640,
  "height": 360,
  "K": [
    345.69400008261766,
    0.0,
    320.0,
    0.0,
    345.6940000826176,
    180.0,
    0.0,
    0.0,
    1.0
  ],
  "D": [
    0.0,
    0.0,
    0.0,
    0.0,
    0.0
  ],
  "P": [
    345.69400008261766,
    0.0,
    320.0,
    0.0,
    0.0,
    345.6940000826176,
    180.0,
    0.0,
    0.0,
    0.0,
    1.0,
    0.0
  ],
  "R": [
    1.0,
    0.0,
    0.0,
    0.0,
    1.0,
    0.0,
    0.0,
    0.0,
    1.0
  ],
  "distortion_model": "plumb_bob",
  "encoding": {
    "rgb": "rgb8",
    "depth": "32FC1"
  },
  "exact_sync_stamps": {
    "rgb": 57600000000,
    "depth": 57600000000,
    "info": 57600000000
  },
  "base_from_camera": {
    "parent": "astribot_torso_base",
    "child": "astribot_s1/astribot_torso_link_4/torso_rgbd_sensor",
    "stamp_ns": 57600000000,
    "translation": [
      0.10439282836474006,
      -5.7340350884116376e-08,
      1.0099999999949645
    ],
    "quaternion_xyzw": [
      -0.49999999999430755,
      0.5000000000010536,
      -0.4999981633930217,
      0.5000018366048712
    ]
  },
  "odom_from_camera": {
    "parent": "odom",
    "child": "astribot_s1/astribot_torso_link_4/torso_rgbd_sensor",
    "stamp_ns": 57600000000,
    "translation": [
      0.10439259795119388,
      -1.3828313938390806e-06,
      1.1392238517677498
    ],
    "quaternion_xyzw": [
      -0.5000050048789252,
      0.4999950784210516,
      -0.4999930989696021,
      0.500006817587047
    ]
  },
  "target_mask_pixels": 0,
  "scene_points": 0,
  "segmentation": "HSV magenta color + finite rendered depth; validation fixture; not YOLO",
  "normal_method": "organized depth central differences; toward camera; depth-edge rejection",
  "truth_used_for_segmentation_or_projection": false,
  "stream_counts": {
    "rgb": 47,
    "depth": 47,
    "info": 46
  },
  "stream_sim_hz": {
    "rgb": 10.0,
    "depth": 10.0,
    "info": 10.0
  },
  "clock": {
    "count": 4618,
    "first_ns": 53109000000,
    "last_ns": 57726000000
  },
  "wall_observation_seconds": 5.048944762999781
}
