[INFO] [1790001662.552839012] [voxel_contract_0]: 
	voxel_contract_0 lifecycle node launched. 
	Waiting on external lifecycle transitions to activate
	See https://design.ros2.org/articles/node_lifecycle.html for more information.
[INFO] [1790001662.553004091] [voxel_contract_0]: Subscribed to Topics: 
[INFO] [1790001662.553965658] [voxel_contract_0]: Destroying
[INFO] [1790001662.557281275] [voxel_contract_1]: 
	voxel_contract_1 lifecycle node launched. 
	Waiting on external lifecycle transitions to activate
	See https://design.ros2.org/articles/node_lifecycle.html for more information.
[INFO] [1790001662.557324741] [voxel_contract_1]: Subscribed to Topics: 
[INFO] [1790001662.557603976] [voxel_contract_1]: Destroying
[INFO] [1790001662.561335094] [voxel_contract_2]: 
	voxel_contract_2 lifecycle node launched. 
	Waiting on external lifecycle transitions to activate
	See https://design.ros2.org/articles/node_lifecycle.html for more information.
[INFO] [1790001662.561373855] [voxel_contract_2]: Subscribed to Topics: 
[INFO] [1790001662.561637284] [voxel_contract_2]: Destroying
[INFO] [1790001662.564245413] [voxel_contract_3]: 
	voxel_contract_3 lifecycle node launched. 
	Waiting on external lifecycle transitions to activate
	See https://design.ros2.org/articles/node_lifecycle.html for more information.
[INFO] [1790001662.564287555] [voxel_contract_3]: Subscribed to Topics: 
[INFO] [1790001662.564546527] [voxel_contract_3]: Destroying
Voxel contracts PASS; report=docs/evidence/task_chain_20260921/voxel_green.json
