[INFO] [1790001583.143296186] [voxel_contract_0]: 
	voxel_contract_0 lifecycle node launched. 
	Waiting on external lifecycle transitions to activate
	See https://design.ros2.org/articles/node_lifecycle.html for more information.
[INFO] [1790001583.144746665] [voxel_contract_0]: Subscribed to Topics: 
[INFO] [1790001583.145790065] [voxel_grid]: Error, this implementation can only support up to 16 z values (32)
[INFO] [1790001583.146064106] [voxel_contract_0]: Destroying
[INFO] [1790001583.149399690] [voxel_contract_1]: 
	voxel_contract_1 lifecycle node launched. 
	Waiting on external lifecycle transitions to activate
	See https://design.ros2.org/articles/node_lifecycle.html for more information.
[INFO] [1790001583.149446488] [voxel_contract_1]: Subscribed to Topics: 
[INFO] [1790001583.149513417] [voxel_grid]: Error, this implementation can only support up to 16 z values (32)
[INFO] [1790001583.149711881] [voxel_contract_1]: Destroying
[INFO] [1790001583.153775092] [voxel_contract_2]: 
	voxel_contract_2 lifecycle node launched. 
	Waiting on external lifecycle transitions to activate
	See https://design.ros2.org/articles/node_lifecycle.html for more information.
[INFO] [1790001583.153839376] [voxel_contract_2]: Subscribed to Topics: 
[INFO] [1790001583.153913205] [voxel_grid]: Error, this implementation can only support up to 16 z values (32)
[INFO] [1790001583.154124050] [voxel_contract_2]: Destroying
[INFO] [1790001583.157177145] [voxel_contract_3]: 
	voxel_contract_3 lifecycle node launched. 
	Waiting on external lifecycle transitions to activate
	See https://design.ros2.org/articles/node_lifecycle.html for more information.
[INFO] [1790001583.157226904] [voxel_contract_3]: Subscribed to Topics: 
[INFO] [1790001583.157286579] [voxel_grid]: Error, this implementation can only support up to 16 z values (32)
[INFO] [1790001583.157484663] [voxel_contract_3]: Destroying
Voxel contracts FAIL; report=docs/evidence/task_chain_20260921/voxel_red.json
