/home/yjh/WorkSpace/astribot_sdk_ros2/runs/task_chain_20260921/dataset/yawed
{
  "camera_id": "torso_rgbd",
  "source_epoch": "gazebo_camera:6765663680898:3528311368",
  "calibration_revision": 2026092101,
  "camera_health_at_capture": {
    "header": {
      "stamp": {
        "sec": 251,
        "nanosec": 625000000
      },
      "frame_id": "astribot_s1/astribot_torso_link_4/torso_rgbd_sensor"
    },
    "camera_id": "torso_rgbd",
    "source_epoch": "gazebo_camera:6765663680898:3528311368",
    "frame_id": "astribot_s1/astribot_torso_link_4/torso_rgbd_sensor",
    "state": "OK",
    "reason_code": "CAMERA_READY",
    "age_sec": 0.125,
    "frequency_hz": 10.0,
    "max_interval_sec": 0.1,
    "sync_skew_sec": 0.0,
    "drop_count": 0,
    "sequence": 5134,
    "calibration_revision": 2026092101,
    "capture_stamp": {
      "sec": 251,
      "nanosec": 500000000
    },
    "valid_until": {
      "sec": 251,
      "nanosec": 750000000
    },
    "valid": true
  },
  "camera_health_samples": 51,
  "capture_age_at_end_sec": 0.133,
  "schema_version": 1,
  "capture_stamp_ns": 251500000000,
  "source": "actual Gazebo rendered raw RGB-D",
  "finite_depth_pixels": 131306,
  "camera": "torso_rgbd",
  "frame": "astribot_s1/astribot_torso_link_4/torso_rgbd_sensor",
  "width": 640,
  "height": 360,
  "K": [
    345.69400008261766,
    0.0,
    320.0,
    0.0,
    345.6940000826176,
    180.0,
    0.0,
    0.0,
    1.0
  ],
  "D": [
    0.0,
    0.0,
    0.0,
    0.0,
    0.0
  ],
  "P": [
    345.69400008261766,
    0.0,
    320.0,
    0.0,
    0.0,
    345.6940000826176,
    180.0,
    0.0,
    0.0,
    0.0,
    1.0,
    0.0
  ],
  "R": [
    1.0,
    0.0,
    0.0,
    0.0,
    1.0,
    0.0,
    0.0,
    0.0,
    1.0
  ],
  "distortion_model": "plumb_bob",
  "encoding": {
    "rgb": "rgb8",
    "depth": "32FC1"
  },
  "exact_sync_stamps": {
    "rgb": 251500000000,
    "depth": 251500000000,
    "info": 251500000000
  },
  "base_from_camera": {
    "parent": "astribot_torso_base",
    "child": "astribot_s1/astribot_torso_link_4/torso_rgbd_sensor",
    "stamp_ns": 251500000000,
    "translation": [
      0.10439282836474006,
      -5.7340350884116376e-08,
      1.0099999999949645
    ],
    "quaternion_xyzw": [
      -0.49999999999430755,
      0.5000000000010536,
      -0.4999981633930217,
      0.5000018366048712
    ]
  },
  "odom_from_camera": {
    "parent": "odom",
    "child": "astribot_s1/astribot_torso_link_4/torso_rgbd_sensor",
    "stamp_ns": 251500000000,
    "translation": [
      0.1040514792510859,
      -4.655009893748622e-06,
      1.1392240361905104
    ],
    "quaternion_xyzw": [
      -0.5000045497875488,
      0.49999641161130487,
      -0.4999935535832856,
      0.5000054849126433
    ]
  },
  "target_mask_pixels": 4285,
  "scene_points": 4237,
  "segmentation": "HSV magenta color + finite rendered depth; validation fixture; not YOLO",
  "normal_method": "organized depth central differences; toward camera; depth-edge rejection",
  "truth_used_for_segmentation_or_projection": false,
  "stream_counts": {
    "rgb": 50,
    "depth": 50,
    "info": 51
  },
  "stream_sim_hz": {
    "rgb": 10.0,
    "depth": 10.0,
    "info": 10.0
  },
  "clock": {
    "count": 5002,
    "first_ns": 246632000000,
    "last_ns": 251633000000
  },
  "wall_observation_seconds": 5.041202204000001
}
{"world_odom_anchor_translation_discrepancy_m": 2.43866582318154e-16, "world_odom_anchor_rotation_discrepancy_deg": 9.200405303020686e-15, "truth_minus_capture_sec": 0.415}
