[ 28%] Built target gtest_main
[ 28%] Building CXX object CMakeFiles/fixed_station_navigation.dir/src/fixed_station_navigation.cpp.o
[ 57%] Built target gtest
[ 71%] Linking CXX shared library libfixed_station_navigation.so
[ 71%] Built target fixed_station_navigation
[ 85%] Building CXX object CMakeFiles/fixed_station_navigation_test.dir/test/fixed_station_navigation_test.cpp.o
[100%] Linking CXX executable fixed_station_navigation_test
[100%] Built target fixed_station_navigation_test
Consolidate compiler generated dependencies of target fixed_station_navigation
[  4%] Built target astribot_s1_transport_native__cpp
[  8%] Built target fixed_station_navigation
[ 16%] Built target trajectory_scene_binding
[ 37%] Built target arm_hold_core
[ 41%] Built target payload_scene
[ 66%] Built target astribot_s1_transport_native__rosidl_typesupport_cpp
[ 75%] Built target payload_client
[ 83%] Built target fixed_station_scene
[ 91%] Built target payload_frames
Consolidate compiler generated dependencies of target trajectory_executor
[ 95%] Linking CXX executable trajectory_executor
[100%] Built target trajectory_executor
