	linux-vdso.so.1 (0x00007ffdcaff9000)
	libeagleaudithook.so => /usr/lib/x86_64-linux-gnu/eagleaudit/libeagleaudithook.so (0x0000739501000000)
	libpayload_client.so => /home/yjh/WorkSpace/astribot_sdk_ros2/runs/mainline_20260924/transfer_event_command_1814/native_install/lib/libpayload_client.so (0x0000739501709000)
	libpayload_frames.so => /home/yjh/WorkSpace/astribot_sdk_ros2/runs/mainline_20260924/transfer_event_command_1814/native_install/lib/libpayload_frames.so (0x00007395016ff000)
	libpayload_scene.so => /home/yjh/WorkSpace/astribot_sdk_ros2/runs/mainline_20260924/transfer_event_command_1814/native_install/lib/libpayload_scene.so (0x00007395013c1000)
	libfixed_station_scene.so => /home/yjh/WorkSpace/astribot_sdk_ros2/runs/mainline_20260924/transfer_event_command_1814/native_install/lib/libfixed_station_scene.so (0x0000739501383000)
	libfixed_station_navigation.so => /home/yjh/WorkSpace/astribot_sdk_ros2/runs/mainline_20260924/transfer_event_command_1814/native_install/lib/libfixed_station_navigation.so (0x0000739500e06000)
	libastribot_s1_transport_native__rosidl_typesupport_cpp.so => /home/yjh/WorkSpace/astribot_sdk_ros2/runs/mainline_20260924/transfer_event_command_1814/native_install/lib/libastribot_s1_transport_native__rosidl_typesupport_cpp.so (0x00007395016ed000)
	libcontrol_msgs__rosidl_typesupport_cpp.so => /opt/ros/humble/lib/libcontrol_msgs__rosidl_typesupport_cpp.so (0x0000739501368000)
	libarm_hold_core.so => /home/yjh/WorkSpace/astribot_sdk_ros2/runs/mainline_20260924/transfer_event_command_1814/native_install/lib/libarm_hold_core.so (0x0000739501311000)
	libcontroller_manager_msgs__rosidl_typesupport_cpp.so => /opt/ros/humble/lib/libcontroller_manager_msgs__rosidl_typesupport_cpp.so (0x0000739501304000)
	libastribot_transport_msgs__rosidl_typesupport_cpp.so => /home/yjh/WorkSpace/astribot_sdk_ros2/runs/mainline_20260924/payload_transition/install/astribot_transport_msgs/lib/libastribot_transport_msgs__rosidl_typesupport_cpp.so (0x00007395012f9000)
	libignition-transport11.so.11 => /lib/x86_64-linux-gnu/libignition-transport11.so.11 (0x0000739501250000)
	libignition-msgs8.so.8 => /lib/x86_64-linux-gnu/libignition-msgs8.so.8 (0x0000739500a00000)
	libprotobuf.so.23 => /lib/x86_64-linux-gnu/libprotobuf.so.23 (0x0000739500600000)
	liburdfdom_world.so.3.0 => /opt/ros/humble/lib/x86_64-linux-gnu/liburdfdom_world.so.3.0 (0x0000739501234000)
	libastribot_payload_msgs__rosidl_typesupport_cpp.so => /home/yjh/WorkSpace/astribot_validation/unified_navigation_resume_20260921_01/I0_2_20260923_065115/install/astribot_payload_msgs/lib/libastribot_payload_msgs__rosidl_typesupport_cpp.so (0x00007395016e6000)
	libtf2_ros.so => /opt/ros/humble/lib/libtf2_ros.so (0x0000739500968000)
	librclcpp_action.so => /opt/ros/humble/lib/librclcpp_action.so (0x0000739501211000)
	librcl_action.so => /opt/ros/humble/lib/librcl_action.so (0x0000739500df3000)
	librclcpp.so => /opt/ros/humble/lib/librclcpp.so (0x000073950040a000)
	liblibstatistics_collector.so => /opt/ros/humble/lib/liblibstatistics_collector.so (0x0000739500dec000)
	librcl.so => /opt/ros/humble/lib/librcl.so (0x0000739500dae000)
	libstatistics_msgs__rosidl_typesupport_cpp.so => /opt/ros/humble/lib/libstatistics_msgs__rosidl_typesupport_cpp.so (0x000073950120c000)
	libtracetools.so => /opt/ros/humble/lib/libtracetools.so (0x0000739500da7000)
	libtf2_msgs__rosidl_typesupport_cpp.so => /opt/ros/humble/lib/libtf2_msgs__rosidl_typesupport_cpp.so (0x0000739500d9f000)
	libtf2.so => /opt/ros/humble/lib/libtf2.so (0x0000739500946000)
	libmoveit_msgs__rosidl_typesupport_cpp.so => /opt/ros/humble/lib/libmoveit_msgs__rosidl_typesupport_cpp.so (0x000073950090e000)
	libastribot_navigation_msgs__rosidl_typesupport_cpp.so => /home/yjh/WorkSpace/astribot_validation/unified_navigation_resume_20260921_01/I0_2_20260923_065115/install/astribot_navigation_msgs/lib/libastribot_navigation_msgs__rosidl_typesupport_cpp.so (0x0000739500901000)
	libnav_msgs__rosidl_typesupport_cpp.so => /opt/ros/humble/lib/libnav_msgs__rosidl_typesupport_cpp.so (0x0000739500d95000)
	librmw.so => /opt/ros/humble/lib/librmw.so (0x00007395008f5000)
	libsensor_msgs__rosidl_typesupport_cpp.so => /opt/ros/humble/lib/libsensor_msgs__rosidl_typesupport_cpp.so (0x00007395008ea000)
	libstd_msgs__rosidl_typesupport_cpp.so => /opt/ros/humble/lib/libstd_msgs__rosidl_typesupport_cpp.so (0x00007395008df000)
	librcutils.so => /opt/ros/humble/lib/librcutils.so (0x00007395008c7000)
	libstdc++.so.6 => /lib/x86_64-linux-gnu/libstdc++.so.6 (0x0000739500000000)
	libm.so.6 => /lib/x86_64-linux-gnu/libm.so.6 (0x0000739500323000)
	libgcc_s.so.1 => /lib/x86_64-linux-gnu/libgcc_s.so.1 (0x0000739500303000)
	libc.so.6 => /lib/x86_64-linux-gnu/libc.so.6 (0x00007394ffc00000)
	libdl.so.2 => /lib/x86_64-linux-gnu/libdl.so.2 (0x00007395002fe000)
	libpthread.so.0 => /lib/x86_64-linux-gnu/libpthread.so.0 (0x00007395002f9000)
	/lib64/ld-linux-x86-64.so.2 (0x0000739501762000)
	liburdfdom_model.so.3.0 => /opt/ros/humble/lib/x86_64-linux-gnu/liburdfdom_model.so.3.0 (0x00007395002dd000)
	libtransport_scene_signature.so => /home/yjh/WorkSpace/astribot_sdk_ros2/runs/mainline_20260924/transfer_resume_1528/mtc_install/lib/libtransport_scene_signature.so (0x00007395002bf000)
	libcrypto.so.3 => /lib/x86_64-linux-gnu/libcrypto.so.3 (0x00007394ff600000)
	libnav2_msgs__rosidl_typesupport_cpp.so => /opt/ros/humble/lib/libnav2_msgs__rosidl_typesupport_cpp.so (0x0000739500286000)
	libgeometry_msgs__rosidl_typesupport_cpp.so => /opt/ros/humble/lib/libgeometry_msgs__rosidl_typesupport_cpp.so (0x000073950027a000)
	liborocos-kdl.so.1.5 => /lib/x86_64-linux-gnu/liborocos-kdl.so.1.5 (0x00007394fff44000)
	libaction_msgs__rosidl_typesupport_cpp.so => /opt/ros/humble/lib/libaction_msgs__rosidl_typesupport_cpp.so (0x0000739500272000)
	librosidl_typesupport_cpp.so => /opt/ros/humble/lib/librosidl_typesupport_cpp.so (0x000073950026c000)
	libzmq.so.5 => /lib/x86_64-linux-gnu/libzmq.so.5 (0x00007394ffea8000)
	libuuid.so.1 => /lib/x86_64-linux-gnu/libuuid.so.1 (0x0000739500263000)
	libignition-math6.so.6 => /lib/x86_64-linux-gnu/libignition-math6.so.6 (0x00007394ffe55000)
	libtinyxml2.so.9 => /lib/x86_64-linux-gnu/libtinyxml2.so.9 (0x0000739500249000)
	libz.so.1 => /lib/x86_64-linux-gnu/libz.so.1 (0x000073950022d000)
	libconsole_bridge.so.1.0 => /lib/x86_64-linux-gnu/libconsole_bridge.so.1.0 (0x00007394ffe4f000)
	libtinyxml.so.2.6.2 => /lib/x86_64-linux-gnu/libtinyxml.so.2.6.2 (0x00007394ffe38000)
	librcl_yaml_param_parser.so => /opt/ros/humble/lib/librcl_yaml_param_parser.so (0x00007394ffe2c000)
	librosgraph_msgs__rosidl_typesupport_cpp.so => /opt/ros/humble/lib/librosgraph_msgs__rosidl_typesupport_cpp.so (0x00007394ffbfa000)
	librmw_implementation.so => /opt/ros/humble/lib/librmw_implementation.so (0x00007394ffbed000)
	libament_index_cpp.so => /opt/ros/humble/lib/libament_index_cpp.so (0x00007394ffbe2000)
	librcl_logging_interface.so => /opt/ros/humble/lib/librcl_logging_interface.so (0x00007394ffbdd000)
	librcl_interfaces__rosidl_typesupport_cpp.so => /opt/ros/humble/lib/librcl_interfaces__rosidl_typesupport_cpp.so (0x00007394ffbd2000)
	librcpputils.so => /opt/ros/humble/lib/librcpputils.so (0x00007394ffbc4000)
	librcl_logging_spdlog.so => /opt/ros/humble/lib/librcl_logging_spdlog.so (0x00007394ffbba000)
	librcl_interfaces__rosidl_typesupport_c.so => /opt/ros/humble/lib/librcl_interfaces__rosidl_typesupport_c.so (0x00007394ffbb1000)
	librcl_interfaces__rosidl_generator_c.so => /opt/ros/humble/lib/librcl_interfaces__rosidl_generator_c.so (0x00007394ffb95000)
	librosidl_runtime_c.so => /opt/ros/humble/lib/librosidl_runtime_c.so (0x00007394ffb8a000)
	liboctomap.so.1.9 => /opt/ros/humble/lib/x86_64-linux-gnu/liboctomap.so.1.9 (0x00007394ffb4c000)
	liboctomath.so.1.9 => /opt/ros/humble/lib/x86_64-linux-gnu/liboctomath.so.1.9 (0x00007394ffb44000)
	libbsd.so.0 => /lib/x86_64-linux-gnu/libbsd.so.0 (0x00007394ffb2c000)
	libsodium.so.23 => /lib/x86_64-linux-gnu/libsodium.so.23 (0x00007394ffad5000)
	libpgm-5.3.so.0 => /lib/x86_64-linux-gnu/libpgm-5.3.so.0 (0x00007394ffa84000)
	libnorm.so.1 => /lib/x86_64-linux-gnu/libnorm.so.1 (0x00007394ff4d5000)
	libgssapi_krb5.so.2 => /lib/x86_64-linux-gnu/libgssapi_krb5.so.2 (0x00007394ff481000)
	libyaml.so => /opt/ros/humble/lib/libyaml.so (0x00007394ffa60000)
	libspdlog.so.1 => /lib/x86_64-linux-gnu/libspdlog.so.1 (0x00007394ff406000)
	librosidl_typesupport_c.so => /opt/ros/humble/lib/librosidl_typesupport_c.so (0x00007394ffa5a000)
	libbuiltin_interfaces__rosidl_generator_c.so => /opt/ros/humble/lib/libbuiltin_interfaces__rosidl_generator_c.so (0x00007394ffa53000)
	libmd.so.0 => /lib/x86_64-linux-gnu/libmd.so.0 (0x00007394ffa46000)
	libkrb5.so.3 => /lib/x86_64-linux-gnu/libkrb5.so.3 (0x00007394ff33b000)
	libk5crypto.so.3 => /lib/x86_64-linux-gnu/libk5crypto.so.3 (0x00007394ff30c000)
	libcom_err.so.2 => /lib/x86_64-linux-gnu/libcom_err.so.2 (0x00007394ff306000)
	libkrb5support.so.0 => /lib/x86_64-linux-gnu/libkrb5support.so.0 (0x00007394ff2f8000)
	libfmt.so.8 => /lib/x86_64-linux-gnu/libfmt.so.8 (0x00007394ff2d7000)
	libkeyutils.so.1 => /lib/x86_64-linux-gnu/libkeyutils.so.1 (0x00007394ff2d0000)
	libresolv.so.2 => /lib/x86_64-linux-gnu/libresolv.so.2 (0x00007394ff2bd000)
