-- Install configuration: "Release"
-- Installing: /home/yjh/WorkSpace/astribot_sdk_ros2/runs/mainline_20260924/transfer_event_command_1814/native_install/share/ament_index/resource_index/rosidl_interfaces/astribot_s1_transport_native
-- Installing: /home/yjh/WorkSpace/astribot_sdk_ros2/runs/mainline_20260924/transfer_event_command_1814/native_install/include/astribot_s1_transport_native/astribot_s1_transport_native
-- Installing: /home/yjh/WorkSpace/astribot_sdk_ros2/runs/mainline_20260924/transfer_event_command_1814/native_install/include/astribot_s1_transport_native/astribot_s1_transport_native/action
-- Installing: /home/yjh/WorkSpace/astribot_sdk_ros2/runs/mainline_20260924/transfer_event_command_1814/native_install/include/astribot_s1_transport_native/astribot_s1_transport_native/action/hold_resources.h
-- Installing: /home/yjh/WorkSpace/astribot_sdk_ros2/runs/mainline_20260924/transfer_event_command_1814/native_install/include/astribot_s1_transport_native/astribot_s1_transport_native/action/manipulation_to_hold.h
-- Installing: /home/yjh/WorkSpace/astribot_sdk_ros2/runs/mainline_20260924/transfer_event_command_1814/native_install/include/astribot_s1_transport_native/astribot_s1_transport_native/action/detail
-- Installing: /home/yjh/WorkSpace/astribot_sdk_ros2/runs/mainline_20260924/transfer_event_command_1814/native_install/include/astribot_s1_transport_native/astribot_s1_transport_native/action/detail/fixed_station_transfer__functions.h
-- Installing: /home/yjh/WorkSpace/astribot_sdk_ros2/runs/mainline_20260924/transfer_event_command_1814/native_install/include/astribot_s1_transport_native/astribot_s1_transport_native/action/detail/plan_to_hold__functions.c
-- Installing: /home/yjh/WorkSpace/astribot_sdk_ros2/runs/mainline_20260924/transfer_event_command_1814/native_install/include/astribot_s1_transport_native/astribot_s1_transport_native/action/detail/plan_to_hold__functions.h
-- Installing: /home/yjh/WorkSpace/astribot_sdk_ros2/runs/mainline_20260924/transfer_event_command_1814/native_install/include/astribot_s1_transport_native/astribot_s1_transport_native/action/detail/hold_resources__functions.c
-- Installing: /home/yjh/WorkSpace/astribot_sdk_ros2/runs/mainline_20260924/transfer_event_command_1814/native_install/include/astribot_s1_transport_native/astribot_s1_transport_native/action/detail/manipulation_to_hold__struct.h
-- Installing: /home/yjh/WorkSpace/astribot_sdk_ros2/runs/mainline_20260924/transfer_event_command_1814/native_install/include/astribot_s1_transport_native/astribot_s1_transport_native/action/detail/plan_to_hold__type_support.h
-- Installing: /home/yjh/WorkSpace/astribot_sdk_ros2/runs/mainline_20260924/transfer_event_command_1814/native_install/include/astribot_s1_transport_native/astribot_s1_transport_native/action/detail/hold_resources__struct.h
-- Installing: /home/yjh/WorkSpace/astribot_sdk_ros2/runs/mainline_20260924/transfer_event_command_1814/native_install/include/astribot_s1_transport_native/astribot_s1_transport_native/action/detail/fixed_station_transfer__type_support.h
-- Installing: /home/yjh/WorkSpace/astribot_sdk_ros2/runs/mainline_20260924/transfer_event_command_1814/native_install/include/astribot_s1_transport_native/astribot_s1_transport_native/action/detail/fixed_station_transfer__struct.h
-- Installing: /home/yjh/WorkSpace/astribot_sdk_ros2/runs/mainline_20260924/transfer_event_command_1814/native_install/include/astribot_s1_transport_native/astribot_s1_transport_native/action/detail/manipulation_to_hold__type_support.h
-- Installing: /home/yjh/WorkSpace/astribot_sdk_ros2/runs/mainline_20260924/transfer_event_command_1814/native_install/include/astribot_s1_transport_native/astribot_s1_transport_native/action/detail/hold_resources__functions.h
-- Installing: /home/yjh/WorkSpace/astribot_sdk_ros2/runs/mainline_20260924/transfer_event_command_1814/native_install/include/astribot_s1_transport_native/astribot_s1_transport_native/action/detail/fixed_station_transfer__functions.c
-- Installing: /home/yjh/WorkSpace/astribot_sdk_ros2/runs/mainline_20260924/transfer_event_command_1814/native_install/include/astribot_s1_transport_native/astribot_s1_transport_native/action/detail/manipulation_to_hold__functions.c
-- Installing: /home/yjh/WorkSpace/astribot_sdk_ros2/runs/mainline_20260924/transfer_event_command_1814/native_install/include/astribot_s1_transport_native/astribot_s1_transport_native/action/detail/plan_to_hold__struct.h
-- Installing: /home/yjh/WorkSpace/astribot_sdk_ros2/runs/mainline_20260924/transfer_event_command_1814/native_install/include/astribot_s1_transport_native/astribot_s1_transport_native/action/detail/manipulation_to_hold__functions.h
-- Installing: /home/yjh/WorkSpace/astribot_sdk_ros2/runs/mainline_20260924/transfer_event_command_1814/native_install/include/astribot_s1_transport_native/astribot_s1_transport_native/action/detail/hold_resources__type_support.h
-- Installing: /home/yjh/WorkSpace/astribot_sdk_ros2/runs/mainline_20260924/transfer_event_command_1814/native_install/include/astribot_s1_transport_native/astribot_s1_transport_native/action/fixed_station_transfer.h
-- Installing: /home/yjh/WorkSpace/astribot_sdk_ros2/runs/mainline_20260924/transfer_event_command_1814/native_install/include/astribot_s1_transport_native/astribot_s1_transport_native/action/plan_to_hold.h
-- Installing: /home/yjh/WorkSpace/astribot_sdk_ros2/runs/mainline_20260924/transfer_event_command_1814/native_install/include/astribot_s1_transport_native/astribot_s1_transport_native/msg
-- Installing: /home/yjh/WorkSpace/astribot_sdk_ros2/runs/mainline_20260924/transfer_event_command_1814/native_install/include/astribot_s1_transport_native/astribot_s1_transport_native/msg/rosidl_generator_c__visibility_control.h
-- Installing: /home/yjh/WorkSpace/astribot_sdk_ros2/runs/mainline_20260924/transfer_event_command_1814/native_install/include/astribot_s1_transport_native/astribot_s1_transport_native/srv
-- Installing: /home/yjh/WorkSpace/astribot_sdk_ros2/runs/mainline_20260924/transfer_event_command_1814/native_install/include/astribot_s1_transport_native/astribot_s1_transport_native/srv/detail
-- Installing: /home/yjh/WorkSpace/astribot_sdk_ros2/runs/mainline_20260924/transfer_event_command_1814/native_install/include/astribot_s1_transport_native/astribot_s1_transport_native/srv/detail/renew_hold__functions.c
-- Installing: /home/yjh/WorkSpace/astribot_sdk_ros2/runs/mainline_20260924/transfer_event_command_1814/native_install/include/astribot_s1_transport_native/astribot_s1_transport_native/srv/detail/renew_hold__functions.h
-- Installing: /home/yjh/WorkSpace/astribot_sdk_ros2/runs/mainline_20260924/transfer_event_command_1814/native_install/include/astribot_s1_transport_native/astribot_s1_transport_native/srv/detail/renew_hold__struct.h
-- Installing: /home/yjh/WorkSpace/astribot_sdk_ros2/runs/mainline_20260924/transfer_event_command_1814/native_install/include/astribot_s1_transport_native/astribot_s1_transport_native/srv/detail/renew_hold__type_support.h
-- Installing: /home/yjh/WorkSpace/astribot_sdk_ros2/runs/mainline_20260924/transfer_event_command_1814/native_install/include/astribot_s1_transport_native/astribot_s1_transport_native/srv/renew_hold.h
-- Installing: /home/yjh/WorkSpace/astribot_sdk_ros2/runs/mainline_20260924/transfer_event_command_1814/native_install/share/astribot_s1_transport_native/environment/library_path.sh
-- Installing: /home/yjh/WorkSpace/astribot_sdk_ros2/runs/mainline_20260924/transfer_event_command_1814/native_install/share/astribot_s1_transport_native/environment/library_path.dsv
-- Installing: /home/yjh/WorkSpace/astribot_sdk_ros2/runs/mainline_20260924/transfer_event_command_1814/native_install/lib/libastribot_s1_transport_native__rosidl_generator_c.so
-- Set runtime path of "/home/yjh/WorkSpace/astribot_sdk_ros2/runs/mainline_20260924/transfer_event_command_1814/native_install/lib/libastribot_s1_transport_native__rosidl_generator_c.so" to ""
-- Up-to-date: /home/yjh/WorkSpace/astribot_sdk_ros2/runs/mainline_20260924/transfer_event_command_1814/native_install/include/astribot_s1_transport_native/astribot_s1_transport_native
-- Up-to-date: /home/yjh/WorkSpace/astribot_sdk_ros2/runs/mainline_20260924/transfer_event_command_1814/native_install/include/astribot_s1_transport_native/astribot_s1_transport_native/action
-- Up-to-date: /home/yjh/WorkSpace/astribot_sdk_ros2/runs/mainline_20260924/transfer_event_command_1814/native_install/include/astribot_s1_transport_native/astribot_s1_transport_native/action/detail
-- Installing: /home/yjh/WorkSpace/astribot_sdk_ros2/runs/mainline_20260924/transfer_event_command_1814/native_install/include/astribot_s1_transport_native/astribot_s1_transport_native/action/detail/fixed_station_transfer__rosidl_typesupport_fastrtps_c.h
-- Installing: /home/yjh/WorkSpace/astribot_sdk_ros2/runs/mainline_20260924/transfer_event_command_1814/native_install/include/astribot_s1_transport_native/astribot_s1_transport_native/action/detail/manipulation_to_hold__rosidl_typesupport_fastrtps_c.h
-- Installing: /home/yjh/WorkSpace/astribot_sdk_ros2/runs/mainline_20260924/transfer_event_command_1814/native_install/include/astribot_s1_transport_native/astribot_s1_transport_native/action/detail/plan_to_hold__rosidl_typesupport_fastrtps_c.h
-- Installing: /home/yjh/WorkSpace/astribot_sdk_ros2/runs/mainline_20260924/transfer_event_command_1814/native_install/include/astribot_s1_transport_native/astribot_s1_transport_native/action/detail/hold_resources__rosidl_typesupport_fastrtps_c.h
-- Up-to-date: /home/yjh/WorkSpace/astribot_sdk_ros2/runs/mainline_20260924/transfer_event_command_1814/native_install/include/astribot_s1_transport_native/astribot_s1_transport_native/msg
-- Installing: /home/yjh/WorkSpace/astribot_sdk_ros2/runs/mainline_20260924/transfer_event_command_1814/native_install/include/astribot_s1_transport_native/astribot_s1_transport_native/msg/rosidl_typesupport_fastrtps_c__visibility_control.h
-- Up-to-date: /home/yjh/WorkSpace/astribot_sdk_ros2/runs/mainline_20260924/transfer_event_command_1814/native_install/include/astribot_s1_transport_native/astribot_s1_transport_native/srv
-- Up-to-date: /home/yjh/WorkSpace/astribot_sdk_ros2/runs/mainline_20260924/transfer_event_command_1814/native_install/include/astribot_s1_transport_native/astribot_s1_transport_native/srv/detail
-- Installing: /home/yjh/WorkSpace/astribot_sdk_ros2/runs/mainline_20260924/transfer_event_command_1814/native_install/include/astribot_s1_transport_native/astribot_s1_transport_native/srv/detail/renew_hold__rosidl_typesupport_fastrtps_c.h
-- Installing: /home/yjh/WorkSpace/astribot_sdk_ros2/runs/mainline_20260924/transfer_event_command_1814/native_install/lib/libastribot_s1_transport_native__rosidl_typesupport_fastrtps_c.so
-- Set runtime path of "/home/yjh/WorkSpace/astribot_sdk_ros2/runs/mainline_20260924/transfer_event_command_1814/native_install/lib/libastribot_s1_transport_native__rosidl_typesupport_fastrtps_c.so" to ""
-- Up-to-date: /home/yjh/WorkSpace/astribot_sdk_ros2/runs/mainline_20260924/transfer_event_command_1814/native_install/include/astribot_s1_transport_native/astribot_s1_transport_native
-- Up-to-date: /home/yjh/WorkSpace/astribot_sdk_ros2/runs/mainline_20260924/transfer_event_command_1814/native_install/include/astribot_s1_transport_native/astribot_s1_transport_native/action
-- Installing: /home/yjh/WorkSpace/astribot_sdk_ros2/runs/mainline_20260924/transfer_event_command_1814/native_install/include/astribot_s1_transport_native/astribot_s1_transport_native/action/fixed_station_transfer.hpp
-- Installing: /home/yjh/WorkSpace/astribot_sdk_ros2/runs/mainline_20260924/transfer_event_command_1814/native_install/include/astribot_s1_transport_native/astribot_s1_transport_native/action/hold_resources.hpp
-- Up-to-date: /home/yjh/WorkSpace/astribot_sdk_ros2/runs/mainline_20260924/transfer_event_command_1814/native_install/include/astribot_s1_transport_native/astribot_s1_transport_native/action/detail
-- Installing: /home/yjh/WorkSpace/astribot_sdk_ros2/runs/mainline_20260924/transfer_event_command_1814/native_install/include/astribot_s1_transport_native/astribot_s1_transport_native/action/detail/fixed_station_transfer__struct.hpp
-- Installing: /home/yjh/WorkSpace/astribot_sdk_ros2/runs/mainline_20260924/transfer_event_command_1814/native_install/include/astribot_s1_transport_native/astribot_s1_transport_native/action/detail/fixed_station_transfer__traits.hpp
-- Installing: /home/yjh/WorkSpace/astribot_sdk_ros2/runs/mainline_20260924/transfer_event_command_1814/native_install/include/astribot_s1_transport_native/astribot_s1_transport_native/action/detail/manipulation_to_hold__struct.hpp
-- Installing: /home/yjh/WorkSpace/astribot_sdk_ros2/runs/mainline_20260924/transfer_event_command_1814/native_install/include/astribot_s1_transport_native/astribot_s1_transport_native/action/detail/plan_to_hold__type_support.hpp
-- Installing: /home/yjh/WorkSpace/astribot_sdk_ros2/runs/mainline_20260924/transfer_event_command_1814/native_install/include/astribot_s1_transport_native/astribot_s1_transport_native/action/detail/manipulation_to_hold__traits.hpp
-- Installing: /home/yjh/WorkSpace/astribot_sdk_ros2/runs/mainline_20260924/transfer_event_command_1814/native_install/include/astribot_s1_transport_native/astribot_s1_transport_native/action/detail/hold_resources__struct.hpp
-- Installing: /home/yjh/WorkSpace/astribot_sdk_ros2/runs/mainline_20260924/transfer_event_command_1814/native_install/include/astribot_s1_transport_native/astribot_s1_transport_native/action/detail/plan_to_hold__struct.hpp
-- Installing: /home/yjh/WorkSpace/astribot_sdk_ros2/runs/mainline_20260924/transfer_event_command_1814/native_install/include/astribot_s1_transport_native/astribot_s1_transport_native/action/detail/plan_to_hold__builder.hpp
-- Installing: /home/yjh/WorkSpace/astribot_sdk_ros2/runs/mainline_20260924/transfer_event_command_1814/native_install/include/astribot_s1_transport_native/astribot_s1_transport_native/action/detail/fixed_station_transfer__type_support.hpp
-- Installing: /home/yjh/WorkSpace/astribot_sdk_ros2/runs/mainline_20260924/transfer_event_command_1814/native_install/include/astribot_s1_transport_native/astribot_s1_transport_native/action/detail/hold_resources__type_support.hpp
-- Installing: /home/yjh/WorkSpace/astribot_sdk_ros2/runs/mainline_20260924/transfer_event_command_1814/native_install/include/astribot_s1_transport_native/astribot_s1_transport_native/action/detail/hold_resources__traits.hpp
-- Installing: /home/yjh/WorkSpace/astribot_sdk_ros2/runs/mainline_20260924/transfer_event_command_1814/native_install/include/astribot_s1_transport_native/astribot_s1_transport_native/action/detail/fixed_station_transfer__builder.hpp
-- Installing: /home/yjh/WorkSpace/astribot_sdk_ros2/runs/mainline_20260924/transfer_event_command_1814/native_install/include/astribot_s1_transport_native/astribot_s1_transport_native/action/detail/manipulation_to_hold__type_support.hpp
-- Installing: /home/yjh/WorkSpace/astribot_sdk_ros2/runs/mainline_20260924/transfer_event_command_1814/native_install/include/astribot_s1_transport_native/astribot_s1_transport_native/action/detail/hold_resources__builder.hpp
-- Installing: /home/yjh/WorkSpace/astribot_sdk_ros2/runs/mainline_20260924/transfer_event_command_1814/native_install/include/astribot_s1_transport_native/astribot_s1_transport_native/action/detail/plan_to_hold__traits.hpp
-- Installing: /home/yjh/WorkSpace/astribot_sdk_ros2/runs/mainline_20260924/transfer_event_command_1814/native_install/include/astribot_s1_transport_native/astribot_s1_transport_native/action/detail/manipulation_to_hold__builder.hpp
-- Installing: /home/yjh/WorkSpace/astribot_sdk_ros2/runs/mainline_20260924/transfer_event_command_1814/native_install/include/astribot_s1_transport_native/astribot_s1_transport_native/action/manipulation_to_hold.hpp
-- Installing: /home/yjh/WorkSpace/astribot_sdk_ros2/runs/mainline_20260924/transfer_event_command_1814/native_install/include/astribot_s1_transport_native/astribot_s1_transport_native/action/plan_to_hold.hpp
-- Up-to-date: /home/yjh/WorkSpace/astribot_sdk_ros2/runs/mainline_20260924/transfer_event_command_1814/native_install/include/astribot_s1_transport_native/astribot_s1_transport_native/msg
-- Installing: /home/yjh/WorkSpace/astribot_sdk_ros2/runs/mainline_20260924/transfer_event_command_1814/native_install/include/astribot_s1_transport_native/astribot_s1_transport_native/msg/rosidl_generator_cpp__visibility_control.hpp
-- Up-to-date: /home/yjh/WorkSpace/astribot_sdk_ros2/runs/mainline_20260924/transfer_event_command_1814/native_install/include/astribot_s1_transport_native/astribot_s1_transport_native/srv
-- Up-to-date: /home/yjh/WorkSpace/astribot_sdk_ros2/runs/mainline_20260924/transfer_event_command_1814/native_install/include/astribot_s1_transport_native/astribot_s1_transport_native/srv/detail
-- Installing: /home/yjh/WorkSpace/astribot_sdk_ros2/runs/mainline_20260924/transfer_event_command_1814/native_install/include/astribot_s1_transport_native/astribot_s1_transport_native/srv/detail/renew_hold__type_support.hpp
-- Installing: /home/yjh/WorkSpace/astribot_sdk_ros2/runs/mainline_20260924/transfer_event_command_1814/native_install/include/astribot_s1_transport_native/astribot_s1_transport_native/srv/detail/renew_hold__traits.hpp
-- Installing: /home/yjh/WorkSpace/astribot_sdk_ros2/runs/mainline_20260924/transfer_event_command_1814/native_install/include/astribot_s1_transport_native/astribot_s1_transport_native/srv/detail/renew_hold__builder.hpp
-- Installing: /home/yjh/WorkSpace/astribot_sdk_ros2/runs/mainline_20260924/transfer_event_command_1814/native_install/include/astribot_s1_transport_native/astribot_s1_transport_native/srv/detail/renew_hold__struct.hpp
-- Installing: /home/yjh/WorkSpace/astribot_sdk_ros2/runs/mainline_20260924/transfer_event_command_1814/native_install/include/astribot_s1_transport_native/astribot_s1_transport_native/srv/renew_hold.hpp
-- Up-to-date: /home/yjh/WorkSpace/astribot_sdk_ros2/runs/mainline_20260924/transfer_event_command_1814/native_install/include/astribot_s1_transport_native/astribot_s1_transport_native
-- Up-to-date: /home/yjh/WorkSpace/astribot_sdk_ros2/runs/mainline_20260924/transfer_event_command_1814/native_install/include/astribot_s1_transport_native/astribot_s1_transport_native/action
-- Up-to-date: /home/yjh/WorkSpace/astribot_sdk_ros2/runs/mainline_20260924/transfer_event_command_1814/native_install/include/astribot_s1_transport_native/astribot_s1_transport_native/action/detail
-- Installing: /home/yjh/WorkSpace/astribot_sdk_ros2/runs/mainline_20260924/transfer_event_command_1814/native_install/include/astribot_s1_transport_native/astribot_s1_transport_native/action/detail/plan_to_hold__rosidl_typesupport_fastrtps_cpp.hpp
-- Installing: /home/yjh/WorkSpace/astribot_sdk_ros2/runs/mainline_20260924/transfer_event_command_1814/native_install/include/astribot_s1_transport_native/astribot_s1_transport_native/action/detail/dds_fastrtps
-- Installing: /home/yjh/WorkSpace/astribot_sdk_ros2/runs/mainline_20260924/transfer_event_command_1814/native_install/include/astribot_s1_transport_native/astribot_s1_transport_native/action/detail/fixed_station_transfer__rosidl_typesupport_fastrtps_cpp.hpp
-- Installing: /home/yjh/WorkSpace/astribot_sdk_ros2/runs/mainline_20260924/transfer_event_command_1814/native_install/include/astribot_s1_transport_native/astribot_s1_transport_native/action/detail/hold_resources__rosidl_typesupport_fastrtps_cpp.hpp
-- Installing: /home/yjh/WorkSpace/astribot_sdk_ros2/runs/mainline_20260924/transfer_event_command_1814/native_install/include/astribot_s1_transport_native/astribot_s1_transport_native/action/detail/manipulation_to_hold__rosidl_typesupport_fastrtps_cpp.hpp
-- Up-to-date: /home/yjh/WorkSpace/astribot_sdk_ros2/runs/mainline_20260924/transfer_event_command_1814/native_install/include/astribot_s1_transport_native/astribot_s1_transport_native/msg
-- Installing: /home/yjh/WorkSpace/astribot_sdk_ros2/runs/mainline_20260924/transfer_event_command_1814/native_install/include/astribot_s1_transport_native/astribot_s1_transport_native/msg/rosidl_typesupport_fastrtps_cpp__visibility_control.h
-- Up-to-date: /home/yjh/WorkSpace/astribot_sdk_ros2/runs/mainline_20260924/transfer_event_command_1814/native_install/include/astribot_s1_transport_native/astribot_s1_transport_native/srv
-- Up-to-date: /home/yjh/WorkSpace/astribot_sdk_ros2/runs/mainline_20260924/transfer_event_command_1814/native_install/include/astribot_s1_transport_native/astribot_s1_transport_native/srv/detail
-- Installing: /home/yjh/WorkSpace/astribot_sdk_ros2/runs/mainline_20260924/transfer_event_command_1814/native_install/include/astribot_s1_transport_native/astribot_s1_transport_native/srv/detail/dds_fastrtps
-- Installing: /home/yjh/WorkSpace/astribot_sdk_ros2/runs/mainline_20260924/transfer_event_command_1814/native_install/include/astribot_s1_transport_native/astribot_s1_transport_native/srv/detail/renew_hold__rosidl_typesupport_fastrtps_cpp.hpp
-- Installing: /home/yjh/WorkSpace/astribot_sdk_ros2/runs/mainline_20260924/transfer_event_command_1814/native_install/lib/libastribot_s1_transport_native__rosidl_typesupport_fastrtps_cpp.so
-- Set runtime path of "/home/yjh/WorkSpace/astribot_sdk_ros2/runs/mainline_20260924/transfer_event_command_1814/native_install/lib/libastribot_s1_transport_native__rosidl_typesupport_fastrtps_cpp.so" to ""
-- Up-to-date: /home/yjh/WorkSpace/astribot_sdk_ros2/runs/mainline_20260924/transfer_event_command_1814/native_install/include/astribot_s1_transport_native/astribot_s1_transport_native
-- Up-to-date: /home/yjh/WorkSpace/astribot_sdk_ros2/runs/mainline_20260924/transfer_event_command_1814/native_install/include/astribot_s1_transport_native/astribot_s1_transport_native/action
-- Up-to-date: /home/yjh/WorkSpace/astribot_sdk_ros2/runs/mainline_20260924/transfer_event_command_1814/native_install/include/astribot_s1_transport_native/astribot_s1_transport_native/action/detail
-- Installing: /home/yjh/WorkSpace/astribot_sdk_ros2/runs/mainline_20260924/transfer_event_command_1814/native_install/include/astribot_s1_transport_native/astribot_s1_transport_native/action/detail/fixed_station_transfer__type_support.c
-- Installing: /home/yjh/WorkSpace/astribot_sdk_ros2/runs/mainline_20260924/transfer_event_command_1814/native_install/include/astribot_s1_transport_native/astribot_s1_transport_native/action/detail/fixed_station_transfer__rosidl_typesupport_introspection_c.h
-- Installing: /home/yjh/WorkSpace/astribot_sdk_ros2/runs/mainline_20260924/transfer_event_command_1814/native_install/include/astribot_s1_transport_native/astribot_s1_transport_native/action/detail/plan_to_hold__type_support.c
-- Installing: /home/yjh/WorkSpace/astribot_sdk_ros2/runs/mainline_20260924/transfer_event_command_1814/native_install/include/astribot_s1_transport_native/astribot_s1_transport_native/action/detail/plan_to_hold__rosidl_typesupport_introspection_c.h
-- Installing: /home/yjh/WorkSpace/astribot_sdk_ros2/runs/mainline_20260924/transfer_event_command_1814/native_install/include/astribot_s1_transport_native/astribot_s1_transport_native/action/detail/hold_resources__rosidl_typesupport_introspection_c.h
-- Installing: /home/yjh/WorkSpace/astribot_sdk_ros2/runs/mainline_20260924/transfer_event_command_1814/native_install/include/astribot_s1_transport_native/astribot_s1_transport_native/action/detail/manipulation_to_hold__rosidl_typesupport_introspection_c.h
-- Installing: /home/yjh/WorkSpace/astribot_sdk_ros2/runs/mainline_20260924/transfer_event_command_1814/native_install/include/astribot_s1_transport_native/astribot_s1_transport_native/action/detail/hold_resources__type_support.c
-- Installing: /home/yjh/WorkSpace/astribot_sdk_ros2/runs/mainline_20260924/transfer_event_command_1814/native_install/include/astribot_s1_transport_native/astribot_s1_transport_native/action/detail/manipulation_to_hold__type_support.c
-- Up-to-date: /home/yjh/WorkSpace/astribot_sdk_ros2/runs/mainline_20260924/transfer_event_command_1814/native_install/include/astribot_s1_transport_native/astribot_s1_transport_native/msg
-- Installing: /home/yjh/WorkSpace/astribot_sdk_ros2/runs/mainline_20260924/transfer_event_command_1814/native_install/include/astribot_s1_transport_native/astribot_s1_transport_native/msg/rosidl_typesupport_introspection_c__visibility_control.h
-- Up-to-date: /home/yjh/WorkSpace/astribot_sdk_ros2/runs/mainline_20260924/transfer_event_command_1814/native_install/include/astribot_s1_transport_native/astribot_s1_transport_native/srv
-- Up-to-date: /home/yjh/WorkSpace/astribot_sdk_ros2/runs/mainline_20260924/transfer_event_command_1814/native_install/include/astribot_s1_transport_native/astribot_s1_transport_native/srv/detail
-- Installing: /home/yjh/WorkSpace/astribot_sdk_ros2/runs/mainline_20260924/transfer_event_command_1814/native_install/include/astribot_s1_transport_native/astribot_s1_transport_native/srv/detail/renew_hold__type_support.c
-- Installing: /home/yjh/WorkSpace/astribot_sdk_ros2/runs/mainline_20260924/transfer_event_command_1814/native_install/include/astribot_s1_transport_native/astribot_s1_transport_native/srv/detail/renew_hold__rosidl_typesupport_introspection_c.h
-- Installing: /home/yjh/WorkSpace/astribot_sdk_ros2/runs/mainline_20260924/transfer_event_command_1814/native_install/lib/libastribot_s1_transport_native__rosidl_typesupport_introspection_c.so
-- Set runtime path of "/home/yjh/WorkSpace/astribot_sdk_ros2/runs/mainline_20260924/transfer_event_command_1814/native_install/lib/libastribot_s1_transport_native__rosidl_typesupport_introspection_c.so" to ""
-- Installing: /home/yjh/WorkSpace/astribot_sdk_ros2/runs/mainline_20260924/transfer_event_command_1814/native_install/lib/libastribot_s1_transport_native__rosidl_typesupport_c.so
-- Set runtime path of "/home/yjh/WorkSpace/astribot_sdk_ros2/runs/mainline_20260924/transfer_event_command_1814/native_install/lib/libastribot_s1_transport_native__rosidl_typesupport_c.so" to ""
-- Up-to-date: /home/yjh/WorkSpace/astribot_sdk_ros2/runs/mainline_20260924/transfer_event_command_1814/native_install/include/astribot_s1_transport_native/astribot_s1_transport_native
-- Up-to-date: /home/yjh/WorkSpace/astribot_sdk_ros2/runs/mainline_20260924/transfer_event_command_1814/native_install/include/astribot_s1_transport_native/astribot_s1_transport_native/action
-- Up-to-date: /home/yjh/WorkSpace/astribot_sdk_ros2/runs/mainline_20260924/transfer_event_command_1814/native_install/include/astribot_s1_transport_native/astribot_s1_transport_native/action/detail
-- Installing: /home/yjh/WorkSpace/astribot_sdk_ros2/runs/mainline_20260924/transfer_event_command_1814/native_install/include/astribot_s1_transport_native/astribot_s1_transport_native/action/detail/hold_resources__type_support.cpp
-- Installing: /home/yjh/WorkSpace/astribot_sdk_ros2/runs/mainline_20260924/transfer_event_command_1814/native_install/include/astribot_s1_transport_native/astribot_s1_transport_native/action/detail/manipulation_to_hold__rosidl_typesupport_introspection_cpp.hpp
-- Installing: /home/yjh/WorkSpace/astribot_sdk_ros2/runs/mainline_20260924/transfer_event_command_1814/native_install/include/astribot_s1_transport_native/astribot_s1_transport_native/action/detail/plan_to_hold__type_support.cpp
-- Installing: /home/yjh/WorkSpace/astribot_sdk_ros2/runs/mainline_20260924/transfer_event_command_1814/native_install/include/astribot_s1_transport_native/astribot_s1_transport_native/action/detail/plan_to_hold__rosidl_typesupport_introspection_cpp.hpp
-- Installing: /home/yjh/WorkSpace/astribot_sdk_ros2/runs/mainline_20260924/transfer_event_command_1814/native_install/include/astribot_s1_transport_native/astribot_s1_transport_native/action/detail/fixed_station_transfer__rosidl_typesupport_introspection_cpp.hpp
-- Installing: /home/yjh/WorkSpace/astribot_sdk_ros2/runs/mainline_20260924/transfer_event_command_1814/native_install/include/astribot_s1_transport_native/astribot_s1_transport_native/action/detail/hold_resources__rosidl_typesupport_introspection_cpp.hpp
-- Installing: /home/yjh/WorkSpace/astribot_sdk_ros2/runs/mainline_20260924/transfer_event_command_1814/native_install/include/astribot_s1_transport_native/astribot_s1_transport_native/action/detail/manipulation_to_hold__type_support.cpp
-- Installing: /home/yjh/WorkSpace/astribot_sdk_ros2/runs/mainline_20260924/transfer_event_command_1814/native_install/include/astribot_s1_transport_native/astribot_s1_transport_native/action/detail/fixed_station_transfer__type_support.cpp
-- Up-to-date: /home/yjh/WorkSpace/astribot_sdk_ros2/runs/mainline_20260924/transfer_event_command_1814/native_install/include/astribot_s1_transport_native/astribot_s1_transport_native/srv
-- Up-to-date: /home/yjh/WorkSpace/astribot_sdk_ros2/runs/mainline_20260924/transfer_event_command_1814/native_install/include/astribot_s1_transport_native/astribot_s1_transport_native/srv/detail
-- Installing: /home/yjh/WorkSpace/astribot_sdk_ros2/runs/mainline_20260924/transfer_event_command_1814/native_install/include/astribot_s1_transport_native/astribot_s1_transport_native/srv/detail/renew_hold__type_support.cpp
-- Installing: /home/yjh/WorkSpace/astribot_sdk_ros2/runs/mainline_20260924/transfer_event_command_1814/native_install/include/astribot_s1_transport_native/astribot_s1_transport_native/srv/detail/renew_hold__rosidl_typesupport_introspection_cpp.hpp
-- Installing: /home/yjh/WorkSpace/astribot_sdk_ros2/runs/mainline_20260924/transfer_event_command_1814/native_install/lib/libastribot_s1_transport_native__rosidl_typesupport_introspection_cpp.so
-- Set runtime path of "/home/yjh/WorkSpace/astribot_sdk_ros2/runs/mainline_20260924/transfer_event_command_1814/native_install/lib/libastribot_s1_transport_native__rosidl_typesupport_introspection_cpp.so" to ""
-- Installing: /home/yjh/WorkSpace/astribot_sdk_ros2/runs/mainline_20260924/transfer_event_command_1814/native_install/lib/libastribot_s1_transport_native__rosidl_typesupport_cpp.so
-- Set runtime path of "/home/yjh/WorkSpace/astribot_sdk_ros2/runs/mainline_20260924/transfer_event_command_1814/native_install/lib/libastribot_s1_transport_native__rosidl_typesupport_cpp.so" to ""
-- Installing: /home/yjh/WorkSpace/astribot_sdk_ros2/runs/mainline_20260924/transfer_event_command_1814/native_install/share/astribot_s1_transport_native/environment/pythonpath.sh
-- Installing: /home/yjh/WorkSpace/astribot_sdk_ros2/runs/mainline_20260924/transfer_event_command_1814/native_install/share/astribot_s1_transport_native/environment/pythonpath.dsv
-- Installing: /home/yjh/WorkSpace/astribot_sdk_ros2/runs/mainline_20260924/transfer_event_command_1814/native_install/local/lib/python3.10/dist-packages/astribot_s1_transport_native-0.1.0-py3.10.egg-info
-- Installing: /home/yjh/WorkSpace/astribot_sdk_ros2/runs/mainline_20260924/transfer_event_command_1814/native_install/local/lib/python3.10/dist-packages/astribot_s1_transport_native-0.1.0-py3.10.egg-info/dependency_links.txt
-- Installing: /home/yjh/WorkSpace/astribot_sdk_ros2/runs/mainline_20260924/transfer_event_command_1814/native_install/local/lib/python3.10/dist-packages/astribot_s1_transport_native-0.1.0-py3.10.egg-info/top_level.txt
-- Installing: /home/yjh/WorkSpace/astribot_sdk_ros2/runs/mainline_20260924/transfer_event_command_1814/native_install/local/lib/python3.10/dist-packages/astribot_s1_transport_native-0.1.0-py3.10.egg-info/SOURCES.txt
-- Installing: /home/yjh/WorkSpace/astribot_sdk_ros2/runs/mainline_20260924/transfer_event_command_1814/native_install/local/lib/python3.10/dist-packages/astribot_s1_transport_native-0.1.0-py3.10.egg-info/PKG-INFO
-- Installing: /home/yjh/WorkSpace/astribot_sdk_ros2/runs/mainline_20260924/transfer_event_command_1814/native_install/local/lib/python3.10/dist-packages/astribot_s1_transport_native
-- Installing: /home/yjh/WorkSpace/astribot_sdk_ros2/runs/mainline_20260924/transfer_event_command_1814/native_install/local/lib/python3.10/dist-packages/astribot_s1_transport_native/_astribot_s1_transport_native_s.ep.rosidl_typesupport_introspection_c.c
-- Installing: /home/yjh/WorkSpace/astribot_sdk_ros2/runs/mainline_20260924/transfer_event_command_1814/native_install/local/lib/python3.10/dist-packages/astribot_s1_transport_native/action
-- Installing: /home/yjh/WorkSpace/astribot_sdk_ros2/runs/mainline_20260924/transfer_event_command_1814/native_install/local/lib/python3.10/dist-packages/astribot_s1_transport_native/action/_manipulation_to_hold_s.c
-- Installing: /home/yjh/WorkSpace/astribot_sdk_ros2/runs/mainline_20260924/transfer_event_command_1814/native_install/local/lib/python3.10/dist-packages/astribot_s1_transport_native/action/_fixed_station_transfer_s.c
-- Installing: /home/yjh/WorkSpace/astribot_sdk_ros2/runs/mainline_20260924/transfer_event_command_1814/native_install/local/lib/python3.10/dist-packages/astribot_s1_transport_native/action/_plan_to_hold.py
-- Installing: /home/yjh/WorkSpace/astribot_sdk_ros2/runs/mainline_20260924/transfer_event_command_1814/native_install/local/lib/python3.10/dist-packages/astribot_s1_transport_native/action/_hold_resources.py
-- Installing: /home/yjh/WorkSpace/astribot_sdk_ros2/runs/mainline_20260924/transfer_event_command_1814/native_install/local/lib/python3.10/dist-packages/astribot_s1_transport_native/action/_plan_to_hold_s.c
-- Installing: /home/yjh/WorkSpace/astribot_sdk_ros2/runs/mainline_20260924/transfer_event_command_1814/native_install/local/lib/python3.10/dist-packages/astribot_s1_transport_native/action/_hold_resources_s.c
-- Installing: /home/yjh/WorkSpace/astribot_sdk_ros2/runs/mainline_20260924/transfer_event_command_1814/native_install/local/lib/python3.10/dist-packages/astribot_s1_transport_native/action/__init__.py
-- Installing: /home/yjh/WorkSpace/astribot_sdk_ros2/runs/mainline_20260924/transfer_event_command_1814/native_install/local/lib/python3.10/dist-packages/astribot_s1_transport_native/action/_manipulation_to_hold.py
-- Installing: /home/yjh/WorkSpace/astribot_sdk_ros2/runs/mainline_20260924/transfer_event_command_1814/native_install/local/lib/python3.10/dist-packages/astribot_s1_transport_native/action/_fixed_station_transfer.py
-- Installing: /home/yjh/WorkSpace/astribot_sdk_ros2/runs/mainline_20260924/transfer_event_command_1814/native_install/local/lib/python3.10/dist-packages/astribot_s1_transport_native/astribot_s1_transport_native_s__rosidl_typesupport_introspection_c.cpython-310-x86_64-linux-gnu.so
-- Installing: /home/yjh/WorkSpace/astribot_sdk_ros2/runs/mainline_20260924/transfer_event_command_1814/native_install/local/lib/python3.10/dist-packages/astribot_s1_transport_native/_astribot_s1_transport_native_s.ep.rosidl_typesupport_fastrtps_c.c
-- Installing: /home/yjh/WorkSpace/astribot_sdk_ros2/runs/mainline_20260924/transfer_event_command_1814/native_install/local/lib/python3.10/dist-packages/astribot_s1_transport_native/libastribot_s1_transport_native__rosidl_generator_py.so
-- Installing: /home/yjh/WorkSpace/astribot_sdk_ros2/runs/mainline_20260924/transfer_event_command_1814/native_install/local/lib/python3.10/dist-packages/astribot_s1_transport_native/astribot_s1_transport_native_s__rosidl_typesupport_fastrtps_c.cpython-310-x86_64-linux-gnu.so
-- Installing: /home/yjh/WorkSpace/astribot_sdk_ros2/runs/mainline_20260924/transfer_event_command_1814/native_install/local/lib/python3.10/dist-packages/astribot_s1_transport_native/_astribot_s1_transport_native_s.ep.rosidl_typesupport_c.c
-- Installing: /home/yjh/WorkSpace/astribot_sdk_ros2/runs/mainline_20260924/transfer_event_command_1814/native_install/local/lib/python3.10/dist-packages/astribot_s1_transport_native/astribot_s1_transport_native_s__rosidl_typesupport_c.cpython-310-x86_64-linux-gnu.so
-- Installing: /home/yjh/WorkSpace/astribot_sdk_ros2/runs/mainline_20260924/transfer_event_command_1814/native_install/local/lib/python3.10/dist-packages/astribot_s1_transport_native/srv
-- Installing: /home/yjh/WorkSpace/astribot_sdk_ros2/runs/mainline_20260924/transfer_event_command_1814/native_install/local/lib/python3.10/dist-packages/astribot_s1_transport_native/srv/_renew_hold.py
-- Installing: /home/yjh/WorkSpace/astribot_sdk_ros2/runs/mainline_20260924/transfer_event_command_1814/native_install/local/lib/python3.10/dist-packages/astribot_s1_transport_native/srv/_renew_hold_s.c
-- Installing: /home/yjh/WorkSpace/astribot_sdk_ros2/runs/mainline_20260924/transfer_event_command_1814/native_install/local/lib/python3.10/dist-packages/astribot_s1_transport_native/srv/__init__.py
-- Installing: /home/yjh/WorkSpace/astribot_sdk_ros2/runs/mainline_20260924/transfer_event_command_1814/native_install/local/lib/python3.10/dist-packages/astribot_s1_transport_native/__init__.py
Listing '/home/yjh/WorkSpace/astribot_sdk_ros2/runs/m1_transport_20260924/continuous_install/local/lib/python3.10/dist-packages/astribot_s1_transport_native'...
Listing '/home/yjh/WorkSpace/astribot_sdk_ros2/runs/m1_transport_20260924/continuous_install/local/lib/python3.10/dist-packages/astribot_s1_transport_native/action'...
Listing '/home/yjh/WorkSpace/astribot_sdk_ros2/runs/m1_transport_20260924/continuous_install/local/lib/python3.10/dist-packages/astribot_s1_transport_native/srv'...
-- Installing: /home/yjh/WorkSpace/astribot_sdk_ros2/runs/mainline_20260924/transfer_event_command_1814/native_install/local/lib/python3.10/dist-packages/astribot_s1_transport_native/astribot_s1_transport_native_s__rosidl_typesupport_fastrtps_c.cpython-310-x86_64-linux-gnu.so
-- Set runtime path of "/home/yjh/WorkSpace/astribot_sdk_ros2/runs/mainline_20260924/transfer_event_command_1814/native_install/local/lib/python3.10/dist-packages/astribot_s1_transport_native/astribot_s1_transport_native_s__rosidl_typesupport_fastrtps_c.cpython-310-x86_64-linux-gnu.so" to ""
-- Installing: /home/yjh/WorkSpace/astribot_sdk_ros2/runs/mainline_20260924/transfer_event_command_1814/native_install/local/lib/python3.10/dist-packages/astribot_s1_transport_native/astribot_s1_transport_native_s__rosidl_typesupport_introspection_c.cpython-310-x86_64-linux-gnu.so
-- Set runtime path of "/home/yjh/WorkSpace/astribot_sdk_ros2/runs/mainline_20260924/transfer_event_command_1814/native_install/local/lib/python3.10/dist-packages/astribot_s1_transport_native/astribot_s1_transport_native_s__rosidl_typesupport_introspection_c.cpython-310-x86_64-linux-gnu.so" to ""
-- Installing: /home/yjh/WorkSpace/astribot_sdk_ros2/runs/mainline_20260924/transfer_event_command_1814/native_install/local/lib/python3.10/dist-packages/astribot_s1_transport_native/astribot_s1_transport_native_s__rosidl_typesupport_c.cpython-310-x86_64-linux-gnu.so
-- Set runtime path of "/home/yjh/WorkSpace/astribot_sdk_ros2/runs/mainline_20260924/transfer_event_command_1814/native_install/local/lib/python3.10/dist-packages/astribot_s1_transport_native/astribot_s1_transport_native_s__rosidl_typesupport_c.cpython-310-x86_64-linux-gnu.so" to ""
-- Installing: /home/yjh/WorkSpace/astribot_sdk_ros2/runs/mainline_20260924/transfer_event_command_1814/native_install/lib/libastribot_s1_transport_native__rosidl_generator_py.so
-- Set runtime path of "/home/yjh/WorkSpace/astribot_sdk_ros2/runs/mainline_20260924/transfer_event_command_1814/native_install/lib/libastribot_s1_transport_native__rosidl_generator_py.so" to ""
-- Installing: /home/yjh/WorkSpace/astribot_sdk_ros2/runs/mainline_20260924/transfer_event_command_1814/native_install/share/ament_index/resource_index/rust_packages/astribot_s1_transport_native
-- Installing: /home/yjh/WorkSpace/astribot_sdk_ros2/runs/mainline_20260924/transfer_event_command_1814/native_install/share/astribot_s1_transport_native/rust
-- Installing: /home/yjh/WorkSpace/astribot_sdk_ros2/runs/mainline_20260924/transfer_event_command_1814/native_install/share/astribot_s1_transport_native/rust/build.rs
-- Installing: /home/yjh/WorkSpace/astribot_sdk_ros2/runs/mainline_20260924/transfer_event_command_1814/native_install/share/astribot_s1_transport_native/rust/Cargo.toml
-- Installing: /home/yjh/WorkSpace/astribot_sdk_ros2/runs/mainline_20260924/transfer_event_command_1814/native_install/share/astribot_s1_transport_native/rust/src
-- Installing: /home/yjh/WorkSpace/astribot_sdk_ros2/runs/mainline_20260924/transfer_event_command_1814/native_install/share/astribot_s1_transport_native/rust/src/action
-- Installing: /home/yjh/WorkSpace/astribot_sdk_ros2/runs/mainline_20260924/transfer_event_command_1814/native_install/share/astribot_s1_transport_native/rust/src/action/rmw.rs
-- Installing: /home/yjh/WorkSpace/astribot_sdk_ros2/runs/mainline_20260924/transfer_event_command_1814/native_install/share/astribot_s1_transport_native/rust/src/lib.rs
-- Installing: /home/yjh/WorkSpace/astribot_sdk_ros2/runs/mainline_20260924/transfer_event_command_1814/native_install/share/astribot_s1_transport_native/rust/src/srv
-- Installing: /home/yjh/WorkSpace/astribot_sdk_ros2/runs/mainline_20260924/transfer_event_command_1814/native_install/share/astribot_s1_transport_native/rust/src/srv/rmw.rs
-- Installing: /home/yjh/WorkSpace/astribot_sdk_ros2/runs/mainline_20260924/transfer_event_command_1814/native_install/share/astribot_s1_transport_native/rust/src/srv.rs
-- Installing: /home/yjh/WorkSpace/astribot_sdk_ros2/runs/mainline_20260924/transfer_event_command_1814/native_install/share/astribot_s1_transport_native/rust/src/action.rs
-- Installing: /home/yjh/WorkSpace/astribot_sdk_ros2/runs/mainline_20260924/transfer_event_command_1814/native_install/share/astribot_s1_transport_native/action/HoldResources.idl
-- Installing: /home/yjh/WorkSpace/astribot_sdk_ros2/runs/mainline_20260924/transfer_event_command_1814/native_install/share/astribot_s1_transport_native/action/PlanToHold.idl
-- Installing: /home/yjh/WorkSpace/astribot_sdk_ros2/runs/mainline_20260924/transfer_event_command_1814/native_install/share/astribot_s1_transport_native/action/ManipulationToHold.idl
-- Installing: /home/yjh/WorkSpace/astribot_sdk_ros2/runs/mainline_20260924/transfer_event_command_1814/native_install/share/astribot_s1_transport_native/action/FixedStationTransfer.idl
-- Installing: /home/yjh/WorkSpace/astribot_sdk_ros2/runs/mainline_20260924/transfer_event_command_1814/native_install/share/astribot_s1_transport_native/srv/RenewHold.idl
-- Installing: /home/yjh/WorkSpace/astribot_sdk_ros2/runs/mainline_20260924/transfer_event_command_1814/native_install/share/astribot_s1_transport_native/action/HoldResources.action
-- Installing: /home/yjh/WorkSpace/astribot_sdk_ros2/runs/mainline_20260924/transfer_event_command_1814/native_install/share/astribot_s1_transport_native/action/PlanToHold.action
-- Installing: /home/yjh/WorkSpace/astribot_sdk_ros2/runs/mainline_20260924/transfer_event_command_1814/native_install/share/astribot_s1_transport_native/action/ManipulationToHold.action
-- Installing: /home/yjh/WorkSpace/astribot_sdk_ros2/runs/mainline_20260924/transfer_event_command_1814/native_install/share/astribot_s1_transport_native/action/FixedStationTransfer.action
-- Installing: /home/yjh/WorkSpace/astribot_sdk_ros2/runs/mainline_20260924/transfer_event_command_1814/native_install/share/astribot_s1_transport_native/srv/RenewHold.srv
-- Installing: /home/yjh/WorkSpace/astribot_sdk_ros2/runs/mainline_20260924/transfer_event_command_1814/native_install/share/astribot_s1_transport_native/srv/RenewHold_Request.msg
-- Installing: /home/yjh/WorkSpace/astribot_sdk_ros2/runs/mainline_20260924/transfer_event_command_1814/native_install/share/astribot_s1_transport_native/srv/RenewHold_Response.msg
-- Installing: /home/yjh/WorkSpace/astribot_sdk_ros2/runs/mainline_20260924/transfer_event_command_1814/native_install/lib/astribot_s1_transport_native/trajectory_executor
-- Set runtime path of "/home/yjh/WorkSpace/astribot_sdk_ros2/runs/mainline_20260924/transfer_event_command_1814/native_install/lib/astribot_s1_transport_native/trajectory_executor" to ""
-- Installing: /home/yjh/WorkSpace/astribot_sdk_ros2/runs/mainline_20260924/transfer_event_command_1814/native_install/lib/astribot_s1_transport_native/hold_executor
-- Set runtime path of "/home/yjh/WorkSpace/astribot_sdk_ros2/runs/mainline_20260924/transfer_event_command_1814/native_install/lib/astribot_s1_transport_native/hold_executor" to ""
-- Installing: /home/yjh/WorkSpace/astribot_sdk_ros2/runs/mainline_20260924/transfer_event_command_1814/native_install/lib/libarm_hold_core.so
-- Set runtime path of "/home/yjh/WorkSpace/astribot_sdk_ros2/runs/mainline_20260924/transfer_event_command_1814/native_install/lib/libarm_hold_core.so" to ""
-- Installing: /home/yjh/WorkSpace/astribot_sdk_ros2/runs/mainline_20260924/transfer_event_command_1814/native_install/lib/libpayload_client.so
-- Set runtime path of "/home/yjh/WorkSpace/astribot_sdk_ros2/runs/mainline_20260924/transfer_event_command_1814/native_install/lib/libpayload_client.so" to ""
-- Installing: /home/yjh/WorkSpace/astribot_sdk_ros2/runs/mainline_20260924/transfer_event_command_1814/native_install/lib/libpayload_frames.so
-- Set runtime path of "/home/yjh/WorkSpace/astribot_sdk_ros2/runs/mainline_20260924/transfer_event_command_1814/native_install/lib/libpayload_frames.so" to ""
-- Installing: /home/yjh/WorkSpace/astribot_sdk_ros2/runs/mainline_20260924/transfer_event_command_1814/native_install/lib/libpayload_scene.so
-- Set runtime path of "/home/yjh/WorkSpace/astribot_sdk_ros2/runs/mainline_20260924/transfer_event_command_1814/native_install/lib/libpayload_scene.so" to ""
-- Installing: /home/yjh/WorkSpace/astribot_sdk_ros2/runs/mainline_20260924/transfer_event_command_1814/native_install/lib/libtrajectory_scene_binding.a
-- Installing: /home/yjh/WorkSpace/astribot_sdk_ros2/runs/mainline_20260924/transfer_event_command_1814/native_install/lib/libfixed_station_scene.so
-- Set runtime path of "/home/yjh/WorkSpace/astribot_sdk_ros2/runs/mainline_20260924/transfer_event_command_1814/native_install/lib/libfixed_station_scene.so" to ""
-- Installing: /home/yjh/WorkSpace/astribot_sdk_ros2/runs/mainline_20260924/transfer_event_command_1814/native_install/lib/libfixed_station_navigation.so
-- Set runtime path of "/home/yjh/WorkSpace/astribot_sdk_ros2/runs/mainline_20260924/transfer_event_command_1814/native_install/lib/libfixed_station_navigation.so" to ""
-- Up-to-date: /home/yjh/WorkSpace/astribot_sdk_ros2/runs/mainline_20260924/transfer_event_command_1814/native_install/include
-- Up-to-date: /home/yjh/WorkSpace/astribot_sdk_ros2/runs/mainline_20260924/transfer_event_command_1814/native_install/include/astribot_s1_transport_native
-- Installing: /home/yjh/WorkSpace/astribot_sdk_ros2/runs/mainline_20260924/transfer_event_command_1814/native_install/include/astribot_s1_transport_native/fixed_station_navigation.hpp
-- Installing: /home/yjh/WorkSpace/astribot_sdk_ros2/runs/mainline_20260924/transfer_event_command_1814/native_install/include/astribot_s1_transport_native/resource_authority.hpp
-- Installing: /home/yjh/WorkSpace/astribot_sdk_ros2/runs/mainline_20260924/transfer_event_command_1814/native_install/include/astribot_s1_transport_native/payload_client.hpp
-- Installing: /home/yjh/WorkSpace/astribot_sdk_ros2/runs/mainline_20260924/transfer_event_command_1814/native_install/include/astribot_s1_transport_native/child_actions.hpp
-- Installing: /home/yjh/WorkSpace/astribot_sdk_ros2/runs/mainline_20260924/transfer_event_command_1814/native_install/include/astribot_s1_transport_native/fixed_station_scene.hpp
-- Installing: /home/yjh/WorkSpace/astribot_sdk_ros2/runs/mainline_20260924/transfer_event_command_1814/native_install/include/astribot_s1_transport_native/arm_hold.hpp
-- Installing: /home/yjh/WorkSpace/astribot_sdk_ros2/runs/mainline_20260924/transfer_event_command_1814/native_install/include/astribot_s1_transport_native/payload_command.hpp
-- Installing: /home/yjh/WorkSpace/astribot_sdk_ros2/runs/mainline_20260924/transfer_event_command_1814/native_install/include/astribot_s1_transport_native/payload_frames.hpp
-- Installing: /home/yjh/WorkSpace/astribot_sdk_ros2/runs/mainline_20260924/transfer_event_command_1814/native_install/include/astribot_s1_transport_native/mtc_plan.hpp
-- Installing: /home/yjh/WorkSpace/astribot_sdk_ros2/runs/mainline_20260924/transfer_event_command_1814/native_install/include/astribot_s1_transport_native/payload_scene.hpp
-- Installing: /home/yjh/WorkSpace/astribot_sdk_ros2/runs/mainline_20260924/transfer_event_command_1814/native_install/include/astribot_s1_transport_native/scene_binding.hpp
-- Installing: /home/yjh/WorkSpace/astribot_sdk_ros2/runs/mainline_20260924/transfer_event_command_1814/native_install/include/astribot_s1_transport_native/resource_journal.hpp
-- Installing: /home/yjh/WorkSpace/astribot_sdk_ros2/runs/mainline_20260924/transfer_event_command_1814/native_install/share/ament_index/resource_index/package_run_dependencies/astribot_s1_transport_native
-- Installing: /home/yjh/WorkSpace/astribot_sdk_ros2/runs/mainline_20260924/transfer_event_command_1814/native_install/share/ament_index/resource_index/parent_prefix_path/astribot_s1_transport_native
-- Installing: /home/yjh/WorkSpace/astribot_sdk_ros2/runs/mainline_20260924/transfer_event_command_1814/native_install/share/astribot_s1_transport_native/environment/ament_prefix_path.sh
-- Installing: /home/yjh/WorkSpace/astribot_sdk_ros2/runs/mainline_20260924/transfer_event_command_1814/native_install/share/astribot_s1_transport_native/environment/ament_prefix_path.dsv
-- Installing: /home/yjh/WorkSpace/astribot_sdk_ros2/runs/mainline_20260924/transfer_event_command_1814/native_install/share/astribot_s1_transport_native/environment/path.sh
-- Installing: /home/yjh/WorkSpace/astribot_sdk_ros2/runs/mainline_20260924/transfer_event_command_1814/native_install/share/astribot_s1_transport_native/environment/path.dsv
-- Installing: /home/yjh/WorkSpace/astribot_sdk_ros2/runs/mainline_20260924/transfer_event_command_1814/native_install/share/astribot_s1_transport_native/local_setup.bash
-- Installing: /home/yjh/WorkSpace/astribot_sdk_ros2/runs/mainline_20260924/transfer_event_command_1814/native_install/share/astribot_s1_transport_native/local_setup.sh
-- Installing: /home/yjh/WorkSpace/astribot_sdk_ros2/runs/mainline_20260924/transfer_event_command_1814/native_install/share/astribot_s1_transport_native/local_setup.zsh
-- Installing: /home/yjh/WorkSpace/astribot_sdk_ros2/runs/mainline_20260924/transfer_event_command_1814/native_install/share/astribot_s1_transport_native/local_setup.dsv
-- Installing: /home/yjh/WorkSpace/astribot_sdk_ros2/runs/mainline_20260924/transfer_event_command_1814/native_install/share/astribot_s1_transport_native/package.dsv
-- Installing: /home/yjh/WorkSpace/astribot_sdk_ros2/runs/mainline_20260924/transfer_event_command_1814/native_install/share/ament_index/resource_index/packages/astribot_s1_transport_native
-- Installing: /home/yjh/WorkSpace/astribot_sdk_ros2/runs/mainline_20260924/transfer_event_command_1814/native_install/share/astribot_s1_transport_native/cmake/export_astribot_s1_transport_native__rosidl_generator_cExport.cmake
-- Installing: /home/yjh/WorkSpace/astribot_sdk_ros2/runs/mainline_20260924/transfer_event_command_1814/native_install/share/astribot_s1_transport_native/cmake/export_astribot_s1_transport_native__rosidl_generator_cExport-release.cmake
-- Installing: /home/yjh/WorkSpace/astribot_sdk_ros2/runs/mainline_20260924/transfer_event_command_1814/native_install/share/astribot_s1_transport_native/cmake/export_astribot_s1_transport_native__rosidl_typesupport_fastrtps_cExport.cmake
-- Installing: /home/yjh/WorkSpace/astribot_sdk_ros2/runs/mainline_20260924/transfer_event_command_1814/native_install/share/astribot_s1_transport_native/cmake/export_astribot_s1_transport_native__rosidl_typesupport_fastrtps_cExport-release.cmake
-- Installing: /home/yjh/WorkSpace/astribot_sdk_ros2/runs/mainline_20260924/transfer_event_command_1814/native_install/share/astribot_s1_transport_native/cmake/export_astribot_s1_transport_native__rosidl_generator_cppExport.cmake
-- Installing: /home/yjh/WorkSpace/astribot_sdk_ros2/runs/mainline_20260924/transfer_event_command_1814/native_install/share/astribot_s1_transport_native/cmake/export_astribot_s1_transport_native__rosidl_typesupport_fastrtps_cppExport.cmake
-- Installing: /home/yjh/WorkSpace/astribot_sdk_ros2/runs/mainline_20260924/transfer_event_command_1814/native_install/share/astribot_s1_transport_native/cmake/export_astribot_s1_transport_native__rosidl_typesupport_fastrtps_cppExport-release.cmake
-- Installing: /home/yjh/WorkSpace/astribot_sdk_ros2/runs/mainline_20260924/transfer_event_command_1814/native_install/share/astribot_s1_transport_native/cmake/astribot_s1_transport_native__rosidl_typesupport_introspection_cExport.cmake
-- Installing: /home/yjh/WorkSpace/astribot_sdk_ros2/runs/mainline_20260924/transfer_event_command_1814/native_install/share/astribot_s1_transport_native/cmake/astribot_s1_transport_native__rosidl_typesupport_introspection_cExport-release.cmake
-- Installing: /home/yjh/WorkSpace/astribot_sdk_ros2/runs/mainline_20260924/transfer_event_command_1814/native_install/share/astribot_s1_transport_native/cmake/astribot_s1_transport_native__rosidl_typesupport_cExport.cmake
-- Installing: /home/yjh/WorkSpace/astribot_sdk_ros2/runs/mainline_20260924/transfer_event_command_1814/native_install/share/astribot_s1_transport_native/cmake/astribot_s1_transport_native__rosidl_typesupport_cExport-release.cmake
-- Installing: /home/yjh/WorkSpace/astribot_sdk_ros2/runs/mainline_20260924/transfer_event_command_1814/native_install/share/astribot_s1_transport_native/cmake/astribot_s1_transport_native__rosidl_typesupport_introspection_cppExport.cmake
-- Installing: /home/yjh/WorkSpace/astribot_sdk_ros2/runs/mainline_20260924/transfer_event_command_1814/native_install/share/astribot_s1_transport_native/cmake/astribot_s1_transport_native__rosidl_typesupport_introspection_cppExport-release.cmake
-- Installing: /home/yjh/WorkSpace/astribot_sdk_ros2/runs/mainline_20260924/transfer_event_command_1814/native_install/share/astribot_s1_transport_native/cmake/astribot_s1_transport_native__rosidl_typesupport_cppExport.cmake
-- Installing: /home/yjh/WorkSpace/astribot_sdk_ros2/runs/mainline_20260924/transfer_event_command_1814/native_install/share/astribot_s1_transport_native/cmake/astribot_s1_transport_native__rosidl_typesupport_cppExport-release.cmake
-- Installing: /home/yjh/WorkSpace/astribot_sdk_ros2/runs/mainline_20260924/transfer_event_command_1814/native_install/share/astribot_s1_transport_native/cmake/export_astribot_s1_transport_native__rosidl_generator_pyExport.cmake
-- Installing: /home/yjh/WorkSpace/astribot_sdk_ros2/runs/mainline_20260924/transfer_event_command_1814/native_install/share/astribot_s1_transport_native/cmake/export_astribot_s1_transport_native__rosidl_generator_pyExport-release.cmake
-- Installing: /home/yjh/WorkSpace/astribot_sdk_ros2/runs/mainline_20260924/transfer_event_command_1814/native_install/share/astribot_s1_transport_native/cmake/arm_hold_targetsExport.cmake
-- Installing: /home/yjh/WorkSpace/astribot_sdk_ros2/runs/mainline_20260924/transfer_event_command_1814/native_install/share/astribot_s1_transport_native/cmake/arm_hold_targetsExport-release.cmake
-- Installing: /home/yjh/WorkSpace/astribot_sdk_ros2/runs/mainline_20260924/transfer_event_command_1814/native_install/share/astribot_s1_transport_native/cmake/rosidl_cmake-extras.cmake
-- Installing: /home/yjh/WorkSpace/astribot_sdk_ros2/runs/mainline_20260924/transfer_event_command_1814/native_install/share/astribot_s1_transport_native/cmake/ament_cmake_export_dependencies-extras.cmake
-- Installing: /home/yjh/WorkSpace/astribot_sdk_ros2/runs/mainline_20260924/transfer_event_command_1814/native_install/share/astribot_s1_transport_native/cmake/ament_cmake_export_include_directories-extras.cmake
-- Installing: /home/yjh/WorkSpace/astribot_sdk_ros2/runs/mainline_20260924/transfer_event_command_1814/native_install/share/astribot_s1_transport_native/cmake/ament_cmake_export_libraries-extras.cmake
-- Installing: /home/yjh/WorkSpace/astribot_sdk_ros2/runs/mainline_20260924/transfer_event_command_1814/native_install/share/astribot_s1_transport_native/cmake/ament_cmake_export_targets-extras.cmake
-- Installing: /home/yjh/WorkSpace/astribot_sdk_ros2/runs/mainline_20260924/transfer_event_command_1814/native_install/share/astribot_s1_transport_native/cmake/rosidl_cmake_export_typesupport_targets-extras.cmake
-- Installing: /home/yjh/WorkSpace/astribot_sdk_ros2/runs/mainline_20260924/transfer_event_command_1814/native_install/share/astribot_s1_transport_native/cmake/rosidl_cmake_export_typesupport_libraries-extras.cmake
-- Installing: /home/yjh/WorkSpace/astribot_sdk_ros2/runs/mainline_20260924/transfer_event_command_1814/native_install/share/astribot_s1_transport_native/cmake/rosidl_cmake_aggregate_target-extras.cmake
-- Installing: /home/yjh/WorkSpace/astribot_sdk_ros2/runs/mainline_20260924/transfer_event_command_1814/native_install/share/astribot_s1_transport_native/cmake/astribot_s1_transport_nativeConfig.cmake
-- Installing: /home/yjh/WorkSpace/astribot_sdk_ros2/runs/mainline_20260924/transfer_event_command_1814/native_install/share/astribot_s1_transport_native/cmake/astribot_s1_transport_nativeConfig-version.cmake
-- Installing: /home/yjh/WorkSpace/astribot_sdk_ros2/runs/mainline_20260924/transfer_event_command_1814/native_install/share/astribot_s1_transport_native/package.xml
