Running main() from /opt/ros/humble/src/gtest_vendor/src/gtest_main.cc
[==========] Running 6 tests from 1 test suite.
[----------] Global test environment set-up.
[----------] 6 tests from FixedStationNavigationTest
[ RUN      ] FixedStationNavigationTest.SameLeaseLegUsesCurrentMapTransformAndPostTerminalStop
[       OK ] FixedStationNavigationTest.SameLeaseLegUsesCurrentMapTransformAndPostTerminalStop (1364 ms)
[ RUN      ] FixedStationNavigationTest.LegacyProtectionCannotReplaceControllerAndCancellationStillRequiresStop
[       OK ] FixedStationNavigationTest.LegacyProtectionCannotReplaceControllerAndCancellationStillRequiresStop (2162 ms)
[ RUN      ] FixedStationNavigationTest.CancelTargetsOnlyOwnedGoalAndTerminalDoesNotProveStopped
[       OK ] FixedStationNavigationTest.CancelTargetsOnlyOwnedGoalAndTerminalDoesNotProveStopped (2285 ms)
[ RUN      ] FixedStationNavigationTest.NonzeroSilenceCannotBeMistakenForFinalZero
[       OK ] FixedStationNavigationTest.NonzeroSilenceCannotBeMistakenForFinalZero (2525 ms)
[ RUN      ] FixedStationNavigationTest.SuccessfulTerminalWithoutObservedZeroDoesNotProveStop
[       OK ] FixedStationNavigationTest.SuccessfulTerminalWithoutObservedZeroDoesNotProveStop (2224 ms)
[ RUN      ] FixedStationNavigationTest.FinalZeroDoesNotReplaceFreshOdometry
[       OK ] FixedStationNavigationTest.FinalZeroDoesNotReplaceFreshOdometry (2445 ms)
[----------] 6 tests from FixedStationNavigationTest (13005 ms total)

[----------] Global test environment tear-down
[==========] 6 tests from 1 test suite ran. (13005 ms total)
[  PASSED  ] 6 tests.
