GEOMETRY_TIMING {"event":"tick","ros_ns":2040000000,"source_ns":0,"steady_ns":1207302205945}
GEOMETRY_TIMING {"event":"tick","ros_ns":2040000000,"source_ns":0,"steady_ns":1207302347966}
GEOMETRY_TIMING {"event":"tick","ros_ns":2060000000,"source_ns":0,"steady_ns":1207322484837}
GEOMETRY_TIMING {"event":"tick","ros_ns":2080000000,"source_ns":0,"steady_ns":1207342852625}
GEOMETRY_TIMING {"event":"tick","ros_ns":2100000000,"source_ns":0,"steady_ns":1207363299053}
GEOMETRY_TIMING {"event":"tick","ros_ns":2120000000,"source_ns":0,"steady_ns":1207383731852}
GEOMETRY_TIMING {"event":"tick","ros_ns":2140000000,"source_ns":0,"steady_ns":1207404071569}
GEOMETRY_TIMING {"event":"submit","ros_ns":2140000000,"source_ns":2140000000,"steady_ns":1207404090392}
GEOMETRY_TIMING {"event":"compute_begin","ros_ns":-1,"source_ns":2140000000,"steady_ns":1207404193807}
GEOMETRY_TIMING {"event":"tick","ros_ns":2160000000,"source_ns":0,"steady_ns":1207424544717}
GEOMETRY_TIMING {"event":"tick","ros_ns":2180000000,"source_ns":0,"steady_ns":1207445077571}
GEOMETRY_TIMING {"event":"tick","ros_ns":2200000000,"source_ns":0,"steady_ns":1207465512981}
GEOMETRY_TIMING {"event":"tick","ros_ns":2220000000,"source_ns":0,"steady_ns":1207485994241}
GEOMETRY_TIMING {"event":"tick","ros_ns":2240000000,"source_ns":0,"steady_ns":1207506396468}
GEOMETRY_TIMING {"event":"compute_end","ros_ns":-1,"source_ns":2140000000,"steady_ns":1207524424026}
GEOMETRY_TIMING {"event":"tick","ros_ns":2240000000,"source_ns":0,"steady_ns":1207525095771}
GEOMETRY_TIMING {"event":"publish","ros_ns":2240000000,"source_ns":2140000000,"steady_ns":1207525223868}
GEOMETRY_TIMING {"event":"tick","ros_ns":2260000000,"source_ns":0,"steady_ns":1207526804159}
GEOMETRY_TIMING {"event":"submit","ros_ns":2260000000,"source_ns":2260000000,"steady_ns":1207526815331}
GEOMETRY_TIMING {"event":"compute_begin","ros_ns":-1,"source_ns":2260000000,"steady_ns":1207526875837}
GEOMETRY_TIMING {"event":"tick","ros_ns":2280000000,"source_ns":0,"steady_ns":1207547171182}
GEOMETRY_TIMING {"event":"tick","ros_ns":2300000000,"source_ns":0,"steady_ns":1207567665950}
GEOMETRY_TIMING {"event":"tick","ros_ns":2320000000,"source_ns":0,"steady_ns":1207588096771}
GEOMETRY_TIMING {"event":"tick","ros_ns":2340000000,"source_ns":0,"steady_ns":1207608527832}
GEOMETRY_TIMING {"event":"tick","ros_ns":2360000000,"source_ns":0,"steady_ns":1207628934503}
GEOMETRY_TIMING {"event":"compute_end","ros_ns":-1,"source_ns":2260000000,"steady_ns":1207647077332}
GEOMETRY_TIMING {"event":"tick","ros_ns":2360000000,"source_ns":0,"steady_ns":1207647796997}
GEOMETRY_TIMING {"event":"publish","ros_ns":2360000000,"source_ns":2260000000,"steady_ns":1207647814291}
GEOMETRY_TIMING {"event":"tick","ros_ns":2380000000,"source_ns":0,"steady_ns":1207649242368}
GEOMETRY_TIMING {"event":"submit","ros_ns":2380000000,"source_ns":2380000000,"steady_ns":1207649257829}
GEOMETRY_TIMING {"event":"compute_begin","ros_ns":-1,"source_ns":2380000000,"steady_ns":1207649330253}
GEOMETRY_TIMING {"event":"tick","ros_ns":2400000000,"source_ns":0,"steady_ns":1207669656472}
GEOMETRY_TIMING {"event":"tick","ros_ns":2420000000,"source_ns":0,"steady_ns":1207690028345}
GEOMETRY_TIMING {"event":"tick","ros_ns":2440000000,"source_ns":0,"steady_ns":1207710357958}
GEOMETRY_TIMING {"event":"tick","ros_ns":2460000000,"source_ns":0,"steady_ns":1207730774996}
GEOMETRY_TIMING {"event":"tick","ros_ns":2480000000,"source_ns":0,"steady_ns":1207751192739}
GEOMETRY_TIMING {"event":"compute_end","ros_ns":-1,"source_ns":2380000000,"steady_ns":1207769494936}
GEOMETRY_TIMING {"event":"tick","ros_ns":2480000000,"source_ns":0,"steady_ns":1207770251474}
GEOMETRY_TIMING {"event":"publish","ros_ns":2480000000,"source_ns":2380000000,"steady_ns":1207770262190}
GEOMETRY_TIMING {"event":"tick","ros_ns":2500000000,"source_ns":0,"steady_ns":1207771555136}
GEOMETRY_TIMING {"event":"submit","ros_ns":2500000000,"source_ns":2500000000,"steady_ns":1207771562379}
GEOMETRY_TIMING {"event":"compute_begin","ros_ns":-1,"source_ns":2500000000,"steady_ns":1207771611890}
GEOMETRY_TIMING {"event":"tick","ros_ns":2520000000,"source_ns":0,"steady_ns":1207791934088}
GEOMETRY_TIMING {"event":"tick","ros_ns":2540000000,"source_ns":0,"steady_ns":1207812273949}
GEOMETRY_TIMING {"event":"tick","ros_ns":2560000000,"source_ns":0,"steady_ns":1207832641358}
GEOMETRY_TIMING {"event":"tick","ros_ns":2580000000,"source_ns":0,"steady_ns":1207853099977}
GEOMETRY_TIMING {"event":"tick","ros_ns":2600000000,"source_ns":0,"steady_ns":1207873440361}
GEOMETRY_TIMING {"event":"compute_end","ros_ns":-1,"source_ns":2500000000,"steady_ns":1207891821920}
GEOMETRY_TIMING {"event":"tick","ros_ns":2600000000,"source_ns":0,"steady_ns":1207892533727}
GEOMETRY_TIMING {"event":"publish","ros_ns":2600000000,"source_ns":2500000000,"steady_ns":1207892547414}
GEOMETRY_TIMING {"event":"tick","ros_ns":2620000000,"source_ns":0,"steady_ns":1207893839350}
GEOMETRY_TIMING {"event":"submit","ros_ns":2620000000,"source_ns":2620000000,"steady_ns":1207893850906}
GEOMETRY_TIMING {"event":"compute_begin","ros_ns":-1,"source_ns":2620000000,"steady_ns":1207893898537}
GEOMETRY_TIMING {"event":"tick","ros_ns":2640000000,"source_ns":0,"steady_ns":1207914142016}
GEOMETRY_TIMING {"event":"tick","ros_ns":2660000000,"source_ns":0,"steady_ns":1207934504146}
GEOMETRY_TIMING {"event":"tick","ros_ns":2680000000,"source_ns":0,"steady_ns":1207954882791}
GEOMETRY_TIMING {"event":"tick","ros_ns":2700000000,"source_ns":0,"steady_ns":1207975278847}
GEOMETRY_TIMING {"event":"tick","ros_ns":2720000000,"source_ns":0,"steady_ns":1207995710551}
GEOMETRY_TIMING {"event":"compute_end","ros_ns":-1,"source_ns":2620000000,"steady_ns":1208014097402}
GEOMETRY_TIMING {"event":"tick","ros_ns":2720000000,"source_ns":0,"steady_ns":1208014825524}
GEOMETRY_TIMING {"event":"publish","ros_ns":2720000000,"source_ns":2620000000,"steady_ns":1208014841895}
GEOMETRY_TIMING {"event":"tick","ros_ns":2740000000,"source_ns":0,"steady_ns":1208016081801}
GEOMETRY_TIMING {"event":"submit","ros_ns":2740000000,"source_ns":2740000000,"steady_ns":1208016092642}
GEOMETRY_TIMING {"event":"compute_begin","ros_ns":-1,"source_ns":2740000000,"steady_ns":1208016150479}
GEOMETRY_TIMING {"event":"tick","ros_ns":2760000000,"source_ns":0,"steady_ns":1208036527371}
GEOMETRY_TIMING {"event":"tick","ros_ns":2780000000,"source_ns":0,"steady_ns":1208056861892}
GEOMETRY_TIMING {"event":"tick","ros_ns":2800000000,"source_ns":0,"steady_ns":1208077262566}
GEOMETRY_TIMING {"event":"tick","ros_ns":2820000000,"source_ns":0,"steady_ns":1208097593815}
GEOMETRY_TIMING {"event":"tick","ros_ns":2840000000,"source_ns":0,"steady_ns":1208118086648}
GEOMETRY_TIMING {"event":"compute_end","ros_ns":-1,"source_ns":2740000000,"steady_ns":1208136359130}
GEOMETRY_TIMING {"event":"tick","ros_ns":2840000000,"source_ns":0,"steady_ns":1208137083292}
GEOMETRY_TIMING {"event":"publish","ros_ns":2840000000,"source_ns":2740000000,"steady_ns":1208137224088}
GEOMETRY_TIMING {"event":"tick","ros_ns":2860000000,"source_ns":0,"steady_ns":1208139643653}
GEOMETRY_TIMING {"event":"submit","ros_ns":2860000000,"source_ns":2860000000,"steady_ns":1208139657097}
GEOMETRY_TIMING {"event":"compute_begin","ros_ns":-1,"source_ns":2860000000,"steady_ns":1208139734149}
GEOMETRY_TIMING {"event":"tick","ros_ns":2880000000,"source_ns":0,"steady_ns":1208160127477}
GEOMETRY_TIMING {"event":"tick","ros_ns":2900000000,"source_ns":0,"steady_ns":1208180437899}
GEOMETRY_TIMING {"event":"tick","ros_ns":2920000000,"source_ns":0,"steady_ns":1208200780719}
GEOMETRY_TIMING {"event":"tick","ros_ns":2940000000,"source_ns":0,"steady_ns":1208221146450}
GEOMETRY_TIMING {"event":"tick","ros_ns":2960000000,"source_ns":0,"steady_ns":1208241522916}
GEOMETRY_TIMING {"event":"compute_end","ros_ns":-1,"source_ns":2860000000,"steady_ns":1208259944016}
GEOMETRY_TIMING {"event":"tick","ros_ns":2960000000,"source_ns":0,"steady_ns":1208260671020}
GEOMETRY_TIMING {"event":"publish","ros_ns":2960000000,"source_ns":2860000000,"steady_ns":1208260688897}
GEOMETRY_TIMING {"event":"tick","ros_ns":2980000000,"source_ns":0,"steady_ns":1208262013969}
GEOMETRY_TIMING {"event":"submit","ros_ns":2980000000,"source_ns":2980000000,"steady_ns":1208262030425}
GEOMETRY_TIMING {"event":"compute_begin","ros_ns":-1,"source_ns":2980000000,"steady_ns":1208262102595}
GEOMETRY_TIMING {"event":"tick","ros_ns":3000000000,"source_ns":0,"steady_ns":1208282401140}
GEOMETRY_TIMING {"event":"tick","ros_ns":3020000000,"source_ns":0,"steady_ns":1208302819748}
GEOMETRY_TIMING {"event":"tick","ros_ns":3040000000,"source_ns":0,"steady_ns":1208323182017}
GEOMETRY_TIMING {"event":"tick","ros_ns":3060000000,"source_ns":0,"steady_ns":1208343735977}
GEOMETRY_TIMING {"event":"tick","ros_ns":3080000000,"source_ns":0,"steady_ns":1208364164852}
GEOMETRY_TIMING {"event":"compute_end","ros_ns":-1,"source_ns":2980000000,"steady_ns":1208382298105}
GEOMETRY_TIMING {"event":"tick","ros_ns":3080000000,"source_ns":0,"steady_ns":1208383028350}
GEOMETRY_TIMING {"event":"publish","ros_ns":3080000000,"source_ns":2980000000,"steady_ns":1208383046696}
GEOMETRY_TIMING {"event":"tick","ros_ns":3100000000,"source_ns":0,"steady_ns":1208384625085}
GEOMETRY_TIMING {"event":"submit","ros_ns":3100000000,"source_ns":3100000000,"steady_ns":1208384637444}
GEOMETRY_TIMING {"event":"compute_begin","ros_ns":-1,"source_ns":3100000000,"steady_ns":1208384712263}
GEOMETRY_TIMING {"event":"tick","ros_ns":3120000000,"source_ns":0,"steady_ns":1208404999819}
GEOMETRY_TIMING {"event":"tick","ros_ns":3140000000,"source_ns":0,"steady_ns":1208425366334}
GEOMETRY_TIMING {"event":"tick","ros_ns":3160000000,"source_ns":0,"steady_ns":1208445828676}
GEOMETRY_TIMING {"event":"tick","ros_ns":3180000000,"source_ns":0,"steady_ns":1208466111816}
GEOMETRY_TIMING {"event":"tick","ros_ns":3200000000,"source_ns":0,"steady_ns":1208486447565}
GEOMETRY_TIMING {"event":"compute_end","ros_ns":-1,"source_ns":3100000000,"steady_ns":1208504917159}
GEOMETRY_TIMING {"event":"tick","ros_ns":3200000000,"source_ns":0,"steady_ns":1208505652196}
GEOMETRY_TIMING {"event":"publish","ros_ns":3200000000,"source_ns":3100000000,"steady_ns":1208505669889}
GEOMETRY_TIMING {"event":"tick","ros_ns":3220000000,"source_ns":0,"steady_ns":1208506769863}
GEOMETRY_TIMING {"event":"submit","ros_ns":3220000000,"source_ns":3220000000,"steady_ns":1208506782292}
GEOMETRY_TIMING {"event":"compute_begin","ros_ns":-1,"source_ns":3220000000,"steady_ns":1208506849027}
GEOMETRY_TIMING {"event":"tick","ros_ns":3240000000,"source_ns":0,"steady_ns":1208527188795}
GEOMETRY_TIMING {"event":"tick","ros_ns":3260000000,"source_ns":0,"steady_ns":1208547548983}
GEOMETRY_TIMING {"event":"tick","ros_ns":3280000000,"source_ns":0,"steady_ns":1208567974021}
GEOMETRY_TIMING {"event":"tick","ros_ns":3300000000,"source_ns":0,"steady_ns":1208588335728}
GEOMETRY_TIMING {"event":"tick","ros_ns":3320000000,"source_ns":0,"steady_ns":1208608637704}
GEOMETRY_TIMING {"event":"compute_end","ros_ns":-1,"source_ns":3220000000,"steady_ns":1208627037306}
GEOMETRY_TIMING {"event":"tick","ros_ns":3320000000,"source_ns":0,"steady_ns":1208627778420}
GEOMETRY_TIMING {"event":"publish","ros_ns":3320000000,"source_ns":3220000000,"steady_ns":1208627794019}
GEOMETRY_TIMING {"event":"tick","ros_ns":3340000000,"source_ns":0,"steady_ns":1208628983305}
GEOMETRY_TIMING {"event":"submit","ros_ns":3340000000,"source_ns":3340000000,"steady_ns":1208628994083}
GEOMETRY_TIMING {"event":"compute_begin","ros_ns":-1,"source_ns":3340000000,"steady_ns":1208629055630}
GEOMETRY_TIMING {"event":"tick","ros_ns":3360000000,"source_ns":0,"steady_ns":1208649335743}
GEOMETRY_TIMING {"event":"tick","ros_ns":3380000000,"source_ns":0,"steady_ns":1208669639577}
GEOMETRY_TIMING {"event":"tick","ros_ns":3400000000,"source_ns":0,"steady_ns":1208690118765}
GEOMETRY_TIMING {"event":"tick","ros_ns":3420000000,"source_ns":0,"steady_ns":1208710353824}
GEOMETRY_TIMING {"event":"tick","ros_ns":3440000000,"source_ns":0,"steady_ns":1208730689011}
GEOMETRY_TIMING {"event":"compute_end","ros_ns":-1,"source_ns":3340000000,"steady_ns":1208749261281}
GEOMETRY_TIMING {"event":"tick","ros_ns":3440000000,"source_ns":0,"steady_ns":1208749986266}
GEOMETRY_TIMING {"event":"publish","ros_ns":3440000000,"source_ns":3340000000,"steady_ns":1208750135645}
GEOMETRY_TIMING {"event":"tick","ros_ns":3460000000,"source_ns":0,"steady_ns":1208750975771}
GEOMETRY_TIMING {"event":"submit","ros_ns":3460000000,"source_ns":3460000000,"steady_ns":1208751004299}
GEOMETRY_TIMING {"event":"compute_begin","ros_ns":-1,"source_ns":3460000000,"steady_ns":1208751064026}
GEOMETRY_TIMING {"event":"tick","ros_ns":3480000000,"source_ns":0,"steady_ns":1208771362255}
GEOMETRY_TIMING {"event":"tick","ros_ns":3500000000,"source_ns":0,"steady_ns":1208791692131}
GEOMETRY_TIMING {"event":"tick","ros_ns":3520000000,"source_ns":0,"steady_ns":1208812083220}
GEOMETRY_TIMING {"event":"tick","ros_ns":3540000000,"source_ns":0,"steady_ns":1208832480233}
GEOMETRY_TIMING {"event":"tick","ros_ns":3560000000,"source_ns":0,"steady_ns":1208853098560}
GEOMETRY_TIMING {"event":"compute_end","ros_ns":-1,"source_ns":3460000000,"steady_ns":1208871268458}
GEOMETRY_TIMING {"event":"tick","ros_ns":3560000000,"source_ns":0,"steady_ns":1208871994824}
GEOMETRY_TIMING {"event":"publish","ros_ns":3560000000,"source_ns":3460000000,"steady_ns":1208872022549}
GEOMETRY_TIMING {"event":"tick","ros_ns":3580000000,"source_ns":0,"steady_ns":1208873499129}
GEOMETRY_TIMING {"event":"submit","ros_ns":3580000000,"source_ns":3580000000,"steady_ns":1208873513871}
GEOMETRY_TIMING {"event":"compute_begin","ros_ns":-1,"source_ns":3580000000,"steady_ns":1208873568301}
GEOMETRY_TIMING {"event":"tick","ros_ns":3600000000,"source_ns":0,"steady_ns":1208893878705}
GEOMETRY_TIMING {"event":"tick","ros_ns":3620000000,"source_ns":0,"steady_ns":1208914237994}
GEOMETRY_TIMING {"event":"tick","ros_ns":3640000000,"source_ns":0,"steady_ns":1208934720189}
GEOMETRY_TIMING {"event":"tick","ros_ns":3660000000,"source_ns":0,"steady_ns":1208955186671}
GEOMETRY_TIMING {"event":"tick","ros_ns":3680000000,"source_ns":0,"steady_ns":1208975680373}
GEOMETRY_TIMING {"event":"compute_end","ros_ns":-1,"source_ns":3580000000,"steady_ns":1208993777271}
GEOMETRY_TIMING {"event":"tick","ros_ns":3680000000,"source_ns":0,"steady_ns":1208994510639}
GEOMETRY_TIMING {"event":"publish","ros_ns":3680000000,"source_ns":3580000000,"steady_ns":1208994529605}
GEOMETRY_TIMING {"event":"tick","ros_ns":3700000000,"source_ns":0,"steady_ns":1208996162992}
GEOMETRY_TIMING {"event":"submit","ros_ns":3700000000,"source_ns":3700000000,"steady_ns":1208996173943}
GEOMETRY_TIMING {"event":"compute_begin","ros_ns":-1,"source_ns":3700000000,"steady_ns":1208996219437}
GEOMETRY_TIMING {"event":"tick","ros_ns":3720000000,"source_ns":0,"steady_ns":1209016678742}
GEOMETRY_TIMING {"event":"tick","ros_ns":3740000000,"source_ns":0,"steady_ns":1209037174935}
GEOMETRY_TIMING {"event":"tick","ros_ns":3760000000,"source_ns":0,"steady_ns":1209057519572}
GEOMETRY_TIMING {"event":"tick","ros_ns":3780000000,"source_ns":0,"steady_ns":1209077949140}
GEOMETRY_TIMING {"event":"tick","ros_ns":3800000000,"source_ns":0,"steady_ns":1209098421400}
GEOMETRY_TIMING {"event":"compute_end","ros_ns":-1,"source_ns":3700000000,"steady_ns":1209116420578}
GEOMETRY_TIMING {"event":"tick","ros_ns":3800000000,"source_ns":0,"steady_ns":1209117161050}
GEOMETRY_TIMING {"event":"publish","ros_ns":3800000000,"source_ns":3700000000,"steady_ns":1209117178584}
GEOMETRY_TIMING {"event":"tick","ros_ns":3820000000,"source_ns":0,"steady_ns":1209118901836}
GEOMETRY_TIMING {"event":"submit","ros_ns":3820000000,"source_ns":3820000000,"steady_ns":1209118914533}
GEOMETRY_TIMING {"event":"compute_begin","ros_ns":-1,"source_ns":3820000000,"steady_ns":1209118973691}
GEOMETRY_TIMING {"event":"tick","ros_ns":3840000000,"source_ns":0,"steady_ns":1209139512304}
GEOMETRY_TIMING {"event":"tick","ros_ns":3860000000,"source_ns":0,"steady_ns":1209159989879}
GEOMETRY_TIMING {"event":"tick","ros_ns":3880000000,"source_ns":0,"steady_ns":1209180328174}
GEOMETRY_TIMING {"event":"tick","ros_ns":3900000000,"source_ns":0,"steady_ns":1209200677529}
GEOMETRY_TIMING {"event":"tick","ros_ns":3920000000,"source_ns":0,"steady_ns":1209221156487}
GEOMETRY_TIMING {"event":"compute_end","ros_ns":-1,"source_ns":3820000000,"steady_ns":1209239154758}
GEOMETRY_TIMING {"event":"tick","ros_ns":3920000000,"source_ns":0,"steady_ns":1209239905315}
GEOMETRY_TIMING {"event":"publish","ros_ns":3920000000,"source_ns":3820000000,"steady_ns":1209239951874}
GEOMETRY_TIMING {"event":"tick","ros_ns":3940000000,"source_ns":0,"steady_ns":1209241777163}
GEOMETRY_TIMING {"event":"submit","ros_ns":3940000000,"source_ns":3940000000,"steady_ns":1209241788917}
GEOMETRY_TIMING {"event":"compute_begin","ros_ns":-1,"source_ns":3940000000,"steady_ns":1209241838774}
GEOMETRY_TIMING {"event":"tick","ros_ns":3960000000,"source_ns":0,"steady_ns":1209262245176}
GEOMETRY_TIMING {"event":"tick","ros_ns":3980000000,"source_ns":0,"steady_ns":1209282783313}
GEOMETRY_TIMING {"event":"tick","ros_ns":4000000000,"source_ns":0,"steady_ns":1209303143924}
GEOMETRY_TIMING {"event":"tick","ros_ns":4020000000,"source_ns":0,"steady_ns":1209323473904}
GEOMETRY_TIMING {"event":"tick","ros_ns":4040000000,"source_ns":0,"steady_ns":1209343914159}
GEOMETRY_TIMING {"event":"compute_end","ros_ns":-1,"source_ns":3940000000,"steady_ns":1209362048625}
GEOMETRY_TIMING {"event":"tick","ros_ns":4040000000,"source_ns":0,"steady_ns":1209362769988}
GEOMETRY_TIMING {"event":"publish","ros_ns":4040000000,"source_ns":3940000000,"steady_ns":1209362915769}
GEOMETRY_TIMING {"event":"tick","ros_ns":4060000000,"source_ns":0,"steady_ns":1209364417266}
GEOMETRY_TIMING {"event":"submit","ros_ns":4060000000,"source_ns":4060000000,"steady_ns":1209364431477}
GEOMETRY_TIMING {"event":"compute_begin","ros_ns":-1,"source_ns":4060000000,"steady_ns":1209364482496}
GEOMETRY_TIMING {"event":"tick","ros_ns":4080000000,"source_ns":0,"steady_ns":1209384917881}
GEOMETRY_TIMING {"event":"tick","ros_ns":4100000000,"source_ns":0,"steady_ns":1209405435878}
GEOMETRY_TIMING {"event":"tick","ros_ns":4120000000,"source_ns":0,"steady_ns":1209425876533}
GEOMETRY_TIMING {"event":"tick","ros_ns":4140000000,"source_ns":0,"steady_ns":1209446281800}
GEOMETRY_TIMING {"event":"tick","ros_ns":4160000000,"source_ns":0,"steady_ns":1209466688532}
GEOMETRY_TIMING {"event":"compute_end","ros_ns":-1,"source_ns":4060000000,"steady_ns":1209484682059}
GEOMETRY_TIMING {"event":"tick","ros_ns":4160000000,"source_ns":0,"steady_ns":1209485422099}
GEOMETRY_TIMING {"event":"publish","ros_ns":4160000000,"source_ns":4060000000,"steady_ns":1209485436512}
GEOMETRY_TIMING {"event":"tick","ros_ns":4180000000,"source_ns":0,"steady_ns":1209487096125}
GEOMETRY_TIMING {"event":"submit","ros_ns":4180000000,"source_ns":4180000000,"steady_ns":1209487110137}
GEOMETRY_TIMING {"event":"compute_begin","ros_ns":-1,"source_ns":4180000000,"steady_ns":1209487165644}
GEOMETRY_TIMING {"event":"tick","ros_ns":4200000000,"source_ns":0,"steady_ns":1209507453157}
GEOMETRY_TIMING {"event":"tick","ros_ns":4220000000,"source_ns":0,"steady_ns":1209528139478}
GEOMETRY_TIMING {"event":"tick","ros_ns":4240000000,"source_ns":0,"steady_ns":1209548887921}
GEOMETRY_TIMING {"event":"tick","ros_ns":4260000000,"source_ns":0,"steady_ns":1209569914899}
GEOMETRY_TIMING {"event":"tick","ros_ns":4280000000,"source_ns":0,"steady_ns":1209591014302}
GEOMETRY_TIMING {"event":"compute_end","ros_ns":-1,"source_ns":4180000000,"steady_ns":1209607321016}
GEOMETRY_TIMING {"event":"tick","ros_ns":4280000000,"source_ns":0,"steady_ns":1209608103173}
GEOMETRY_TIMING {"event":"publish","ros_ns":4280000000,"source_ns":4180000000,"steady_ns":1209608116681}
GEOMETRY_TIMING {"event":"tick","ros_ns":4300000000,"source_ns":0,"steady_ns":1209611966176}
GEOMETRY_TIMING {"event":"submit","ros_ns":4300000000,"source_ns":4300000000,"steady_ns":1209611979141}
GEOMETRY_TIMING {"event":"compute_begin","ros_ns":-1,"source_ns":4300000000,"steady_ns":1209612047107}
GEOMETRY_TIMING {"event":"compute_end","ros_ns":-1,"source_ns":4300000000,"steady_ns":1209732255127}
GEOMETRY_TIMING {"event":"tick","ros_ns":4200000000,"source_ns":0,"steady_ns":1209732971029}
[INFO] [1789977114.496349754] [rclcpp]: signal_handler(SIGINT/SIGTERM)
