test_expired_positive_becomes_hold_and_resets_clear_confirmation (test_policy_publication_guard.GuardSeamTest) ... FAIL
test_frozen_evidence_and_final_time_are_passed_to_cpp (test_policy_publication_guard.GuardSeamTest) ... FAIL
test_mismatched_source_epoch_is_not_current_evidence (test_policy_publication_guard.GuardSeamTest) ... FAIL
test_missing_required_source_never_uses_empty_as_valid (test_policy_publication_guard.GuardSeamTest) ... FAIL
test_prior_hold_retains_reason_and_cannot_be_upgraded (test_policy_publication_guard.GuardSeamTest) ... FAIL

======================================================================
FAIL: test_expired_positive_becomes_hold_and_resets_clear_confirmation (test_policy_publication_guard.GuardSeamTest)
----------------------------------------------------------------------
Traceback (most recent call last):
  File "/home/yjh/WorkSpace/astribot_sdk_ros2/tools/sim/test_policy_publication_guard.py", line 25, in setUp
    self.assertIsNotNone(fn,'publication gate seam missing')
AssertionError: unexpectedly None : publication gate seam missing

======================================================================
FAIL: test_frozen_evidence_and_final_time_are_passed_to_cpp (test_policy_publication_guard.GuardSeamTest)
----------------------------------------------------------------------
Traceback (most recent call last):
  File "/home/yjh/WorkSpace/astribot_sdk_ros2/tools/sim/test_policy_publication_guard.py", line 25, in setUp
    self.assertIsNotNone(fn,'publication gate seam missing')
AssertionError: unexpectedly None : publication gate seam missing

======================================================================
FAIL: test_mismatched_source_epoch_is_not_current_evidence (test_policy_publication_guard.GuardSeamTest)
----------------------------------------------------------------------
Traceback (most recent call last):
  File "/home/yjh/WorkSpace/astribot_sdk_ros2/tools/sim/test_policy_publication_guard.py", line 25, in setUp
    self.assertIsNotNone(fn,'publication gate seam missing')
AssertionError: unexpectedly None : publication gate seam missing

======================================================================
FAIL: test_missing_required_source_never_uses_empty_as_valid (test_policy_publication_guard.GuardSeamTest)
----------------------------------------------------------------------
Traceback (most recent call last):
  File "/home/yjh/WorkSpace/astribot_sdk_ros2/tools/sim/test_policy_publication_guard.py", line 25, in setUp
    self.assertIsNotNone(fn,'publication gate seam missing')
AssertionError: unexpectedly None : publication gate seam missing

======================================================================
FAIL: test_prior_hold_retains_reason_and_cannot_be_upgraded (test_policy_publication_guard.GuardSeamTest)
----------------------------------------------------------------------
Traceback (most recent call last):
  File "/home/yjh/WorkSpace/astribot_sdk_ros2/tools/sim/test_policy_publication_guard.py", line 25, in setUp
    self.assertIsNotNone(fn,'publication gate seam missing')
AssertionError: unexpectedly None : publication gate seam missing

----------------------------------------------------------------------
Ran 5 tests in 0.006s

FAILED (failures=5)
