Consolidate compiler generated dependencies of target astribot_s1_transport_native__rosidl_generator_c
[  1%] Built target astribot_s1_transport_native__rs
[  7%] Built target astribot_s1_transport_native__rosidl_generator_c
[  8%] Built target astribot_s1_transport_native__cpp
[  8%] Building CXX object CMakeFiles/arm_hold_core.dir/src/arm_hold.cpp.o
[  8%] Built target ament_cmake_python_copy_astribot_s1_transport_native
[  9%] Building CXX object CMakeFiles/arm_hold_core.dir/src/resource_authority.cpp.o
[ 10%] Building CXX object CMakeFiles/arm_hold_core.dir/src/child_actions.cpp.o
[ 11%] Building CXX object CMakeFiles/arm_hold_core.dir/src/resource_journal.cpp.o
[ 12%] Building CXX object CMakeFiles/arm_hold_core.dir/src/mtc_plan.cpp.o
[ 13%] Building CXX object CMakeFiles/arm_hold_core.dir/src/payload_command.cpp.o
Consolidate compiler generated dependencies of target trajectory_scene_binding
[ 14%] Building CXX object CMakeFiles/trajectory_scene_binding.dir/src/scene_binding.cpp.o
[ 14%] Linking CXX shared library libarm_hold_core.so
[ 14%] Built target arm_hold_core
Consolidate compiler generated dependencies of target fixed_station_navigation
[ 15%] Built target fixed_station_navigation
Consolidate compiler generated dependencies of target gtest_main
[ 17%] Built target gtest_main
Consolidate compiler generated dependencies of target gtest
[ 19%] Built target gtest
[ 20%] Building CXX object CMakeFiles/full_physical_fixture.dir/test/full_physical_fixture.cpp.o
[ 21%] Linking CXX static library libtrajectory_scene_binding.a
[ 21%] Built target trajectory_scene_binding
[ 22%] Building CXX object CMakeFiles/payload_command_test.dir/test/payload_command_test.cpp.o
[ 23%] Linking CXX executable payload_command_test
[ 23%] Built target payload_command_test
[ 24%] Building CXX object CMakeFiles/mtc_plan_test.dir/test/mtc_plan_test.cpp.o
[ 25%] Linking CXX executable mtc_plan_test
[ 25%] Built target mtc_plan_test
[ 26%] Building CXX object CMakeFiles/scene_binding_test.dir/test/scene_binding_test.cpp.o
[ 27%] Linking CXX executable scene_binding_test
[ 27%] Built target scene_binding_test
[ 28%] Building CXX object CMakeFiles/resource_authority_test.dir/test/resource_authority_test.cpp.o
[ 29%] Linking CXX executable full_physical_fixture
[ 29%] Built target full_physical_fixture
[ 30%] Linking CXX executable resource_authority_test
[ 31%] Building CXX object CMakeFiles/child_actions_test.dir/test/child_actions_test.cpp.o
[ 31%] Built target resource_authority_test
[ 32%] Building CXX object CMakeFiles/resource_journal_test.dir/test/resource_journal_test.cpp.o
[ 33%] Linking CXX executable child_actions_test
[ 33%] Built target child_actions_test
[ 34%] Building CXX object CMakeFiles/arm_hold_test.dir/test/arm_hold_test.cpp.o
/home/yjh/WorkSpace/astribot_sdk_ros2/ws_robot/src/astribot_s1_transport_native/test/resource_journal_test.cpp: In member function ‘virtual void JournalTest_SymlinkAndLegacyCheckpointDenyStartup_Test::TestBody()’:
/home/yjh/WorkSpace/astribot_sdk_ros2/ws_robot/src/astribot_s1_transport_native/test/resource_journal_test.cpp:30:43: warning: ignoring return value of ‘int symlink(const char*, const char*)’ declared with attribute ‘warn_unused_result’ [-Wunused-result]
   30 |  {std::ofstream f(path+"/target");}symlink((path+"/target").c_str(),(path+"/lock").c_str());
      |                                    ~~~~~~~^~~~~~~~~~~~~~~~~~~~~~~~~~~~~~~~~~~~~~~~~~~~~~~~~
[ 35%] Linking CXX executable arm_hold_test
[ 35%] Built target arm_hold_test
Consolidate compiler generated dependencies of target astribot_s1_transport_native__rosidl_typesupport_fastrtps_c
[ 41%] Built target astribot_s1_transport_native__rosidl_typesupport_fastrtps_c
Consolidate compiler generated dependencies of target astribot_s1_transport_native__rosidl_typesupport_fastrtps_cpp
[ 47%] Built target astribot_s1_transport_native__rosidl_typesupport_fastrtps_cpp
Consolidate compiler generated dependencies of target astribot_s1_transport_native__rosidl_typesupport_introspection_c
[ 53%] Built target astribot_s1_transport_native__rosidl_typesupport_introspection_c
[ 53%] Linking CXX executable resource_journal_test
Consolidate compiler generated dependencies of target astribot_s1_transport_native__rosidl_typesupport_c
[ 59%] Built target astribot_s1_transport_native__rosidl_typesupport_c
Consolidate compiler generated dependencies of target astribot_s1_transport_native__rosidl_typesupport_introspection_cpp
[ 65%] Built target astribot_s1_transport_native__rosidl_typesupport_introspection_cpp
Consolidate compiler generated dependencies of target astribot_s1_transport_native__rosidl_typesupport_cpp
[ 71%] Built target astribot_s1_transport_native__rosidl_typesupport_cpp
[ 71%] Built target resource_journal_test
[ 72%] Building CXX object CMakeFiles/payload_client.dir/src/payload_client.cpp.o
running egg_info
creating astribot_s1_transport_native.egg-info
writing astribot_s1_transport_native.egg-info/PKG-INFO
writing dependency_links to astribot_s1_transport_native.egg-info/dependency_links.txt
writing top-level names to astribot_s1_transport_native.egg-info/top_level.txt
writing manifest file 'astribot_s1_transport_native.egg-info/SOURCES.txt'
reading manifest file 'astribot_s1_transport_native.egg-info/SOURCES.txt'
writing manifest file 'astribot_s1_transport_native.egg-info/SOURCES.txt'
[ 72%] Built target ament_cmake_python_build_astribot_s1_transport_native_egg
[ 73%] Building CXX object CMakeFiles/payload_frames.dir/src/payload_frames.cpp.o
[ 74%] Linking CXX shared library libpayload_frames.so
[ 74%] Built target payload_frames
[ 74%] Building CXX object CMakeFiles/hold_executor.dir/src/hold_executor.cpp.o
[ 75%] Linking CXX shared library libpayload_client.so
[ 75%] Built target payload_client
[ 75%] Building CXX object CMakeFiles/payload_scene.dir/src/payload_scene.cpp.o
[ 76%] Linking CXX shared library libpayload_scene.so
[ 76%] Built target payload_scene
Consolidate compiler generated dependencies of target fixed_station_scene
[ 77%] Linking CXX shared library libfixed_station_scene.so
[ 78%] Built target fixed_station_scene
Consolidate compiler generated dependencies of target fixed_station_navigation_test
[ 80%] Built target fixed_station_navigation_test
[ 81%] Building CXX object CMakeFiles/payload_client_test.dir/test/payload_client_test.cpp.o
[ 81%] Linking CXX executable payload_client_test
[ 81%] Built target payload_client_test
[ 82%] Building CXX object CMakeFiles/payload_frames_test.dir/test/payload_frames_test.cpp.o
[ 83%] Linking CXX executable hold_executor
[ 83%] Built target hold_executor
[ 84%] Building CXX object CMakeFiles/payload_scene_test.dir/test/payload_scene_test.cpp.o
[ 85%] Linking CXX executable payload_frames_test
[ 85%] Built target payload_frames_test
[ 85%] Built target astribot_s1_transport_native
[ 86%] Building CXX object CMakeFiles/trajectory_executor.dir/src/hold_executor.cpp.o
[ 87%] Linking CXX executable payload_scene_test
[ 87%] Built target payload_scene_test
Consolidate compiler generated dependencies of target fixed_station_scene_test
[ 87%] Linking CXX executable fixed_station_scene_test
[ 88%] Built target fixed_station_scene_test
[ 89%] Built target astribot_s1_transport_native__py
Consolidate compiler generated dependencies of target astribot_s1_transport_native__rosidl_generator_py
[ 94%] Built target astribot_s1_transport_native__rosidl_generator_py
[ 95%] Building C object CMakeFiles/astribot_s1_transport_native__rosidl_typesupport_fastrtps_c__pyext.dir/rosidl_generator_py/astribot_s1_transport_native/_astribot_s1_transport_native_s.ep.rosidl_typesupport_fastrtps_c.c.o
[ 95%] Linking C shared library rosidl_generator_py/astribot_s1_transport_native/astribot_s1_transport_native_s__rosidl_typesupport_fastrtps_c.cpython-310-x86_64-linux-gnu.so
[ 95%] Built target astribot_s1_transport_native__rosidl_typesupport_fastrtps_c__pyext
[ 96%] Building C object CMakeFiles/astribot_s1_transport_native__rosidl_typesupport_introspection_c__pyext.dir/rosidl_generator_py/astribot_s1_transport_native/_astribot_s1_transport_native_s.ep.rosidl_typesupport_introspection_c.c.o
[ 97%] Linking C shared library rosidl_generator_py/astribot_s1_transport_native/astribot_s1_transport_native_s__rosidl_typesupport_introspection_c.cpython-310-x86_64-linux-gnu.so
[ 97%] Built target astribot_s1_transport_native__rosidl_typesupport_introspection_c__pyext
[ 98%] Building C object CMakeFiles/astribot_s1_transport_native__rosidl_typesupport_c__pyext.dir/rosidl_generator_py/astribot_s1_transport_native/_astribot_s1_transport_native_s.ep.rosidl_typesupport_c.c.o
[ 99%] Linking C shared library rosidl_generator_py/astribot_s1_transport_native/astribot_s1_transport_native_s__rosidl_typesupport_c.cpython-310-x86_64-linux-gnu.so
[ 99%] Built target astribot_s1_transport_native__rosidl_typesupport_c__pyext
/home/yjh/WorkSpace/astribot_sdk_ros2/ws_robot/src/astribot_s1_transport_native/src/hold_executor.cpp: In member function ‘void astribot::transport::HoldExecutor::validate_transfer_goal(const Goal&)’:
/home/yjh/WorkSpace/astribot_sdk_ros2/ws_robot/src/astribot_s1_transport_native/src/hold_executor.cpp:291:3: warning: this ‘for’ clause does not guard... [-Wmisleading-indentation]
  291 |   for(const auto &target:goal.pick_exit_targets)pose(target);for(const auto &target:goal.place_exit_targets)pose(target);
      |   ^~~
/home/yjh/WorkSpace/astribot_sdk_ros2/ws_robot/src/astribot_s1_transport_native/src/hold_executor.cpp:291:62: note: ...this statement, but the latter is misleadingly indented as if it were guarded by the ‘for’
  291 |   for(const auto &target:goal.pick_exit_targets)pose(target);for(const auto &target:goal.place_exit_targets)pose(target);
      |                                                              ^~~
/home/yjh/WorkSpace/astribot_sdk_ros2/ws_robot/src/astribot_s1_transport_native/src/hold_executor.cpp: In lambda function:
/home/yjh/WorkSpace/astribot_sdk_ros2/ws_robot/src/astribot_s1_transport_native/src/hold_executor.cpp:337:176: error: ‘class rclcpp::Time’ has no member named ‘to_msg’
  337 |     auto convert=[&](const geometry_msgs::msg::PoseStamped &target){auto converted=target;converted.header.frame_id=payload_base_;converted.header.stamp=rclcpp::Time(capture).to_msg();converted.pose=fixed_station_target_in_base(target.pose,*world_base);return converted;};
      |                                                                                                                                                                                ^~~~~~
/home/yjh/WorkSpace/astribot_sdk_ros2/ws_robot/src/astribot_s1_transport_native/src/hold_executor.cpp: In member function ‘void astribot::transport::HoldExecutor::advance_transfer(int64_t, int64_t)’:
/home/yjh/WorkSpace/astribot_sdk_ros2/ws_robot/src/astribot_s1_transport_native/src/hold_executor.cpp:435:4: warning: this ‘if’ clause does not guard... [-Wmisleading-indentation]
  435 |    if(navigation_revoked(ros,steady))prepare_station_scene();return;
      |    ^~
/home/yjh/WorkSpace/astribot_sdk_ros2/ws_robot/src/astribot_s1_transport_native/src/hold_executor.cpp:435:62: note: ...this statement, but the latter is misleadingly indented as if it were guarded by the ‘if’
  435 |    if(navigation_revoked(ros,steady))prepare_station_scene();return;
      |                                                              ^~~~~~
gmake[2]: *** [CMakeFiles/trajectory_executor.dir/build.make:76：CMakeFiles/trajectory_executor.dir/src/hold_executor.cpp.o] 错误 1
gmake[1]: *** [CMakeFiles/Makefile2:890：CMakeFiles/trajectory_executor.dir/all] 错误 2
gmake: *** [Makefile:146：all] 错误 2
