	linux-vdso.so.1 (0x00007ffd071f3000)
	libeagleaudithook.so => /usr/lib/x86_64-linux-gnu/eagleaudit/libeagleaudithook.so (0x0000716de3e00000)
	libpayload_client.so => /home/yjh/WorkSpace/astribot_sdk_ros2/runs/mainline_20260924/transfer_station_binding_1841/native_install/lib/libpayload_client.so (0x0000716de4641000)
	libpayload_frames.so => /home/yjh/WorkSpace/astribot_sdk_ros2/runs/mainline_20260924/transfer_station_binding_1841/native_install/lib/libpayload_frames.so (0x0000716de4637000)
	libpayload_scene.so => /home/yjh/WorkSpace/astribot_sdk_ros2/runs/mainline_20260924/transfer_station_binding_1841/native_install/lib/libpayload_scene.so (0x0000716de45f8000)
	libfixed_station_scene.so => /home/yjh/WorkSpace/astribot_sdk_ros2/runs/mainline_20260924/transfer_station_binding_1841/native_install/lib/libfixed_station_scene.so (0x0000716de45ba000)
	libfixed_station_navigation.so => /home/yjh/WorkSpace/astribot_sdk_ros2/runs/mainline_20260924/transfer_station_binding_1841/native_install/lib/libfixed_station_navigation.so (0x0000716de3c06000)
	libastribot_s1_transport_native__rosidl_typesupport_cpp.so => /home/yjh/WorkSpace/astribot_sdk_ros2/runs/mainline_20260924/transfer_station_binding_1841/native_install/lib/libastribot_s1_transport_native__rosidl_typesupport_cpp.so (0x0000716de45a8000)
	libcontrol_msgs__rosidl_typesupport_cpp.so => /opt/ros/humble/lib/libcontrol_msgs__rosidl_typesupport_cpp.so (0x0000716de458d000)
	libarm_hold_core.so => /home/yjh/WorkSpace/astribot_sdk_ros2/runs/mainline_20260924/transfer_station_binding_1841/native_install/lib/libarm_hold_core.so (0x0000716de4536000)
	libcontroller_manager_msgs__rosidl_typesupport_cpp.so => /opt/ros/humble/lib/libcontroller_manager_msgs__rosidl_typesupport_cpp.so (0x0000716de4529000)
	libastribot_transport_msgs__rosidl_typesupport_cpp.so => /home/yjh/WorkSpace/astribot_sdk_ros2/runs/mainline_20260924/payload_transition/install/astribot_transport_msgs/lib/libastribot_transport_msgs__rosidl_typesupport_cpp.so (0x0000716de451e000)
	libignition-transport11.so.11 => /lib/x86_64-linux-gnu/libignition-transport11.so.11 (0x0000716de4183000)
	libignition-msgs8.so.8 => /lib/x86_64-linux-gnu/libignition-msgs8.so.8 (0x0000716de3800000)
	libprotobuf.so.23 => /lib/x86_64-linux-gnu/libprotobuf.so.23 (0x0000716de3400000)
	liburdfdom_world.so.3.0 => /opt/ros/humble/lib/x86_64-linux-gnu/liburdfdom_world.so.3.0 (0x0000716de4167000)
	libastribot_payload_msgs__rosidl_typesupport_cpp.so => /home/yjh/WorkSpace/astribot_validation/unified_navigation_resume_20260921_01/I0_2_20260923_065115/install/astribot_payload_msgs/lib/libastribot_payload_msgs__rosidl_typesupport_cpp.so (0x0000716de44eb000)
	libtf2_ros.so => /opt/ros/humble/lib/libtf2_ros.so (0x0000716de40cf000)
	librclcpp_action.so => /opt/ros/humble/lib/librclcpp_action.so (0x0000716de40ac000)
	librcl_action.so => /opt/ros/humble/lib/librcl_action.so (0x0000716de4099000)
	librclcpp.so => /opt/ros/humble/lib/librclcpp.so (0x0000716de320a000)
	liblibstatistics_collector.so => /opt/ros/humble/lib/liblibstatistics_collector.so (0x0000716de4092000)
	librcl.so => /opt/ros/humble/lib/librcl.so (0x0000716de4054000)
	libstatistics_msgs__rosidl_typesupport_cpp.so => /opt/ros/humble/lib/libstatistics_msgs__rosidl_typesupport_cpp.so (0x0000716de44e4000)
	libtracetools.so => /opt/ros/humble/lib/libtracetools.so (0x0000716de404d000)
	libtf2_msgs__rosidl_typesupport_cpp.so => /opt/ros/humble/lib/libtf2_msgs__rosidl_typesupport_cpp.so (0x0000716de4045000)
	libtf2.so => /opt/ros/humble/lib/libtf2.so (0x0000716de4023000)
	libmoveit_msgs__rosidl_typesupport_cpp.so => /opt/ros/humble/lib/libmoveit_msgs__rosidl_typesupport_cpp.so (0x0000716de3bce000)
	libastribot_navigation_msgs__rosidl_typesupport_cpp.so => /home/yjh/WorkSpace/astribot_validation/unified_navigation_resume_20260921_01/I0_2_20260923_065115/install/astribot_navigation_msgs/lib/libastribot_navigation_msgs__rosidl_typesupport_cpp.so (0x0000716de4016000)
	libnav_msgs__rosidl_typesupport_cpp.so => /opt/ros/humble/lib/libnav_msgs__rosidl_typesupport_cpp.so (0x0000716de400c000)
	librmw.so => /opt/ros/humble/lib/librmw.so (0x0000716de3bc2000)
	libsensor_msgs__rosidl_typesupport_cpp.so => /opt/ros/humble/lib/libsensor_msgs__rosidl_typesupport_cpp.so (0x0000716de3bb7000)
	libstd_msgs__rosidl_typesupport_cpp.so => /opt/ros/humble/lib/libstd_msgs__rosidl_typesupport_cpp.so (0x0000716de3bac000)
	librcutils.so => /opt/ros/humble/lib/librcutils.so (0x0000716de37e8000)
	libstdc++.so.6 => /lib/x86_64-linux-gnu/libstdc++.so.6 (0x0000716de2e00000)
	libm.so.6 => /lib/x86_64-linux-gnu/libm.so.6 (0x0000716de3701000)
	libgcc_s.so.1 => /lib/x86_64-linux-gnu/libgcc_s.so.1 (0x0000716de36e1000)
	libc.so.6 => /lib/x86_64-linux-gnu/libc.so.6 (0x0000716de2a00000)
	libdl.so.2 => /lib/x86_64-linux-gnu/libdl.so.2 (0x0000716de3ba5000)
	libpthread.so.0 => /lib/x86_64-linux-gnu/libpthread.so.0 (0x0000716de3ba0000)
	/lib64/ld-linux-x86-64.so.2 (0x0000716de469a000)
	liburdfdom_model.so.3.0 => /opt/ros/humble/lib/x86_64-linux-gnu/liburdfdom_model.so.3.0 (0x0000716de36c5000)
	libtransport_scene_signature.so => /home/yjh/WorkSpace/astribot_sdk_ros2/runs/mainline_20260924/transfer_resume_1528/mtc_install/lib/libtransport_scene_signature.so (0x0000716de31ec000)
	libcrypto.so.3 => /lib/x86_64-linux-gnu/libcrypto.so.3 (0x0000716de2400000)
	libnav2_msgs__rosidl_typesupport_cpp.so => /opt/ros/humble/lib/libnav2_msgs__rosidl_typesupport_cpp.so (0x0000716de31b3000)
	libgeometry_msgs__rosidl_typesupport_cpp.so => /opt/ros/humble/lib/libgeometry_msgs__rosidl_typesupport_cpp.so (0x0000716de31a7000)
	liborocos-kdl.so.1.5 => /lib/x86_64-linux-gnu/liborocos-kdl.so.1.5 (0x0000716de30eb000)
	libaction_msgs__rosidl_typesupport_cpp.so => /opt/ros/humble/lib/libaction_msgs__rosidl_typesupport_cpp.so (0x0000716de3b96000)
	librosidl_typesupport_cpp.so => /opt/ros/humble/lib/librosidl_typesupport_cpp.so (0x0000716de30e5000)
	libzmq.so.5 => /lib/x86_64-linux-gnu/libzmq.so.5 (0x0000716de3049000)
	libuuid.so.1 => /lib/x86_64-linux-gnu/libuuid.so.1 (0x0000716de3040000)
	libignition-math6.so.6 => /lib/x86_64-linux-gnu/libignition-math6.so.6 (0x0000716de2dad000)
	libtinyxml2.so.9 => /lib/x86_64-linux-gnu/libtinyxml2.so.9 (0x0000716de2d95000)
	libz.so.1 => /lib/x86_64-linux-gnu/libz.so.1 (0x0000716de2d79000)
	libconsole_bridge.so.1.0 => /lib/x86_64-linux-gnu/libconsole_bridge.so.1.0 (0x0000716de303a000)
	libtinyxml.so.2.6.2 => /lib/x86_64-linux-gnu/libtinyxml.so.2.6.2 (0x0000716de2d62000)
	librcl_yaml_param_parser.so => /opt/ros/humble/lib/librcl_yaml_param_parser.so (0x0000716de302e000)
	librosgraph_msgs__rosidl_typesupport_cpp.so => /opt/ros/humble/lib/librosgraph_msgs__rosidl_typesupport_cpp.so (0x0000716de2d5c000)
	librmw_implementation.so => /opt/ros/humble/lib/librmw_implementation.so (0x0000716de2d4f000)
	libament_index_cpp.so => /opt/ros/humble/lib/libament_index_cpp.so (0x0000716de2d44000)
	librcl_logging_interface.so => /opt/ros/humble/lib/librcl_logging_interface.so (0x0000716de2d3f000)
	librcl_interfaces__rosidl_typesupport_cpp.so => /opt/ros/humble/lib/librcl_interfaces__rosidl_typesupport_cpp.so (0x0000716de2d34000)
	librcpputils.so => /opt/ros/humble/lib/librcpputils.so (0x0000716de2d26000)
	librcl_logging_spdlog.so => /opt/ros/humble/lib/librcl_logging_spdlog.so (0x0000716de2d1c000)
	librcl_interfaces__rosidl_typesupport_c.so => /opt/ros/humble/lib/librcl_interfaces__rosidl_typesupport_c.so (0x0000716de2d13000)
	librcl_interfaces__rosidl_generator_c.so => /opt/ros/humble/lib/librcl_interfaces__rosidl_generator_c.so (0x0000716de2cf7000)
	librosidl_runtime_c.so => /opt/ros/humble/lib/librosidl_runtime_c.so (0x0000716de2cec000)
	liboctomap.so.1.9 => /opt/ros/humble/lib/x86_64-linux-gnu/liboctomap.so.1.9 (0x0000716de2cae000)
	liboctomath.so.1.9 => /opt/ros/humble/lib/x86_64-linux-gnu/liboctomath.so.1.9 (0x0000716de2ca6000)
	libbsd.so.0 => /lib/x86_64-linux-gnu/libbsd.so.0 (0x0000716de2c8e000)
	libsodium.so.23 => /lib/x86_64-linux-gnu/libsodium.so.23 (0x0000716de2c37000)
	libpgm-5.3.so.0 => /lib/x86_64-linux-gnu/libpgm-5.3.so.0 (0x0000716de29af000)
	libnorm.so.1 => /lib/x86_64-linux-gnu/libnorm.so.1 (0x0000716de2884000)
	libgssapi_krb5.so.2 => /lib/x86_64-linux-gnu/libgssapi_krb5.so.2 (0x0000716de23ac000)
	libyaml.so => /opt/ros/humble/lib/libyaml.so (0x0000716de2862000)
	libspdlog.so.1 => /lib/x86_64-linux-gnu/libspdlog.so.1 (0x0000716de2331000)
	librosidl_typesupport_c.so => /opt/ros/humble/lib/librosidl_typesupport_c.so (0x0000716de2c2f000)
	libbuiltin_interfaces__rosidl_generator_c.so => /opt/ros/humble/lib/libbuiltin_interfaces__rosidl_generator_c.so (0x0000716de285d000)
	libmd.so.0 => /lib/x86_64-linux-gnu/libmd.so.0 (0x0000716de2850000)
	libkrb5.so.3 => /lib/x86_64-linux-gnu/libkrb5.so.3 (0x0000716de2266000)
	libk5crypto.so.3 => /lib/x86_64-linux-gnu/libk5crypto.so.3 (0x0000716de2237000)
	libcom_err.so.2 => /lib/x86_64-linux-gnu/libcom_err.so.2 (0x0000716de284a000)
	libkrb5support.so.0 => /lib/x86_64-linux-gnu/libkrb5support.so.0 (0x0000716de2229000)
	libfmt.so.8 => /lib/x86_64-linux-gnu/libfmt.so.8 (0x0000716de2208000)
	libkeyutils.so.1 => /lib/x86_64-linux-gnu/libkeyutils.so.1 (0x0000716de2201000)
	libresolv.so.2 => /lib/x86_64-linux-gnu/libresolv.so.2 (0x0000716de21ee000)
