Running main() from /opt/ros/humble/src/gtest_vendor/src/gtest_main.cc
[==========] Running 4 tests from 2 test suites.
[----------] Global test environment set-up.
[----------] 3 tests from PayloadFrames
[ RUN      ] PayloadFrames.UsesTopLevelModelAndActualFixedChainWithInterpolation
[       OK ] PayloadFrames.UsesTopLevelModelAndActualFixedChainWithInterpolation (0 ms)
[ RUN      ] PayloadFrames.WrongEntityAndDuplicateRenewalCannotSupplyWorldTruth
[       OK ] PayloadFrames.WrongEntityAndDuplicateRenewalCannotSupplyWorldTruth (0 ms)
[ RUN      ] PayloadFrames.SameExecutorTfPollingUsesOriginalCaptureWithoutTimeoutWrapper
[ERROR] [1790247012.076967754] [tf2_buffer]: Do not call canTransform or lookupTransform with a timeout unless you are using another thread for populating data. Without a dedicated thread it will always timeout.  If you have a separate thread servicing tf messages, call setUsingDedicatedThread(true) on your Buffer instance.
Warning: Invalid frame ID "missing" passed to canTransform argument source_frame - frame does not exist
         at line 95 in ./src/buffer_core.cpp
[       OK ] PayloadFrames.SameExecutorTfPollingUsesOriginalCaptureWithoutTimeoutWrapper (0 ms)
[----------] 3 tests from PayloadFrames (0 ms total)

[----------] 1 test from PayloadWorldInbox
[ RUN      ] PayloadWorldInbox.RebindingDropsQueuedAndInFlightPreviousEpoch
[       OK ] PayloadWorldInbox.RebindingDropsQueuedAndInFlightPreviousEpoch (1 ms)
[----------] 1 test from PayloadWorldInbox (1 ms total)

[----------] Global test environment tear-down
[==========] 4 tests from 2 test suites ran. (1 ms total)
[  PASSED  ] 4 tests.
