	linux-vdso.so.1 (0x00007ffc0fd23000)
	libeagleaudithook.so => /usr/lib/x86_64-linux-gnu/eagleaudit/libeagleaudithook.so (0x0000784287200000)
	librclcpp.so => /opt/ros/humble/lib/librclcpp.so (0x000078428700a000)
	libnav_msgs__rosidl_typesupport_cpp.so => /opt/ros/humble/lib/libnav_msgs__rosidl_typesupport_cpp.so (0x000078428743a000)
	liblibstatistics_collector.so => /opt/ros/humble/lib/liblibstatistics_collector.so (0x0000784287433000)
	librcl.so => /opt/ros/humble/lib/librcl.so (0x0000784286fcc000)
	libstatistics_msgs__rosidl_typesupport_cpp.so => /opt/ros/humble/lib/libstatistics_msgs__rosidl_typesupport_cpp.so (0x000078428742c000)
	libtracetools.so => /opt/ros/humble/lib/libtracetools.so (0x0000784287427000)
	librmw.so => /opt/ros/humble/lib/librmw.so (0x000078428741b000)
	libgeometry_msgs__rosidl_typesupport_cpp.so => /opt/ros/humble/lib/libgeometry_msgs__rosidl_typesupport_cpp.so (0x000078428740f000)
	librcutils.so => /opt/ros/humble/lib/librcutils.so (0x0000784286fb4000)
	libstdc++.so.6 => /lib/x86_64-linux-gnu/libstdc++.so.6 (0x0000784286c00000)
	libm.so.6 => /lib/x86_64-linux-gnu/libm.so.6 (0x0000784286ea1000)
	libgcc_s.so.1 => /lib/x86_64-linux-gnu/libgcc_s.so.1 (0x0000784286e81000)
	libc.so.6 => /lib/x86_64-linux-gnu/libc.so.6 (0x0000784286800000)
	libdl.so.2 => /lib/x86_64-linux-gnu/libdl.so.2 (0x0000784286e7c000)
	libpthread.so.0 => /lib/x86_64-linux-gnu/libpthread.so.0 (0x0000784286e77000)
	/lib64/ld-linux-x86-64.so.2 (0x00007842874c7000)
	librcl_yaml_param_parser.so => /opt/ros/humble/lib/librcl_yaml_param_parser.so (0x0000784286e69000)
	librosgraph_msgs__rosidl_typesupport_cpp.so => /opt/ros/humble/lib/librosgraph_msgs__rosidl_typesupport_cpp.so (0x0000784286e63000)
	librmw_implementation.so => /opt/ros/humble/lib/librmw_implementation.so (0x0000784286e56000)
	libament_index_cpp.so => /opt/ros/humble/lib/libament_index_cpp.so (0x0000784286e4b000)
	librcl_logging_interface.so => /opt/ros/humble/lib/librcl_logging_interface.so (0x0000784286e46000)
	librcl_interfaces__rosidl_typesupport_cpp.so => /opt/ros/humble/lib/librcl_interfaces__rosidl_typesupport_cpp.so (0x0000784286e3b000)
	librcpputils.so => /opt/ros/humble/lib/librcpputils.so (0x0000784286bf2000)
	librosidl_typesupport_cpp.so => /opt/ros/humble/lib/librosidl_typesupport_cpp.so (0x0000784286e33000)
	librcl_logging_spdlog.so => /opt/ros/humble/lib/librcl_logging_spdlog.so (0x0000784286bea000)
	librcl_interfaces__rosidl_typesupport_c.so => /opt/ros/humble/lib/librcl_interfaces__rosidl_typesupport_c.so (0x0000784286be1000)
	librcl_interfaces__rosidl_generator_c.so => /opt/ros/humble/lib/librcl_interfaces__rosidl_generator_c.so (0x0000784286bc5000)
	librosidl_runtime_c.so => /opt/ros/humble/lib/librosidl_runtime_c.so (0x0000784286bba000)
	libyaml.so => /opt/ros/humble/lib/libyaml.so (0x0000784286b98000)
	libspdlog.so.1 => /lib/x86_64-linux-gnu/libspdlog.so.1 (0x0000784286b1d000)
	librosidl_typesupport_c.so => /opt/ros/humble/lib/librosidl_typesupport_c.so (0x0000784286b17000)
	libbuiltin_interfaces__rosidl_generator_c.so => /opt/ros/humble/lib/libbuiltin_interfaces__rosidl_generator_c.so (0x0000784286b12000)
	libfmt.so.8 => /lib/x86_64-linux-gnu/libfmt.so.8 (0x0000784286af1000)
