running egg_info
creating /tmp/codex_cpp_entry_install_20260921/astribot_s1_chassis_effort_drive/egg/astribot_s1_chassis_effort_drive.egg-info
writing /tmp/codex_cpp_entry_install_20260921/astribot_s1_chassis_effort_drive/egg/astribot_s1_chassis_effort_drive.egg-info/PKG-INFO
writing dependency_links to /tmp/codex_cpp_entry_install_20260921/astribot_s1_chassis_effort_drive/egg/astribot_s1_chassis_effort_drive.egg-info/dependency_links.txt
writing requirements to /tmp/codex_cpp_entry_install_20260921/astribot_s1_chassis_effort_drive/egg/astribot_s1_chassis_effort_drive.egg-info/requires.txt
writing top-level names to /tmp/codex_cpp_entry_install_20260921/astribot_s1_chassis_effort_drive/egg/astribot_s1_chassis_effort_drive.egg-info/top_level.txt
writing manifest file '/tmp/codex_cpp_entry_install_20260921/astribot_s1_chassis_effort_drive/egg/astribot_s1_chassis_effort_drive.egg-info/SOURCES.txt'
reading manifest file '/tmp/codex_cpp_entry_install_20260921/astribot_s1_chassis_effort_drive/egg/astribot_s1_chassis_effort_drive.egg-info/SOURCES.txt'
writing manifest file '/tmp/codex_cpp_entry_install_20260921/astribot_s1_chassis_effort_drive/egg/astribot_s1_chassis_effort_drive.egg-info/SOURCES.txt'
running build
running build_py
creating /tmp/codex_cpp_entry_install_20260921/astribot_s1_chassis_effort_drive/build
creating /tmp/codex_cpp_entry_install_20260921/astribot_s1_chassis_effort_drive/build/lib
creating /tmp/codex_cpp_entry_install_20260921/astribot_s1_chassis_effort_drive/build/lib/astribot_s1_chassis_effort_drive
copying astribot_s1_chassis_effort_drive/omni_effort_drive_node.py -> /tmp/codex_cpp_entry_install_20260921/astribot_s1_chassis_effort_drive/build/lib/astribot_s1_chassis_effort_drive
copying astribot_s1_chassis_effort_drive/__init__.py -> /tmp/codex_cpp_entry_install_20260921/astribot_s1_chassis_effort_drive/build/lib/astribot_s1_chassis_effort_drive
running install
/usr/lib/python3/dist-packages/setuptools/command/install.py:34: SetuptoolsDeprecationWarning: setup.py install is deprecated. Use build and pip and other standards-based tools.
  warnings.warn(
running install_lib
creating /tmp/codex_cpp_entry_install_20260921/install/lib/python3.10/site-packages/astribot_s1_chassis_effort_drive
copying /tmp/codex_cpp_entry_install_20260921/astribot_s1_chassis_effort_drive/build/lib/astribot_s1_chassis_effort_drive/omni_effort_drive_node.py -> /tmp/codex_cpp_entry_install_20260921/install/lib/python3.10/site-packages/astribot_s1_chassis_effort_drive
copying /tmp/codex_cpp_entry_install_20260921/astribot_s1_chassis_effort_drive/build/lib/astribot_s1_chassis_effort_drive/__init__.py -> /tmp/codex_cpp_entry_install_20260921/install/lib/python3.10/site-packages/astribot_s1_chassis_effort_drive
byte-compiling /tmp/codex_cpp_entry_install_20260921/install/lib/python3.10/site-packages/astribot_s1_chassis_effort_drive/omni_effort_drive_node.py to omni_effort_drive_node.cpython-310.pyc
byte-compiling /tmp/codex_cpp_entry_install_20260921/install/lib/python3.10/site-packages/astribot_s1_chassis_effort_drive/__init__.py to __init__.cpython-310.pyc
running install_data
copying resource/astribot_s1_chassis_effort_drive -> /tmp/codex_cpp_entry_install_20260921/install/share/ament_index/resource_index/packages
creating /tmp/codex_cpp_entry_install_20260921/install/share/astribot_s1_chassis_effort_drive
copying package.xml -> /tmp/codex_cpp_entry_install_20260921/install/share/astribot_s1_chassis_effort_drive
creating /tmp/codex_cpp_entry_install_20260921/install/share/astribot_s1_chassis_effort_drive/launch
copying launch/omni_effort_drive.launch.py -> /tmp/codex_cpp_entry_install_20260921/install/share/astribot_s1_chassis_effort_drive/launch
creating /tmp/codex_cpp_entry_install_20260921/install/share/astribot_s1_chassis_effort_drive/config
copying config/omni_effort_drive_params.yaml -> /tmp/codex_cpp_entry_install_20260921/install/share/astribot_s1_chassis_effort_drive/config
running install_egg_info
Copying /tmp/codex_cpp_entry_install_20260921/astribot_s1_chassis_effort_drive/egg/astribot_s1_chassis_effort_drive.egg-info to /tmp/codex_cpp_entry_install_20260921/install/lib/python3.10/site-packages/astribot_s1_chassis_effort_drive-0.1.0-py3.10.egg-info
running install_scripts
writing list of installed files to '/tmp/codex_cpp_entry_install_20260921/astribot_s1_chassis_effort_drive/installed_files.txt'
