running egg_info
creating /tmp/codex_cpp_entry_install_20260921/astribot_s1_navigation_policy/egg/astribot_s1_navigation_policy.egg-info
writing /tmp/codex_cpp_entry_install_20260921/astribot_s1_navigation_policy/egg/astribot_s1_navigation_policy.egg-info/PKG-INFO
writing dependency_links to /tmp/codex_cpp_entry_install_20260921/astribot_s1_navigation_policy/egg/astribot_s1_navigation_policy.egg-info/dependency_links.txt
writing entry points to /tmp/codex_cpp_entry_install_20260921/astribot_s1_navigation_policy/egg/astribot_s1_navigation_policy.egg-info/entry_points.txt
writing requirements to /tmp/codex_cpp_entry_install_20260921/astribot_s1_navigation_policy/egg/astribot_s1_navigation_policy.egg-info/requires.txt
writing top-level names to /tmp/codex_cpp_entry_install_20260921/astribot_s1_navigation_policy/egg/astribot_s1_navigation_policy.egg-info/top_level.txt
writing manifest file '/tmp/codex_cpp_entry_install_20260921/astribot_s1_navigation_policy/egg/astribot_s1_navigation_policy.egg-info/SOURCES.txt'
reading manifest file '/tmp/codex_cpp_entry_install_20260921/astribot_s1_navigation_policy/egg/astribot_s1_navigation_policy.egg-info/SOURCES.txt'
writing manifest file '/tmp/codex_cpp_entry_install_20260921/astribot_s1_navigation_policy/egg/astribot_s1_navigation_policy.egg-info/SOURCES.txt'
running build
running build_py
creating /tmp/codex_cpp_entry_install_20260921/astribot_s1_navigation_policy/build
creating /tmp/codex_cpp_entry_install_20260921/astribot_s1_navigation_policy/build/lib
creating /tmp/codex_cpp_entry_install_20260921/astribot_s1_navigation_policy/build/lib/astribot_s1_navigation_policy
copying astribot_s1_navigation_policy/social_adapter.py -> /tmp/codex_cpp_entry_install_20260921/astribot_s1_navigation_policy/build/lib/astribot_s1_navigation_policy
copying astribot_s1_navigation_policy/obstruction_retry.py -> /tmp/codex_cpp_entry_install_20260921/astribot_s1_navigation_policy/build/lib/astribot_s1_navigation_policy
copying astribot_s1_navigation_policy/route_coordinator.py -> /tmp/codex_cpp_entry_install_20260921/astribot_s1_navigation_policy/build/lib/astribot_s1_navigation_policy
copying astribot_s1_navigation_policy/continuous_sweep.py -> /tmp/codex_cpp_entry_install_20260921/astribot_s1_navigation_policy/build/lib/astribot_s1_navigation_policy
copying astribot_s1_navigation_policy/fixed_envelope.py -> /tmp/codex_cpp_entry_install_20260921/astribot_s1_navigation_policy/build/lib/astribot_s1_navigation_policy
copying astribot_s1_navigation_policy/stop_reference.py -> /tmp/codex_cpp_entry_install_20260921/astribot_s1_navigation_policy/build/lib/astribot_s1_navigation_policy
copying astribot_s1_navigation_policy/costmap_scan_node.py -> /tmp/codex_cpp_entry_install_20260921/astribot_s1_navigation_policy/build/lib/astribot_s1_navigation_policy
copying astribot_s1_navigation_policy/policy_node.py -> /tmp/codex_cpp_entry_install_20260921/astribot_s1_navigation_policy/build/lib/astribot_s1_navigation_policy
copying astribot_s1_navigation_policy/observer_node.py -> /tmp/codex_cpp_entry_install_20260921/astribot_s1_navigation_policy/build/lib/astribot_s1_navigation_policy
copying astribot_s1_navigation_policy/profile.py -> /tmp/codex_cpp_entry_install_20260921/astribot_s1_navigation_policy/build/lib/astribot_s1_navigation_policy
copying astribot_s1_navigation_policy/control_time.py -> /tmp/codex_cpp_entry_install_20260921/astribot_s1_navigation_policy/build/lib/astribot_s1_navigation_policy
copying astribot_s1_navigation_policy/risk.py -> /tmp/codex_cpp_entry_install_20260921/astribot_s1_navigation_policy/build/lib/astribot_s1_navigation_policy
copying astribot_s1_navigation_policy/behavior.py -> /tmp/codex_cpp_entry_install_20260921/astribot_s1_navigation_policy/build/lib/astribot_s1_navigation_policy
copying astribot_s1_navigation_policy/contracts.py -> /tmp/codex_cpp_entry_install_20260921/astribot_s1_navigation_policy/build/lib/astribot_s1_navigation_policy
copying astribot_s1_navigation_policy/observation_adapters.py -> /tmp/codex_cpp_entry_install_20260921/astribot_s1_navigation_policy/build/lib/astribot_s1_navigation_policy
copying astribot_s1_navigation_policy/corridor_adapter.py -> /tmp/codex_cpp_entry_install_20260921/astribot_s1_navigation_policy/build/lib/astribot_s1_navigation_policy
copying astribot_s1_navigation_policy/execution_context.py -> /tmp/codex_cpp_entry_install_20260921/astribot_s1_navigation_policy/build/lib/astribot_s1_navigation_policy
copying astribot_s1_navigation_policy/candidate_safety.py -> /tmp/codex_cpp_entry_install_20260921/astribot_s1_navigation_policy/build/lib/astribot_s1_navigation_policy
copying astribot_s1_navigation_policy/ports.py -> /tmp/codex_cpp_entry_install_20260921/astribot_s1_navigation_policy/build/lib/astribot_s1_navigation_policy
copying astribot_s1_navigation_policy/protection.py -> /tmp/codex_cpp_entry_install_20260921/astribot_s1_navigation_policy/build/lib/astribot_s1_navigation_policy
copying astribot_s1_navigation_policy/corridor_detection.py -> /tmp/codex_cpp_entry_install_20260921/astribot_s1_navigation_policy/build/lib/astribot_s1_navigation_policy
copying astribot_s1_navigation_policy/candidate_variants.py -> /tmp/codex_cpp_entry_install_20260921/astribot_s1_navigation_policy/build/lib/astribot_s1_navigation_policy
copying astribot_s1_navigation_policy/start_maneuver.py -> /tmp/codex_cpp_entry_install_20260921/astribot_s1_navigation_policy/build/lib/astribot_s1_navigation_policy
copying astribot_s1_navigation_policy/motion_geometry.py -> /tmp/codex_cpp_entry_install_20260921/astribot_s1_navigation_policy/build/lib/astribot_s1_navigation_policy
copying astribot_s1_navigation_policy/fusion.py -> /tmp/codex_cpp_entry_install_20260921/astribot_s1_navigation_policy/build/lib/astribot_s1_navigation_policy
copying astribot_s1_navigation_policy/task_arbiter_node.py -> /tmp/codex_cpp_entry_install_20260921/astribot_s1_navigation_policy/build/lib/astribot_s1_navigation_policy
copying astribot_s1_navigation_policy/start_maneuver_adapter.py -> /tmp/codex_cpp_entry_install_20260921/astribot_s1_navigation_policy/build/lib/astribot_s1_navigation_policy
copying astribot_s1_navigation_policy/planning_session.py -> /tmp/codex_cpp_entry_install_20260921/astribot_s1_navigation_policy/build/lib/astribot_s1_navigation_policy
copying astribot_s1_navigation_policy/sensor_health.py -> /tmp/codex_cpp_entry_install_20260921/astribot_s1_navigation_policy/build/lib/astribot_s1_navigation_policy
copying astribot_s1_navigation_policy/social_behavior.py -> /tmp/codex_cpp_entry_install_20260921/astribot_s1_navigation_policy/build/lib/astribot_s1_navigation_policy
copying astribot_s1_navigation_policy/path_evidence.py -> /tmp/codex_cpp_entry_install_20260921/astribot_s1_navigation_policy/build/lib/astribot_s1_navigation_policy
copying astribot_s1_navigation_policy/fixed_envelope_node.py -> /tmp/codex_cpp_entry_install_20260921/astribot_s1_navigation_policy/build/lib/astribot_s1_navigation_policy
copying astribot_s1_navigation_policy/swept_geometry.py -> /tmp/codex_cpp_entry_install_20260921/astribot_s1_navigation_policy/build/lib/astribot_s1_navigation_policy
copying astribot_s1_navigation_policy/protection_node.py -> /tmp/codex_cpp_entry_install_20260921/astribot_s1_navigation_policy/build/lib/astribot_s1_navigation_policy
copying astribot_s1_navigation_policy/fixed_corridor.py -> /tmp/codex_cpp_entry_install_20260921/astribot_s1_navigation_policy/build/lib/astribot_s1_navigation_policy
copying astribot_s1_navigation_policy/robot_envelope.py -> /tmp/codex_cpp_entry_install_20260921/astribot_s1_navigation_policy/build/lib/astribot_s1_navigation_policy
copying astribot_s1_navigation_policy/cmd_vel_math.py -> /tmp/codex_cpp_entry_install_20260921/astribot_s1_navigation_policy/build/lib/astribot_s1_navigation_policy
copying astribot_s1_navigation_policy/__init__.py -> /tmp/codex_cpp_entry_install_20260921/astribot_s1_navigation_policy/build/lib/astribot_s1_navigation_policy
copying astribot_s1_navigation_policy/scan_occupancy.py -> /tmp/codex_cpp_entry_install_20260921/astribot_s1_navigation_policy/build/lib/astribot_s1_navigation_policy
copying astribot_s1_navigation_policy/world_geometry.py -> /tmp/codex_cpp_entry_install_20260921/astribot_s1_navigation_policy/build/lib/astribot_s1_navigation_policy
copying astribot_s1_navigation_policy/envelope_node.py -> /tmp/codex_cpp_entry_install_20260921/astribot_s1_navigation_policy/build/lib/astribot_s1_navigation_policy
copying astribot_s1_navigation_policy/corridor.py -> /tmp/codex_cpp_entry_install_20260921/astribot_s1_navigation_policy/build/lib/astribot_s1_navigation_policy
running install
/usr/lib/python3/dist-packages/setuptools/command/install.py:34: SetuptoolsDeprecationWarning: setup.py install is deprecated. Use build and pip and other standards-based tools.
  warnings.warn(
running install_lib
creating /tmp/codex_cpp_entry_install_20260921/install/lib/python3.10/site-packages/astribot_s1_navigation_policy
copying /tmp/codex_cpp_entry_install_20260921/astribot_s1_navigation_policy/build/lib/astribot_s1_navigation_policy/social_adapter.py -> /tmp/codex_cpp_entry_install_20260921/install/lib/python3.10/site-packages/astribot_s1_navigation_policy
copying /tmp/codex_cpp_entry_install_20260921/astribot_s1_navigation_policy/build/lib/astribot_s1_navigation_policy/obstruction_retry.py -> /tmp/codex_cpp_entry_install_20260921/install/lib/python3.10/site-packages/astribot_s1_navigation_policy
copying /tmp/codex_cpp_entry_install_20260921/astribot_s1_navigation_policy/build/lib/astribot_s1_navigation_policy/route_coordinator.py -> /tmp/codex_cpp_entry_install_20260921/install/lib/python3.10/site-packages/astribot_s1_navigation_policy
copying /tmp/codex_cpp_entry_install_20260921/astribot_s1_navigation_policy/build/lib/astribot_s1_navigation_policy/continuous_sweep.py -> /tmp/codex_cpp_entry_install_20260921/install/lib/python3.10/site-packages/astribot_s1_navigation_policy
copying /tmp/codex_cpp_entry_install_20260921/astribot_s1_navigation_policy/build/lib/astribot_s1_navigation_policy/fixed_envelope.py -> /tmp/codex_cpp_entry_install_20260921/install/lib/python3.10/site-packages/astribot_s1_navigation_policy
copying /tmp/codex_cpp_entry_install_20260921/astribot_s1_navigation_policy/build/lib/astribot_s1_navigation_policy/stop_reference.py -> /tmp/codex_cpp_entry_install_20260921/install/lib/python3.10/site-packages/astribot_s1_navigation_policy
copying /tmp/codex_cpp_entry_install_20260921/astribot_s1_navigation_policy/build/lib/astribot_s1_navigation_policy/costmap_scan_node.py -> /tmp/codex_cpp_entry_install_20260921/install/lib/python3.10/site-packages/astribot_s1_navigation_policy
copying /tmp/codex_cpp_entry_install_20260921/astribot_s1_navigation_policy/build/lib/astribot_s1_navigation_policy/policy_node.py -> /tmp/codex_cpp_entry_install_20260921/install/lib/python3.10/site-packages/astribot_s1_navigation_policy
copying /tmp/codex_cpp_entry_install_20260921/astribot_s1_navigation_policy/build/lib/astribot_s1_navigation_policy/observer_node.py -> /tmp/codex_cpp_entry_install_20260921/install/lib/python3.10/site-packages/astribot_s1_navigation_policy
copying /tmp/codex_cpp_entry_install_20260921/astribot_s1_navigation_policy/build/lib/astribot_s1_navigation_policy/profile.py -> /tmp/codex_cpp_entry_install_20260921/install/lib/python3.10/site-packages/astribot_s1_navigation_policy
copying /tmp/codex_cpp_entry_install_20260921/astribot_s1_navigation_policy/build/lib/astribot_s1_navigation_policy/control_time.py -> /tmp/codex_cpp_entry_install_20260921/install/lib/python3.10/site-packages/astribot_s1_navigation_policy
copying /tmp/codex_cpp_entry_install_20260921/astribot_s1_navigation_policy/build/lib/astribot_s1_navigation_policy/risk.py -> /tmp/codex_cpp_entry_install_20260921/install/lib/python3.10/site-packages/astribot_s1_navigation_policy
copying /tmp/codex_cpp_entry_install_20260921/astribot_s1_navigation_policy/build/lib/astribot_s1_navigation_policy/behavior.py -> /tmp/codex_cpp_entry_install_20260921/install/lib/python3.10/site-packages/astribot_s1_navigation_policy
copying /tmp/codex_cpp_entry_install_20260921/astribot_s1_navigation_policy/build/lib/astribot_s1_navigation_policy/contracts.py -> /tmp/codex_cpp_entry_install_20260921/install/lib/python3.10/site-packages/astribot_s1_navigation_policy
copying /tmp/codex_cpp_entry_install_20260921/astribot_s1_navigation_policy/build/lib/astribot_s1_navigation_policy/observation_adapters.py -> /tmp/codex_cpp_entry_install_20260921/install/lib/python3.10/site-packages/astribot_s1_navigation_policy
copying /tmp/codex_cpp_entry_install_20260921/astribot_s1_navigation_policy/build/lib/astribot_s1_navigation_policy/corridor_adapter.py -> /tmp/codex_cpp_entry_install_20260921/install/lib/python3.10/site-packages/astribot_s1_navigation_policy
copying /tmp/codex_cpp_entry_install_20260921/astribot_s1_navigation_policy/build/lib/astribot_s1_navigation_policy/execution_context.py -> /tmp/codex_cpp_entry_install_20260921/install/lib/python3.10/site-packages/astribot_s1_navigation_policy
copying /tmp/codex_cpp_entry_install_20260921/astribot_s1_navigation_policy/build/lib/astribot_s1_navigation_policy/candidate_safety.py -> /tmp/codex_cpp_entry_install_20260921/install/lib/python3.10/site-packages/astribot_s1_navigation_policy
copying /tmp/codex_cpp_entry_install_20260921/astribot_s1_navigation_policy/build/lib/astribot_s1_navigation_policy/ports.py -> /tmp/codex_cpp_entry_install_20260921/install/lib/python3.10/site-packages/astribot_s1_navigation_policy
copying /tmp/codex_cpp_entry_install_20260921/astribot_s1_navigation_policy/build/lib/astribot_s1_navigation_policy/protection.py -> /tmp/codex_cpp_entry_install_20260921/install/lib/python3.10/site-packages/astribot_s1_navigation_policy
copying /tmp/codex_cpp_entry_install_20260921/astribot_s1_navigation_policy/build/lib/astribot_s1_navigation_policy/corridor_detection.py -> /tmp/codex_cpp_entry_install_20260921/install/lib/python3.10/site-packages/astribot_s1_navigation_policy
copying /tmp/codex_cpp_entry_install_20260921/astribot_s1_navigation_policy/build/lib/astribot_s1_navigation_policy/candidate_variants.py -> /tmp/codex_cpp_entry_install_20260921/install/lib/python3.10/site-packages/astribot_s1_navigation_policy
copying /tmp/codex_cpp_entry_install_20260921/astribot_s1_navigation_policy/build/lib/astribot_s1_navigation_policy/start_maneuver.py -> /tmp/codex_cpp_entry_install_20260921/install/lib/python3.10/site-packages/astribot_s1_navigation_policy
copying /tmp/codex_cpp_entry_install_20260921/astribot_s1_navigation_policy/build/lib/astribot_s1_navigation_policy/motion_geometry.py -> /tmp/codex_cpp_entry_install_20260921/install/lib/python3.10/site-packages/astribot_s1_navigation_policy
copying /tmp/codex_cpp_entry_install_20260921/astribot_s1_navigation_policy/build/lib/astribot_s1_navigation_policy/fusion.py -> /tmp/codex_cpp_entry_install_20260921/install/lib/python3.10/site-packages/astribot_s1_navigation_policy
copying /tmp/codex_cpp_entry_install_20260921/astribot_s1_navigation_policy/build/lib/astribot_s1_navigation_policy/task_arbiter_node.py -> /tmp/codex_cpp_entry_install_20260921/install/lib/python3.10/site-packages/astribot_s1_navigation_policy
copying /tmp/codex_cpp_entry_install_20260921/astribot_s1_navigation_policy/build/lib/astribot_s1_navigation_policy/start_maneuver_adapter.py -> /tmp/codex_cpp_entry_install_20260921/install/lib/python3.10/site-packages/astribot_s1_navigation_policy
copying /tmp/codex_cpp_entry_install_20260921/astribot_s1_navigation_policy/build/lib/astribot_s1_navigation_policy/planning_session.py -> /tmp/codex_cpp_entry_install_20260921/install/lib/python3.10/site-packages/astribot_s1_navigation_policy
copying /tmp/codex_cpp_entry_install_20260921/astribot_s1_navigation_policy/build/lib/astribot_s1_navigation_policy/sensor_health.py -> /tmp/codex_cpp_entry_install_20260921/install/lib/python3.10/site-packages/astribot_s1_navigation_policy
copying /tmp/codex_cpp_entry_install_20260921/astribot_s1_navigation_policy/build/lib/astribot_s1_navigation_policy/social_behavior.py -> /tmp/codex_cpp_entry_install_20260921/install/lib/python3.10/site-packages/astribot_s1_navigation_policy
copying /tmp/codex_cpp_entry_install_20260921/astribot_s1_navigation_policy/build/lib/astribot_s1_navigation_policy/path_evidence.py -> /tmp/codex_cpp_entry_install_20260921/install/lib/python3.10/site-packages/astribot_s1_navigation_policy
copying /tmp/codex_cpp_entry_install_20260921/astribot_s1_navigation_policy/build/lib/astribot_s1_navigation_policy/fixed_envelope_node.py -> /tmp/codex_cpp_entry_install_20260921/install/lib/python3.10/site-packages/astribot_s1_navigation_policy
copying /tmp/codex_cpp_entry_install_20260921/astribot_s1_navigation_policy/build/lib/astribot_s1_navigation_policy/swept_geometry.py -> /tmp/codex_cpp_entry_install_20260921/install/lib/python3.10/site-packages/astribot_s1_navigation_policy
copying /tmp/codex_cpp_entry_install_20260921/astribot_s1_navigation_policy/build/lib/astribot_s1_navigation_policy/protection_node.py -> /tmp/codex_cpp_entry_install_20260921/install/lib/python3.10/site-packages/astribot_s1_navigation_policy
copying /tmp/codex_cpp_entry_install_20260921/astribot_s1_navigation_policy/build/lib/astribot_s1_navigation_policy/fixed_corridor.py -> /tmp/codex_cpp_entry_install_20260921/install/lib/python3.10/site-packages/astribot_s1_navigation_policy
copying /tmp/codex_cpp_entry_install_20260921/astribot_s1_navigation_policy/build/lib/astribot_s1_navigation_policy/robot_envelope.py -> /tmp/codex_cpp_entry_install_20260921/install/lib/python3.10/site-packages/astribot_s1_navigation_policy
copying /tmp/codex_cpp_entry_install_20260921/astribot_s1_navigation_policy/build/lib/astribot_s1_navigation_policy/cmd_vel_math.py -> /tmp/codex_cpp_entry_install_20260921/install/lib/python3.10/site-packages/astribot_s1_navigation_policy
copying /tmp/codex_cpp_entry_install_20260921/astribot_s1_navigation_policy/build/lib/astribot_s1_navigation_policy/__init__.py -> /tmp/codex_cpp_entry_install_20260921/install/lib/python3.10/site-packages/astribot_s1_navigation_policy
copying /tmp/codex_cpp_entry_install_20260921/astribot_s1_navigation_policy/build/lib/astribot_s1_navigation_policy/scan_occupancy.py -> /tmp/codex_cpp_entry_install_20260921/install/lib/python3.10/site-packages/astribot_s1_navigation_policy
copying /tmp/codex_cpp_entry_install_20260921/astribot_s1_navigation_policy/build/lib/astribot_s1_navigation_policy/world_geometry.py -> /tmp/codex_cpp_entry_install_20260921/install/lib/python3.10/site-packages/astribot_s1_navigation_policy
copying /tmp/codex_cpp_entry_install_20260921/astribot_s1_navigation_policy/build/lib/astribot_s1_navigation_policy/envelope_node.py -> /tmp/codex_cpp_entry_install_20260921/install/lib/python3.10/site-packages/astribot_s1_navigation_policy
copying /tmp/codex_cpp_entry_install_20260921/astribot_s1_navigation_policy/build/lib/astribot_s1_navigation_policy/corridor.py -> /tmp/codex_cpp_entry_install_20260921/install/lib/python3.10/site-packages/astribot_s1_navigation_policy
byte-compiling /tmp/codex_cpp_entry_install_20260921/install/lib/python3.10/site-packages/astribot_s1_navigation_policy/social_adapter.py to social_adapter.cpython-310.pyc
byte-compiling /tmp/codex_cpp_entry_install_20260921/install/lib/python3.10/site-packages/astribot_s1_navigation_policy/obstruction_retry.py to obstruction_retry.cpython-310.pyc
byte-compiling /tmp/codex_cpp_entry_install_20260921/install/lib/python3.10/site-packages/astribot_s1_navigation_policy/route_coordinator.py to route_coordinator.cpython-310.pyc
byte-compiling /tmp/codex_cpp_entry_install_20260921/install/lib/python3.10/site-packages/astribot_s1_navigation_policy/continuous_sweep.py to continuous_sweep.cpython-310.pyc
byte-compiling /tmp/codex_cpp_entry_install_20260921/install/lib/python3.10/site-packages/astribot_s1_navigation_policy/fixed_envelope.py to fixed_envelope.cpython-310.pyc
byte-compiling /tmp/codex_cpp_entry_install_20260921/install/lib/python3.10/site-packages/astribot_s1_navigation_policy/stop_reference.py to stop_reference.cpython-310.pyc
byte-compiling /tmp/codex_cpp_entry_install_20260921/install/lib/python3.10/site-packages/astribot_s1_navigation_policy/costmap_scan_node.py to costmap_scan_node.cpython-310.pyc
byte-compiling /tmp/codex_cpp_entry_install_20260921/install/lib/python3.10/site-packages/astribot_s1_navigation_policy/policy_node.py to policy_node.cpython-310.pyc
byte-compiling /tmp/codex_cpp_entry_install_20260921/install/lib/python3.10/site-packages/astribot_s1_navigation_policy/observer_node.py to observer_node.cpython-310.pyc
byte-compiling /tmp/codex_cpp_entry_install_20260921/install/lib/python3.10/site-packages/astribot_s1_navigation_policy/profile.py to profile.cpython-310.pyc
byte-compiling /tmp/codex_cpp_entry_install_20260921/install/lib/python3.10/site-packages/astribot_s1_navigation_policy/control_time.py to control_time.cpython-310.pyc
byte-compiling /tmp/codex_cpp_entry_install_20260921/install/lib/python3.10/site-packages/astribot_s1_navigation_policy/risk.py to risk.cpython-310.pyc
byte-compiling /tmp/codex_cpp_entry_install_20260921/install/lib/python3.10/site-packages/astribot_s1_navigation_policy/behavior.py to behavior.cpython-310.pyc
byte-compiling /tmp/codex_cpp_entry_install_20260921/install/lib/python3.10/site-packages/astribot_s1_navigation_policy/contracts.py to contracts.cpython-310.pyc
byte-compiling /tmp/codex_cpp_entry_install_20260921/install/lib/python3.10/site-packages/astribot_s1_navigation_policy/observation_adapters.py to observation_adapters.cpython-310.pyc
byte-compiling /tmp/codex_cpp_entry_install_20260921/install/lib/python3.10/site-packages/astribot_s1_navigation_policy/corridor_adapter.py to corridor_adapter.cpython-310.pyc
byte-compiling /tmp/codex_cpp_entry_install_20260921/install/lib/python3.10/site-packages/astribot_s1_navigation_policy/execution_context.py to execution_context.cpython-310.pyc
byte-compiling /tmp/codex_cpp_entry_install_20260921/install/lib/python3.10/site-packages/astribot_s1_navigation_policy/candidate_safety.py to candidate_safety.cpython-310.pyc
byte-compiling /tmp/codex_cpp_entry_install_20260921/install/lib/python3.10/site-packages/astribot_s1_navigation_policy/ports.py to ports.cpython-310.pyc
byte-compiling /tmp/codex_cpp_entry_install_20260921/install/lib/python3.10/site-packages/astribot_s1_navigation_policy/protection.py to protection.cpython-310.pyc
byte-compiling /tmp/codex_cpp_entry_install_20260921/install/lib/python3.10/site-packages/astribot_s1_navigation_policy/corridor_detection.py to corridor_detection.cpython-310.pyc
byte-compiling /tmp/codex_cpp_entry_install_20260921/install/lib/python3.10/site-packages/astribot_s1_navigation_policy/candidate_variants.py to candidate_variants.cpython-310.pyc
byte-compiling /tmp/codex_cpp_entry_install_20260921/install/lib/python3.10/site-packages/astribot_s1_navigation_policy/start_maneuver.py to start_maneuver.cpython-310.pyc
byte-compiling /tmp/codex_cpp_entry_install_20260921/install/lib/python3.10/site-packages/astribot_s1_navigation_policy/motion_geometry.py to motion_geometry.cpython-310.pyc
byte-compiling /tmp/codex_cpp_entry_install_20260921/install/lib/python3.10/site-packages/astribot_s1_navigation_policy/fusion.py to fusion.cpython-310.pyc
byte-compiling /tmp/codex_cpp_entry_install_20260921/install/lib/python3.10/site-packages/astribot_s1_navigation_policy/task_arbiter_node.py to task_arbiter_node.cpython-310.pyc
byte-compiling /tmp/codex_cpp_entry_install_20260921/install/lib/python3.10/site-packages/astribot_s1_navigation_policy/start_maneuver_adapter.py to start_maneuver_adapter.cpython-310.pyc
byte-compiling /tmp/codex_cpp_entry_install_20260921/install/lib/python3.10/site-packages/astribot_s1_navigation_policy/planning_session.py to planning_session.cpython-310.pyc
byte-compiling /tmp/codex_cpp_entry_install_20260921/install/lib/python3.10/site-packages/astribot_s1_navigation_policy/sensor_health.py to sensor_health.cpython-310.pyc
byte-compiling /tmp/codex_cpp_entry_install_20260921/install/lib/python3.10/site-packages/astribot_s1_navigation_policy/social_behavior.py to social_behavior.cpython-310.pyc
byte-compiling /tmp/codex_cpp_entry_install_20260921/install/lib/python3.10/site-packages/astribot_s1_navigation_policy/path_evidence.py to path_evidence.cpython-310.pyc
byte-compiling /tmp/codex_cpp_entry_install_20260921/install/lib/python3.10/site-packages/astribot_s1_navigation_policy/fixed_envelope_node.py to fixed_envelope_node.cpython-310.pyc
byte-compiling /tmp/codex_cpp_entry_install_20260921/install/lib/python3.10/site-packages/astribot_s1_navigation_policy/swept_geometry.py to swept_geometry.cpython-310.pyc
byte-compiling /tmp/codex_cpp_entry_install_20260921/install/lib/python3.10/site-packages/astribot_s1_navigation_policy/protection_node.py to protection_node.cpython-310.pyc
byte-compiling /tmp/codex_cpp_entry_install_20260921/install/lib/python3.10/site-packages/astribot_s1_navigation_policy/fixed_corridor.py to fixed_corridor.cpython-310.pyc
byte-compiling /tmp/codex_cpp_entry_install_20260921/install/lib/python3.10/site-packages/astribot_s1_navigation_policy/robot_envelope.py to robot_envelope.cpython-310.pyc
byte-compiling /tmp/codex_cpp_entry_install_20260921/install/lib/python3.10/site-packages/astribot_s1_navigation_policy/cmd_vel_math.py to cmd_vel_math.cpython-310.pyc
byte-compiling /tmp/codex_cpp_entry_install_20260921/install/lib/python3.10/site-packages/astribot_s1_navigation_policy/__init__.py to __init__.cpython-310.pyc
byte-compiling /tmp/codex_cpp_entry_install_20260921/install/lib/python3.10/site-packages/astribot_s1_navigation_policy/scan_occupancy.py to scan_occupancy.cpython-310.pyc
byte-compiling /tmp/codex_cpp_entry_install_20260921/install/lib/python3.10/site-packages/astribot_s1_navigation_policy/world_geometry.py to world_geometry.cpython-310.pyc
byte-compiling /tmp/codex_cpp_entry_install_20260921/install/lib/python3.10/site-packages/astribot_s1_navigation_policy/envelope_node.py to envelope_node.cpython-310.pyc
byte-compiling /tmp/codex_cpp_entry_install_20260921/install/lib/python3.10/site-packages/astribot_s1_navigation_policy/corridor.py to corridor.cpython-310.pyc
running install_data
copying resource/astribot_s1_navigation_policy -> /tmp/codex_cpp_entry_install_20260921/install/share/ament_index/resource_index/packages
creating /tmp/codex_cpp_entry_install_20260921/install/share/astribot_s1_navigation_policy
copying package.xml -> /tmp/codex_cpp_entry_install_20260921/install/share/astribot_s1_navigation_policy
copying README.md -> /tmp/codex_cpp_entry_install_20260921/install/share/astribot_s1_navigation_policy
creating /tmp/codex_cpp_entry_install_20260921/install/share/astribot_s1_navigation_policy/config
copying config/simulation.json -> /tmp/codex_cpp_entry_install_20260921/install/share/astribot_s1_navigation_policy/config
copying config/hardware.template.json -> /tmp/codex_cpp_entry_install_20260921/install/share/astribot_s1_navigation_policy/config
copying config/social.json -> /tmp/codex_cpp_entry_install_20260921/install/share/astribot_s1_navigation_policy/config
copying config/h2_simulation.json -> /tmp/codex_cpp_entry_install_20260921/install/share/astribot_s1_navigation_policy/config
copying config/measured_stop_reference_20260915.json -> /tmp/codex_cpp_entry_install_20260921/install/share/astribot_s1_navigation_policy/config
running install_egg_info
Copying /tmp/codex_cpp_entry_install_20260921/astribot_s1_navigation_policy/egg/astribot_s1_navigation_policy.egg-info to /tmp/codex_cpp_entry_install_20260921/install/lib/python3.10/site-packages/astribot_s1_navigation_policy-0.1.0-py3.10.egg-info
running install_scripts
Installing policy_controller script to /tmp/codex_cpp_entry_install_20260921/install/lib/astribot_s1_navigation_policy
Installing policy_observer script to /tmp/codex_cpp_entry_install_20260921/install/lib/astribot_s1_navigation_policy
Installing task_arbiter script to /tmp/codex_cpp_entry_install_20260921/install/lib/astribot_s1_navigation_policy
writing list of installed files to '/tmp/codex_cpp_entry_install_20260921/astribot_s1_navigation_policy/installed_files.txt'
