running egg_info
creating /tmp/codex_cpp_entry_install_20260921/astribot_s1_navigation/egg/astribot_s1_navigation.egg-info
writing /tmp/codex_cpp_entry_install_20260921/astribot_s1_navigation/egg/astribot_s1_navigation.egg-info/PKG-INFO
writing dependency_links to /tmp/codex_cpp_entry_install_20260921/astribot_s1_navigation/egg/astribot_s1_navigation.egg-info/dependency_links.txt
writing entry points to /tmp/codex_cpp_entry_install_20260921/astribot_s1_navigation/egg/astribot_s1_navigation.egg-info/entry_points.txt
writing requirements to /tmp/codex_cpp_entry_install_20260921/astribot_s1_navigation/egg/astribot_s1_navigation.egg-info/requires.txt
writing top-level names to /tmp/codex_cpp_entry_install_20260921/astribot_s1_navigation/egg/astribot_s1_navigation.egg-info/top_level.txt
writing manifest file '/tmp/codex_cpp_entry_install_20260921/astribot_s1_navigation/egg/astribot_s1_navigation.egg-info/SOURCES.txt'
reading manifest file '/tmp/codex_cpp_entry_install_20260921/astribot_s1_navigation/egg/astribot_s1_navigation.egg-info/SOURCES.txt'
writing manifest file '/tmp/codex_cpp_entry_install_20260921/astribot_s1_navigation/egg/astribot_s1_navigation.egg-info/SOURCES.txt'
running build
running build_py
creating /tmp/codex_cpp_entry_install_20260921/astribot_s1_navigation/build
creating /tmp/codex_cpp_entry_install_20260921/astribot_s1_navigation/build/lib
creating /tmp/codex_cpp_entry_install_20260921/astribot_s1_navigation/build/lib/astribot_s1_navigation
copying astribot_s1_navigation/posture_monitor_policy.py -> /tmp/codex_cpp_entry_install_20260921/astribot_s1_navigation/build/lib/astribot_s1_navigation
copying astribot_s1_navigation/arm_reach_metric.py -> /tmp/codex_cpp_entry_install_20260921/astribot_s1_navigation/build/lib/astribot_s1_navigation
copying astribot_s1_navigation/arm_speed_limiter_node.py -> /tmp/codex_cpp_entry_install_20260921/astribot_s1_navigation/build/lib/astribot_s1_navigation
copying astribot_s1_navigation/explore_metrics_recorder_node.py -> /tmp/codex_cpp_entry_install_20260921/astribot_s1_navigation/build/lib/astribot_s1_navigation
copying astribot_s1_navigation/__init__.py -> /tmp/codex_cpp_entry_install_20260921/astribot_s1_navigation/build/lib/astribot_s1_navigation
copying astribot_s1_navigation/path_tracking_diagnostics_node.py -> /tmp/codex_cpp_entry_install_20260921/astribot_s1_navigation/build/lib/astribot_s1_navigation
copying astribot_s1_navigation/cmd_vel_body_to_world_node.py -> /tmp/codex_cpp_entry_install_20260921/astribot_s1_navigation/build/lib/astribot_s1_navigation
creating /tmp/codex_cpp_entry_install_20260921/astribot_s1_navigation/build/lib/astribot_s1_navigation/explore_metrics
copying astribot_s1_navigation/explore_metrics/state_parse.py -> /tmp/codex_cpp_entry_install_20260921/astribot_s1_navigation/build/lib/astribot_s1_navigation/explore_metrics
copying astribot_s1_navigation/explore_metrics/scan_metrics.py -> /tmp/codex_cpp_entry_install_20260921/astribot_s1_navigation/build/lib/astribot_s1_navigation/explore_metrics
copying astribot_s1_navigation/explore_metrics/round_metrics.py -> /tmp/codex_cpp_entry_install_20260921/astribot_s1_navigation/build/lib/astribot_s1_navigation/explore_metrics
copying astribot_s1_navigation/explore_metrics/signals.py -> /tmp/codex_cpp_entry_install_20260921/astribot_s1_navigation/build/lib/astribot_s1_navigation/explore_metrics
copying astribot_s1_navigation/explore_metrics/plan_status.py -> /tmp/codex_cpp_entry_install_20260921/astribot_s1_navigation/build/lib/astribot_s1_navigation/explore_metrics
copying astribot_s1_navigation/explore_metrics/__init__.py -> /tmp/codex_cpp_entry_install_20260921/astribot_s1_navigation/build/lib/astribot_s1_navigation/explore_metrics
copying astribot_s1_navigation/explore_metrics/geometry.py -> /tmp/codex_cpp_entry_install_20260921/astribot_s1_navigation/build/lib/astribot_s1_navigation/explore_metrics
running install
/usr/lib/python3/dist-packages/setuptools/command/install.py:34: SetuptoolsDeprecationWarning: setup.py install is deprecated. Use build and pip and other standards-based tools.
  warnings.warn(
running install_lib
creating /tmp/codex_cpp_entry_install_20260921/install
creating /tmp/codex_cpp_entry_install_20260921/install/lib
creating /tmp/codex_cpp_entry_install_20260921/install/lib/python3.10
creating /tmp/codex_cpp_entry_install_20260921/install/lib/python3.10/site-packages
creating /tmp/codex_cpp_entry_install_20260921/install/lib/python3.10/site-packages/astribot_s1_navigation
copying /tmp/codex_cpp_entry_install_20260921/astribot_s1_navigation/build/lib/astribot_s1_navigation/posture_monitor_policy.py -> /tmp/codex_cpp_entry_install_20260921/install/lib/python3.10/site-packages/astribot_s1_navigation
copying /tmp/codex_cpp_entry_install_20260921/astribot_s1_navigation/build/lib/astribot_s1_navigation/arm_reach_metric.py -> /tmp/codex_cpp_entry_install_20260921/install/lib/python3.10/site-packages/astribot_s1_navigation
creating /tmp/codex_cpp_entry_install_20260921/install/lib/python3.10/site-packages/astribot_s1_navigation/explore_metrics
copying /tmp/codex_cpp_entry_install_20260921/astribot_s1_navigation/build/lib/astribot_s1_navigation/explore_metrics/state_parse.py -> /tmp/codex_cpp_entry_install_20260921/install/lib/python3.10/site-packages/astribot_s1_navigation/explore_metrics
copying /tmp/codex_cpp_entry_install_20260921/astribot_s1_navigation/build/lib/astribot_s1_navigation/explore_metrics/scan_metrics.py -> /tmp/codex_cpp_entry_install_20260921/install/lib/python3.10/site-packages/astribot_s1_navigation/explore_metrics
copying /tmp/codex_cpp_entry_install_20260921/astribot_s1_navigation/build/lib/astribot_s1_navigation/explore_metrics/round_metrics.py -> /tmp/codex_cpp_entry_install_20260921/install/lib/python3.10/site-packages/astribot_s1_navigation/explore_metrics
copying /tmp/codex_cpp_entry_install_20260921/astribot_s1_navigation/build/lib/astribot_s1_navigation/explore_metrics/signals.py -> /tmp/codex_cpp_entry_install_20260921/install/lib/python3.10/site-packages/astribot_s1_navigation/explore_metrics
copying /tmp/codex_cpp_entry_install_20260921/astribot_s1_navigation/build/lib/astribot_s1_navigation/explore_metrics/plan_status.py -> /tmp/codex_cpp_entry_install_20260921/install/lib/python3.10/site-packages/astribot_s1_navigation/explore_metrics
copying /tmp/codex_cpp_entry_install_20260921/astribot_s1_navigation/build/lib/astribot_s1_navigation/explore_metrics/__init__.py -> /tmp/codex_cpp_entry_install_20260921/install/lib/python3.10/site-packages/astribot_s1_navigation/explore_metrics
copying /tmp/codex_cpp_entry_install_20260921/astribot_s1_navigation/build/lib/astribot_s1_navigation/explore_metrics/geometry.py -> /tmp/codex_cpp_entry_install_20260921/install/lib/python3.10/site-packages/astribot_s1_navigation/explore_metrics
copying /tmp/codex_cpp_entry_install_20260921/astribot_s1_navigation/build/lib/astribot_s1_navigation/arm_speed_limiter_node.py -> /tmp/codex_cpp_entry_install_20260921/install/lib/python3.10/site-packages/astribot_s1_navigation
copying /tmp/codex_cpp_entry_install_20260921/astribot_s1_navigation/build/lib/astribot_s1_navigation/explore_metrics_recorder_node.py -> /tmp/codex_cpp_entry_install_20260921/install/lib/python3.10/site-packages/astribot_s1_navigation
copying /tmp/codex_cpp_entry_install_20260921/astribot_s1_navigation/build/lib/astribot_s1_navigation/__init__.py -> /tmp/codex_cpp_entry_install_20260921/install/lib/python3.10/site-packages/astribot_s1_navigation
copying /tmp/codex_cpp_entry_install_20260921/astribot_s1_navigation/build/lib/astribot_s1_navigation/path_tracking_diagnostics_node.py -> /tmp/codex_cpp_entry_install_20260921/install/lib/python3.10/site-packages/astribot_s1_navigation
copying /tmp/codex_cpp_entry_install_20260921/astribot_s1_navigation/build/lib/astribot_s1_navigation/cmd_vel_body_to_world_node.py -> /tmp/codex_cpp_entry_install_20260921/install/lib/python3.10/site-packages/astribot_s1_navigation
byte-compiling /tmp/codex_cpp_entry_install_20260921/install/lib/python3.10/site-packages/astribot_s1_navigation/posture_monitor_policy.py to posture_monitor_policy.cpython-310.pyc
byte-compiling /tmp/codex_cpp_entry_install_20260921/install/lib/python3.10/site-packages/astribot_s1_navigation/arm_reach_metric.py to arm_reach_metric.cpython-310.pyc
byte-compiling /tmp/codex_cpp_entry_install_20260921/install/lib/python3.10/site-packages/astribot_s1_navigation/explore_metrics/state_parse.py to state_parse.cpython-310.pyc
byte-compiling /tmp/codex_cpp_entry_install_20260921/install/lib/python3.10/site-packages/astribot_s1_navigation/explore_metrics/scan_metrics.py to scan_metrics.cpython-310.pyc
byte-compiling /tmp/codex_cpp_entry_install_20260921/install/lib/python3.10/site-packages/astribot_s1_navigation/explore_metrics/round_metrics.py to round_metrics.cpython-310.pyc
byte-compiling /tmp/codex_cpp_entry_install_20260921/install/lib/python3.10/site-packages/astribot_s1_navigation/explore_metrics/signals.py to signals.cpython-310.pyc
byte-compiling /tmp/codex_cpp_entry_install_20260921/install/lib/python3.10/site-packages/astribot_s1_navigation/explore_metrics/plan_status.py to plan_status.cpython-310.pyc
byte-compiling /tmp/codex_cpp_entry_install_20260921/install/lib/python3.10/site-packages/astribot_s1_navigation/explore_metrics/__init__.py to __init__.cpython-310.pyc
byte-compiling /tmp/codex_cpp_entry_install_20260921/install/lib/python3.10/site-packages/astribot_s1_navigation/explore_metrics/geometry.py to geometry.cpython-310.pyc
byte-compiling /tmp/codex_cpp_entry_install_20260921/install/lib/python3.10/site-packages/astribot_s1_navigation/arm_speed_limiter_node.py to arm_speed_limiter_node.cpython-310.pyc
byte-compiling /tmp/codex_cpp_entry_install_20260921/install/lib/python3.10/site-packages/astribot_s1_navigation/explore_metrics_recorder_node.py to explore_metrics_recorder_node.cpython-310.pyc
byte-compiling /tmp/codex_cpp_entry_install_20260921/install/lib/python3.10/site-packages/astribot_s1_navigation/__init__.py to __init__.cpython-310.pyc
byte-compiling /tmp/codex_cpp_entry_install_20260921/install/lib/python3.10/site-packages/astribot_s1_navigation/path_tracking_diagnostics_node.py to path_tracking_diagnostics_node.cpython-310.pyc
byte-compiling /tmp/codex_cpp_entry_install_20260921/install/lib/python3.10/site-packages/astribot_s1_navigation/cmd_vel_body_to_world_node.py to cmd_vel_body_to_world_node.cpython-310.pyc
running install_data
creating /tmp/codex_cpp_entry_install_20260921/install/share
creating /tmp/codex_cpp_entry_install_20260921/install/share/ament_index
creating /tmp/codex_cpp_entry_install_20260921/install/share/ament_index/resource_index
creating /tmp/codex_cpp_entry_install_20260921/install/share/ament_index/resource_index/packages
copying resource/astribot_s1_navigation -> /tmp/codex_cpp_entry_install_20260921/install/share/ament_index/resource_index/packages
creating /tmp/codex_cpp_entry_install_20260921/install/share/astribot_s1_navigation
copying package.xml -> /tmp/codex_cpp_entry_install_20260921/install/share/astribot_s1_navigation
creating /tmp/codex_cpp_entry_install_20260921/install/share/astribot_s1_navigation/launch
copying launch/navigation.launch.py -> /tmp/codex_cpp_entry_install_20260921/install/share/astribot_s1_navigation/launch
copying launch/sim_stack.launch.py -> /tmp/codex_cpp_entry_install_20260921/install/share/astribot_s1_navigation/launch
copying launch/nav2_full_bringup.launch.py -> /tmp/codex_cpp_entry_install_20260921/install/share/astribot_s1_navigation/launch
creating /tmp/codex_cpp_entry_install_20260921/install/share/astribot_s1_navigation/config
copying config/arrival_precision_hardware.yaml -> /tmp/codex_cpp_entry_install_20260921/install/share/astribot_s1_navigation/config
copying config/arrival_motion.yaml -> /tmp/codex_cpp_entry_install_20260921/install/share/astribot_s1_navigation/config
copying config/nav2_params_rpp.yaml -> /tmp/codex_cpp_entry_install_20260921/install/share/astribot_s1_navigation/config
copying config/arrival_precision_sim.yaml -> /tmp/codex_cpp_entry_install_20260921/install/share/astribot_s1_navigation/config
copying config/nonhome_planner_evaluation.yaml -> /tmp/codex_cpp_entry_install_20260921/install/share/astribot_s1_navigation/config
copying config/nav2_params_mppi.yaml -> /tmp/codex_cpp_entry_install_20260921/install/share/astribot_s1_navigation/config
creating /tmp/codex_cpp_entry_install_20260921/install/share/astribot_s1_navigation/rviz
copying rviz/nav2_view.rviz -> /tmp/codex_cpp_entry_install_20260921/install/share/astribot_s1_navigation/rviz
creating /tmp/codex_cpp_entry_install_20260921/install/share/astribot_s1_navigation/behavior_trees
copying behavior_trees/navigate_to_pose_explore_three_phase.xml -> /tmp/codex_cpp_entry_install_20260921/install/share/astribot_s1_navigation/behavior_trees
copying behavior_trees/navigate_to_pose_precise_goal.xml -> /tmp/codex_cpp_entry_install_20260921/install/share/astribot_s1_navigation/behavior_trees
copying behavior_trees/navigate_through_poses_precise_goal.xml -> /tmp/codex_cpp_entry_install_20260921/install/share/astribot_s1_navigation/behavior_trees
running install_egg_info
Copying /tmp/codex_cpp_entry_install_20260921/astribot_s1_navigation/egg/astribot_s1_navigation.egg-info to /tmp/codex_cpp_entry_install_20260921/install/lib/python3.10/site-packages/astribot_s1_navigation-0.1.0-py3.10.egg-info
running install_scripts
Installing explore_metrics_recorder_node script to /tmp/codex_cpp_entry_install_20260921/install/lib/astribot_s1_navigation
Installing path_tracking_diagnostics_node script to /tmp/codex_cpp_entry_install_20260921/install/lib/astribot_s1_navigation
writing list of installed files to '/tmp/codex_cpp_entry_install_20260921/astribot_s1_navigation/installed_files.txt'
