Consolidate compiler generated dependencies of target navigation_math
Consolidate compiler generated dependencies of target policy_profile
[  9%] Built target policy_profile
[  9%] Building CXX object CMakeFiles/navigation_math.dir/src/cmd_vel_body_to_world_core.cpp.o
Consolidate compiler generated dependencies of target fixed_envelope_core
[ 16%] Built target fixed_envelope_core
Consolidate compiler generated dependencies of target envelope_coordinator_cpp
[ 22%] Built target envelope_coordinator_cpp
Consolidate compiler generated dependencies of target policy_profile_probe
[ 29%] Built target policy_profile_probe
Consolidate compiler generated dependencies of target fixed_envelope_cpp
[ 35%] Built target fixed_envelope_cpp
Consolidate compiler generated dependencies of target fixed_envelope_probe
[ 41%] Built target fixed_envelope_probe
Consolidate compiler generated dependencies of target fixed_envelope_core_test
[ 48%] Built target fixed_envelope_core_test
[ 51%] Linking CXX static library libnavigation_math.a
[ 54%] Built target navigation_math
Consolidate compiler generated dependencies of target cmd_vel_body_to_world_cpp
Consolidate compiler generated dependencies of target costmap_scan_cpp
[ 58%] Building CXX object CMakeFiles/cmd_vel_body_to_world_cpp.dir/src/cmd_vel_body_to_world_node.cpp.o
[ 61%] Linking CXX executable costmap_scan_cpp
[ 64%] Built target costmap_scan_cpp
Consolidate compiler generated dependencies of target final_protection_core
[ 70%] Built target final_protection_core
Consolidate compiler generated dependencies of target navigation_math_test
[ 74%] Linking CXX executable navigation_math_test
[ 77%] Built target navigation_math_test
Consolidate compiler generated dependencies of target cmd_vel_body_to_world_core_test
[ 80%] Building CXX object CMakeFiles/cmd_vel_body_to_world_core_test.dir/test/cmd_vel_body_to_world_core_test.cpp.o
[ 83%] Linking CXX executable cmd_vel_body_to_world_core_test
[ 83%] Built target cmd_vel_body_to_world_core_test
Consolidate compiler generated dependencies of target final_protection_probe
[ 87%] Linking CXX executable final_protection_probe
[ 90%] Built target final_protection_probe
Consolidate compiler generated dependencies of target final_protection_cpp
[ 93%] Linking CXX executable final_protection_cpp
[ 96%] Built target final_protection_cpp
[100%] Linking CXX executable cmd_vel_body_to_world_cpp
[100%] Built target cmd_vel_body_to_world_cpp
