	linux-vdso.so.1 (0x00007fffd9bed000)
	libeagleaudithook.so => /usr/lib/x86_64-linux-gnu/eagleaudit/libeagleaudithook.so (0x00007ea8cbc00000)
	librclcpp.so => /opt/ros/humble/lib/librclcpp.so (0x00007ea8cba0a000)
	liblibstatistics_collector.so => /opt/ros/humble/lib/liblibstatistics_collector.so (0x00007ea8cbf9c000)
	librcl.so => /opt/ros/humble/lib/librcl.so (0x00007ea8cbf5e000)
	libstatistics_msgs__rosidl_typesupport_cpp.so => /opt/ros/humble/lib/libstatistics_msgs__rosidl_typesupport_cpp.so (0x00007ea8cbf57000)
	libtracetools.so => /opt/ros/humble/lib/libtracetools.so (0x00007ea8cbf52000)
	librmw.so => /opt/ros/humble/lib/librmw.so (0x00007ea8cbf46000)
	libsensor_msgs__rosidl_typesupport_cpp.so => /opt/ros/humble/lib/libsensor_msgs__rosidl_typesupport_cpp.so (0x00007ea8cbf3b000)
	libgeometry_msgs__rosidl_typesupport_cpp.so => /opt/ros/humble/lib/libgeometry_msgs__rosidl_typesupport_cpp.so (0x00007ea8cbf2f000)
	libstd_msgs__rosidl_typesupport_cpp.so => /opt/ros/humble/lib/libstd_msgs__rosidl_typesupport_cpp.so (0x00007ea8cbf24000)
	librcutils.so => /opt/ros/humble/lib/librcutils.so (0x00007ea8cbf0a000)
	libstdc++.so.6 => /lib/x86_64-linux-gnu/libstdc++.so.6 (0x00007ea8cb600000)
	libgcc_s.so.1 => /lib/x86_64-linux-gnu/libgcc_s.so.1 (0x00007ea8cbebe000)
	libc.so.6 => /lib/x86_64-linux-gnu/libc.so.6 (0x00007ea8cb200000)
	libdl.so.2 => /lib/x86_64-linux-gnu/libdl.so.2 (0x00007ea8cbeb9000)
	libpthread.so.0 => /lib/x86_64-linux-gnu/libpthread.so.0 (0x00007ea8cbeb4000)
	/lib64/ld-linux-x86-64.so.2 (0x00007ea8cc028000)
	librcl_yaml_param_parser.so => /opt/ros/humble/lib/librcl_yaml_param_parser.so (0x00007ea8cbea6000)
	librosgraph_msgs__rosidl_typesupport_cpp.so => /opt/ros/humble/lib/librosgraph_msgs__rosidl_typesupport_cpp.so (0x00007ea8cbea0000)
	librmw_implementation.so => /opt/ros/humble/lib/librmw_implementation.so (0x00007ea8cbe93000)
	libament_index_cpp.so => /opt/ros/humble/lib/libament_index_cpp.so (0x00007ea8cbe88000)
	librcl_logging_interface.so => /opt/ros/humble/lib/librcl_logging_interface.so (0x00007ea8cbe83000)
	librcl_interfaces__rosidl_typesupport_cpp.so => /opt/ros/humble/lib/librcl_interfaces__rosidl_typesupport_cpp.so (0x00007ea8cbe78000)
	librcpputils.so => /opt/ros/humble/lib/librcpputils.so (0x00007ea8cbe68000)
	libm.so.6 => /lib/x86_64-linux-gnu/libm.so.6 (0x00007ea8cb923000)
	librcl_logging_spdlog.so => /opt/ros/humble/lib/librcl_logging_spdlog.so (0x00007ea8cbe60000)
	librcl_interfaces__rosidl_typesupport_c.so => /opt/ros/humble/lib/librcl_interfaces__rosidl_typesupport_c.so (0x00007ea8cbe57000)
	librcl_interfaces__rosidl_generator_c.so => /opt/ros/humble/lib/librcl_interfaces__rosidl_generator_c.so (0x00007ea8cbe3b000)
	librosidl_runtime_c.so => /opt/ros/humble/lib/librosidl_runtime_c.so (0x00007ea8cbe2e000)
	librosidl_typesupport_cpp.so => /opt/ros/humble/lib/librosidl_typesupport_cpp.so (0x00007ea8cbe28000)
	libyaml.so => /opt/ros/humble/lib/libyaml.so (0x00007ea8cb901000)
	libspdlog.so.1 => /lib/x86_64-linux-gnu/libspdlog.so.1 (0x00007ea8cb886000)
	librosidl_typesupport_c.so => /opt/ros/humble/lib/librosidl_typesupport_c.so (0x00007ea8cbe22000)
	libbuiltin_interfaces__rosidl_generator_c.so => /opt/ros/humble/lib/libbuiltin_interfaces__rosidl_generator_c.so (0x00007ea8cbe1b000)
	libfmt.so.8 => /lib/x86_64-linux-gnu/libfmt.so.8 (0x00007ea8cb865000)
