[  1%] Built target astribot_s1_transport_native__rs
[  7%] Built target astribot_s1_transport_native__rosidl_generator_c
[  8%] Built target astribot_s1_transport_native__cpp
[  8%] Built target ament_cmake_python_copy_astribot_s1_transport_native
Consolidate compiler generated dependencies of target arm_hold_core
Consolidate compiler generated dependencies of target trajectory_scene_binding
[ 13%] Built target arm_hold_core
[ 15%] Built target trajectory_scene_binding
[ 16%] Built target fixed_station_navigation
[ 18%] Built target gtest_main
Consolidate compiler generated dependencies of target full_physical_fixture
[ 20%] Built target gtest
[ 22%] Built target full_physical_fixture
[ 28%] Built target astribot_s1_transport_native__rosidl_typesupport_fastrtps_c
[ 34%] Built target astribot_s1_transport_native__rosidl_typesupport_fastrtps_cpp
[ 40%] Built target astribot_s1_transport_native__rosidl_typesupport_introspection_c
[ 46%] Built target astribot_s1_transport_native__rosidl_typesupport_c
[ 52%] Built target astribot_s1_transport_native__rosidl_typesupport_introspection_cpp
[ 58%] Built target astribot_s1_transport_native__rosidl_typesupport_cpp
Consolidate compiler generated dependencies of target payload_client
[ 60%] Built target payload_client
Consolidate compiler generated dependencies of target payload_frames
[ 62%] Built target payload_frames
Consolidate compiler generated dependencies of target hold_executor
[ 62%] Building CXX object CMakeFiles/hold_executor.dir/src/hold_executor.cpp.o
running egg_info
writing astribot_s1_transport_native.egg-info/PKG-INFO
writing dependency_links to astribot_s1_transport_native.egg-info/dependency_links.txt
writing top-level names to astribot_s1_transport_native.egg-info/top_level.txt
reading manifest file 'astribot_s1_transport_native.egg-info/SOURCES.txt'
writing manifest file 'astribot_s1_transport_native.egg-info/SOURCES.txt'
[ 62%] Built target ament_cmake_python_build_astribot_s1_transport_native_egg
Consolidate compiler generated dependencies of target payload_scene
[ 63%] Built target payload_scene
[ 65%] Built target fixed_station_scene
[ 67%] Built target fixed_station_navigation_test
Consolidate compiler generated dependencies of target payload_command_test
[ 69%] Built target payload_command_test
Consolidate compiler generated dependencies of target payload_client_test
[ 70%] Built target payload_client_test
Consolidate compiler generated dependencies of target payload_frames_test
[ 72%] Built target payload_frames_test
Consolidate compiler generated dependencies of target payload_scene_test
[ 74%] Built target payload_scene_test
Consolidate compiler generated dependencies of target mtc_plan_test
[ 76%] Built target mtc_plan_test
Consolidate compiler generated dependencies of target scene_binding_test
[ 78%] Built target scene_binding_test
Consolidate compiler generated dependencies of target resource_authority_test
[ 80%] Built target resource_authority_test
Consolidate compiler generated dependencies of target child_actions_test
[ 82%] Built target child_actions_test
Consolidate compiler generated dependencies of target resource_journal_test
[ 83%] Built target resource_journal_test
Consolidate compiler generated dependencies of target arm_hold_test
[ 85%] Built target arm_hold_test
[ 85%] Built target astribot_s1_transport_native
Consolidate compiler generated dependencies of target trajectory_executor
[ 86%] Building CXX object CMakeFiles/trajectory_executor.dir/src/hold_executor.cpp.o
/home/yjh/WorkSpace/astribot_sdk_ros2/ws_robot/src/astribot_s1_transport_native/src/hold_executor.cpp: In member function ‘void astribot::transport::HoldExecutor::validate_transfer_goal(const Goal&)’:
/home/yjh/WorkSpace/astribot_sdk_ros2/ws_robot/src/astribot_s1_transport_native/src/hold_executor.cpp:291:3: warning: this ‘for’ clause does not guard... [-Wmisleading-indentation]
  291 |   for(const auto &target:goal.pick_exit_targets)pose(target);for(const auto &target:goal.place_exit_targets)pose(target);
      |   ^~~
/home/yjh/WorkSpace/astribot_sdk_ros2/ws_robot/src/astribot_s1_transport_native/src/hold_executor.cpp:291:62: note: ...this statement, but the latter is misleadingly indented as if it were guarded by the ‘for’
  291 |   for(const auto &target:goal.pick_exit_targets)pose(target);for(const auto &target:goal.place_exit_targets)pose(target);
      |                                                              ^~~
/home/yjh/WorkSpace/astribot_sdk_ros2/ws_robot/src/astribot_s1_transport_native/src/hold_executor.cpp: In member function ‘void astribot::transport::HoldExecutor::advance_transfer(int64_t, int64_t)’:
/home/yjh/WorkSpace/astribot_sdk_ros2/ws_robot/src/astribot_s1_transport_native/src/hold_executor.cpp:435:4: warning: this ‘if’ clause does not guard... [-Wmisleading-indentation]
  435 |    if(navigation_revoked(ros,steady))prepare_station_scene();return;
      |    ^~
/home/yjh/WorkSpace/astribot_sdk_ros2/ws_robot/src/astribot_s1_transport_native/src/hold_executor.cpp:435:62: note: ...this statement, but the latter is misleadingly indented as if it were guarded by the ‘if’
  435 |    if(navigation_revoked(ros,steady))prepare_station_scene();return;
      |                                                              ^~~~~~
[ 87%] Linking CXX executable hold_executor
[ 87%] Built target hold_executor
[ 88%] Built target fixed_station_scene_test
[ 89%] Built target astribot_s1_transport_native__py
[ 94%] Built target astribot_s1_transport_native__rosidl_generator_py
Consolidate compiler generated dependencies of target astribot_s1_transport_native__rosidl_typesupport_fastrtps_c__pyext
[ 95%] Built target astribot_s1_transport_native__rosidl_typesupport_fastrtps_c__pyext
Consolidate compiler generated dependencies of target astribot_s1_transport_native__rosidl_typesupport_introspection_c__pyext
[ 97%] Built target astribot_s1_transport_native__rosidl_typesupport_introspection_c__pyext
Consolidate compiler generated dependencies of target astribot_s1_transport_native__rosidl_typesupport_c__pyext
[ 99%] Built target astribot_s1_transport_native__rosidl_typesupport_c__pyext
[100%] Linking CXX executable trajectory_executor
[100%] Built target trajectory_executor
