	linux-vdso.so.1 (0x00007fff855e4000)
	libeagleaudithook.so => /usr/lib/x86_64-linux-gnu/eagleaudit/libeagleaudithook.so (0x0000795055200000)
	libpayload_client.so => /home/yjh/WorkSpace/astribot_sdk_ros2/runs/m1_transport_20260924/continuous_install/lib/libpayload_client.so (0x00007950558ee000)
	libpayload_frames.so => /home/yjh/WorkSpace/astribot_sdk_ros2/runs/m1_transport_20260924/continuous_install/lib/libpayload_frames.so (0x00007950558e4000)
	libpayload_scene.so => /home/yjh/WorkSpace/astribot_sdk_ros2/runs/m1_transport_20260924/continuous_install/lib/libpayload_scene.so (0x00007950555c1000)
	libfixed_station_scene.so => /home/yjh/WorkSpace/astribot_sdk_ros2/runs/m1_transport_20260924/continuous_install/lib/libfixed_station_scene.so (0x0000795055583000)
	libfixed_station_navigation.so => /home/yjh/WorkSpace/astribot_sdk_ros2/runs/m1_transport_20260924/continuous_install/lib/libfixed_station_navigation.so (0x0000795055007000)
	libastribot_s1_transport_native__rosidl_typesupport_cpp.so => /home/yjh/WorkSpace/astribot_sdk_ros2/runs/m1_transport_20260924/continuous_install/lib/libastribot_s1_transport_native__rosidl_typesupport_cpp.so (0x0000795055571000)
	libcontrol_msgs__rosidl_typesupport_cpp.so => /opt/ros/humble/lib/libcontrol_msgs__rosidl_typesupport_cpp.so (0x0000795055556000)
	libarm_hold_core.so => /home/yjh/WorkSpace/astribot_sdk_ros2/runs/m1_transport_20260924/continuous_install/lib/libarm_hold_core.so (0x00007950554ff000)
	libcontroller_manager_msgs__rosidl_typesupport_cpp.so => /opt/ros/humble/lib/libcontroller_manager_msgs__rosidl_typesupport_cpp.so (0x00007950554f2000)
	libastribot_transport_msgs__rosidl_typesupport_cpp.so => /home/yjh/WorkSpace/astribot_sdk_ros2/runs/mainline_20260924/payload_transition/install/astribot_transport_msgs/lib/libastribot_transport_msgs__rosidl_typesupport_cpp.so (0x00007950554e7000)
	libignition-transport11.so.11 => /lib/x86_64-linux-gnu/libignition-transport11.so.11 (0x000079505543c000)
	libignition-msgs8.so.8 => /lib/x86_64-linux-gnu/libignition-msgs8.so.8 (0x0000795054c00000)
	libprotobuf.so.23 => /lib/x86_64-linux-gnu/libprotobuf.so.23 (0x0000795054800000)
	liburdfdom_world.so.3.0 => /opt/ros/humble/lib/x86_64-linux-gnu/liburdfdom_world.so.3.0 (0x0000795055420000)
	libastribot_payload_msgs__rosidl_typesupport_cpp.so => /home/yjh/WorkSpace/astribot_validation/unified_navigation_resume_20260921_01/I0_2_20260923_065115/install/astribot_payload_msgs/lib/libastribot_payload_msgs__rosidl_typesupport_cpp.so (0x000079505541b000)
	libtf2_ros.so => /opt/ros/humble/lib/libtf2_ros.so (0x0000795054b68000)
	librclcpp_action.so => /opt/ros/humble/lib/librclcpp_action.so (0x0000795054fe4000)
	librcl_action.so => /opt/ros/humble/lib/librcl_action.so (0x0000795054fd1000)
	librclcpp.so => /opt/ros/humble/lib/librclcpp.so (0x000079505460a000)
	liblibstatistics_collector.so => /opt/ros/humble/lib/liblibstatistics_collector.so (0x0000795055412000)
	librcl.so => /opt/ros/humble/lib/librcl.so (0x0000795054b2a000)
	libstatistics_msgs__rosidl_typesupport_cpp.so => /opt/ros/humble/lib/libstatistics_msgs__rosidl_typesupport_cpp.so (0x000079505540d000)
	libtracetools.so => /opt/ros/humble/lib/libtracetools.so (0x0000795054fca000)
	libtf2_msgs__rosidl_typesupport_cpp.so => /opt/ros/humble/lib/libtf2_msgs__rosidl_typesupport_cpp.so (0x0000795054fc2000)
	libtf2.so => /opt/ros/humble/lib/libtf2.so (0x0000795054fa0000)
	libmoveit_msgs__rosidl_typesupport_cpp.so => /opt/ros/humble/lib/libmoveit_msgs__rosidl_typesupport_cpp.so (0x0000795054af2000)
	libastribot_navigation_msgs__rosidl_typesupport_cpp.so => /home/yjh/WorkSpace/astribot_validation/unified_navigation_resume_20260921_01/I0_2_20260923_065115/install/astribot_navigation_msgs/lib/libastribot_navigation_msgs__rosidl_typesupport_cpp.so (0x0000795054ae5000)
	libnav_msgs__rosidl_typesupport_cpp.so => /opt/ros/humble/lib/libnav_msgs__rosidl_typesupport_cpp.so (0x0000795054f96000)
	librmw.so => /opt/ros/humble/lib/librmw.so (0x0000795054ad9000)
	libsensor_msgs__rosidl_typesupport_cpp.so => /opt/ros/humble/lib/libsensor_msgs__rosidl_typesupport_cpp.so (0x0000795054ace000)
	libstd_msgs__rosidl_typesupport_cpp.so => /opt/ros/humble/lib/libstd_msgs__rosidl_typesupport_cpp.so (0x0000795054ac3000)
	librcutils.so => /opt/ros/humble/lib/librcutils.so (0x00007950545f2000)
	libstdc++.so.6 => /lib/x86_64-linux-gnu/libstdc++.so.6 (0x0000795054200000)
	libm.so.6 => /lib/x86_64-linux-gnu/libm.so.6 (0x0000795054509000)
	libgcc_s.so.1 => /lib/x86_64-linux-gnu/libgcc_s.so.1 (0x00007950544e9000)
	libc.so.6 => /lib/x86_64-linux-gnu/libc.so.6 (0x0000795053e00000)
	libdl.so.2 => /lib/x86_64-linux-gnu/libdl.so.2 (0x00007950544e4000)
	libpthread.so.0 => /lib/x86_64-linux-gnu/libpthread.so.0 (0x00007950544df000)
	/lib64/ld-linux-x86-64.so.2 (0x0000795055947000)
	liburdfdom_model.so.3.0 => /opt/ros/humble/lib/x86_64-linux-gnu/liburdfdom_model.so.3.0 (0x00007950544c3000)
	libtransport_scene_signature.so => /home/yjh/WorkSpace/astribot_sdk_ros2/runs/mainline_20260924/transfer_resume_1528/mtc_install/lib/libtransport_scene_signature.so (0x00007950544a3000)
	libcrypto.so.3 => /lib/x86_64-linux-gnu/libcrypto.so.3 (0x0000795053800000)
	libnav2_msgs__rosidl_typesupport_cpp.so => /opt/ros/humble/lib/libnav2_msgs__rosidl_typesupport_cpp.so (0x000079505446a000)
	libgeometry_msgs__rosidl_typesupport_cpp.so => /opt/ros/humble/lib/libgeometry_msgs__rosidl_typesupport_cpp.so (0x000079505445e000)
	liborocos-kdl.so.1.5 => /lib/x86_64-linux-gnu/liborocos-kdl.so.1.5 (0x0000795054144000)
	libaction_msgs__rosidl_typesupport_cpp.so => /opt/ros/humble/lib/libaction_msgs__rosidl_typesupport_cpp.so (0x0000795054456000)
	librosidl_typesupport_cpp.so => /opt/ros/humble/lib/librosidl_typesupport_cpp.so (0x0000795054450000)
	libzmq.so.5 => /lib/x86_64-linux-gnu/libzmq.so.5 (0x00007950540a8000)
	libuuid.so.1 => /lib/x86_64-linux-gnu/libuuid.so.1 (0x0000795054447000)
	libignition-math6.so.6 => /lib/x86_64-linux-gnu/libignition-math6.so.6 (0x0000795054055000)
	libtinyxml2.so.9 => /lib/x86_64-linux-gnu/libtinyxml2.so.9 (0x000079505442d000)
	libz.so.1 => /lib/x86_64-linux-gnu/libz.so.1 (0x0000795054039000)
	libconsole_bridge.so.1.0 => /lib/x86_64-linux-gnu/libconsole_bridge.so.1.0 (0x0000795054033000)
	libtinyxml.so.2.6.2 => /lib/x86_64-linux-gnu/libtinyxml.so.2.6.2 (0x0000795053de9000)
	librcl_yaml_param_parser.so => /opt/ros/humble/lib/librcl_yaml_param_parser.so (0x0000795053ddd000)
	librosgraph_msgs__rosidl_typesupport_cpp.so => /opt/ros/humble/lib/librosgraph_msgs__rosidl_typesupport_cpp.so (0x000079505402b000)
	librmw_implementation.so => /opt/ros/humble/lib/librmw_implementation.so (0x0000795053dd0000)
	libament_index_cpp.so => /opt/ros/humble/lib/libament_index_cpp.so (0x0000795053dc5000)
	librcl_logging_interface.so => /opt/ros/humble/lib/librcl_logging_interface.so (0x0000795053dc0000)
	librcl_interfaces__rosidl_typesupport_cpp.so => /opt/ros/humble/lib/librcl_interfaces__rosidl_typesupport_cpp.so (0x0000795053db5000)
	librcpputils.so => /opt/ros/humble/lib/librcpputils.so (0x0000795053da7000)
	librcl_logging_spdlog.so => /opt/ros/humble/lib/librcl_logging_spdlog.so (0x0000795053d9f000)
	librcl_interfaces__rosidl_typesupport_c.so => /opt/ros/humble/lib/librcl_interfaces__rosidl_typesupport_c.so (0x0000795053d96000)
	librcl_interfaces__rosidl_generator_c.so => /opt/ros/humble/lib/librcl_interfaces__rosidl_generator_c.so (0x0000795053d7a000)
	librosidl_runtime_c.so => /opt/ros/humble/lib/librosidl_runtime_c.so (0x0000795053d6f000)
	liboctomap.so.1.9 => /opt/ros/humble/lib/x86_64-linux-gnu/liboctomap.so.1.9 (0x0000795053d31000)
	liboctomath.so.1.9 => /opt/ros/humble/lib/x86_64-linux-gnu/liboctomath.so.1.9 (0x0000795053d29000)
	libbsd.so.0 => /lib/x86_64-linux-gnu/libbsd.so.0 (0x0000795053d11000)
	libsodium.so.23 => /lib/x86_64-linux-gnu/libsodium.so.23 (0x0000795053cba000)
	libpgm-5.3.so.0 => /lib/x86_64-linux-gnu/libpgm-5.3.so.0 (0x0000795053c69000)
	libnorm.so.1 => /lib/x86_64-linux-gnu/libnorm.so.1 (0x00007950536d5000)
	libgssapi_krb5.so.2 => /lib/x86_64-linux-gnu/libgssapi_krb5.so.2 (0x0000795053681000)
	libyaml.so => /opt/ros/humble/lib/libyaml.so (0x0000795053c45000)
	libspdlog.so.1 => /lib/x86_64-linux-gnu/libspdlog.so.1 (0x0000795053606000)
	librosidl_typesupport_c.so => /opt/ros/humble/lib/librosidl_typesupport_c.so (0x0000795053600000)
	libbuiltin_interfaces__rosidl_generator_c.so => /opt/ros/humble/lib/libbuiltin_interfaces__rosidl_generator_c.so (0x00007950535f9000)
	libmd.so.0 => /lib/x86_64-linux-gnu/libmd.so.0 (0x00007950535ec000)
	libkrb5.so.3 => /lib/x86_64-linux-gnu/libkrb5.so.3 (0x0000795053521000)
	libk5crypto.so.3 => /lib/x86_64-linux-gnu/libk5crypto.so.3 (0x00007950534f2000)
	libcom_err.so.2 => /lib/x86_64-linux-gnu/libcom_err.so.2 (0x00007950534ec000)
	libkrb5support.so.0 => /lib/x86_64-linux-gnu/libkrb5support.so.0 (0x00007950534dc000)
	libfmt.so.8 => /lib/x86_64-linux-gnu/libfmt.so.8 (0x00007950534bb000)
	libkeyutils.so.1 => /lib/x86_64-linux-gnu/libkeyutils.so.1 (0x00007950534b4000)
	libresolv.so.2 => /lib/x86_64-linux-gnu/libresolv.so.2 (0x00007950534a1000)
