/home/yjh/.cache/astribot/graspnet/rebuild_cpu_source/baseline/utils/loss_utils.py:89: UserWarning: Using torch.cross without specifying the dim arg is deprecated.
Please either pass the dim explicitly or simply use torch.linalg.cross.
The default value of dim will change to agree with that of linalg.cross in a future release. (Triggered internally at ../aten/src/ATen/native/Cross.cpp:62.)
  axis_z = torch.cross(axis_x, axis_y)
{
  "provenance": {
    "source_url": "https://github.com/graspnet/graspnet-baseline",
    "source_commit": "280c215129f759ed8649cb4e89fc5dfee55f4f80",
    "checkpoint_sha256": "60680087c61cba2b6791614fef1519071e294f6dcaf99b3f581bb95f7c51a868",
    "checkpoint_epoch": 18,
    "checkpoint_source": "pinned HF mirror; direct official Drive quota exceeded",
    "publisher_signature_verified": false,
    "checkpoint_keys_loaded_strict": 162,
    "torch_version": "2.5.1+cu124",
    "export_device": "cuda",
    "numpy_version": "1.21.5",
    "source_license_sha256": "acdeaedbed2d5b38b1fdacba406db53743d06a05f4220126bee91a548241f09b",
    "operators": "scripted_torch_compatibility_v2",
    "fps_ties": "pinned CUDA left-subtree reduction; bit-reversed lane rank then lane-local index",
    "operators_sha256": "89d9ed6e48dcdb73f10747db3450e9c4361cae7077cb8a7901f6665511cd07a1",
    "original_cuda_extension_bitwise_parity_verified": false,
    "sample_points": 20000,
    "sampling": "torch CPU generator seed 0: randperm or randint existing points",
    "input": "1x20000x3 float32, camera optical XYZ metres",
    "output": "Nx17 upstream pred_decode; no collision or NMS filter"
  },
  "device": "cuda",
  "input_sha256": "5f633ee8312293e76adf61d7a4d5227f451d1e68301ad10f14675818ec209120",
  "load_ms": 264.28417100032675,
  "inference_ms": [
    1654.0046029999758,
    217.22734800005128
  ],
  "candidates": 331,
  "score_min": 0.010888977907598019,
  "score_max": 1.4119220972061157,
  "rot_det_max_error": 2.384185791015625e-07,
  "rot_orthogonality_max_error": 3.5762786865234375e-07,
  "collision_checked": false,
  "physical_grasp_success_tested": false
}
/home/yjh/.cache/astribot/graspnet/rebuild_cpu_source/baseline/models/backbone.py:73: TracerWarning: Converting a tensor to a Python boolean might cause the trace to be incorrect. We can't record the data flow of Python values, so this value will be treated as a constant in the future. This means that the trace might not generalize to other inputs!
  if pc.size(-1) > 3 else None
/home/yjh/.cache/astribot/graspnet/rebuild_cpu_source/baseline/utils/loss_utils.py:66: TracerWarning: torch.from_numpy results are registered as constants in the trace. You can safely ignore this warning if you use this function to create tensors out of constant variables that would be the same every time you call this function. In any other case, this might cause the trace to be incorrect.
  return torch.from_numpy(views.astype(np.float32))
/home/yjh/.cache/astribot/graspnet/rebuild_cpu_source/baseline/models/graspnet.py:78: TracerWarning: Using len to get tensor shape might cause the trace to be incorrect. Recommended usage would be tensor.shape[0]. Passing a tensor of different shape might lead to errors or silently give incorrect results.
  batch_size = len(end_points['point_clouds'])
{
  "provenance": {
    "source_url": "https://github.com/graspnet/graspnet-baseline",
    "source_commit": "280c215129f759ed8649cb4e89fc5dfee55f4f80",
    "checkpoint_sha256": "60680087c61cba2b6791614fef1519071e294f6dcaf99b3f581bb95f7c51a868",
    "checkpoint_epoch": 18,
    "checkpoint_source": "pinned HF mirror; direct official Drive quota exceeded",
    "publisher_signature_verified": false,
    "checkpoint_keys_loaded_strict": 162,
    "torch_version": "2.5.1+cu124",
    "export_device": "cuda",
    "numpy_version": "1.21.5",
    "source_license_sha256": "acdeaedbed2d5b38b1fdacba406db53743d06a05f4220126bee91a548241f09b",
    "operators": "scripted_torch_compatibility_v2",
    "fps_ties": "pinned CUDA left-subtree reduction; bit-reversed lane rank then lane-local index",
    "operators_sha256": "89d9ed6e48dcdb73f10747db3450e9c4361cae7077cb8a7901f6665511cd07a1",
    "original_cuda_extension_bitwise_parity_verified": false,
    "sample_points": 20000,
    "sampling": "torch CPU generator seed 0: randperm or randint existing points",
    "input": "1x20000x3 float32, camera optical XYZ metres",
    "output": "Nx17 upstream pred_decode; no collision or NMS filter"
  },
  "device": "cuda",
  "input_sha256": "5f633ee8312293e76adf61d7a4d5227f451d1e68301ad10f14675818ec209120",
  "load_ms": 264.28417100032675,
  "inference_ms": [
    1654.0046029999758,
    217.22734800005128
  ],
  "candidates": 331,
  "score_min": 0.010888977907598019,
  "score_max": 1.4119220972061157,
  "rot_det_max_error": 2.384185791015625e-07,
  "rot_orthogonality_max_error": 3.5762786865234375e-07,
  "collision_checked": false,
  "physical_grasp_success_tested": false,
  "torchscript_max_abs_error": 0.0,
  "changed_input_sha256": "260ada82ccada2991d7c889816397d41b703a0ccf4839b2debadd97b2b7898ac",
  "changed_input_candidates": 331,
  "changed_input_torchscript_max_abs_error": 2.682209014892578e-07,
  "export_sha256": "5acc1ff77600a6e1b8a5a814b363956c9e12bf74abf89d85b94ba6f66cfd1b7c",
  "export_bytes": 4377835
}
