Running main() from ./googletest/src/gtest_main.cc
[==========] Running 6 tests from 1 test suite.
[----------] Global test environment set-up.
[----------] 6 tests from CameraSession
[ RUN      ] CameraSession.AcquiresAndRejectsOtherOwner
[       OK ] CameraSession.AcquiresAndRejectsOtherOwner (0 ms)
[ RUN      ] CameraSession.DuplicateAcquireCannotRenewLease
[       OK ] CameraSession.DuplicateAcquireCannotRenewLease (0 ms)
[ RUN      ] CameraSession.ReleaseAndExpiredTokensCannotReactivate
[       OK ] CameraSession.ReleaseAndExpiredTokensCannotReactivate (0 ms)
[ RUN      ] CameraSession.WallExpiryAndClockRollbackInvalidate
[       OK ] CameraSession.WallExpiryAndClockRollbackInvalidate (0 ms)
[ RUN      ] CameraSession.RejectsMissingIdentityInvalidBudgetAndOldRequest
[       OK ] CameraSession.RejectsMissingIdentityInvalidBudgetAndOldRequest (0 ms)
[ RUN      ] CameraSession.CorrectRenewExtendsAndDifferentBootHasDifferentToken
[       OK ] CameraSession.CorrectRenewExtendsAndDifferentBootHasDifferentToken (0 ms)
[----------] 6 tests from CameraSession (0 ms total)

[----------] Global test environment tear-down
[==========] 6 tests from 1 test suite ran. (0 ms total)
[  PASSED  ] 6 tests.
