Running main() from /opt/ros/humble/src/gtest_vendor/src/gtest_main.cc
[==========] Running 4 tests from 1 test suite.
[----------] Global test environment set-up.
[----------] 4 tests from Fetch
[ RUN      ] Fetch.ValidResponse
[INFO] [1790009195.397271842] [fetch_test]: Received URDF after 1 bounded request(s)
[       OK ] Fetch.ValidResponse (8 ms)
[ RUN      ] Fetch.DelayedFirstReplyRetries
[WARN] [1790009195.462052048] [fetch_test]: URDF request 1 timed out; bounded retry
[WARN] [1790009195.522201223] [fetch_test]: URDF request 2 timed out; bounded retry
[WARN] [1790009195.582357036] [fetch_test]: URDF request 3 timed out; bounded retry
[INFO] [1790009195.583004348] [fetch_test]: Received URDF after 4 bounded request(s)
[       OK ] Fetch.DelayedFirstReplyRetries (187 ms)
[ RUN      ] Fetch.MissingServiceBounded
[ERROR] [1790009195.788010282] [fetch_test]: URDF_STARTUP_DEADLINE: model unavailable; control setup rejected
[       OK ] Fetch.MissingServiceBounded (205 ms)
[ RUN      ] Fetch.WrongTypeRejected
[ERROR] [1790009195.794513692] [fetch_test]: URDF parameter missing, empty or wrong type
[       OK ] Fetch.WrongTypeRejected (5 ms)
[----------] 4 tests from Fetch (406 ms total)

[----------] Global test environment tear-down
[==========] 4 tests from 1 test suite ran. (406 ms total)
[  PASSED  ] 4 tests.
