{
  "scope": "rendered camera geometry in static canonical warehouse",
  "ROS_DOMAIN_ID": "89",
  "IGN_PARTITION": "astribot_task_chain_20260921",
  "duration_wall_sec": 10.000154692999786,
  "clock_samples": 9975,
  "clock_advanced_sec": 9.974,
  "cameras": {
    "head_rgbd": {
      "counts": {
        "rgb": 100,
        "info": 100,
        "depth": 100
      },
      "exact_stamp_groups": 100,
      "health_states": {
        "OK": 200
      },
      "cloud_messages": 100,
      "capture_stamp_ns": 82200000000,
      "frame": "astribot_s1/astribot_head_link_2/head_rgbd_sensor",
      "width": 640,
      "height": 360,
      "rgb_std": 81.41340697583003,
      "base_from_optical": {
        "parent": "astribot_torso_base",
        "child": "astribot_s1/astribot_head_link_2/head_rgbd_sensor",
        "stamp_ns": 82200000000,
        "translation": [
          0.10733082836452662,
          -1.323545887166322e-06,
          1.57764999999246
        ],
        "quaternion_xyzw": [
          -0.5000009182951748,
          0.4999990816993691,
          -0.4999990816963928,
          0.5000009183056904
        ]
      },
      "intrinsics": [
        374.53749988523185,
        0.0,
        320.0,
        0.0,
        374.5374998852318,
        180.0,
        0.0,
        0.0,
        1.0
      ],
      "finite_depth_ratio": 0.40878472222222223,
      "central_finite_depth_ratio": 0.0,
      "depth_min_m": 2.669452428817749,
      "depth_max_m": 4.905137062072754,
      "latest_health": {
        "valid": true,
        "state": "OK",
        "age_sec": 0.097,
        "frequency_hz": 10.0,
        "max_interval_sec": 0.1,
        "reason": "CAMERA_READY",
        "wall_elapsed": 9.985289038999326,
        "calibration_revision": 2026092101,
        "frame_id": "astribot_s1/astribot_head_link_2/head_rgbd_sensor",
        "header_stamp_ns": 82297000000,
        "capture_stamp_ns": 82200000000
      },
      "latest_cloud": {
        "stamp_ns": 82200000000,
        "points": 14400,
        "frame": "astribot_torso_base"
      }
    },
    "head_stereo_left": {
      "counts": {
        "rgb": 50,
        "info": 50
      },
      "exact_stamp_groups": 50,
      "health_states": {},
      "cloud_messages": 0,
      "capture_stamp_ns": 82200000000,
      "frame": "astribot_s1/astribot_head_link_2/head_stereo_left_sensor",
      "width": 400,
      "height": 300,
      "rgb_std": 78.171425058702,
      "base_from_optical": {
        "parent": "astribot_torso_base",
        "child": "astribot_s1/astribot_head_link_2/head_stereo_left_sensor",
        "stamp_ns": 82200000000,
        "translation": [
          0.11519971816884833,
          0.02999870535930571,
          1.5076499999929238
        ],
        "quaternion_xyzw": [
          -0.5000009182951748,
          0.4999990816993691,
          -0.4999990816963928,
          0.5000009183056904
        ]
      },
      "intrinsics": [
        164.07877206802368,
        0.0,
        200.0,
        0.0,
        164.07878994941711,
        150.0,
        0.0,
        0.0,
        1.0
      ]
    },
    "head_stereo_right": {
      "counts": {
        "rgb": 50,
        "info": 50
      },
      "exact_stamp_groups": 50,
      "health_states": {},
      "cloud_messages": 0,
      "capture_stamp_ns": 82200000000,
      "frame": "astribot_s1/astribot_head_link_2/head_stereo_right_sensor",
      "width": 400,
      "height": 300,
      "rgb_std": 77.37059243502402,
      "base_from_optical": {
        "parent": "astribot_torso_base",
        "child": "astribot_s1/astribot_head_link_2/head_stereo_right_sensor",
        "stamp_ns": 82200000000,
        "translation": [
          0.1151999385611544,
          -0.0300012946402895,
          1.5076499999921147
        ],
        "quaternion_xyzw": [
          -0.5000009182951748,
          0.4999990816993691,
          -0.4999990816963928,
          0.5000009183056904
        ]
      },
      "intrinsics": [
        143.38761568069458,
        0.0,
        200.0,
        0.0,
        143.38762164115906,
        150.0,
        0.0,
        0.0,
        1.0
      ]
    },
    "torso_rgbd": {
      "counts": {
        "rgb": 99,
        "info": 100,
        "depth": 100
      },
      "exact_stamp_groups": 99,
      "health_states": {
        "OK": 200
      },
      "cloud_messages": 99,
      "capture_stamp_ns": 82200000000,
      "frame": "astribot_s1/astribot_torso_link_4/torso_rgbd_sensor",
      "width": 640,
      "height": 360,
      "rgb_std": 79.83170706218534,
      "base_from_optical": {
        "parent": "astribot_torso_base",
        "child": "astribot_s1/astribot_torso_link_4/torso_rgbd_sensor",
        "stamp_ns": 82200000000,
        "translation": [
          0.10439282836474006,
          -5.7340350884116376e-08,
          1.0099999999949645
        ],
        "quaternion_xyzw": [
          -0.49999999999430755,
          0.5000000000010536,
          -0.4999981633930217,
          0.5000018366048712
        ]
      },
      "intrinsics": [
        345.69400008261766,
        0.0,
        320.0,
        0.0,
        345.6940000826176,
        180.0,
        0.0,
        0.0,
        1.0
      ],
      "finite_depth_ratio": 0.5608854166666667,
      "central_finite_depth_ratio": 0.0,
      "depth_min_m": 2.127795696258545,
      "depth_max_m": 4.915095329284668,
      "latest_health": {
        "valid": true,
        "state": "OK",
        "age_sec": 0.063,
        "frequency_hz": 10.0,
        "max_interval_sec": 0.1,
        "reason": "CAMERA_READY",
        "wall_elapsed": 9.953104344000167,
        "calibration_revision": 2026092101,
        "frame_id": "astribot_s1/astribot_torso_link_4/torso_rgbd_sensor",
        "header_stamp_ns": 82263000000,
        "capture_stamp_ns": 82200000000
      },
      "latest_cloud": {
        "stamp_ns": 82200000000,
        "points": 14400,
        "frame": "astribot_torso_base"
      }
    },
    "left_wrist_rgbd": {
      "counts": {
        "rgb": 99,
        "info": 99,
        "depth": 99
      },
      "exact_stamp_groups": 99,
      "health_states": {},
      "cloud_messages": 0,
      "capture_stamp_ns": 82200000000,
      "frame": "astribot_s1/astribot_arm_left_link_7/left_wrist_rgbd_sensor",
      "width": 640,
      "height": 320,
      "rgb_std": 23.941032591939976,
      "base_from_optical": {
        "parent": "astribot_torso_base",
        "child": "astribot_s1/astribot_arm_left_link_7/left_wrist_rgbd_sensor",
        "stamp_ns": 82200000000,
        "translation": [
          0.006002783565988323,
          0.45553166241004645,
          0.6832793423301774
        ],
        "quaternion_xyzw": [
          0.9848315255316771,
          5.439337587731517e-06,
          3.1685689622085173e-07,
          -0.17351330291727698
        ]
      },
      "intrinsics": [
        325.08200010284463,
        0.0,
        320.0,
        0.0,
        325.08200010284463,
        160.0,
        0.0,
        0.0,
        1.0
      ],
      "finite_depth_ratio": 1.0,
      "central_finite_depth_ratio": 1.0,
      "depth_min_m": 0.09375212341547012,
      "depth_max_m": 1.008003830909729
    },
    "right_wrist_rgbd": {
      "counts": {
        "rgb": 100,
        "info": 99,
        "depth": 99
      },
      "exact_stamp_groups": 99,
      "health_states": {},
      "cloud_messages": 0,
      "capture_stamp_ns": 82200000000,
      "frame": "astribot_s1/astribot_arm_right_link_7/right_wrist_rgbd_sensor",
      "width": 640,
      "height": 320,
      "rgb_std": 14.124876435252691,
      "base_from_optical": {
        "parent": "astribot_torso_base",
        "child": "astribot_s1/astribot_arm_right_link_7/right_wrist_rgbd_sensor",
        "stamp_ns": 82200000000,
        "translation": [
          -0.00599714779787202,
          -0.455529414592464,
          0.683275628397903
        ],
        "quaternion_xyzw": [
          -5.412951223471297e-06,
          0.9848322672024418,
          -0.1735090932703387,
          -3.2148993500680234e-07
        ]
      },
      "intrinsics": [
        326.5429998690372,
        0.0,
        320.0,
        0.0,
        326.5429998690372,
        160.0,
        0.0,
        0.0,
        1.0
      ],
      "finite_depth_ratio": 1.0,
      "central_finite_depth_ratio": 1.0,
      "depth_min_m": 0.09417324513196945,
      "depth_max_m": 1.0070102214813232
    }
  },
  "live_robot_description_sha256": "a899773969eda545049cb7b14daaa00df4239c39d7471ee9409ff34c50eb5e99"
}
