Running main() from /opt/ros/humble/src/gtest_vendor/src/gtest_main.cc
[==========] Running 8 tests from 1 test suite.
[----------] Global test environment set-up.
[----------] 8 tests from WristSessionNodeTest
[ RUN      ] WristSessionNodeTest.InactiveAndReleasedSessionsDoNotForward
[       OK ] WristSessionNodeTest.InactiveAndReleasedSessionsDoNotForward (244 ms)
[ RUN      ] WristSessionNodeTest.RejectsOldFutureAndPreviousGenerationFrames
[       OK ] WristSessionNodeTest.RejectsOldFutureAndPreviousGenerationFrames (267 ms)
[ RUN      ] WristSessionNodeTest.WallExpiryWorksWhileRosClockIsPaused
[       OK ] WristSessionNodeTest.WallExpiryWorksWhileRosClockIsPaused (255 ms)
[ RUN      ] WristSessionNodeTest.ImageBeforeMatchingClockTickWaitsThenForwards
[       OK ] WristSessionNodeTest.ImageBeforeMatchingClockTickWaitsThenForwards (195 ms)
[ RUN      ] WristSessionNodeTest.DeferredImageExpiresOnWallClock
[       OK ] WristSessionNodeTest.DeferredImageExpiresOnWallClock (457 ms)
[ RUN      ] WristSessionNodeTest.ReleaseClearsDeferredFrames
[       OK ] WristSessionNodeTest.ReleaseClearsDeferredFrames (207 ms)
[ RUN      ] WristSessionNodeTest.RollbackRevokesSessionAndOldToken
[       OK ] WristSessionNodeTest.RollbackRevokesSessionAndOldToken (202 ms)
[ RUN      ] WristSessionNodeTest.NavigationCameraCannotBeDisabledByWristGate
[WARN] [1790011602.587834590] [rcl.logging_rosout]: Publisher already registered for provided node name. If this is due to multiple nodes with the same name then all logs for that logger name will go out over the existing publisher. As soon as any node with that name is destructed it will unregister the publisher, preventing any further logs for that name from being published on the rosout topic.
[       OK ] WristSessionNodeTest.NavigationCameraCannotBeDisabledByWristGate (68 ms)
[----------] 8 tests from WristSessionNodeTest (1895 ms total)

[----------] Global test environment tear-down
[==========] 8 tests from 1 test suite ran. (1899 ms total)
[  PASSED  ] 8 tests.
