Running main() from /opt/ros/humble/src/gtest_vendor/src/gtest_main.cc
Note: Google Test filter = WristSessionNodeTest.ImageBeforeMatchingClockTickWaitsThenForwards
[==========] Running 1 test from 1 test suite.
[----------] Global test environment set-up.
[----------] 1 test from WristSessionNodeTest
[ RUN      ] WristSessionNodeTest.ImageBeforeMatchingClockTickWaitsThenForwards
/home/yjh/WorkSpace/astribot_sdk_ros2/ws_robot/src/astribot_s1_perception_components/test/wrist_session_node_test.cpp:88: Failure
Expected equality of these values:
  images.size()
    Which is: 0
  1u
    Which is: 1
[  FAILED  ] WristSessionNodeTest.ImageBeforeMatchingClockTickWaitsThenForwards (199 ms)
[----------] 1 test from WristSessionNodeTest (199 ms total)

[----------] Global test environment tear-down
[==========] 1 test from 1 test suite ran. (204 ms total)
[  PASSED  ] 0 tests.
[  FAILED  ] 1 test, listed below:
[  FAILED  ] WristSessionNodeTest.ImageBeforeMatchingClockTickWaitsThenForwards

 1 FAILED TEST
