[INFO] [launch]: All log files can be found below /home/yjh/.ros/log/astribot/2026-09-22-02-07-02-054469-sh-xf2731-2243148
[INFO] [launch]: Default logging verbosity is set to INFO
.[INFO] [launch]: All log files can be found below /home/yjh/.ros/log/astribot/2026-09-22-02-07-02-054469-sh-xf2731-2243148
[INFO] [launch]: Default logging verbosity is set to INFO
F
======================================================================
FAIL: test_explicit_profile_reaches_both_nodes_without_leaking (__main__.WristTransport)
----------------------------------------------------------------------
Traceback (most recent call last):
  File "/home/yjh/WorkSpace/astribot_sdk_ros2/tools/vision/test_wrist_launch_transport.py", line 37, in test_explicit_profile_reaches_both_nodes_without_leaking
    def test_explicit_profile_reaches_both_nodes_without_leaking(self):self.check_transport(True)
  File "/home/yjh/WorkSpace/astribot_sdk_ros2/tools/vision/test_wrist_launch_transport.py", line 35, in check_transport
    self.assertEqual(observed['pipeline'],expected)
AssertionError: {'FAS[27 chars]': '/home/yjh/WorkSpace/astribot_sdk_ros2/ws_r[120 chars]None} != {'FAS[27 chars]': '/tmp/tmpee92h_xk.xml', 'ROS_LOCALHOST_ONLY[44 chars]cpp'}
- {'FASTRTPS_DEFAULT_PROFILES_FILE': '/home/yjh/WorkSpace/astribot_sdk_ros2/ws_robot/src/astribot_s1_gazebo_bringup/config/camera_bridge_fastdds.xml',
-  'RMW_IMPLEMENTATION': None,
+ {'FASTRTPS_DEFAULT_PROFILES_FILE': '/tmp/tmpee92h_xk.xml',
+  'RMW_IMPLEMENTATION': 'rmw_fastrtps_cpp',
   'ROS_LOCALHOST_ONLY': '0'}

----------------------------------------------------------------------
Ran 2 tests in 0.056s

FAILED (failures=1)
