[0.210s] WARNING:colcon.colcon_ros.prefix_path.ament:The path '/home/yjh/WorkSpace/astribot_sdk_ros2/ws_robot/deps/mtc_humble/opt/ros/humble' in the environment variable AMENT_PREFIX_PATH doesn't contain any 'local_setup.*' files.
[0.245s] WARNING:colcon.colcon_core.package_selection:Some selected packages are already built in one or more underlay workspaces:
	'astribot_map_manager' is in: /home/yjh/WorkSpace/astribot_sdk_ros2/ws_robot/install/astribot_map_manager
	'astribot_s1_exploration' is in: /home/yjh/WorkSpace/astribot_sdk_ros2/install/astribot_s1_exploration, /home/yjh/WorkSpace/astribot_sdk_ros2/ws_robot/install/astribot_s1_exploration
If a package in a merged underlay workspace is overridden and it installs headers, then all packages in the overlay must sort their include directories by workspace order. Failure to do so may result in build failures or undefined behavior at run time.
If the overridden package is used by another package in any underlay, then the overriding package in the overlay must be API and ABI compatible or undefined behavior at run time may occur.

If you understand the risks and want to override a package anyways, add the following to the command line:
	--allow-overriding astribot_map_manager astribot_s1_exploration

This may be promoted to an error in a future release of colcon-override-check.
Starting >>> astribot_s1_exploration
[0.253s] WARNING:colcon.colcon_core.shell:The following packages are in the workspace but haven't been built:
- astribot_autonomy_core
- astribot_eigen_vendor
- astribot_logging
- astribot_navigation_msgs
- astribot_operator_msgs
- astribot_perception_msgs
- astribot_slam_msgs
- astribot_navigation_zones
- astribot_s1_perception_components
They are being used from the following locations instead:
- /home/yjh/WorkSpace/astribot_sdk_ros2/install/astribot_autonomy_core
- /home/yjh/WorkSpace/astribot_sdk_ros2/install/astribot_eigen_vendor
- /home/yjh/WorkSpace/astribot_sdk_ros2/install/astribot_logging
- /home/yjh/WorkSpace/astribot_sdk_ros2/runs/task_chain_20260921/ros_ws/install/astribot_navigation_msgs
- /home/yjh/WorkSpace/astribot_sdk_ros2/ws_robot/install/astribot_operator_msgs
- /home/yjh/WorkSpace/astribot_sdk_ros2/runs/task_chain_20260922/w1_session_v2/install/astribot_perception_msgs
- /home/yjh/WorkSpace/astribot_sdk_ros2/install/astribot_slam_msgs
- /home/yjh/WorkSpace/astribot_sdk_ros2/runs/task_chain_20260921/ros_ws/install/astribot_navigation_zones
- /home/yjh/WorkSpace/astribot_sdk_ros2/runs/task_chain_20260922/w1_session_v6/install/astribot_s1_perception_components
To suppress this warning ignore these packages in the workspace:
--packages-ignore astribot_autonomy_core astribot_eigen_vendor astribot_logging astribot_navigation_msgs astribot_operator_msgs astribot_perception_msgs astribot_slam_msgs astribot_navigation_zones astribot_s1_perception_components
Finished <<< astribot_s1_exploration [37.6s]
Starting >>> astribot_map_manager
[37.810s] WARNING:colcon.colcon_core.shell:The following packages are in the workspace but haven't been built:
- astribot_autonomy_core
- astribot_eigen_vendor
- astribot_logging
- astribot_navigation_msgs
- astribot_operator_msgs
- astribot_perception_msgs
- astribot_s1_chassis_effort_drive_native
- astribot_slam_msgs
- aws_robomaker_small_warehouse_world
- astribot_navigation_zones
- astribot_s1_chassis_effort_drive
- astribot_s1_description
- astribot_s1_mapping
- astribot_s1_perception_components
- astribot_s1_perception_native
- astribot_s1_slam
- livox_ros_driver2
- astribot_s1_gazebo_bringup
- astribot_s1_perception
They are being used from the following locations instead:
- /home/yjh/WorkSpace/astribot_sdk_ros2/install/astribot_autonomy_core
- /home/yjh/WorkSpace/astribot_sdk_ros2/install/astribot_eigen_vendor
- /home/yjh/WorkSpace/astribot_sdk_ros2/install/astribot_logging
- /home/yjh/WorkSpace/astribot_sdk_ros2/runs/task_chain_20260921/ros_ws/install/astribot_navigation_msgs
- /home/yjh/WorkSpace/astribot_sdk_ros2/ws_robot/install/astribot_operator_msgs
- /home/yjh/WorkSpace/astribot_sdk_ros2/runs/task_chain_20260922/w1_session_v2/install/astribot_perception_msgs
- /home/yjh/WorkSpace/astribot_sdk_ros2/install/astribot_s1_chassis_effort_drive_native
- /home/yjh/WorkSpace/astribot_sdk_ros2/install/astribot_slam_msgs
- /home/yjh/WorkSpace/astribot_sdk_ros2/install/aws_robomaker_small_warehouse_world
- /home/yjh/WorkSpace/astribot_sdk_ros2/runs/task_chain_20260921/ros_ws/install/astribot_navigation_zones
- /home/yjh/WorkSpace/astribot_sdk_ros2/install/astribot_s1_chassis_effort_drive
- /home/yjh/WorkSpace/astribot_sdk_ros2/runs/camera_reference_20260921/ros_ws/install/astribot_s1_description
- /home/yjh/WorkSpace/astribot_sdk_ros2/install/astribot_s1_mapping
- /home/yjh/WorkSpace/astribot_sdk_ros2/runs/task_chain_20260922/w1_session_v6/install/astribot_s1_perception_components
- /home/yjh/WorkSpace/astribot_sdk_ros2/runs/task_chain_20260921/ros_ws/install/astribot_s1_perception_native
- /home/yjh/WorkSpace/astribot_sdk_ros2/install/astribot_s1_slam
- /home/yjh/WorkSpace/astribot_sdk_ros2/install/livox_ros_driver2
- /home/yjh/WorkSpace/astribot_sdk_ros2/runs/task_chain_20260921/ros_ws/install/astribot_s1_gazebo_bringup
- /home/yjh/WorkSpace/astribot_sdk_ros2/runs/task_chain_20260922/w1_overlay/install/astribot_s1_perception
To suppress this warning ignore these packages in the workspace:
--packages-ignore astribot_autonomy_core astribot_eigen_vendor astribot_logging astribot_navigation_msgs astribot_operator_msgs astribot_perception_msgs astribot_s1_chassis_effort_drive_native astribot_slam_msgs aws_robomaker_small_warehouse_world astribot_navigation_zones astribot_s1_chassis_effort_drive astribot_s1_description astribot_s1_mapping astribot_s1_perception_components astribot_s1_perception_native astribot_s1_slam livox_ros_driver2 astribot_s1_gazebo_bringup astribot_s1_perception
--- stderr: astribot_map_manager
/home/yjh/WorkSpace/astribot_sdk_ros2/ws_robot/src/astribot_map_manager/src/catalog.cpp:3:10: fatal error: astribot_s1_autonomy/session_archive.hpp: 没有那个文件或目录
    3 | #include <astribot_s1_autonomy/session_archive.hpp>
      |          ^~~~~~~~~~~~~~~~~~~~~~~~~~~~~~~~~~~~~~~~~~
compilation terminated.
gmake[2]: *** [CMakeFiles/map_catalog.dir/build.make:76：CMakeFiles/map_catalog.dir/src/catalog.cpp.o] 错误 1
gmake[2]: *** 正在等待未完成的任务....
/home/yjh/WorkSpace/astribot_sdk_ros2/ws_robot/src/astribot_map_manager/src/voxel_activation.cpp:2:10: fatal error: astribot_s1_autonomy/session_archive.hpp: 没有那个文件或目录
    2 | #include <astribot_s1_autonomy/session_archive.hpp>
      |          ^~~~~~~~~~~~~~~~~~~~~~~~~~~~~~~~~~~~~~~~~~
compilation terminated.
gmake[2]: *** [CMakeFiles/map_catalog.dir/build.make:104：CMakeFiles/map_catalog.dir/src/voxel_activation.cpp.o] 错误 1
gmake[1]: *** [CMakeFiles/Makefile2:171：CMakeFiles/map_catalog.dir/all] 错误 2
gmake: *** [Makefile:146：all] 错误 2
---
Failed   <<< astribot_map_manager [2.92s, exited with code 2]

Summary: 1 package finished [40.7s]
  1 package failed: astribot_map_manager
  1 package had stderr output: astribot_map_manager
