[0.214s] WARNING:colcon.colcon_ros.prefix_path.ament:The path '/home/yjh/WorkSpace/astribot_sdk_ros2/ws_robot/deps/mtc_humble/opt/ros/humble' in the environment variable AMENT_PREFIX_PATH doesn't contain any 'local_setup.*' files.
[0.250s] WARNING:colcon.colcon_core.package_selection:Some selected packages are already built in one or more underlay workspaces:
	'astribot_map_manager' is in: /home/yjh/WorkSpace/astribot_sdk_ros2/runs/task_chain_20260922/w1_map_overlay/install/astribot_map_manager, /home/yjh/WorkSpace/astribot_sdk_ros2/ws_robot/install/astribot_map_manager
If a package in a merged underlay workspace is overridden and it installs headers, then all packages in the overlay must sort their include directories by workspace order. Failure to do so may result in build failures or undefined behavior at run time.
If the overridden package is used by another package in any underlay, then the overriding package in the overlay must be API and ABI compatible or undefined behavior at run time may occur.

If you understand the risks and want to override a package anyways, add the following to the command line:
	--allow-overriding astribot_map_manager

This may be promoted to an error in a future release of colcon-override-check.
Starting >>> astribot_map_manager
[0.258s] WARNING:colcon.colcon_core.shell:The following packages are in the workspace but haven't been built:
- astribot_autonomy_core
- astribot_eigen_vendor
- astribot_logging
- astribot_navigation_msgs
- astribot_operator_msgs
- astribot_perception_msgs
- astribot_s1_chassis_effort_drive_native
- astribot_slam_msgs
- aws_robomaker_small_warehouse_world
- astribot_navigation_zones
- astribot_s1_chassis_effort_drive
- astribot_s1_description
- astribot_s1_mapping
- astribot_s1_perception_components
- astribot_s1_perception_native
- astribot_s1_slam
- livox_ros_driver2
- astribot_s1_gazebo_bringup
- astribot_s1_perception
They are being used from the following locations instead:
- /home/yjh/WorkSpace/astribot_sdk_ros2/install/astribot_autonomy_core
- /home/yjh/WorkSpace/astribot_sdk_ros2/install/astribot_eigen_vendor
- /home/yjh/WorkSpace/astribot_sdk_ros2/install/astribot_logging
- /home/yjh/WorkSpace/astribot_sdk_ros2/runs/task_chain_20260921/ros_ws/install/astribot_navigation_msgs
- /home/yjh/WorkSpace/astribot_sdk_ros2/ws_robot/install/astribot_operator_msgs
- /home/yjh/WorkSpace/astribot_sdk_ros2/runs/task_chain_20260922/w1_session_v2/install/astribot_perception_msgs
- /home/yjh/WorkSpace/astribot_sdk_ros2/install/astribot_s1_chassis_effort_drive_native
- /home/yjh/WorkSpace/astribot_sdk_ros2/install/astribot_slam_msgs
- /home/yjh/WorkSpace/astribot_sdk_ros2/install/aws_robomaker_small_warehouse_world
- /home/yjh/WorkSpace/astribot_sdk_ros2/runs/task_chain_20260921/ros_ws/install/astribot_navigation_zones
- /home/yjh/WorkSpace/astribot_sdk_ros2/install/astribot_s1_chassis_effort_drive
- /home/yjh/WorkSpace/astribot_sdk_ros2/runs/camera_reference_20260921/ros_ws/install/astribot_s1_description
- /home/yjh/WorkSpace/astribot_sdk_ros2/install/astribot_s1_mapping
- /home/yjh/WorkSpace/astribot_sdk_ros2/runs/task_chain_20260922/w1_session_v6/install/astribot_s1_perception_components
- /home/yjh/WorkSpace/astribot_sdk_ros2/runs/task_chain_20260921/ros_ws/install/astribot_s1_perception_native
- /home/yjh/WorkSpace/astribot_sdk_ros2/install/astribot_s1_slam
- /home/yjh/WorkSpace/astribot_sdk_ros2/install/livox_ros_driver2
- /home/yjh/WorkSpace/astribot_sdk_ros2/runs/task_chain_20260921/ros_ws/install/astribot_s1_gazebo_bringup
- /home/yjh/WorkSpace/astribot_sdk_ros2/runs/task_chain_20260922/w1_overlay/install/astribot_s1_perception
To suppress this warning ignore these packages in the workspace:
--packages-ignore astribot_autonomy_core astribot_eigen_vendor astribot_logging astribot_navigation_msgs astribot_operator_msgs astribot_perception_msgs astribot_s1_chassis_effort_drive_native astribot_slam_msgs aws_robomaker_small_warehouse_world astribot_navigation_zones astribot_s1_chassis_effort_drive astribot_s1_description astribot_s1_mapping astribot_s1_perception_components astribot_s1_perception_native astribot_s1_slam livox_ros_driver2 astribot_s1_gazebo_bringup astribot_s1_perception
Finished <<< astribot_map_manager [38.2s]

Summary: 1 package finished [38.4s]
