[0.299s] WARNING:colcon.colcon_ros.prefix_path.ament:The path '/home/yjh/WorkSpace/astribot_sdk_ros2/ws_robot/deps/mtc_humble/opt/ros/humble' in the environment variable AMENT_PREFIX_PATH doesn't contain any 'local_setup.*' files.
[0.347s] WARNING:colcon.colcon_core.package_selection:Some selected packages are already built in one or more underlay workspaces:
	'astribot_s1_navigation_policy' is in: /home/yjh/WorkSpace/astribot_sdk_ros2/install/astribot_s1_navigation_policy, /home/yjh/WorkSpace/astribot_sdk_ros2/ws_robot/install/astribot_s1_navigation_policy
	'astribot_s1_path_tracking' is in: /home/yjh/WorkSpace/astribot_sdk_ros2/ws_robot/install/astribot_s1_path_tracking, /home/yjh/WorkSpace/astribot_sdk_ros2/install/astribot_s1_path_tracking
If a package in a merged underlay workspace is overridden and it installs headers, then all packages in the overlay must sort their include directories by workspace order. Failure to do so may result in build failures or undefined behavior at run time.
If the overridden package is used by another package in any underlay, then the overriding package in the overlay must be API and ABI compatible or undefined behavior at run time may occur.

If you understand the risks and want to override a package anyways, add the following to the command line:
	--allow-overriding astribot_s1_navigation_policy astribot_s1_path_tracking

This may be promoted to an error in a future release of colcon-override-check.
Starting >>> astribot_s1_path_tracking
[0.357s] WARNING:colcon.colcon_core.shell:The following packages are in the workspace but haven't been built:
- astribot_bridge_msgs
- astribot_eigen_vendor
- astribot_logging
- astribot_navigation_msgs
- astribot_s1_robot_geometry
They are being used from the following locations instead:
- /home/yjh/WorkSpace/astribot_sdk_ros2/install/astribot_bridge_msgs
- /home/yjh/WorkSpace/astribot_sdk_ros2/install/astribot_eigen_vendor
- /home/yjh/WorkSpace/astribot_sdk_ros2/install/astribot_logging
- /home/yjh/WorkSpace/astribot_sdk_ros2/runs/task_chain_20260921/ros_ws/install/astribot_navigation_msgs
- /home/yjh/WorkSpace/astribot_sdk_ros2/runs/task_chain_20260921/ros_ws/install/astribot_s1_robot_geometry
To suppress this warning ignore these packages in the workspace:
--packages-ignore astribot_bridge_msgs astribot_eigen_vendor astribot_logging astribot_navigation_msgs astribot_s1_robot_geometry
Starting >>> astribot_s1_navigation_policy
[0.366s] WARNING:colcon.colcon_core.shell:The following packages are in the workspace but haven't been built:
- astribot_logging
- astribot_navigation_msgs
- astribot_operator_msgs
- astribot_navigation_zones
- astribot_s1_robot_geometry
- astribot_s1_social_navigation
- astribot_s1_navigation_policy_native
- astribot_s1_task_arbiter_native
They are being used from the following locations instead:
- /home/yjh/WorkSpace/astribot_sdk_ros2/install/astribot_logging
- /home/yjh/WorkSpace/astribot_sdk_ros2/runs/task_chain_20260921/ros_ws/install/astribot_navigation_msgs
- /home/yjh/WorkSpace/astribot_sdk_ros2/ws_robot/install/astribot_operator_msgs
- /home/yjh/WorkSpace/astribot_sdk_ros2/runs/task_chain_20260921/ros_ws/install/astribot_navigation_zones
- /home/yjh/WorkSpace/astribot_sdk_ros2/runs/task_chain_20260921/ros_ws/install/astribot_s1_robot_geometry
- /home/yjh/WorkSpace/astribot_sdk_ros2/ws_robot/install/astribot_s1_social_navigation
- /home/yjh/WorkSpace/astribot_sdk_ros2/runs/task_chain_20260921/ros_ws/install/astribot_s1_navigation_policy_native
- /home/yjh/WorkSpace/astribot_sdk_ros2/runs/task_chain_20260921/ros_ws/install/astribot_s1_task_arbiter_native
To suppress this warning ignore these packages in the workspace:
--packages-ignore astribot_logging astribot_navigation_msgs astribot_operator_msgs astribot_navigation_zones astribot_s1_robot_geometry astribot_s1_social_navigation astribot_s1_navigation_policy_native astribot_s1_task_arbiter_native
Finished <<< astribot_s1_navigation_policy [0.86s]
Finished <<< astribot_s1_path_tracking [28.0s]

Summary: 2 packages finished [28.3s]
