usage: sim_stack_supervisor.py [-h] [--instance INSTANCE]
                               [--ros-domain-id ROS_DOMAIN_ID]
                               [--spawn-x SPAWN_X] [--spawn-y SPAWN_Y]
                               [--spawn-yaw SPAWN_YAW]
                               [--mode {mapping,explore,localize,baseline}]
                               [--map MAP] [--save-session SAVE_SESSION]
                               [--match-threshold MATCH_THRESHOLD]
                               [--map-yaml MAP_YAML]
                               [--navigation-geometry-mode {legacy,fixed_v2}]
                               [--navigation-policy {off,p2,p3,p4,p5}]
                               [--corridor-file CORRIDOR_FILE]
                               [--social-scenario SOCIAL_SCENARIO]
                               [--social-policy {off,h2}]
                               [--tracker {mppi,rpp}]
                               [--max-linear-speed MAX_LINEAR_SPEED]
                               [--scan-source {slice_scan,laserscan}]
                               [--use-lidar {true,false}]
                               [--use-camera {true,false}]
                               [--use-wrist-cameras {true,false}]
                               [--use-stereo-cameras {true,false}]
                               [--camera-profile CAMERA_PROFILE]
                               [--torso-camera-profile TORSO_CAMERA_PROFILE]
                               [--camera-calibration-dir CAMERA_CALIBRATION_DIR]
                               [--use-camera-postprocess {true,false}]
                               [--use-camera-pointcloud {true,false}]
                               [--enable-depth-obstacles {true,false}]
                               [--obstacle-layer-plugin {nav2_costmap_2d::ObstacleLayer,nav2_costmap_2d::VoxelLayer}]
                               [--headless]
                               [--real-time-factor REAL_TIME_FACTOR]
                               [--no-rviz] [--nav-transport {udp,default}]
                               [--nav-attempts {1,2,3}]
                               [--ready-timeout READY_TIMEOUT]
                               [--log-dir LOG_DIR]
                               [--log-level {debug,info,warn,error,fatal}]
                               [--log-max-bytes LOG_MAX_BYTES]
                               [--log-backup-count LOG_BACKUP_COUNT]
                               [--dry-run]
sim_stack_supervisor.py: error: P4 requires --corridor-file
