[  1%] Generating Rust code for ROS interfaces
[  1%] Built target astribot_s1_transport_native__rs
[  2%] Generating C code for ROS interfaces
Consolidate compiler generated dependencies of target astribot_s1_transport_native__rosidl_generator_c
[  3%] Building C object CMakeFiles/astribot_s1_transport_native__rosidl_generator_c.dir/rosidl_generator_c/astribot_s1_transport_native/action/detail/hold_resources__functions.c.o
[  4%] Building C object CMakeFiles/astribot_s1_transport_native__rosidl_generator_c.dir/rosidl_generator_c/astribot_s1_transport_native/action/detail/plan_to_hold__functions.c.o
[  5%] Building C object CMakeFiles/astribot_s1_transport_native__rosidl_generator_c.dir/rosidl_generator_c/astribot_s1_transport_native/action/detail/manipulation_to_hold__functions.c.o
[  6%] Building C object CMakeFiles/astribot_s1_transport_native__rosidl_generator_c.dir/rosidl_generator_c/astribot_s1_transport_native/srv/detail/renew_hold__functions.c.o
[  7%] Linking C shared library libastribot_s1_transport_native__rosidl_generator_c.so
[  7%] Built target astribot_s1_transport_native__rosidl_generator_c
[  8%] Generating C type support for eProsima Fast-RTPS
Consolidate compiler generated dependencies of target astribot_s1_transport_native__rosidl_typesupport_fastrtps_c
[  9%] Building CXX object CMakeFiles/astribot_s1_transport_native__rosidl_typesupport_fastrtps_c.dir/rosidl_typesupport_fastrtps_c/astribot_s1_transport_native/action/detail/hold_resources__type_support_c.cpp.o
[ 10%] Building CXX object CMakeFiles/astribot_s1_transport_native__rosidl_typesupport_fastrtps_c.dir/rosidl_typesupport_fastrtps_c/astribot_s1_transport_native/action/detail/plan_to_hold__type_support_c.cpp.o
[ 11%] Building CXX object CMakeFiles/astribot_s1_transport_native__rosidl_typesupport_fastrtps_c.dir/rosidl_typesupport_fastrtps_c/astribot_s1_transport_native/action/detail/manipulation_to_hold__type_support_c.cpp.o
[ 12%] Building CXX object CMakeFiles/astribot_s1_transport_native__rosidl_typesupport_fastrtps_c.dir/rosidl_typesupport_fastrtps_c/astribot_s1_transport_native/srv/detail/renew_hold__type_support_c.cpp.o
[ 13%] Linking CXX shared library libastribot_s1_transport_native__rosidl_typesupport_fastrtps_c.so
[ 13%] Built target astribot_s1_transport_native__rosidl_typesupport_fastrtps_c
[ 14%] Generating C++ code for ROS interfaces
[ 14%] Built target astribot_s1_transport_native__cpp
[ 15%] Generating C++ type support for eProsima Fast-RTPS
Consolidate compiler generated dependencies of target astribot_s1_transport_native__rosidl_typesupport_fastrtps_cpp
[ 16%] Building CXX object CMakeFiles/astribot_s1_transport_native__rosidl_typesupport_fastrtps_cpp.dir/rosidl_typesupport_fastrtps_cpp/astribot_s1_transport_native/action/detail/dds_fastrtps/hold_resources__type_support.cpp.o
[ 17%] Building CXX object CMakeFiles/astribot_s1_transport_native__rosidl_typesupport_fastrtps_cpp.dir/rosidl_typesupport_fastrtps_cpp/astribot_s1_transport_native/action/detail/dds_fastrtps/plan_to_hold__type_support.cpp.o
[ 18%] Building CXX object CMakeFiles/astribot_s1_transport_native__rosidl_typesupport_fastrtps_cpp.dir/rosidl_typesupport_fastrtps_cpp/astribot_s1_transport_native/action/detail/dds_fastrtps/manipulation_to_hold__type_support.cpp.o
[ 19%] Building CXX object CMakeFiles/astribot_s1_transport_native__rosidl_typesupport_fastrtps_cpp.dir/rosidl_typesupport_fastrtps_cpp/astribot_s1_transport_native/srv/detail/dds_fastrtps/renew_hold__type_support.cpp.o
[ 20%] Linking CXX shared library libastribot_s1_transport_native__rosidl_typesupport_fastrtps_cpp.so
[ 20%] Built target astribot_s1_transport_native__rosidl_typesupport_fastrtps_cpp
[ 21%] Generating C introspection for ROS interfaces
Consolidate compiler generated dependencies of target astribot_s1_transport_native__rosidl_typesupport_introspection_c
[ 22%] Building C object CMakeFiles/astribot_s1_transport_native__rosidl_typesupport_introspection_c.dir/rosidl_typesupport_introspection_c/astribot_s1_transport_native/action/detail/hold_resources__type_support.c.o
[ 23%] Building C object CMakeFiles/astribot_s1_transport_native__rosidl_typesupport_introspection_c.dir/rosidl_typesupport_introspection_c/astribot_s1_transport_native/action/detail/plan_to_hold__type_support.c.o
[ 24%] Building C object CMakeFiles/astribot_s1_transport_native__rosidl_typesupport_introspection_c.dir/rosidl_typesupport_introspection_c/astribot_s1_transport_native/action/detail/manipulation_to_hold__type_support.c.o
[ 25%] Building C object CMakeFiles/astribot_s1_transport_native__rosidl_typesupport_introspection_c.dir/rosidl_typesupport_introspection_c/astribot_s1_transport_native/srv/detail/renew_hold__type_support.c.o
[ 26%] Linking C shared library libastribot_s1_transport_native__rosidl_typesupport_introspection_c.so
[ 26%] Built target astribot_s1_transport_native__rosidl_typesupport_introspection_c
[ 27%] Generating C type support dispatch for ROS interfaces
Consolidate compiler generated dependencies of target astribot_s1_transport_native__rosidl_typesupport_c
[ 28%] Building CXX object CMakeFiles/astribot_s1_transport_native__rosidl_typesupport_c.dir/rosidl_typesupport_c/astribot_s1_transport_native/action/hold_resources__type_support.cpp.o
[ 29%] Building CXX object CMakeFiles/astribot_s1_transport_native__rosidl_typesupport_c.dir/rosidl_typesupport_c/astribot_s1_transport_native/action/plan_to_hold__type_support.cpp.o
[ 30%] Building CXX object CMakeFiles/astribot_s1_transport_native__rosidl_typesupport_c.dir/rosidl_typesupport_c/astribot_s1_transport_native/action/manipulation_to_hold__type_support.cpp.o
[ 31%] Building CXX object CMakeFiles/astribot_s1_transport_native__rosidl_typesupport_c.dir/rosidl_typesupport_c/astribot_s1_transport_native/srv/renew_hold__type_support.cpp.o
[ 32%] Linking CXX shared library libastribot_s1_transport_native__rosidl_typesupport_c.so
[ 32%] Built target astribot_s1_transport_native__rosidl_typesupport_c
[ 33%] Generating C++ introspection for ROS interfaces
Consolidate compiler generated dependencies of target astribot_s1_transport_native__rosidl_typesupport_introspection_cpp
[ 34%] Building CXX object CMakeFiles/astribot_s1_transport_native__rosidl_typesupport_introspection_cpp.dir/rosidl_typesupport_introspection_cpp/astribot_s1_transport_native/action/detail/hold_resources__type_support.cpp.o
[ 35%] Building CXX object CMakeFiles/astribot_s1_transport_native__rosidl_typesupport_introspection_cpp.dir/rosidl_typesupport_introspection_cpp/astribot_s1_transport_native/action/detail/plan_to_hold__type_support.cpp.o
[ 36%] Building CXX object CMakeFiles/astribot_s1_transport_native__rosidl_typesupport_introspection_cpp.dir/rosidl_typesupport_introspection_cpp/astribot_s1_transport_native/action/detail/manipulation_to_hold__type_support.cpp.o
[ 37%] Building CXX object CMakeFiles/astribot_s1_transport_native__rosidl_typesupport_introspection_cpp.dir/rosidl_typesupport_introspection_cpp/astribot_s1_transport_native/srv/detail/renew_hold__type_support.cpp.o
[ 38%] Linking CXX shared library libastribot_s1_transport_native__rosidl_typesupport_introspection_cpp.so
[ 38%] Built target astribot_s1_transport_native__rosidl_typesupport_introspection_cpp
[ 39%] Generating C++ type support dispatch for ROS interfaces
Consolidate compiler generated dependencies of target astribot_s1_transport_native__rosidl_typesupport_cpp
[ 40%] Building CXX object CMakeFiles/astribot_s1_transport_native__rosidl_typesupport_cpp.dir/rosidl_typesupport_cpp/astribot_s1_transport_native/action/hold_resources__type_support.cpp.o
[ 41%] Building CXX object CMakeFiles/astribot_s1_transport_native__rosidl_typesupport_cpp.dir/rosidl_typesupport_cpp/astribot_s1_transport_native/action/plan_to_hold__type_support.cpp.o
[ 42%] Building CXX object CMakeFiles/astribot_s1_transport_native__rosidl_typesupport_cpp.dir/rosidl_typesupport_cpp/astribot_s1_transport_native/action/manipulation_to_hold__type_support.cpp.o
[ 43%] Building CXX object CMakeFiles/astribot_s1_transport_native__rosidl_typesupport_cpp.dir/rosidl_typesupport_cpp/astribot_s1_transport_native/srv/renew_hold__type_support.cpp.o
[ 44%] Linking CXX shared library libastribot_s1_transport_native__rosidl_typesupport_cpp.so
[ 44%] Built target astribot_s1_transport_native__rosidl_typesupport_cpp
[ 44%] Built target astribot_s1_transport_native
[ 44%] Built target ament_cmake_python_copy_astribot_s1_transport_native
running egg_info
writing astribot_s1_transport_native.egg-info/PKG-INFO
writing dependency_links to astribot_s1_transport_native.egg-info/dependency_links.txt
writing top-level names to astribot_s1_transport_native.egg-info/top_level.txt
reading manifest file 'astribot_s1_transport_native.egg-info/SOURCES.txt'
writing manifest file 'astribot_s1_transport_native.egg-info/SOURCES.txt'
[ 44%] Built target ament_cmake_python_build_astribot_s1_transport_native_egg
[ 45%] Generating Python code for ROS interfaces
[ 45%] Built target astribot_s1_transport_native__py
Consolidate compiler generated dependencies of target astribot_s1_transport_native__rosidl_generator_py
[ 46%] Building C object CMakeFiles/astribot_s1_transport_native__rosidl_generator_py.dir/rosidl_generator_py/astribot_s1_transport_native/action/_hold_resources_s.c.o
[ 47%] Building C object CMakeFiles/astribot_s1_transport_native__rosidl_generator_py.dir/rosidl_generator_py/astribot_s1_transport_native/action/_plan_to_hold_s.c.o
[ 48%] Building C object CMakeFiles/astribot_s1_transport_native__rosidl_generator_py.dir/rosidl_generator_py/astribot_s1_transport_native/action/_manipulation_to_hold_s.c.o
[ 49%] Building C object CMakeFiles/astribot_s1_transport_native__rosidl_generator_py.dir/rosidl_generator_py/astribot_s1_transport_native/srv/_renew_hold_s.c.o
[ 50%] Linking C shared library rosidl_generator_py/astribot_s1_transport_native/libastribot_s1_transport_native__rosidl_generator_py.so
[ 50%] Built target astribot_s1_transport_native__rosidl_generator_py
Consolidate compiler generated dependencies of target astribot_s1_transport_native__rosidl_typesupport_fastrtps_c__pyext
[ 51%] Building C object CMakeFiles/astribot_s1_transport_native__rosidl_typesupport_fastrtps_c__pyext.dir/rosidl_generator_py/astribot_s1_transport_native/_astribot_s1_transport_native_s.ep.rosidl_typesupport_fastrtps_c.c.o
[ 52%] Linking C shared library rosidl_generator_py/astribot_s1_transport_native/astribot_s1_transport_native_s__rosidl_typesupport_fastrtps_c.cpython-310-x86_64-linux-gnu.so
[ 52%] Built target astribot_s1_transport_native__rosidl_typesupport_fastrtps_c__pyext
Consolidate compiler generated dependencies of target astribot_s1_transport_native__rosidl_typesupport_introspection_c__pyext
[ 53%] Building C object CMakeFiles/astribot_s1_transport_native__rosidl_typesupport_introspection_c__pyext.dir/rosidl_generator_py/astribot_s1_transport_native/_astribot_s1_transport_native_s.ep.rosidl_typesupport_introspection_c.c.o
[ 54%] Linking C shared library rosidl_generator_py/astribot_s1_transport_native/astribot_s1_transport_native_s__rosidl_typesupport_introspection_c.cpython-310-x86_64-linux-gnu.so
[ 54%] Built target astribot_s1_transport_native__rosidl_typesupport_introspection_c__pyext
Consolidate compiler generated dependencies of target astribot_s1_transport_native__rosidl_typesupport_c__pyext
[ 55%] Building C object CMakeFiles/astribot_s1_transport_native__rosidl_typesupport_c__pyext.dir/rosidl_generator_py/astribot_s1_transport_native/_astribot_s1_transport_native_s.ep.rosidl_typesupport_c.c.o
[ 56%] Linking C shared library rosidl_generator_py/astribot_s1_transport_native/astribot_s1_transport_native_s__rosidl_typesupport_c.cpython-310-x86_64-linux-gnu.so
[ 56%] Built target astribot_s1_transport_native__rosidl_typesupport_c__pyext
Consolidate compiler generated dependencies of target arm_hold_core
[ 63%] Built target arm_hold_core
Consolidate compiler generated dependencies of target payload_client
[ 64%] Building CXX object CMakeFiles/payload_client.dir/src/payload_client.cpp.o
[ 65%] Linking CXX shared library libpayload_client.so
[ 65%] Built target payload_client
Consolidate compiler generated dependencies of target payload_frames
[ 66%] Building CXX object CMakeFiles/payload_frames.dir/src/payload_frames.cpp.o
[ 67%] Linking CXX shared library libpayload_frames.so
[ 67%] Built target payload_frames
Consolidate compiler generated dependencies of target hold_executor
[ 68%] Building CXX object CMakeFiles/hold_executor.dir/src/hold_executor.cpp.o
[ 69%] Linking CXX executable hold_executor
[ 69%] Built target hold_executor
Consolidate compiler generated dependencies of target trajectory_scene_binding
[ 70%] Building CXX object CMakeFiles/trajectory_scene_binding.dir/src/scene_binding.cpp.o
[ 71%] Linking CXX static library libtrajectory_scene_binding.a
[ 71%] Built target trajectory_scene_binding
[ 72%] Building CXX object CMakeFiles/payload_scene.dir/src/payload_scene.cpp.o
/home/yjh/WorkSpace/astribot_sdk_ros2/ws_robot/src/astribot_s1_transport_native/src/payload_scene.cpp: In function ‘moveit_msgs::msg::PlanningScene astribot::transport::payload_scene_diff(const PlanningScene&, const Observation&, const string&, bool, const Pose&, const string&, const std::set<std::__cxx11::basic_string<char> >&)’:
/home/yjh/WorkSpace/astribot_sdk_ros2/ws_robot/src/astribot_s1_transport_native/src/payload_scene.cpp:40:77: warning: converting to ‘builtin_interfaces::msg::Time_<std::allocator<void> >’ from initializer list would use explicit constructor ‘builtin_interfaces::msg::Time_<ContainerAllocator>::Time_(rosidl_runtime_cpp::MessageInitialization) [with ContainerAllocator = std::allocator<void>]’
   40 |   auto placed=body->object;placed.header.frame_id=base;placed.header.stamp={};placed.pose=pose;placed.operation=placed.ADD;
      |                                                                             ^
/home/yjh/WorkSpace/astribot_sdk_ros2/ws_robot/src/astribot_s1_transport_native/src/payload_scene.cpp:40:77: note: in C++11 and above a default constructor can be explicit
[ 73%] Linking CXX shared library libpayload_scene.so
[ 73%] Built target payload_scene
Consolidate compiler generated dependencies of target trajectory_executor
[ 74%] Building CXX object CMakeFiles/trajectory_executor.dir/src/hold_executor.cpp.o
[ 75%] Linking CXX executable trajectory_executor
[ 75%] Built target trajectory_executor
Consolidate compiler generated dependencies of target gtest_main
[ 77%] Built target gtest_main
Consolidate compiler generated dependencies of target gtest
[ 79%] Built target gtest
Consolidate compiler generated dependencies of target payload_command_test
[ 80%] Linking CXX executable payload_command_test
[ 81%] Built target payload_command_test
Consolidate compiler generated dependencies of target payload_client_test
[ 82%] Building CXX object CMakeFiles/payload_client_test.dir/test/payload_client_test.cpp.o
[ 83%] Linking CXX executable payload_client_test
[ 83%] Built target payload_client_test
Consolidate compiler generated dependencies of target payload_frames_test
[ 84%] Building CXX object CMakeFiles/payload_frames_test.dir/test/payload_frames_test.cpp.o
[ 85%] Linking CXX executable payload_frames_test
[ 85%] Built target payload_frames_test
[ 86%] Building CXX object CMakeFiles/payload_scene_test.dir/test/payload_scene_test.cpp.o
[ 87%] Linking CXX executable payload_scene_test
[ 87%] Built target payload_scene_test
Consolidate compiler generated dependencies of target mtc_plan_test
[ 88%] Building CXX object CMakeFiles/mtc_plan_test.dir/test/mtc_plan_test.cpp.o
[ 89%] Linking CXX executable mtc_plan_test
[ 89%] Built target mtc_plan_test
Consolidate compiler generated dependencies of target scene_binding_test
[ 90%] Building CXX object CMakeFiles/scene_binding_test.dir/test/scene_binding_test.cpp.o
[ 91%] Linking CXX executable scene_binding_test
[ 91%] Built target scene_binding_test
Consolidate compiler generated dependencies of target resource_authority_test
[ 92%] Linking CXX executable resource_authority_test
[ 93%] Built target resource_authority_test
Consolidate compiler generated dependencies of target child_actions_test
[ 94%] Linking CXX executable child_actions_test
[ 95%] Built target child_actions_test
Consolidate compiler generated dependencies of target resource_journal_test
[ 96%] Linking CXX executable resource_journal_test
[ 97%] Built target resource_journal_test
Consolidate compiler generated dependencies of target arm_hold_test
[ 98%] Linking CXX executable arm_hold_test
[100%] Built target arm_hold_test
