-- Install configuration: "Release"
-- Installing: /home/yjh/WorkSpace/astribot_sdk_ros2/runs/mainline_20260924/nav_boundary/install/astribot_s1_dynamics_coupling/lib/astribot_s1_dynamics_coupling/arm_chassis_speed_coupling_node
-- Set runtime path of "/home/yjh/WorkSpace/astribot_sdk_ros2/runs/mainline_20260924/nav_boundary/install/astribot_s1_dynamics_coupling/lib/astribot_s1_dynamics_coupling/arm_chassis_speed_coupling_node" to ""
-- Up-to-date: /home/yjh/WorkSpace/astribot_sdk_ros2/runs/mainline_20260924/nav_boundary/install/astribot_s1_dynamics_coupling/share/astribot_s1_dynamics_coupling/launch
-- Up-to-date: /home/yjh/WorkSpace/astribot_sdk_ros2/runs/mainline_20260924/nav_boundary/install/astribot_s1_dynamics_coupling/share/astribot_s1_dynamics_coupling/launch/arm_chassis_coupling.launch.py
-- Up-to-date: /home/yjh/WorkSpace/astribot_sdk_ros2/runs/mainline_20260924/nav_boundary/install/astribot_s1_dynamics_coupling/share/astribot_s1_dynamics_coupling/config
-- Up-to-date: /home/yjh/WorkSpace/astribot_sdk_ros2/runs/mainline_20260924/nav_boundary/install/astribot_s1_dynamics_coupling/share/astribot_s1_dynamics_coupling/config/arm_chassis_coupling_params.yaml
-- Up-to-date: /home/yjh/WorkSpace/astribot_sdk_ros2/runs/mainline_20260924/nav_boundary/install/astribot_s1_dynamics_coupling/share/astribot_s1_dynamics_coupling/README_DYNAMICS_COUPLING.md
-- Up-to-date: /home/yjh/WorkSpace/astribot_sdk_ros2/runs/mainline_20260924/nav_boundary/install/astribot_s1_dynamics_coupling/share/ament_index/resource_index/package_run_dependencies/astribot_s1_dynamics_coupling
-- Up-to-date: /home/yjh/WorkSpace/astribot_sdk_ros2/runs/mainline_20260924/nav_boundary/install/astribot_s1_dynamics_coupling/share/ament_index/resource_index/parent_prefix_path/astribot_s1_dynamics_coupling
-- Up-to-date: /home/yjh/WorkSpace/astribot_sdk_ros2/runs/mainline_20260924/nav_boundary/install/astribot_s1_dynamics_coupling/share/astribot_s1_dynamics_coupling/environment/ament_prefix_path.sh
-- Up-to-date: /home/yjh/WorkSpace/astribot_sdk_ros2/runs/mainline_20260924/nav_boundary/install/astribot_s1_dynamics_coupling/share/astribot_s1_dynamics_coupling/environment/ament_prefix_path.dsv
-- Up-to-date: /home/yjh/WorkSpace/astribot_sdk_ros2/runs/mainline_20260924/nav_boundary/install/astribot_s1_dynamics_coupling/share/astribot_s1_dynamics_coupling/environment/path.sh
-- Up-to-date: /home/yjh/WorkSpace/astribot_sdk_ros2/runs/mainline_20260924/nav_boundary/install/astribot_s1_dynamics_coupling/share/astribot_s1_dynamics_coupling/environment/path.dsv
-- Up-to-date: /home/yjh/WorkSpace/astribot_sdk_ros2/runs/mainline_20260924/nav_boundary/install/astribot_s1_dynamics_coupling/share/astribot_s1_dynamics_coupling/local_setup.bash
-- Up-to-date: /home/yjh/WorkSpace/astribot_sdk_ros2/runs/mainline_20260924/nav_boundary/install/astribot_s1_dynamics_coupling/share/astribot_s1_dynamics_coupling/local_setup.sh
-- Up-to-date: /home/yjh/WorkSpace/astribot_sdk_ros2/runs/mainline_20260924/nav_boundary/install/astribot_s1_dynamics_coupling/share/astribot_s1_dynamics_coupling/local_setup.zsh
-- Up-to-date: /home/yjh/WorkSpace/astribot_sdk_ros2/runs/mainline_20260924/nav_boundary/install/astribot_s1_dynamics_coupling/share/astribot_s1_dynamics_coupling/local_setup.dsv
-- Up-to-date: /home/yjh/WorkSpace/astribot_sdk_ros2/runs/mainline_20260924/nav_boundary/install/astribot_s1_dynamics_coupling/share/astribot_s1_dynamics_coupling/package.dsv
-- Up-to-date: /home/yjh/WorkSpace/astribot_sdk_ros2/runs/mainline_20260924/nav_boundary/install/astribot_s1_dynamics_coupling/share/ament_index/resource_index/packages/astribot_s1_dynamics_coupling
-- Up-to-date: /home/yjh/WorkSpace/astribot_sdk_ros2/runs/mainline_20260924/nav_boundary/install/astribot_s1_dynamics_coupling/share/astribot_s1_dynamics_coupling/cmake/astribot_s1_dynamics_couplingConfig.cmake
-- Up-to-date: /home/yjh/WorkSpace/astribot_sdk_ros2/runs/mainline_20260924/nav_boundary/install/astribot_s1_dynamics_coupling/share/astribot_s1_dynamics_coupling/cmake/astribot_s1_dynamics_couplingConfig-version.cmake
-- Up-to-date: /home/yjh/WorkSpace/astribot_sdk_ros2/runs/mainline_20260924/nav_boundary/install/astribot_s1_dynamics_coupling/share/astribot_s1_dynamics_coupling/package.xml
