Consolidate compiler generated dependencies of target transport_scene_signature
[ 11%] Built target transport_scene_signature
Consolidate compiler generated dependencies of target execution_guard
[ 18%] Built target execution_guard
Consolidate compiler generated dependencies of target mtc_planner
[ 29%] Built target mtc_planner
[ 37%] Built target gtest_main
[ 44%] Built target gtest
Consolidate compiler generated dependencies of target canonical_scene_test
[ 48%] Building CXX object CMakeFiles/canonical_scene_test.dir/test/canonical_scene_test.cpp.o
[ 51%] Linking CXX executable canonical_scene_test
[ 51%] Built target canonical_scene_test
Consolidate compiler generated dependencies of target payload_transition_test
[ 62%] Built target payload_transition_test
Consolidate compiler generated dependencies of target execution_guard_test
[ 70%] Built target execution_guard_test
Consolidate compiler generated dependencies of target joint_margin_test
[ 77%] Built target joint_margin_test
Consolidate compiler generated dependencies of target transport_scene_core
[ 85%] Built target transport_scene_core
Consolidate compiler generated dependencies of target _transport_scene_native
[ 92%] Built target _transport_scene_native
Consolidate compiler generated dependencies of target canonical_octomap_test
[100%] Built target canonical_octomap_test
