test_asymmetric_entry_failed_sweep_still_rejects (test_fixed_corridor.AdapterEntryTests) ... ok
test_asymmetric_entry_moves_105mm_left_and_right (test_fixed_corridor.AdapterEntryTests) ... ok
test_asymmetric_entry_over_300mm_is_rejected (test_fixed_corridor.AdapterEntryTests) ... ok
test_legacy_center_uses_zero_target_and_same_limit (test_fixed_corridor.AdapterEntryTests) ... ok
test_retained_target_controls_requested_displacement (test_fixed_corridor.AdapterEntryTests) ... ok
test_aligned_85cm_no_stop (test_fixed_corridor.CorridorTests) ... ok
test_asymmetric_offset (test_fixed_corridor.CorridorTests) ... ok
test_concatenated_waypoint_endpoints_are_not_reverse_segments (test_fixed_corridor.CorridorTests) ... ok
test_diagonal_remote_turn_is_not_a_swept_box_collision (test_fixed_corridor.CorridorTests) ... ok
test_front_arm_alignment_finishes_before_entry (test_fixed_corridor.CorridorTests) ... ok
test_front_extension_changes_rotation_not_straight_width (test_fixed_corridor.CorridorTests) ... ok
test_impossible_arm_turn_reports_route_failure_without_waiting (test_fixed_corridor.CorridorTests) ... ok
test_inside_aligned_restart (test_fixed_corridor.CorridorTests) ... ok
test_inside_misaligned_no_rotation (test_fixed_corridor.CorridorTests) ... ok
test_rear_arm_must_leave_before_exit_turn (test_fixed_corridor.CorridorTests) ... ok
test_remote_turn_and_small_tracking_bend_still_allowed (test_fixed_corridor.CorridorTests) ... ok
test_repeated_corner_endpoint_keeps_arm_clearance (test_fixed_corridor.CorridorTests) ... ok
test_side_extension_rejected (test_fixed_corridor.CorridorTests) ... ok
test_stationary_goal_keeps_corridor_rotation_rule (test_fixed_corridor.CorridorTests) ... ok
test_turn_sweep_not_just_endpoint_postures (test_fixed_corridor.CorridorTests) ... ok
test_uncertainty_and_obstacle_preserved (test_fixed_corridor.CorridorTests) ... ok

----------------------------------------------------------------------
Ran 21 tests in 0.024s

OK
