test_absent_stale_and_future_policy_rejected (test_admission.AdmissionTests) ... ok
test_cancellation_preserves_its_type (test_admission.AdmissionTests) ... ok
test_fresh_policy_and_mtc_allow_admission (test_admission.AdmissionTests) ... ok
test_missing_mtc_rejected_before_scene (test_admission.AdmissionTests) ... ok
test_actual_crossing_requires_both_gates_and_contiguous_source_samples (test_corridor_route.CorridorTests) ... ok
test_arrival_without_crossing_is_not_a_pass (test_corridor_route.CorridorTests) ... ok
test_bad_intent_and_pose_rejected (test_corridor_route.CorridorTests) ... ok
test_between_sample_side_entry_is_rejected (test_corridor_route.CorridorTests) ... ok
test_intent_retains_ordered_inside_goals_and_final_outside_goal (test_corridor_route.CorridorTests) ... ok
test_repeated_stamp_cannot_hide_dropout_or_clock_rollback (test_corridor_route.CorridorTests) ... ok
test_same_source_stamp_cannot_describe_two_poses (test_corridor_route.CorridorTests) ... ok
test_side_detour_is_rejected (test_corridor_route.CorridorTests) ... ok
test_already_finished_result_still_checks_guard (test_execution_cancellation.CancellationTests) ... ok
test_cancel_response_is_not_terminal_confirmation (test_execution_cancellation.CancellationTests) ... ok
test_cancel_timeout_preserves_original_fault_and_owner (test_execution_cancellation.CancellationTests) ... ok
test_guard_fault_during_acceptance_retains_pending_handle (test_execution_cancellation.CancellationTests) ... ok
test_success_releases_owner (test_execution_cancellation.CancellationTests) ... ok
test_unknown_result_status_keeps_executor_owner (test_execution_cancellation.CancellationTests) ... ok
test_active_position_claims_required (test_fixed_hold.HoldTests) ... ok
test_stale_controller_or_posture_drift_revokes (test_fixed_hold.HoldTests) ... ok
test_lost_read_response_retries_without_repeating_a_mutation (test_fixed_hold.ReadQueryTests) ... ok
test_old_repeated_expired_and_changed_scene_do_not_prove_stability (test_fixed_hold.SettlingTests) ... ok
test_settling_overshoot_must_finish_before_commit (test_fixed_hold.SettlingTests) ... ok
test_moveit_object_and_local_shape_poses_compose (test_geometry.GeometryTest) ... ok
test_obj_bounds (test_geometry.GeometryTest) ... ok
test_offset_and_rotation_are_included (test_geometry.GeometryTest) ... ok
test_payload_expands_footprint (test_geometry.GeometryTest) ... ok
test_spherical_wheel_bounds_do_not_depend_on_rotation (test_geometry.GeometryTest) ... ok
test_tilted_cylinder_and_axial_spin (test_geometry.GeometryTest) ... ok
test_applied_identity_and_source_deadline_required (test_payload_sync.PayloadSyncTests) ... ok
test_filter_budget_covers_translation_and_rotation (test_payload_sync.PayloadSyncTests) ... ok
test_fixed_chain_resolves_to_retained_articulated_link (test_payload_sync.PayloadSyncTests) ... ok
test_future_positive_does_not_destroy_previous_evidence (test_payload_sync.PayloadSyncTests) ... ok
test_acknowledgement_required_and_cannot_reuse (test_plan_guard.GuardTest) ... ok
test_cannot_skip_to_release (test_plan_guard.GuardTest) ... ok
test_rejects_partial_plan_and_wrong_context (test_plan_guard.GuardTest) ... ok
test_rejects_stale_state_attachment_and_time (test_plan_guard.GuardTest) ... ok
test_missing_depth_rejects (test_rgbd.RGBDTest) ... ok
test_projects_measured_depth_and_transform (test_rgbd.RGBDTest) ... ok
test_recorded_warehouse_box_touching_floor_stripe (test_rgbd.RGBDTest) ... ok
test_region_does_not_replace_missing_measurement (test_rgbd.RGBDTest) ... ok
test_region_keeps_invalid_target_pixels_in_quality_denominator (test_rgbd.RGBDTest) ... ok
test_region_rejects_background_but_not_duplicate_targets (test_rgbd.RGBDTest) ... ok
test_region_reports_partial_valid_depth_without_inflating_quality (test_rgbd.RGBDTest) ... ok
test_region_separates_same_color_connected_background (test_rgbd.RGBDTest) ... ok
test_spatially_separated_targets_connected_by_background_stay_ambiguous (test_rgbd.RGBDTest) ... ok
test_two_objects_are_not_silently_selected (test_rgbd.RGBDTest) ... ok
test_unaligned_images_reject (test_rgbd.RGBDTest) ... ok
test_geometry_change_restarts_window_and_returns_latest_snapshot (test_scene_stability.SceneStabilityTest) ... ok
test_hold_epoch_changed_during_revalidation_rejects_next_stage (test_scene_stability.SceneStabilityTest) ... ok
test_timeout_has_explicit_reason_and_source_failure_is_preserved (test_scene_stability.SceneStabilityTest) ... ok
test_cancel_and_hold_failures_both_reach_caller (test_stop_and_hold.StopAndHoldTests) ... ok
test_cancel_terminal_timeout_still_revokes_navigation (test_stop_and_hold.StopAndHoldTests) ... ok
test_hold_failure_after_cancel_is_not_reported_as_success (test_stop_and_hold.StopAndHoldTests) ... ok
test_pending_acceptance_timeout_still_revokes_navigation (test_stop_and_hold.StopAndHoldTests) ... ok
test_success_requires_terminal_and_confirmed_hold (test_stop_and_hold.StopAndHoldTests) ... ok
test_task_ledger_keeps_original_fault_and_both_cleanup_failures (test_stop_and_hold.StopAndHoldTests) ... ok
test_attach_uncertainty_requires_reconciliation (test_transaction.TransactionTest) ... ok
test_cancel_preserves_payload (test_transaction.TransactionTest) ... ok
test_complete (test_transaction.TransactionTest) ... ok
test_failed_complete_pick_plan_never_closes (test_transaction.TransactionTest) ... ok
test_failed_complete_place_plan_never_releases (test_transaction.TransactionTest) ... ok
test_failures_do_not_report_success (test_transaction.TransactionTest) ... ok
test_hardware_rejected (test_transaction.TransactionTest) ... ok
test_invalid_head_target_rejected_before_execution (test_transaction.TransactionTest) ... ok
test_invalid_station_configuration_rejected_before_motion (test_transaction.TransactionTest) ... ok
test_navigation_failure_retains_payload (test_transaction.TransactionTest) ... ok
test_placed_recovery_never_repeats_irreversible_steps (test_transaction.TransactionTest) ... ok
test_recovery_refuses_unreleased_and_completed_ledgers (test_transaction.TransactionTest) ... ok
test_recovery_rejects_snapshot_journal_divergence (test_transaction.TransactionTest) ... ok
test_release_uncertainty_is_not_placed (test_transaction.TransactionTest) ... ok
test_resources_cannot_be_taken_before_release (test_transaction.TransactionTest) ... ok
test_vla_place_failure_preserves_attachment_and_never_releases (test_transaction.TransactionTest) ... ok
test_capability_and_config_validation (test_vla.VlaContractTest) ... ok
test_chunk_shadow_contract (test_vla.VlaContractTest) ... ok
test_nominal_and_bounded_target (test_vla.VlaContractTest) ... ok
test_reject_identity_replay (test_vla.VlaContractTest) ... ok
test_reject_nan_nonunit_quaternion_and_task_region (test_vla.VlaContractTest) ... ok
test_reject_partial_exit_targets (test_vla.VlaContractTest) ... ok
test_reject_units_frame_group_and_extra_controller_fields (test_vla.VlaContractTest) ... ok
test_cancel_does_not_wait_for_remote_inference (test_vla.VlaSessionTest) ... ok
test_deadline_and_late_result_never_reused (test_vla.VlaSessionTest) ... ok
test_discovery_reset_infer_and_replay (test_vla.VlaSessionTest) ... ok
test_failed_reset_cannot_infer (test_vla.VlaSessionTest) ... ok
test_feedback_does_not_block_task (test_vla.VlaSessionTest) ... ok
test_local_adapter_cannot_mutate_reference_bounds (test_vla.VlaSessionTest) ... ok
test_real_http_roundtrip_and_protocol_error (test_vla.VlaSessionTest) ... ok
test_camera_calibration_change_blocks_planning (test_vla_ros.VlaRosTest) ... ok
test_context_mutation_blocks_planning (test_vla_ros.VlaRosTest) ... ok
test_expired_snapshot_blocks_planning (test_vla_ros.VlaRosTest) ... ok
test_extrinsic_change_blocks_planning (test_vla_ros.VlaRosTest) ... ok
test_joint_drift_blocks_planning (test_vla_ros.VlaRosTest) ... ok
test_nonzero_proposal_applies_to_mtc_goal_only (test_vla_ros.VlaRosTest) ... ok
test_sensor_packet_and_image_layout (test_vla_ros.VlaRosTest) ... ok
test_sensor_skew_and_depth_frame_rejected (test_vla_ros.VlaRosTest) ... ok
test_shadow_does_not_change_mtc_goal (test_vla_ros.VlaRosTest) ... ok

----------------------------------------------------------------------
Ran 96 tests in 1.177s

OK
