-- Install configuration: "Release"
-- Installing: /home/yjh/WorkSpace/astribot_sdk_ros2/runs/m3_source_model_probe_20260924/clock0_install/astribot_s1_manipulation_perception/lib/libpick_planning_client.a
-- Installing: /home/yjh/WorkSpace/astribot_sdk_ros2/runs/m3_source_model_probe_20260924/clock0_install/astribot_s1_manipulation_perception/share/astribot_s1_manipulation_perception/environment/library_path.sh
-- Installing: /home/yjh/WorkSpace/astribot_sdk_ros2/runs/m3_source_model_probe_20260924/clock0_install/astribot_s1_manipulation_perception/share/astribot_s1_manipulation_perception/environment/library_path.dsv
-- Installing: /home/yjh/WorkSpace/astribot_sdk_ros2/runs/m3_source_model_probe_20260924/clock0_install/astribot_s1_manipulation_perception/lib/libknown_box_grasp_mapping.a
-- Installing: /home/yjh/WorkSpace/astribot_sdk_ros2/runs/m3_source_model_probe_20260924/clock0_install/astribot_s1_manipulation_perception/lib/libsingle_box_request_source.a
-- Installing: /home/yjh/WorkSpace/astribot_sdk_ros2/runs/m3_source_model_probe_20260924/clock0_install/astribot_s1_manipulation_perception/lib/libinference_contract.a
-- Installing: /home/yjh/WorkSpace/astribot_sdk_ros2/runs/m3_source_model_probe_20260924/clock0_install/astribot_s1_manipulation_perception/lib/astribot_s1_manipulation_perception/manipulation_perception_server
-- Set runtime path of "/home/yjh/WorkSpace/astribot_sdk_ros2/runs/m3_source_model_probe_20260924/clock0_install/astribot_s1_manipulation_perception/lib/astribot_s1_manipulation_perception/manipulation_perception_server" to ""
-- Installing: /home/yjh/WorkSpace/astribot_sdk_ros2/runs/m3_source_model_probe_20260924/clock0_install/astribot_s1_manipulation_perception/include
-- Installing: /home/yjh/WorkSpace/astribot_sdk_ros2/runs/m3_source_model_probe_20260924/clock0_install/astribot_s1_manipulation_perception/include/astribot_s1_manipulation_perception
-- Installing: /home/yjh/WorkSpace/astribot_sdk_ros2/runs/m3_source_model_probe_20260924/clock0_install/astribot_s1_manipulation_perception/include/astribot_s1_manipulation_perception/known_box_grasp_mapping.hpp
-- Installing: /home/yjh/WorkSpace/astribot_sdk_ros2/runs/m3_source_model_probe_20260924/clock0_install/astribot_s1_manipulation_perception/include/astribot_s1_manipulation_perception/pick_planning_client.hpp
-- Installing: /home/yjh/WorkSpace/astribot_sdk_ros2/runs/m3_source_model_probe_20260924/clock0_install/astribot_s1_manipulation_perception/include/astribot_s1_manipulation_perception/single_box_request_source.hpp
-- Installing: /home/yjh/WorkSpace/astribot_sdk_ros2/runs/m3_source_model_probe_20260924/clock0_install/astribot_s1_manipulation_perception/include/astribot_s1_manipulation_perception/worker_process.hpp
-- Installing: /home/yjh/WorkSpace/astribot_sdk_ros2/runs/m3_source_model_probe_20260924/clock0_install/astribot_s1_manipulation_perception/include/astribot_s1_manipulation_perception/inference_contract.hpp
-- Installing: /home/yjh/WorkSpace/astribot_sdk_ros2/runs/m3_source_model_probe_20260924/clock0_install/astribot_s1_manipulation_perception/share/astribot_s1_manipulation_perception/launch
-- Installing: /home/yjh/WorkSpace/astribot_sdk_ros2/runs/m3_source_model_probe_20260924/clock0_install/astribot_s1_manipulation_perception/share/astribot_s1_manipulation_perception/launch/paired_inference.launch.py
-- Installing: /home/yjh/WorkSpace/astribot_sdk_ros2/runs/m3_source_model_probe_20260924/clock0_install/astribot_s1_manipulation_perception/share/astribot_s1_manipulation_perception/launch/__pycache__
-- Installing: /home/yjh/WorkSpace/astribot_sdk_ros2/runs/m3_source_model_probe_20260924/clock0_install/astribot_s1_manipulation_perception/share/astribot_s1_manipulation_perception/launch/__pycache__/paired_inference.launch.cpython-310.pyc
-- Installing: /home/yjh/WorkSpace/astribot_sdk_ros2/runs/m3_source_model_probe_20260924/clock0_install/astribot_s1_manipulation_perception/share/astribot_s1_manipulation_perception/launch/inference.launch.py
-- Installing: /home/yjh/WorkSpace/astribot_sdk_ros2/runs/m3_source_model_probe_20260924/clock0_install/astribot_s1_manipulation_perception/share/astribot_s1_manipulation_perception/config
-- Installing: /home/yjh/WorkSpace/astribot_sdk_ros2/runs/m3_source_model_probe_20260924/clock0_install/astribot_s1_manipulation_perception/share/astribot_s1_manipulation_perception/config/inference.yaml
-- Installing: /home/yjh/WorkSpace/astribot_sdk_ros2/runs/m3_source_model_probe_20260924/clock0_install/astribot_s1_manipulation_perception/share/astribot_s1_manipulation_perception/config/single_box_projection.yaml
-- Installing: /home/yjh/WorkSpace/astribot_sdk_ros2/runs/m3_source_model_probe_20260924/clock0_install/astribot_s1_manipulation_perception/share/ament_index/resource_index/package_run_dependencies/astribot_s1_manipulation_perception
-- Installing: /home/yjh/WorkSpace/astribot_sdk_ros2/runs/m3_source_model_probe_20260924/clock0_install/astribot_s1_manipulation_perception/share/ament_index/resource_index/parent_prefix_path/astribot_s1_manipulation_perception
-- Installing: /home/yjh/WorkSpace/astribot_sdk_ros2/runs/m3_source_model_probe_20260924/clock0_install/astribot_s1_manipulation_perception/share/astribot_s1_manipulation_perception/environment/ament_prefix_path.sh
-- Installing: /home/yjh/WorkSpace/astribot_sdk_ros2/runs/m3_source_model_probe_20260924/clock0_install/astribot_s1_manipulation_perception/share/astribot_s1_manipulation_perception/environment/ament_prefix_path.dsv
-- Installing: /home/yjh/WorkSpace/astribot_sdk_ros2/runs/m3_source_model_probe_20260924/clock0_install/astribot_s1_manipulation_perception/share/astribot_s1_manipulation_perception/environment/path.sh
-- Installing: /home/yjh/WorkSpace/astribot_sdk_ros2/runs/m3_source_model_probe_20260924/clock0_install/astribot_s1_manipulation_perception/share/astribot_s1_manipulation_perception/environment/path.dsv
-- Installing: /home/yjh/WorkSpace/astribot_sdk_ros2/runs/m3_source_model_probe_20260924/clock0_install/astribot_s1_manipulation_perception/share/astribot_s1_manipulation_perception/local_setup.bash
-- Installing: /home/yjh/WorkSpace/astribot_sdk_ros2/runs/m3_source_model_probe_20260924/clock0_install/astribot_s1_manipulation_perception/share/astribot_s1_manipulation_perception/local_setup.sh
-- Installing: /home/yjh/WorkSpace/astribot_sdk_ros2/runs/m3_source_model_probe_20260924/clock0_install/astribot_s1_manipulation_perception/share/astribot_s1_manipulation_perception/local_setup.zsh
-- Installing: /home/yjh/WorkSpace/astribot_sdk_ros2/runs/m3_source_model_probe_20260924/clock0_install/astribot_s1_manipulation_perception/share/astribot_s1_manipulation_perception/local_setup.dsv
-- Installing: /home/yjh/WorkSpace/astribot_sdk_ros2/runs/m3_source_model_probe_20260924/clock0_install/astribot_s1_manipulation_perception/share/astribot_s1_manipulation_perception/package.dsv
-- Installing: /home/yjh/WorkSpace/astribot_sdk_ros2/runs/m3_source_model_probe_20260924/clock0_install/astribot_s1_manipulation_perception/share/ament_index/resource_index/packages/astribot_s1_manipulation_perception
-- Installing: /home/yjh/WorkSpace/astribot_sdk_ros2/runs/m3_source_model_probe_20260924/clock0_install/astribot_s1_manipulation_perception/share/astribot_s1_manipulation_perception/cmake/pick_planning_targetsExport.cmake
-- Installing: /home/yjh/WorkSpace/astribot_sdk_ros2/runs/m3_source_model_probe_20260924/clock0_install/astribot_s1_manipulation_perception/share/astribot_s1_manipulation_perception/cmake/pick_planning_targetsExport-release.cmake
-- Installing: /home/yjh/WorkSpace/astribot_sdk_ros2/runs/m3_source_model_probe_20260924/clock0_install/astribot_s1_manipulation_perception/share/astribot_s1_manipulation_perception/cmake/box_mapping_targetsExport.cmake
-- Installing: /home/yjh/WorkSpace/astribot_sdk_ros2/runs/m3_source_model_probe_20260924/clock0_install/astribot_s1_manipulation_perception/share/astribot_s1_manipulation_perception/cmake/box_mapping_targetsExport-release.cmake
-- Installing: /home/yjh/WorkSpace/astribot_sdk_ros2/runs/m3_source_model_probe_20260924/clock0_install/astribot_s1_manipulation_perception/share/astribot_s1_manipulation_perception/cmake/rgbd_source_targetsExport.cmake
-- Installing: /home/yjh/WorkSpace/astribot_sdk_ros2/runs/m3_source_model_probe_20260924/clock0_install/astribot_s1_manipulation_perception/share/astribot_s1_manipulation_perception/cmake/rgbd_source_targetsExport-release.cmake
-- Installing: /home/yjh/WorkSpace/astribot_sdk_ros2/runs/m3_source_model_probe_20260924/clock0_install/astribot_s1_manipulation_perception/share/astribot_s1_manipulation_perception/cmake/ament_cmake_export_targets-extras.cmake
-- Installing: /home/yjh/WorkSpace/astribot_sdk_ros2/runs/m3_source_model_probe_20260924/clock0_install/astribot_s1_manipulation_perception/share/astribot_s1_manipulation_perception/cmake/ament_cmake_export_dependencies-extras.cmake
-- Installing: /home/yjh/WorkSpace/astribot_sdk_ros2/runs/m3_source_model_probe_20260924/clock0_install/astribot_s1_manipulation_perception/share/astribot_s1_manipulation_perception/cmake/astribot_s1_manipulation_perceptionConfig.cmake
-- Installing: /home/yjh/WorkSpace/astribot_sdk_ros2/runs/m3_source_model_probe_20260924/clock0_install/astribot_s1_manipulation_perception/share/astribot_s1_manipulation_perception/cmake/astribot_s1_manipulation_perceptionConfig-version.cmake
-- Installing: /home/yjh/WorkSpace/astribot_sdk_ros2/runs/m3_source_model_probe_20260924/clock0_install/astribot_s1_manipulation_perception/share/astribot_s1_manipulation_perception/package.xml
