[  4%] Built target policy_profile
[  7%] Built target navigation_math
[  9%] Built target fixed_envelope_core
[ 12%] Built target policy_contracts
[ 15%] Built target policy_sweep
[ 18%] Built target policy_path_evidence
[ 21%] Built target policy_behavior_probe
[ 23%] Built target cmd_vel_body_to_world_cpp
[ 26%] Built target costmap_scan_cpp
[ 29%] Built target envelope_coordinator_cpp
[ 32%] Built target final_protection_core
[ 35%] Built target navigation_math_test
[ 38%] Built target cmd_vel_body_to_world_core_test
[ 40%] Built target policy_profile_probe
[ 43%] Built target final_protection_probe
[ 46%] Built target fixed_envelope_cpp
[ 49%] Built target fixed_envelope_probe
[ 52%] Built target fixed_envelope_core_test
[ 54%] Built target policy_fusion
[ 57%] Built target policy_health
[ 60%] Built target policy_sweep_probe
[ 63%] Built target policy_envelope
[ 66%] Built target policy_observation_adapters
[ 69%] Built target policy_observer_core
[ 71%] Built target policy_path_evidence_probe
[ 74%] Built target final_protection_cpp
[ 77%] Built target policy_fusion_probe
Consolidate compiler generated dependencies of target policy_risk
[ 80%] Built target policy_health_probe
[ 83%] Built target policy_risk
[ 85%] Built target policy_envelope_probe
[ 88%] Built target policy_observation_adapters_probe
[ 90%] Building CXX object CMakeFiles/policy_observer_runtime.dir/src/policy_observer_node.cpp.o
[ 92%] Built target policy_observer_core_probe
[ 95%] Built target policy_risk_probe
[ 97%] Linking CXX static library libpolicy_observer_runtime.a
[ 97%] Built target policy_observer_runtime
[ 98%] Linking CXX executable policy_observer_cpp
[100%] Built target policy_observer_cpp
