[  1%] Building CXX object CMakeFiles/navigation_math.dir/src/navigation_math.cpp.o
[  2%] Building CXX object CMakeFiles/policy_profile.dir/src/policy_profile.cpp.o
/home/yjh/WorkSpace/astribot_sdk_ros2/runs/cpp_migration_20260921/stage6b_stamp/source/ws_robot/src/astribot_s1_navigation_policy_native/src/navigation_math.cpp: In function ‘std::vector<double> astribot::navigation::scan_coverage(const std::vector<double>&, double, double, double, double, double)’:
/home/yjh/WorkSpace/astribot_sdk_ros2/runs/cpp_migration_20260921/stage6b_stamp/source/ws_robot/src/astribot_s1_navigation_policy_native/src/navigation_math.cpp:304:69: warning: suggest parentheses around ‘&&’ within ‘||’ [-Wparentheses]
  304 |         (std::isfinite(ranges[index]) && range_min <= ranges[index] &&
      |          ~~~~~~~~~~~~~~~~~~~~~~~~~~~~~~~~~~~~~~~~~~~~~~~~~~~~~~~~~~~^~
  305 |              ranges[index] <= range_max || ranges[index] == INFINITY);
      |              ~~~~~~~~~~~~~~~~~~~~~~~~~~                              
[  4%] Building CXX object CMakeFiles/navigation_math.dir/src/cmd_vel_body_to_world_core.cpp.o
[  5%] Linking CXX static library libnavigation_math.a
[  5%] Built target navigation_math
[  7%] Building CXX object CMakeFiles/fixed_envelope_core.dir/src/fixed_envelope_core.cpp.o
[  8%] Linking CXX static library libpolicy_profile.a
[  8%] Built target policy_profile
[  9%] Building CXX object CMakeFiles/policy_contracts.dir/src/policy_contracts.cpp.o
[ 11%] Linking CXX static library libfixed_envelope_core.a
[ 11%] Built target fixed_envelope_core
[ 12%] Building CXX object CMakeFiles/policy_sweep.dir/src/policy_sweep.cpp.o
[ 14%] Linking CXX static library libpolicy_contracts.a
[ 14%] Built target policy_contracts
[ 15%] Building CXX object CMakeFiles/policy_path_evidence.dir/src/policy_path_evidence.cpp.o
[ 16%] Linking CXX static library libpolicy_path_evidence.a
[ 16%] Built target policy_path_evidence
[ 18%] Building CXX object CMakeFiles/policy_behavior_probe.dir/test/policy_behavior_probe.cpp.o
[ 19%] Linking CXX static library libpolicy_sweep.a
[ 19%] Built target policy_sweep
[ 21%] Building CXX object CMakeFiles/policy_path_evidence_probe.dir/test/policy_path_evidence_probe.cpp.o
[ 22%] Linking CXX executable policy_behavior_probe
[ 22%] Built target policy_behavior_probe
[ 23%] Building CXX object CMakeFiles/cmd_vel_body_to_world_cpp.dir/src/cmd_vel_body_to_world_node.cpp.o
[ 25%] Linking CXX executable policy_path_evidence_probe
[ 25%] Built target policy_path_evidence_probe
[ 26%] Building CXX object CMakeFiles/costmap_scan_cpp.dir/src/costmap_scan_node.cpp.o
[ 28%] Linking CXX executable costmap_scan_cpp
[ 28%] Built target costmap_scan_cpp
[ 29%] Building CXX object CMakeFiles/envelope_coordinator_cpp.dir/src/envelope_coordinator_node.cpp.o
[ 30%] Linking CXX executable cmd_vel_body_to_world_cpp
[ 30%] Built target cmd_vel_body_to_world_cpp
[ 32%] Building CXX object CMakeFiles/final_protection_core.dir/src/final_protection_core.cpp.o
[ 33%] Linking CXX static library libfinal_protection_core.a
[ 33%] Built target final_protection_core
[ 35%] Building CXX object CMakeFiles/navigation_math_test.dir/test/navigation_math_test.cpp.o
[ 36%] Linking CXX executable navigation_math_test
[ 36%] Built target navigation_math_test
[ 38%] Building CXX object CMakeFiles/cmd_vel_body_to_world_core_test.dir/test/cmd_vel_body_to_world_core_test.cpp.o
[ 39%] Linking CXX executable cmd_vel_body_to_world_core_test
[ 39%] Built target cmd_vel_body_to_world_core_test
[ 40%] Building CXX object CMakeFiles/policy_profile_probe.dir/test/policy_profile_probe.cpp.o
[ 42%] Linking CXX executable policy_profile_probe
[ 42%] Built target policy_profile_probe
[ 43%] Building CXX object CMakeFiles/final_protection_probe.dir/test/final_protection_probe.cpp.o
[ 45%] Linking CXX executable final_protection_probe
[ 45%] Built target final_protection_probe
[ 46%] Building CXX object CMakeFiles/fixed_envelope_cpp.dir/src/fixed_envelope_node.cpp.o
[ 47%] Linking CXX executable envelope_coordinator_cpp
[ 47%] Built target envelope_coordinator_cpp
[ 49%] Building CXX object CMakeFiles/fixed_envelope_probe.dir/test/fixed_envelope_probe.cpp.o
[ 50%] Linking CXX executable fixed_envelope_probe
[ 50%] Built target fixed_envelope_probe
[ 52%] Building CXX object CMakeFiles/fixed_envelope_core_test.dir/test/fixed_envelope_core_test.cpp.o
[ 53%] Linking CXX executable fixed_envelope_core_test
[ 53%] Built target fixed_envelope_core_test
[ 54%] Building CXX object CMakeFiles/policy_fusion.dir/src/policy_fusion.cpp.o
[ 56%] Linking CXX static library libpolicy_fusion.a
[ 56%] Built target policy_fusion
[ 57%] Building CXX object CMakeFiles/policy_health.dir/src/policy_health.cpp.o
[ 59%] Linking CXX static library libpolicy_health.a
[ 59%] Built target policy_health
[ 60%] Building CXX object CMakeFiles/policy_risk.dir/src/policy_risk.cpp.o
[ 61%] Linking CXX executable fixed_envelope_cpp
[ 61%] Built target fixed_envelope_cpp
[ 63%] Building CXX object CMakeFiles/policy_sweep_probe.dir/test/policy_sweep_probe.cpp.o
[ 64%] Linking CXX static library libpolicy_risk.a
[ 64%] Built target policy_risk
[ 66%] Building CXX object CMakeFiles/policy_envelope.dir/src/policy_envelope.cpp.o
[ 67%] Linking CXX executable policy_sweep_probe
[ 67%] Built target policy_sweep_probe
[ 69%] Building CXX object CMakeFiles/policy_observation_adapters.dir/src/policy_observation_adapters.cpp.o
[ 70%] Linking CXX static library libpolicy_envelope.a
[ 70%] Built target policy_envelope
[ 71%] Building CXX object CMakeFiles/policy_observer_core.dir/src/policy_observer_core.cpp.o
[ 73%] Linking CXX static library libpolicy_observer_core.a
[ 73%] Built target policy_observer_core
[ 74%] Building CXX object CMakeFiles/final_protection_cpp.dir/src/final_protection_node.cpp.o
[ 76%] Linking CXX static library libpolicy_observation_adapters.a
[ 76%] Built target policy_observation_adapters
[ 77%] Building CXX object CMakeFiles/policy_fusion_probe.dir/test/policy_fusion_probe.cpp.o
[ 78%] Linking CXX executable policy_fusion_probe
[ 78%] Built target policy_fusion_probe
[ 80%] Building CXX object CMakeFiles/policy_health_probe.dir/test/policy_health_probe.cpp.o
[ 81%] Linking CXX executable policy_health_probe
[ 81%] Built target policy_health_probe
[ 83%] Building CXX object CMakeFiles/policy_risk_probe.dir/test/policy_risk_probe.cpp.o
[ 84%] Linking CXX executable policy_risk_probe
[ 84%] Built target policy_risk_probe
[ 85%] Building CXX object CMakeFiles/policy_envelope_probe.dir/test/policy_envelope_probe.cpp.o
[ 87%] Linking CXX executable final_protection_cpp
[ 87%] Built target final_protection_cpp
[ 88%] Building CXX object CMakeFiles/policy_observation_adapters_probe.dir/test/policy_observation_adapters_probe.cpp.o
In file included from /usr/include/nlohmann/adl_serializer.hpp:6,
                 from /usr/include/nlohmann/json.hpp:60,
                 from /home/yjh/WorkSpace/astribot_sdk_ros2/runs/cpp_migration_20260921/stage6b_integer_recovery/geometry_install/include/astribot_s1_robot_geometry/geometry_kernels.hpp:13,
                 from /home/yjh/WorkSpace/astribot_sdk_ros2/runs/cpp_migration_20260921/stage6b_stamp/source/ws_robot/src/astribot_s1_navigation_policy_native/include/astribot_s1_navigation_policy_native/policy_envelope.hpp:4,
                 from /home/yjh/WorkSpace/astribot_sdk_ros2/runs/cpp_migration_20260921/stage6b_stamp/source/ws_robot/src/astribot_s1_navigation_policy_native/test/policy_envelope_probe.cpp:2:
/usr/include/nlohmann/detail/conversions/from_json.hpp: In instantiation of ‘void nlohmann::detail::from_json(const BasicJsonType&, ConstructibleStringType&) [with BasicJsonType = nlohmann::basic_json<>; ConstructibleStringType = boost::multiprecision::number<boost::multiprecision::backends::cpp_int_backend<> >; typename std::enable_if<(nlohmann::detail::is_constructible_string_type<BasicJsonType, ConstructibleStringType>::value && (! std::is_same<typename BasicJsonType::string_t, ConstructibleStringType>::value)), int>::type <anonymous> = 0]’:
/usr/include/nlohmann/detail/conversions/from_json.hpp:480:25:   required from ‘decltype (nlohmann::detail::from_json(j, forward<T>(val))) nlohmann::detail::from_json_fn::operator()(const BasicJsonType&, T&&) const [with BasicJsonType = nlohmann::basic_json<>; T = boost::multiprecision::number<boost::multiprecision::backends::cpp_int_backend<> >&; decltype (nlohmann::detail::from_json(j, forward<T>(val))) = void]’
/usr/include/nlohmann/adl_serializer.hpp:25:30:   required from ‘static decltype ((nlohmann::{anonymous}::from_json(forward<BasicJsonType>(j), val), void())) nlohmann::adl_serializer<T, SFINAE>::from_json(BasicJsonType&&, TargetType&) [with BasicJsonType = const nlohmann::basic_json<>&; TargetType = boost::multiprecision::number<boost::multiprecision::backends::cpp_int_backend<> >; ValueType = boost::multiprecision::number<boost::multiprecision::backends::cpp_int_backend<> >; <template-parameter-1-2> = void; decltype ((nlohmann::{anonymous}::from_json(forward<BasicJsonType>(j), val), void())) = void]’
/usr/include/nlohmann/json.hpp:1602:45:   required from ‘ValueType nlohmann::basic_json<ObjectType, ArrayType, StringType, BooleanType, NumberIntegerType, NumberUnsignedType, NumberFloatType, AllocatorType, JSONSerializer, BinaryType>::get_impl(nlohmann::detail::priority_tag<0>) const [with ValueType = boost::multiprecision::number<boost::multiprecision::backends::cpp_int_backend<> >; typename std::enable_if<(nlohmann::detail::is_default_constructible<ValueType>::value && nlohmann::detail::has_from_json<nlohmann::basic_json<ObjectType, ArrayType, StringType, BooleanType, NumberIntegerType, NumberUnsignedType, NumberFloatType, AllocatorType, JSONSerializer, BinaryType>, ValueType>::value), int>::type <anonymous> = 0; ObjectType = std::map; ArrayType = std::vector; StringType = std::__cxx11::basic_string<char>; BooleanType = bool; NumberIntegerType = long int; NumberUnsignedType = long unsigned int; NumberFloatType = double; AllocatorType = std::allocator; JSONSerializer = nlohmann::adl_serializer; BinaryType = std::vector<unsigned char>]’
/usr/include/nlohmann/json.hpp:1745:35:   required from ‘constexpr decltype (declval<const basic_json_t&>().get_impl<ValueType>(nlohmann::detail::priority_tag<4>{})) nlohmann::basic_json<ObjectType, ArrayType, StringType, BooleanType, NumberIntegerType, NumberUnsignedType, NumberFloatType, AllocatorType, JSONSerializer, BinaryType>::get() const [with ValueTypeCV = boost::multiprecision::number<boost::multiprecision::backends::cpp_int_backend<> >; ValueType = boost::multiprecision::number<boost::multiprecision::backends::cpp_int_backend<> >; ObjectType = std::map; ArrayType = std::vector; StringType = std::__cxx11::basic_string<char>; BooleanType = bool; NumberIntegerType = long int; NumberUnsignedType = long unsigned int; NumberFloatType = double; AllocatorType = std::allocator; JSONSerializer = nlohmann::adl_serializer; BinaryType = std::vector<unsigned char>; decltype (declval<const basic_json_t&>().get_impl<ValueType>(nlohmann::detail::priority_tag<4>{})) = boost::multiprecision::number<boost::multiprecision::backends::cpp_int_backend<> >; nlohmann::basic_json<ObjectType, ArrayType, StringType, BooleanType, NumberIntegerType, NumberUnsignedType, NumberFloatType, AllocatorType, JSONSerializer, BinaryType>::basic_json_t = nlohmann::basic_json<>]’
/usr/include/nlohmann/json.hpp:1888:30:   required from ‘nlohmann::basic_json<ObjectType, ArrayType, StringType, BooleanType, NumberIntegerType, NumberUnsignedType, NumberFloatType, AllocatorType, JSONSerializer, BinaryType>::operator ValueType() const [with ValueType = boost::multiprecision::number<boost::multiprecision::backends::cpp_int_backend<> >; typename std::enable_if<nlohmann::detail::conjunction<nlohmann::detail::negation<std::is_pointer<_Ptr> >, nlohmann::detail::negation<std::is_same<ValueType, nlohmann::detail::json_ref<nlohmann::basic_json<ObjectType, ArrayType, StringType, BooleanType, NumberIntegerType, NumberUnsignedType, NumberFloatType, AllocatorType, JSONSerializer, BinaryType> > > >, nlohmann::detail::negation<std::is_same<ValueType, typename StringType::value_type> >, nlohmann::detail::negation<nlohmann::detail::is_basic_json<BasicJsonType> >, nlohmann::detail::negation<std::is_same<ValueType, std::initializer_list<typename StringType::value_type> > >, nlohmann::detail::negation<std::is_same<ValueType, std::basic_string_view<char, std::char_traits<char> > > >, nlohmann::detail::is_detected_lazy<nlohmann::detail::get_template_function, const nlohmann::basic_json<ObjectType, ArrayType, StringType, BooleanType, NumberIntegerType, NumberUnsignedType, NumberFloatType, AllocatorType, JSONSerializer, BinaryType>&, ValueType> >::value, int>::type <anonymous> = 0; ObjectType = std::map; ArrayType = std::vector; StringType = std::__cxx11::basic_string<char>; BooleanType = bool; NumberIntegerType = long int; NumberUnsignedType = long unsigned int; NumberFloatType = double; AllocatorType = std::allocator; JSONSerializer = nlohmann::adl_serializer; BinaryType = std::vector<unsigned char>]’
/home/yjh/WorkSpace/astribot_sdk_ros2/runs/cpp_migration_20260921/stage6b_stamp/source/ws_robot/src/astribot_s1_navigation_policy_native/test/policy_envelope_probe.cpp:80:82:   required from here
/usr/include/nlohmann/detail/conversions/from_json.hpp:121:7: error: no match for ‘operator=’ (operand types are ‘boost::multiprecision::number<boost::multiprecision::backends::cpp_int_backend<> >’ and ‘const string_t’ {aka ‘const std::__cxx11::basic_string<char>’})
  121 |     s = *j.template get_ptr<const typename BasicJsonType::string_t*>();
      |     ~~^~~~~~~~~~~~~~~~~~~~~~~~~~~~~~~~~~~~~~~~~~~~~~~~~~~~~~~~~~~~~~~~
In file included from /usr/include/boost/multiprecision/cpp_int.hpp:12,
                 from /home/yjh/WorkSpace/astribot_sdk_ros2/runs/cpp_migration_20260921/stage6b_stamp/source/ws_robot/src/astribot_s1_navigation_policy_native/include/astribot_s1_navigation_policy_native/policy_integer.hpp:3,
                 from /home/yjh/WorkSpace/astribot_sdk_ros2/runs/cpp_migration_20260921/stage6b_stamp/source/ws_robot/src/astribot_s1_navigation_policy_native/include/astribot_s1_navigation_policy_native/policy_contracts.hpp:5,
                 from /home/yjh/WorkSpace/astribot_sdk_ros2/runs/cpp_migration_20260921/stage6b_stamp/source/ws_robot/src/astribot_s1_navigation_policy_native/include/astribot_s1_navigation_policy_native/policy_envelope.hpp:3,
                 from /home/yjh/WorkSpace/astribot_sdk_ros2/runs/cpp_migration_20260921/stage6b_stamp/source/ws_robot/src/astribot_s1_navigation_policy_native/test/policy_envelope_probe.cpp:2:
/usr/include/boost/multiprecision/number.hpp:193:177: note: candidate: ‘template<class tag, class Arg1, class Arg2, class Arg3, class Arg4> constexpr typename boost::enable_if_c<boost::is_convertible<typename boost::multiprecision::detail::expression<tag, Arg1, Arg2, Arg3, Arg4>::result_type, boost::multiprecision::number<Backend, ExpressionTemplates> >::value, boost::multiprecision::number<Backend, ExpressionTemplates>&>::type boost::multiprecision::number<Backend, ExpressionTemplates>::operator=(const boost::multiprecision::detail::expression<tag, Arg1, Arg2, Arg3, Arg4>&) [with tag = tag; Arg1 = Arg1; Arg2 = Arg2; Arg3 = Arg3; Arg4 = Arg4; Backend = boost::multiprecision::backends::cpp_int_backend<>; boost::multiprecision::expression_template_option ExpressionTemplates = boost::multiprecision::et_on]’
  193 |    BOOST_MP_CXX14_CONSTEXPR typename boost::enable_if_c<is_convertible<typename detail::expression<tag, Arg1, Arg2, Arg3, Arg4>::result_type, self_type>::value, number&>::type operator=(const detail::expression<tag, Arg1, Arg2, Arg3, Arg4>& e)
      |                                                                                                                                                                                 ^~~~~~~~
/usr/include/boost/multiprecision/number.hpp:193:177: note:   template argument deduction/substitution failed:
In file included from /usr/include/nlohmann/adl_serializer.hpp:6,
                 from /usr/include/nlohmann/json.hpp:60,
                 from /home/yjh/WorkSpace/astribot_sdk_ros2/runs/cpp_migration_20260921/stage6b_integer_recovery/geometry_install/include/astribot_s1_robot_geometry/geometry_kernels.hpp:13,
                 from /home/yjh/WorkSpace/astribot_sdk_ros2/runs/cpp_migration_20260921/stage6b_stamp/source/ws_robot/src/astribot_s1_navigation_policy_native/include/astribot_s1_navigation_policy_native/policy_envelope.hpp:4,
                 from /home/yjh/WorkSpace/astribot_sdk_ros2/runs/cpp_migration_20260921/stage6b_stamp/source/ws_robot/src/astribot_s1_navigation_policy_native/test/policy_envelope_probe.cpp:2:
/usr/include/nlohmann/detail/conversions/from_json.hpp:121:7: note:   ‘const string_t’ {aka ‘const std::__cxx11::basic_string<char>’} is not derived from ‘const boost::multiprecision::detail::expression<tag, Arg1, Arg2, Arg3, Arg4>’
  121 |     s = *j.template get_ptr<const typename BasicJsonType::string_t*>();
      |     ~~^~~~~~~~~~~~~~~~~~~~~~~~~~~~~~~~~~~~~~~~~~~~~~~~~~~~~~~~~~~~~~~~
In file included from /usr/include/boost/multiprecision/cpp_int.hpp:12,
                 from /home/yjh/WorkSpace/astribot_sdk_ros2/runs/cpp_migration_20260921/stage6b_stamp/source/ws_robot/src/astribot_s1_navigation_policy_native/include/astribot_s1_navigation_policy_native/policy_integer.hpp:3,
                 from /home/yjh/WorkSpace/astribot_sdk_ros2/runs/cpp_migration_20260921/stage6b_stamp/source/ws_robot/src/astribot_s1_navigation_policy_native/include/astribot_s1_navigation_policy_native/policy_contracts.hpp:5,
                 from /home/yjh/WorkSpace/astribot_sdk_ros2/runs/cpp_migration_20260921/stage6b_stamp/source/ws_robot/src/astribot_s1_navigation_policy_native/include/astribot_s1_navigation_policy_native/policy_envelope.hpp:3,
                 from /home/yjh/WorkSpace/astribot_sdk_ros2/runs/cpp_migration_20260921/stage6b_stamp/source/ws_robot/src/astribot_s1_navigation_policy_native/test/policy_envelope_probe.cpp:2:
/usr/include/boost/multiprecision/number.hpp:249:4: note: candidate: ‘template<class V> constexpr typename boost::enable_if_c<boost::is_convertible<V, boost::multiprecision::number<Backend, ExpressionTemplates> >::value, boost::multiprecision::number<Backend, ExpressionTemplates>&>::type boost::multiprecision::number<Backend, ExpressionTemplates>::operator=(const V&) [with V = V; Backend = boost::multiprecision::backends::cpp_int_backend<>; boost::multiprecision::expression_template_option ExpressionTemplates = boost::multiprecision::et_on]’
  249 |    operator=(const V& v)
      |    ^~~~~~~~
/usr/include/boost/multiprecision/number.hpp:249:4: note:   template argument deduction/substitution failed:
/usr/include/boost/multiprecision/number.hpp: In substitution of ‘template<class V> constexpr typename boost::enable_if_c<boost::is_convertible<V, boost::multiprecision::number<boost::multiprecision::backends::cpp_int_backend<> > >::value, boost::multiprecision::number<boost::multiprecision::backends::cpp_int_backend<> >&>::type boost::multiprecision::number<boost::multiprecision::backends::cpp_int_backend<> >::operator=<V>(const V&) [with V = std::__cxx11::basic_string<char>]’:
/usr/include/nlohmann/detail/conversions/from_json.hpp:121:7:   required from ‘void nlohmann::detail::from_json(const BasicJsonType&, ConstructibleStringType&) [with BasicJsonType = nlohmann::basic_json<>; ConstructibleStringType = boost::multiprecision::number<boost::multiprecision::backends::cpp_int_backend<> >; typename std::enable_if<(nlohmann::detail::is_constructible_string_type<BasicJsonType, ConstructibleStringType>::value && (! std::is_same<typename BasicJsonType::string_t, ConstructibleStringType>::value)), int>::type <anonymous> = 0]’
/usr/include/nlohmann/detail/conversions/from_json.hpp:480:25:   required from ‘decltype (nlohmann::detail::from_json(j, forward<T>(val))) nlohmann::detail::from_json_fn::operator()(const BasicJsonType&, T&&) const [with BasicJsonType = nlohmann::basic_json<>; T = boost::multiprecision::number<boost::multiprecision::backends::cpp_int_backend<> >&; decltype (nlohmann::detail::from_json(j, forward<T>(val))) = void]’
/usr/include/nlohmann/adl_serializer.hpp:25:30:   required from ‘static decltype ((nlohmann::{anonymous}::from_json(forward<BasicJsonType>(j), val), void())) nlohmann::adl_serializer<T, SFINAE>::from_json(BasicJsonType&&, TargetType&) [with BasicJsonType = const nlohmann::basic_json<>&; TargetType = boost::multiprecision::number<boost::multiprecision::backends::cpp_int_backend<> >; ValueType = boost::multiprecision::number<boost::multiprecision::backends::cpp_int_backend<> >; <template-parameter-1-2> = void; decltype ((nlohmann::{anonymous}::from_json(forward<BasicJsonType>(j), val), void())) = void]’
/usr/include/nlohmann/json.hpp:1602:45:   required from ‘ValueType nlohmann::basic_json<ObjectType, ArrayType, StringType, BooleanType, NumberIntegerType, NumberUnsignedType, NumberFloatType, AllocatorType, JSONSerializer, BinaryType>::get_impl(nlohmann::detail::priority_tag<0>) const [with ValueType = boost::multiprecision::number<boost::multiprecision::backends::cpp_int_backend<> >; typename std::enable_if<(nlohmann::detail::is_default_constructible<ValueType>::value && nlohmann::detail::has_from_json<nlohmann::basic_json<ObjectType, ArrayType, StringType, BooleanType, NumberIntegerType, NumberUnsignedType, NumberFloatType, AllocatorType, JSONSerializer, BinaryType>, ValueType>::value), int>::type <anonymous> = 0; ObjectType = std::map; ArrayType = std::vector; StringType = std::__cxx11::basic_string<char>; BooleanType = bool; NumberIntegerType = long int; NumberUnsignedType = long unsigned int; NumberFloatType = double; AllocatorType = std::allocator; JSONSerializer = nlohmann::adl_serializer; BinaryType = std::vector<unsigned char>]’
/usr/include/nlohmann/json.hpp:1745:35:   required from ‘constexpr decltype (declval<const basic_json_t&>().get_impl<ValueType>(nlohmann::detail::priority_tag<4>{})) nlohmann::basic_json<ObjectType, ArrayType, StringType, BooleanType, NumberIntegerType, NumberUnsignedType, NumberFloatType, AllocatorType, JSONSerializer, BinaryType>::get() const [with ValueTypeCV = boost::multiprecision::number<boost::multiprecision::backends::cpp_int_backend<> >; ValueType = boost::multiprecision::number<boost::multiprecision::backends::cpp_int_backend<> >; ObjectType = std::map; ArrayType = std::vector; StringType = std::__cxx11::basic_string<char>; BooleanType = bool; NumberIntegerType = long int; NumberUnsignedType = long unsigned int; NumberFloatType = double; AllocatorType = std::allocator; JSONSerializer = nlohmann::adl_serializer; BinaryType = std::vector<unsigned char>; decltype (declval<const basic_json_t&>().get_impl<ValueType>(nlohmann::detail::priority_tag<4>{})) = boost::multiprecision::number<boost::multiprecision::backends::cpp_int_backend<> >; nlohmann::basic_json<ObjectType, ArrayType, StringType, BooleanType, NumberIntegerType, NumberUnsignedType, NumberFloatType, AllocatorType, JSONSerializer, BinaryType>::basic_json_t = nlohmann::basic_json<>]’
/usr/include/nlohmann/json.hpp:1888:30:   required from ‘nlohmann::basic_json<ObjectType, ArrayType, StringType, BooleanType, NumberIntegerType, NumberUnsignedType, NumberFloatType, AllocatorType, JSONSerializer, BinaryType>::operator ValueType() const [with ValueType = boost::multiprecision::number<boost::multiprecision::backends::cpp_int_backend<> >; typename std::enable_if<nlohmann::detail::conjunction<nlohmann::detail::negation<std::is_pointer<_Ptr> >, nlohmann::detail::negation<std::is_same<ValueType, nlohmann::detail::json_ref<nlohmann::basic_json<ObjectType, ArrayType, StringType, BooleanType, NumberIntegerType, NumberUnsignedType, NumberFloatType, AllocatorType, JSONSerializer, BinaryType> > > >, nlohmann::detail::negation<std::is_same<ValueType, typename StringType::value_type> >, nlohmann::detail::negation<nlohmann::detail::is_basic_json<BasicJsonType> >, nlohmann::detail::negation<std::is_same<ValueType, std::initializer_list<typename StringType::value_type> > >, nlohmann::detail::negation<std::is_same<ValueType, std::basic_string_view<char, std::char_traits<char> > > >, nlohmann::detail::is_detected_lazy<nlohmann::detail::get_template_function, const nlohmann::basic_json<ObjectType, ArrayType, StringType, BooleanType, NumberIntegerType, NumberUnsignedType, NumberFloatType, AllocatorType, JSONSerializer, BinaryType>&, ValueType> >::value, int>::type <anonymous> = 0; ObjectType = std::map; ArrayType = std::vector; StringType = std::__cxx11::basic_string<char>; BooleanType = bool; NumberIntegerType = long int; NumberUnsignedType = long unsigned int; NumberFloatType = double; AllocatorType = std::allocator; JSONSerializer = nlohmann::adl_serializer; BinaryType = std::vector<unsigned char>]’
/home/yjh/WorkSpace/astribot_sdk_ros2/runs/cpp_migration_20260921/stage6b_stamp/source/ws_robot/src/astribot_s1_navigation_policy_native/test/policy_envelope_probe.cpp:80:82:   required from here
/usr/include/boost/multiprecision/number.hpp:249:4: error: no type named ‘type’ in ‘struct boost::enable_if_c<false, boost::multiprecision::number<boost::multiprecision::backends::cpp_int_backend<> >&>’
/usr/include/nlohmann/detail/conversions/from_json.hpp: In instantiation of ‘void nlohmann::detail::from_json(const BasicJsonType&, ConstructibleStringType&) [with BasicJsonType = nlohmann::basic_json<>; ConstructibleStringType = boost::multiprecision::number<boost::multiprecision::backends::cpp_int_backend<> >; typename std::enable_if<(nlohmann::detail::is_constructible_string_type<BasicJsonType, ConstructibleStringType>::value && (! std::is_same<typename BasicJsonType::string_t, ConstructibleStringType>::value)), int>::type <anonymous> = 0]’:
/usr/include/nlohmann/detail/conversions/from_json.hpp:480:25:   required from ‘decltype (nlohmann::detail::from_json(j, forward<T>(val))) nlohmann::detail::from_json_fn::operator()(const BasicJsonType&, T&&) const [with BasicJsonType = nlohmann::basic_json<>; T = boost::multiprecision::number<boost::multiprecision::backends::cpp_int_backend<> >&; decltype (nlohmann::detail::from_json(j, forward<T>(val))) = void]’
/usr/include/nlohmann/adl_serializer.hpp:25:30:   required from ‘static decltype ((nlohmann::{anonymous}::from_json(forward<BasicJsonType>(j), val), void())) nlohmann::adl_serializer<T, SFINAE>::from_json(BasicJsonType&&, TargetType&) [with BasicJsonType = const nlohmann::basic_json<>&; TargetType = boost::multiprecision::number<boost::multiprecision::backends::cpp_int_backend<> >; ValueType = boost::multiprecision::number<boost::multiprecision::backends::cpp_int_backend<> >; <template-parameter-1-2> = void; decltype ((nlohmann::{anonymous}::from_json(forward<BasicJsonType>(j), val), void())) = void]’
/usr/include/nlohmann/json.hpp:1602:45:   required from ‘ValueType nlohmann::basic_json<ObjectType, ArrayType, StringType, BooleanType, NumberIntegerType, NumberUnsignedType, NumberFloatType, AllocatorType, JSONSerializer, BinaryType>::get_impl(nlohmann::detail::priority_tag<0>) const [with ValueType = boost::multiprecision::number<boost::multiprecision::backends::cpp_int_backend<> >; typename std::enable_if<(nlohmann::detail::is_default_constructible<ValueType>::value && nlohmann::detail::has_from_json<nlohmann::basic_json<ObjectType, ArrayType, StringType, BooleanType, NumberIntegerType, NumberUnsignedType, NumberFloatType, AllocatorType, JSONSerializer, BinaryType>, ValueType>::value), int>::type <anonymous> = 0; ObjectType = std::map; ArrayType = std::vector; StringType = std::__cxx11::basic_string<char>; BooleanType = bool; NumberIntegerType = long int; NumberUnsignedType = long unsigned int; NumberFloatType = double; AllocatorType = std::allocator; JSONSerializer = nlohmann::adl_serializer; BinaryType = std::vector<unsigned char>]’
/usr/include/nlohmann/json.hpp:1745:35:   required from ‘constexpr decltype (declval<const basic_json_t&>().get_impl<ValueType>(nlohmann::detail::priority_tag<4>{})) nlohmann::basic_json<ObjectType, ArrayType, StringType, BooleanType, NumberIntegerType, NumberUnsignedType, NumberFloatType, AllocatorType, JSONSerializer, BinaryType>::get() const [with ValueTypeCV = boost::multiprecision::number<boost::multiprecision::backends::cpp_int_backend<> >; ValueType = boost::multiprecision::number<boost::multiprecision::backends::cpp_int_backend<> >; ObjectType = std::map; ArrayType = std::vector; StringType = std::__cxx11::basic_string<char>; BooleanType = bool; NumberIntegerType = long int; NumberUnsignedType = long unsigned int; NumberFloatType = double; AllocatorType = std::allocator; JSONSerializer = nlohmann::adl_serializer; BinaryType = std::vector<unsigned char>; decltype (declval<const basic_json_t&>().get_impl<ValueType>(nlohmann::detail::priority_tag<4>{})) = boost::multiprecision::number<boost::multiprecision::backends::cpp_int_backend<> >; nlohmann::basic_json<ObjectType, ArrayType, StringType, BooleanType, NumberIntegerType, NumberUnsignedType, NumberFloatType, AllocatorType, JSONSerializer, BinaryType>::basic_json_t = nlohmann::basic_json<>]’
/usr/include/nlohmann/json.hpp:1888:30:   required from ‘nlohmann::basic_json<ObjectType, ArrayType, StringType, BooleanType, NumberIntegerType, NumberUnsignedType, NumberFloatType, AllocatorType, JSONSerializer, BinaryType>::operator ValueType() const [with ValueType = boost::multiprecision::number<boost::multiprecision::backends::cpp_int_backend<> >; typename std::enable_if<nlohmann::detail::conjunction<nlohmann::detail::negation<std::is_pointer<_Ptr> >, nlohmann::detail::negation<std::is_same<ValueType, nlohmann::detail::json_ref<nlohmann::basic_json<ObjectType, ArrayType, StringType, BooleanType, NumberIntegerType, NumberUnsignedType, NumberFloatType, AllocatorType, JSONSerializer, BinaryType> > > >, nlohmann::detail::negation<std::is_same<ValueType, typename StringType::value_type> >, nlohmann::detail::negation<nlohmann::detail::is_basic_json<BasicJsonType> >, nlohmann::detail::negation<std::is_same<ValueType, std::initializer_list<typename StringType::value_type> > >, nlohmann::detail::negation<std::is_same<ValueType, std::basic_string_view<char, std::char_traits<char> > > >, nlohmann::detail::is_detected_lazy<nlohmann::detail::get_template_function, const nlohmann::basic_json<ObjectType, ArrayType, StringType, BooleanType, NumberIntegerType, NumberUnsignedType, NumberFloatType, AllocatorType, JSONSerializer, BinaryType>&, ValueType> >::value, int>::type <anonymous> = 0; ObjectType = std::map; ArrayType = std::vector; StringType = std::__cxx11::basic_string<char>; BooleanType = bool; NumberIntegerType = long int; NumberUnsignedType = long unsigned int; NumberFloatType = double; AllocatorType = std::allocator; JSONSerializer = nlohmann::adl_serializer; BinaryType = std::vector<unsigned char>]’
/home/yjh/WorkSpace/astribot_sdk_ros2/runs/cpp_migration_20260921/stage6b_stamp/source/ws_robot/src/astribot_s1_navigation_policy_native/test/policy_envelope_probe.cpp:80:82:   required from here
/usr/include/boost/multiprecision/number.hpp:240:58: note: candidate: ‘constexpr boost::multiprecision::number<Backend, ExpressionTemplates>& boost::multiprecision::number<Backend, ExpressionTemplates>::operator=(const boost::multiprecision::number<Backend, ExpressionTemplates>&) [with Backend = boost::multiprecision::backends::cpp_int_backend<>; boost::multiprecision::expression_template_option ExpressionTemplates = boost::multiprecision::et_on]’
  240 |    BOOST_MP_FORCEINLINE BOOST_MP_CXX14_CONSTEXPR number& operator=(const number& e)
      |                                                          ^~~~~~~~
/usr/include/boost/multiprecision/number.hpp:240:82: note:   no known conversion for argument 1 from ‘const string_t’ {aka ‘const std::__cxx11::basic_string<char>’} to ‘const boost::multiprecision::number<boost::multiprecision::backends::cpp_int_backend<> >&’
  240 |    BOOST_MP_FORCEINLINE BOOST_MP_CXX14_CONSTEXPR number& operator=(const number& e)
      |                                                                    ~~~~~~~~~~~~~~^
In file included from /usr/include/boost/multiprecision/cpp_int.hpp:12,
                 from /home/yjh/WorkSpace/astribot_sdk_ros2/runs/cpp_migration_20260921/stage6b_stamp/source/ws_robot/src/astribot_s1_navigation_policy_native/include/astribot_s1_navigation_policy_native/policy_integer.hpp:3,
                 from /home/yjh/WorkSpace/astribot_sdk_ros2/runs/cpp_migration_20260921/stage6b_stamp/source/ws_robot/src/astribot_s1_navigation_policy_native/include/astribot_s1_navigation_policy_native/policy_contracts.hpp:5,
                 from /home/yjh/WorkSpace/astribot_sdk_ros2/runs/cpp_migration_20260921/stage6b_stamp/source/ws_robot/src/astribot_s1_navigation_policy_native/include/astribot_s1_navigation_policy_native/policy_envelope.hpp:3,
                 from /home/yjh/WorkSpace/astribot_sdk_ros2/runs/cpp_migration_20260921/stage6b_stamp/source/ws_robot/src/astribot_s1_navigation_policy_native/test/policy_envelope_probe.cpp:2:
/usr/include/boost/multiprecision/number.hpp:321:58: note: candidate: ‘constexpr boost::multiprecision::number<Backend, ExpressionTemplates>& boost::multiprecision::number<Backend, ExpressionTemplates>::operator=(boost::multiprecision::number<Backend, ExpressionTemplates>&&) [with Backend = boost::multiprecision::backends::cpp_int_backend<>; boost::multiprecision::expression_template_option ExpressionTemplates = boost::multiprecision::et_on]’
  321 |    BOOST_MP_FORCEINLINE BOOST_MP_CXX14_CONSTEXPR number& operator=(number&& r) BOOST_MP_NOEXCEPT_IF(noexcept(std::declval<Backend&>() = std::declval<Backend>()))
      |                                                          ^~~~~~~~
/usr/include/boost/multiprecision/number.hpp:321:77: note:   no known conversion for argument 1 from ‘const string_t’ {aka ‘const std::__cxx11::basic_string<char>’} to ‘boost::multiprecision::number<boost::multiprecision::backends::cpp_int_backend<> >&&’
  321 |    BOOST_MP_FORCEINLINE BOOST_MP_CXX14_CONSTEXPR number& operator=(number&& r) BOOST_MP_NOEXCEPT_IF(noexcept(std::declval<Backend&>() = std::declval<Backend>()))
      |                                                                    ~~~~~~~~~^
gmake[2]: *** [CMakeFiles/policy_envelope_probe.dir/build.make:76：CMakeFiles/policy_envelope_probe.dir/test/policy_envelope_probe.cpp.o] 错误 1
gmake[1]: *** [CMakeFiles/Makefile2:877：CMakeFiles/policy_envelope_probe.dir/all] 错误 2
gmake[1]: *** 正在等待未完成的任务....
[ 90%] Linking CXX executable policy_observation_adapters_probe
[ 90%] Built target policy_observation_adapters_probe
gmake: *** [Makefile:146：all] 错误 2
