[  4%] Built target navigation_math
[  7%] Built target policy_profile
[  9%] Built target fixed_envelope_core
[ 12%] Built target policy_contracts
[ 15%] Built target policy_path_evidence
[ 18%] Built target policy_sweep
[ 23%] Built target policy_path_evidence_probe
[ 23%] Built target policy_behavior_probe
[ 26%] Built target costmap_scan_cpp
[ 29%] Built target cmd_vel_body_to_world_cpp
[ 32%] Built target final_protection_core
[ 35%] Built target envelope_coordinator_cpp
[ 40%] Built target cmd_vel_body_to_world_core_test
[ 40%] Built target navigation_math_test
[ 43%] Built target final_protection_probe
[ 46%] Built target policy_profile_probe
[ 49%] Built target fixed_envelope_probe
[ 52%] Built target fixed_envelope_cpp
[ 54%] Built target fixed_envelope_core_test
[ 57%] Built target policy_fusion
[ 60%] Built target policy_health
[ 63%] Built target policy_sweep_probe
[ 66%] Built target policy_envelope
[ 69%] Built target policy_observation_adapters
[ 71%] Built target policy_observer_core
[ 74%] Built target final_protection_cpp
[ 77%] Built target policy_fusion_probe
[ 80%] Built target policy_health_probe
[ 81%] Building CXX object CMakeFiles/policy_risk.dir/src/policy_risk.cpp.o
[ 84%] Built target policy_envelope_probe
[ 87%] Built target policy_observation_adapters_probe
[ 90%] Built target policy_observer_core_probe
[ 91%] Linking CXX static library libpolicy_risk.a
[ 91%] Built target policy_risk
[ 92%] Building CXX object CMakeFiles/policy_risk_probe.dir/test/policy_risk_probe.cpp.o
[ 94%] Building CXX object CMakeFiles/policy_observer_runtime.dir/src/policy_observer_node.cpp.o
[ 95%] Linking CXX executable policy_risk_probe
[ 95%] Built target policy_risk_probe
[ 97%] Linking CXX static library libpolicy_observer_runtime.a
[ 97%] Built target policy_observer_runtime
[ 98%] Building CXX object CMakeFiles/policy_observer_cpp.dir/src/policy_observer_main.cpp.o
[100%] Linking CXX executable policy_observer_cpp
[100%] Built target policy_observer_cpp
