-- Install configuration: "Release"
-- Up-to-date: /home/yjh/WorkSpace/astribot_sdk_ros2/runs/cpp_migration_20260921/stage6b_stamp/install/lib/astribot_s1_navigation_policy_native/cmd_vel_body_to_world_cpp
-- Up-to-date: /home/yjh/WorkSpace/astribot_sdk_ros2/runs/cpp_migration_20260921/stage6b_stamp/install/lib/astribot_s1_navigation_policy_native/costmap_scan_cpp
-- Up-to-date: /home/yjh/WorkSpace/astribot_sdk_ros2/runs/cpp_migration_20260921/stage6b_stamp/install/lib/astribot_s1_navigation_policy_native/envelope_coordinator_cpp
-- Up-to-date: /home/yjh/WorkSpace/astribot_sdk_ros2/runs/cpp_migration_20260921/stage6b_stamp/install/lib/astribot_s1_navigation_policy_native/final_protection_cpp
-- Up-to-date: /home/yjh/WorkSpace/astribot_sdk_ros2/runs/cpp_migration_20260921/stage6b_stamp/install/lib/astribot_s1_navigation_policy_native/fixed_envelope_cpp
-- Up-to-date: /home/yjh/WorkSpace/astribot_sdk_ros2/runs/cpp_migration_20260921/stage6b_stamp/install/lib/astribot_s1_navigation_policy_native/policy_observer_cpp
-- Up-to-date: /home/yjh/WorkSpace/astribot_sdk_ros2/runs/cpp_migration_20260921/stage6b_stamp/install/share/ament_index/resource_index/package_run_dependencies/astribot_s1_navigation_policy_native
-- Up-to-date: /home/yjh/WorkSpace/astribot_sdk_ros2/runs/cpp_migration_20260921/stage6b_stamp/install/share/ament_index/resource_index/parent_prefix_path/astribot_s1_navigation_policy_native
-- Up-to-date: /home/yjh/WorkSpace/astribot_sdk_ros2/runs/cpp_migration_20260921/stage6b_stamp/install/share/astribot_s1_navigation_policy_native/environment/ament_prefix_path.sh
-- Up-to-date: /home/yjh/WorkSpace/astribot_sdk_ros2/runs/cpp_migration_20260921/stage6b_stamp/install/share/astribot_s1_navigation_policy_native/environment/ament_prefix_path.dsv
-- Up-to-date: /home/yjh/WorkSpace/astribot_sdk_ros2/runs/cpp_migration_20260921/stage6b_stamp/install/share/astribot_s1_navigation_policy_native/environment/path.sh
-- Up-to-date: /home/yjh/WorkSpace/astribot_sdk_ros2/runs/cpp_migration_20260921/stage6b_stamp/install/share/astribot_s1_navigation_policy_native/environment/path.dsv
-- Up-to-date: /home/yjh/WorkSpace/astribot_sdk_ros2/runs/cpp_migration_20260921/stage6b_stamp/install/share/astribot_s1_navigation_policy_native/local_setup.bash
-- Up-to-date: /home/yjh/WorkSpace/astribot_sdk_ros2/runs/cpp_migration_20260921/stage6b_stamp/install/share/astribot_s1_navigation_policy_native/local_setup.sh
-- Up-to-date: /home/yjh/WorkSpace/astribot_sdk_ros2/runs/cpp_migration_20260921/stage6b_stamp/install/share/astribot_s1_navigation_policy_native/local_setup.zsh
-- Up-to-date: /home/yjh/WorkSpace/astribot_sdk_ros2/runs/cpp_migration_20260921/stage6b_stamp/install/share/astribot_s1_navigation_policy_native/local_setup.dsv
-- Up-to-date: /home/yjh/WorkSpace/astribot_sdk_ros2/runs/cpp_migration_20260921/stage6b_stamp/install/share/astribot_s1_navigation_policy_native/package.dsv
-- Up-to-date: /home/yjh/WorkSpace/astribot_sdk_ros2/runs/cpp_migration_20260921/stage6b_stamp/install/share/ament_index/resource_index/packages/astribot_s1_navigation_policy_native
-- Up-to-date: /home/yjh/WorkSpace/astribot_sdk_ros2/runs/cpp_migration_20260921/stage6b_stamp/install/share/astribot_s1_navigation_policy_native/cmake/astribot_s1_navigation_policy_nativeConfig.cmake
-- Up-to-date: /home/yjh/WorkSpace/astribot_sdk_ros2/runs/cpp_migration_20260921/stage6b_stamp/install/share/astribot_s1_navigation_policy_native/cmake/astribot_s1_navigation_policy_nativeConfig-version.cmake
-- Up-to-date: /home/yjh/WorkSpace/astribot_sdk_ros2/runs/cpp_migration_20260921/stage6b_stamp/install/share/astribot_s1_navigation_policy_native/package.xml
