[ 16%] Building CXX object CMakeFiles/policy_contracts.dir/src/policy_contracts.cpp.o
[ 33%] Linking CXX static library libpolicy_contracts.a
[ 33%] Built target policy_contracts
[ 50%] Building CXX object CMakeFiles/policy_fusion.dir/src/policy_fusion.cpp.o
[ 66%] Linking CXX static library libpolicy_fusion.a
[ 66%] Built target policy_fusion
[ 83%] Building CXX object CMakeFiles/policy_fusion_probe.dir/test/policy_fusion_probe.cpp.o
[100%] Linking CXX executable policy_fusion_probe
[100%] Built target policy_fusion_probe
Consolidate compiler generated dependencies of target policy_contracts
[ 11%] Building CXX object CMakeFiles/navigation_math.dir/src/navigation_math.cpp.o
[ 33%] Built target policy_contracts
[ 44%] Building CXX object CMakeFiles/navigation_math.dir/src/cmd_vel_body_to_world_core.cpp.o
/home/yjh/WorkSpace/astribot_sdk_ros2/runs/cpp_migration_20260921/stage6b_stamp/source/ws_robot/src/astribot_s1_navigation_policy_native/src/navigation_math.cpp: In function ‘std::vector<double> astribot::navigation::scan_coverage(const std::vector<double>&, double, double, double, double, double)’:
/home/yjh/WorkSpace/astribot_sdk_ros2/runs/cpp_migration_20260921/stage6b_stamp/source/ws_robot/src/astribot_s1_navigation_policy_native/src/navigation_math.cpp:304:69: warning: suggest parentheses around ‘&&’ within ‘||’ [-Wparentheses]
  304 |         (std::isfinite(ranges[index]) && range_min <= ranges[index] &&
      |          ~~~~~~~~~~~~~~~~~~~~~~~~~~~~~~~~~~~~~~~~~~~~~~~~~~~~~~~~~~~^~
  305 |              ranges[index] <= range_max || ranges[index] == INFINITY);
      |              ~~~~~~~~~~~~~~~~~~~~~~~~~~                              
[ 55%] Linking CXX static library libnavigation_math.a
[ 55%] Built target navigation_math
[ 66%] Building CXX object CMakeFiles/policy_health.dir/src/policy_health.cpp.o
[ 77%] Linking CXX static library libpolicy_health.a
[ 77%] Built target policy_health
[ 88%] Building CXX object CMakeFiles/policy_health_probe.dir/test/policy_health_probe.cpp.o
[100%] Linking CXX executable policy_health_probe
[100%] Built target policy_health_probe
[ 33%] Built target policy_contracts
[ 50%] Building CXX object CMakeFiles/policy_observation_adapters.dir/src/policy_observation_adapters.cpp.o
[ 66%] Linking CXX static library libpolicy_observation_adapters.a
[ 66%] Built target policy_observation_adapters
[ 83%] Building CXX object CMakeFiles/policy_observation_adapters_probe.dir/test/policy_observation_adapters_probe.cpp.o
[100%] Linking CXX executable policy_observation_adapters_probe
[100%] Built target policy_observation_adapters_probe
Consolidate compiler generated dependencies of target navigation_math
[ 23%] Built target navigation_math
[ 38%] Built target policy_contracts
[ 46%] Building CXX object CMakeFiles/policy_sweep.dir/src/policy_sweep.cpp.o
Consolidate compiler generated dependencies of target policy_fusion
[ 61%] Built target policy_fusion
[ 69%] Linking CXX static library libpolicy_sweep.a
[ 69%] Built target policy_sweep
[ 76%] Building CXX object CMakeFiles/policy_risk.dir/src/policy_risk.cpp.o
[ 84%] Linking CXX static library libpolicy_risk.a
[ 84%] Built target policy_risk
[ 92%] Building CXX object CMakeFiles/policy_risk_probe.dir/test/policy_risk_probe.cpp.o
[100%] Linking CXX executable policy_risk_probe
[100%] Built target policy_risk_probe
