[ 33%] Built target policy_contracts
[ 66%] Built target policy_fusion
Consolidate compiler generated dependencies of target policy_fusion_probe
[100%] Built target policy_fusion_probe
[ 55%] Built target policy_contracts
[ 55%] Built target navigation_math
Consolidate compiler generated dependencies of target policy_health
[ 77%] Built target policy_health
Consolidate compiler generated dependencies of target policy_health_probe
[100%] Built target policy_health_probe
[ 33%] Built target policy_contracts
Consolidate compiler generated dependencies of target policy_observation_adapters
[ 66%] Built target policy_observation_adapters
Consolidate compiler generated dependencies of target policy_observation_adapters_probe
[100%] Built target policy_observation_adapters_probe
[ 23%] Built target navigation_math
[ 38%] Built target policy_contracts
Consolidate compiler generated dependencies of target policy_sweep
[ 53%] Built target policy_sweep
[ 69%] Built target policy_fusion
Consolidate compiler generated dependencies of target policy_risk
[ 84%] Built target policy_risk
Consolidate compiler generated dependencies of target policy_risk_probe
[100%] Built target policy_risk_probe
