{
  "scope": "Read-only goal terminal and measured stop before owned simulation shutdown",
  "passed": true,
  "goal_statuses": {
    "arm_left_controller": [
      {
        "uuid": "df425faf35884ac7aecb0b0839f30d65",
        "status": 6
      },
      {
        "uuid": "dce1eae4a5904302a1947e2c49a5637f",
        "status": 6
      },
      {
        "uuid": "ffbaad3cf2024d738eaaa7b084a53e00",
        "status": 6
      },
      {
        "uuid": "ed2d36b634ee406faf25d8d1ee7bd388",
        "status": 5
      },
      {
        "uuid": "ee5c4e4c4e3a4fd5a8391dc32708059d",
        "status": 6
      },
      {
        "uuid": "2899d7a5f75a4995879e068e851acf81",
        "status": 6
      },
      {
        "uuid": "2b48e2e1bbd84ee9ad692d8d6a8198e5",
        "status": 6
      },
      {
        "uuid": "09422d9bb4054b9e95e2fd3e4484d2f1",
        "status": 5
      },
      {
        "uuid": "714bb0653d094a7782042699e85fc8a3",
        "status": 6
      },
      {
        "uuid": "8493eed5270a444b9822ea6c8740a507",
        "status": 6
      },
      {
        "uuid": "d761ab5013c5476995167030a924a556",
        "status": 6
      },
      {
        "uuid": "cc61d51a81d1491d90346eda42fcea90",
        "status": 5
      },
      {
        "uuid": "7d9cca95268d4289996f0a402cbcbc90",
        "status": 6
      },
      {
        "uuid": "ab5d85856b844689bee5b1c5d1fb4b32",
        "status": 6
      },
      {
        "uuid": "7d338e3263014723abce2360b0dd5582",
        "status": 6
      },
      {
        "uuid": "5de4964f43334e6ea66c04e50b66e6e1",
        "status": 5
      },
      {
        "uuid": "c055024d1f294462b07fb44a0cc4921f",
        "status": 6
      },
      {
        "uuid": "5b3d61329f6d47a398df79cb5d3fa85d",
        "status": 6
      },
      {
        "uuid": "04b8017b1b474802ab73363ccfa998cd",
        "status": 6
      },
      {
        "uuid": "0cf075b7fa6f4f0bb9e03951536d9044",
        "status": 5
      },
      {
        "uuid": "7b702b393f794864a5cd7522ff308540",
        "status": 6
      },
      {
        "uuid": "09adb30fb4a043fc99c9e2b78ade913d",
        "status": 6
      },
      {
        "uuid": "50701165fcb141319bb5a49eca065946",
        "status": 6
      },
      {
        "uuid": "44adf203a71b46f480ebc7a055c89327",
        "status": 5
      },
      {
        "uuid": "37cf72b2badc4c938106320d6c4c0d36",
        "status": 6
      },
      {
        "uuid": "661992eca28e481b94c3fb303ae4cabb",
        "status": 6
      },
      {
        "uuid": "037e24b5f7844e00ab318f0e7db2b95e",
        "status": 6
      },
      {
        "uuid": "79c3b88d536c4b17be41585ada409e8a",
        "status": 5
      },
      {
        "uuid": "200cadbf0bfe48e981f3353a5f7e3d11",
        "status": 6
      },
      {
        "uuid": "4b4cd7680180465ab113a4121c78753a",
        "status": 6
      },
      {
        "uuid": "07e9eb6c0d444f7a8536b476a0d9c311",
        "status": 6
      },
      {
        "uuid": "f32324cc41f144238a858ce7c03e5916",
        "status": 5
      },
      {
        "uuid": "b1ddca7fd7ea4a3199d6b7d78b38cd80",
        "status": 6
      },
      {
        "uuid": "b882677b1b47476995beb9f0784621cd",
        "status": 6
      },
      {
        "uuid": "31aa751a5cec4508a1e6bf59fafb6548",
        "status": 6
      },
      {
        "uuid": "4c6ad57ac17d4aa0bbc07b45921c0c0c",
        "status": 5
      },
      {
        "uuid": "2aaf316de2a34258b335785dcd99738a",
        "status": 6
      },
      {
        "uuid": "3a677762ab52408cb056b26225b8c1f9",
        "status": 6
      },
      {
        "uuid": "47e271d0f43546b5b46eb6f6453371c7",
        "status": 6
      },
      {
        "uuid": "57f5ab35d5ac48739e1d5992da1fd41b",
        "status": 5
      },
      {
        "uuid": "1fc9196e73664656a8a2fbab4046d439",
        "status": 6
      },
      {
        "uuid": "eefbb6c7d6aa40ab88e263f7c427a19c",
        "status": 6
      },
      {
        "uuid": "8f38d5c4589d4f0582dfd88a24073c29",
        "status": 6
      },
      {
        "uuid": "c894adb94b3a4a5d855c2a1374d82813",
        "status": 5
      },
      {
        "uuid": "b5b8b9ae213f4716a0ddaa0924b692bd",
        "status": 6
      },
      {
        "uuid": "1068491a6d514b2c84fbc9eeb22e4a3e",
        "status": 6
      },
      {
        "uuid": "bedd02834f4a4c7c97d76872b18e36f3",
        "status": 6
      },
      {
        "uuid": "55c5c2f005be489fbb2fe22231872a6c",
        "status": 5
      },
      {
        "uuid": "2b3f9c62260a4a1cb9be5de5b6008fbd",
        "status": 6
      },
      {
        "uuid": "ffcf01b13bbf4580b5a70f6db991d099",
        "status": 6
      },
      {
        "uuid": "edaa84484c944ae3ac104bd348fe4afa",
        "status": 6
      },
      {
        "uuid": "3e0df603f71b4cd68ebeba35b04ef9ca",
        "status": 5
      },
      {
        "uuid": "5aaae32090514200a6dfe4be3227747f",
        "status": 6
      },
      {
        "uuid": "a45bbef5445a47fd8a7d7c8cf808920c",
        "status": 6
      },
      {
        "uuid": "9e1302c512f14275aef3ace2f103d716",
        "status": 6
      },
      {
        "uuid": "5ccd69c04cd241c3b1eeb8c56d8cfceb",
        "status": 5
      },
      {
        "uuid": "11a749eec7c34b669c1bb6506b14a78b",
        "status": 6
      },
      {
        "uuid": "cc2671ef3a7a4f099c9f0e3f740b3188",
        "status": 6
      },
      {
        "uuid": "484455bc27974e5ba964461922cea237",
        "status": 6
      },
      {
        "uuid": "4384625158a942d689a6f1f3ba1bf429",
        "status": 5
      },
      {
        "uuid": "9352310c28ce43a38c4e46046bf6147c",
        "status": 6
      },
      {
        "uuid": "03b0c4c6e35f48079696e9bc6439299d",
        "status": 6
      },
      {
        "uuid": "7b40c389ffed49aa8ce8c96fc2bc5e28",
        "status": 6
      },
      {
        "uuid": "c744743e2d614fa6a6450708e53a4f4d",
        "status": 5
      },
      {
        "uuid": "7238f4fda8bd4ce2a07913fa2f0def97",
        "status": 6
      },
      {
        "uuid": "9067611d35b9429d9cc6c247c68340a6",
        "status": 6
      },
      {
        "uuid": "0955f1ffbc2e4d45b0ea6f5cd39377c2",
        "status": 6
      },
      {
        "uuid": "99e461765a3d4045a795b0e61bebbdbf",
        "status": 5
      },
      {
        "uuid": "83f3293f324440619847a2c9110359cf",
        "status": 6
      },
      {
        "uuid": "ac1d89a942744734b197e57577c17617",
        "status": 6
      },
      {
        "uuid": "7f7cf58bc2c14dbeb21326da5f5bdf0c",
        "status": 6
      },
      {
        "uuid": "796dae143a544bc5853aa140e7c64b1f",
        "status": 5
      },
      {
        "uuid": "1670a8314bc34521ab1072a4d1027a3b",
        "status": 6
      },
      {
        "uuid": "e80cbc8186654970bc66593a7ebd9be4",
        "status": 6
      },
      {
        "uuid": "b9e790f13138494fa52c35ccb2dd2c82",
        "status": 6
      },
      {
        "uuid": "fa089d9e0ef34b7489c046f1ea392ea4",
        "status": 5
      },
      {
        "uuid": "f10382265b674edca960a371cbf3ca61",
        "status": 6
      },
      {
        "uuid": "057282f9c1a3487c986794f2964bbec5",
        "status": 6
      },
      {
        "uuid": "7234df65684449dbab656321c4db560a",
        "status": 6
      },
      {
        "uuid": "05244d86be344277a1dabefeb29cb713",
        "status": 5
      },
      {
        "uuid": "9609928beb134f2eb5df025860d81a7c",
        "status": 6
      },
      {
        "uuid": "3c32f1cc97fe41278937e3c6235fee8a",
        "status": 6
      },
      {
        "uuid": "d60eb7a33c8e440eb7fce3c93740f983",
        "status": 6
      },
      {
        "uuid": "29deb61d45464cb48650795863b66313",
        "status": 5
      },
      {
        "uuid": "704a241458384cf4a81ea8c5b9bdddea",
        "status": 6
      },
      {
        "uuid": "1a85f76bbb744dab982577e9dd852565",
        "status": 6
      },
      {
        "uuid": "7e87fcf3bb77464b8265f7ef8dc15ea3",
        "status": 6
      },
      {
        "uuid": "4fa78d8fb9414e3ca7ab1d8e9a3b5587",
        "status": 5
      },
      {
        "uuid": "db8549608e8140bebe678cc2acef023f",
        "status": 6
      },
      {
        "uuid": "ec3df7b4149c48e1b4d2b3f04e5333e0",
        "status": 6
      },
      {
        "uuid": "97ea39973c554fa3b4fb87ddaeb1ea26",
        "status": 6
      },
      {
        "uuid": "350ead1e55494693893026da9e210642",
        "status": 5
      },
      {
        "uuid": "8df531614f6f40acb21ff49ad18eb4de",
        "status": 6
      },
      {
        "uuid": "d9a489a79ad94b1b9e89736949af6bc2",
        "status": 6
      },
      {
        "uuid": "3ba7ff4c93a448b589eaf2dc29b73be7",
        "status": 6
      },
      {
        "uuid": "8c6d178772574546b0cf7c23e8161699",
        "status": 5
      },
      {
        "uuid": "505187c019494803893975c129282043",
        "status": 6
      },
      {
        "uuid": "eb9de16ea77645178789079395155499",
        "status": 6
      },
      {
        "uuid": "1d998362d87d4d1bb73d86d7756997dc",
        "status": 6
      },
      {
        "uuid": "7aad7001b871465f8eca3e1425ce3738",
        "status": 5
      },
      {
        "uuid": "1404ee454e0147d98c3a81f08116abe1",
        "status": 6
      },
      {
        "uuid": "3bd55a3df46e4b6e935ca3f0af9c642d",
        "status": 6
      },
      {
        "uuid": "4a6dd7d42bae4af3ae41a1db97b98d5c",
        "status": 6
      },
      {
        "uuid": "7219dc051e134a038df4d5f4597405ae",
        "status": 5
      },
      {
        "uuid": "7d523bda646a4b42b05cfd0a2a92de63",
        "status": 6
      },
      {
        "uuid": "5774a6e4cabb447abb64ae1867dfdfea",
        "status": 6
      },
      {
        "uuid": "9986f0430bee42d0a3706128262918ec",
        "status": 6
      },
      {
        "uuid": "e1c1f63594d34ea187f9f7664a896029",
        "status": 5
      },
      {
        "uuid": "52daaac6a8a6445d9fe47789d716fc3a",
        "status": 6
      },
      {
        "uuid": "6c322b5188f24561b0ba01a81adf2b4b",
        "status": 6
      },
      {
        "uuid": "d0939ec721d24867bdaa59ad9aded6b0",
        "status": 6
      },
      {
        "uuid": "6dacf2356e7f488284883aec11ea0c1d",
        "status": 5
      },
      {
        "uuid": "fae3a3878e8b42c7be6dd37495447283",
        "status": 6
      },
      {
        "uuid": "5f3510055fd44f469750a288dca7e1b7",
        "status": 6
      },
      {
        "uuid": "a878504b7fb64f33b6f073ea278401f5",
        "status": 6
      },
      {
        "uuid": "33337c078cc648bea9b1a0b28dd3c8ed",
        "status": 5
      },
      {
        "uuid": "f93629fc763841dd94ce29fe489a6eff",
        "status": 6
      },
      {
        "uuid": "b18c656185dc4eddb551dc773dee71df",
        "status": 6
      },
      {
        "uuid": "53c2b7bd9f7f471ab39c13f78faf8722",
        "status": 6
      },
      {
        "uuid": "e48469ff61e246238a109d0b3565c514",
        "status": 5
      },
      {
        "uuid": "7525c0063e8d48e496f54c660a7fa8d7",
        "status": 6
      },
      {
        "uuid": "1af0c75e876446c8af97c4891a6f65c3",
        "status": 6
      },
      {
        "uuid": "e187811ae88241b7a7d8639acf37a2d7",
        "status": 6
      }
    ]
  },
  "heartbeat_publishers": 0,
  "ended_wall": 1790573954.1447392
}
