Consolidate compiler generated dependencies of target navigation_math
Consolidate compiler generated dependencies of target policy_contracts
[ 12%] Built target navigation_math
[ 16%] Building CXX object CMakeFiles/policy_contracts.dir/src/policy_contracts.cpp.o
Consolidate compiler generated dependencies of target policy_profile
[ 24%] Built target policy_profile
Consolidate compiler generated dependencies of target policy_sweep
[ 32%] Built target policy_sweep
[ 36%] Linking CXX static library libpolicy_contracts.a
[ 36%] Built target policy_contracts
Consolidate compiler generated dependencies of target policy_observer_core
Consolidate compiler generated dependencies of target policy_fusion
[ 40%] Building CXX object CMakeFiles/policy_observer_core.dir/src/policy_observer_core.cpp.o
[ 44%] Building CXX object CMakeFiles/policy_fusion.dir/src/policy_fusion.cpp.o
[ 48%] Linking CXX static library libpolicy_observer_core.a
[ 48%] Built target policy_observer_core
Consolidate compiler generated dependencies of target policy_health
[ 52%] Building CXX object CMakeFiles/policy_health.dir/src/policy_health.cpp.o
[ 56%] Linking CXX static library libpolicy_health.a
[ 56%] Built target policy_health
Consolidate compiler generated dependencies of target policy_envelope
[ 60%] Building CXX object CMakeFiles/policy_envelope.dir/src/policy_envelope.cpp.o
[ 64%] Linking CXX static library libpolicy_fusion.a
[ 64%] Built target policy_fusion
Consolidate compiler generated dependencies of target policy_observation_adapters
[ 68%] Building CXX object CMakeFiles/policy_observation_adapters.dir/src/policy_observation_adapters.cpp.o
[ 72%] Linking CXX static library libpolicy_envelope.a
[ 72%] Built target policy_envelope
Consolidate compiler generated dependencies of target policy_risk
[ 76%] Building CXX object CMakeFiles/policy_risk.dir/src/policy_risk.cpp.o
[ 80%] Linking CXX static library libpolicy_risk.a
[ 80%] Built target policy_risk
[ 84%] Linking CXX static library libpolicy_observation_adapters.a
[ 84%] Built target policy_observation_adapters
Consolidate compiler generated dependencies of target policy_observer_runtime
[ 88%] Building CXX object CMakeFiles/policy_observer_runtime.dir/src/policy_observer_node.cpp.o
[ 92%] Linking CXX static library libpolicy_observer_runtime.a
[ 92%] Built target policy_observer_runtime
Consolidate compiler generated dependencies of target policy_observer_cpp
[ 96%] Building CXX object CMakeFiles/policy_observer_cpp.dir/src/policy_observer_main.cpp.o
[100%] Linking CXX executable policy_observer_cpp
[100%] Built target policy_observer_cpp
Consolidate compiler generated dependencies of target policy_contracts
[ 33%] Built target navigation_math
[ 55%] Built target policy_contracts
Consolidate compiler generated dependencies of target policy_observer_core
[ 77%] Built target policy_observer_core
Consolidate compiler generated dependencies of target policy_observer_core_probe
[ 88%] Building CXX object CMakeFiles/policy_observer_core_probe.dir/test/policy_observer_core_probe.cpp.o
[100%] Linking CXX executable policy_observer_core_probe
[100%] Built target policy_observer_core_probe
