[  8%] Built target policy_contracts
[ 20%] Built target navigation_math
Consolidate compiler generated dependencies of target policy_fusion
[ 28%] Built target policy_profile
[ 36%] Built target policy_fusion
Consolidate compiler generated dependencies of target policy_health
[ 44%] Built target policy_health
[ 52%] Built target policy_sweep
Consolidate compiler generated dependencies of target policy_envelope
[ 60%] Built target policy_envelope
Consolidate compiler generated dependencies of target policy_observation_adapters
[ 68%] Built target policy_observation_adapters
[ 76%] Built target policy_observer_core
Consolidate compiler generated dependencies of target policy_risk
[ 84%] Built target policy_risk
Consolidate compiler generated dependencies of target policy_observer_runtime
[ 88%] Building CXX object CMakeFiles/policy_observer_runtime.dir/src/policy_observer_node.cpp.o
[ 92%] Linking CXX static library libpolicy_observer_runtime.a
[ 92%] Built target policy_observer_runtime
Consolidate compiler generated dependencies of target policy_observer_cpp
[ 96%] Linking CXX executable policy_observer_cpp
[100%] Built target policy_observer_cpp
