EEEEEEEEEEEEE                                                            [100%]
==================================== ERRORS ====================================
_______ ERROR at setup of test_map_unknown_edges_rotation_and_retention ________

    @pytest.fixture(scope='session')
    def probe():
        executable=Path(os.environ.get('POLICY_OBSERVER_CORE_PROBE','/tmp/codex_policy_observer_20260921/policy_observer_core_probe'))
>       assert executable.is_file(),f'Native observer core executable required: {executable}'
E       AssertionError: Native observer core executable required: /tmp/codex_policy_observer_20260921/policy_observer_core_probe
E       assert False
E        +  where False = <bound method Path.is_file of PosixPath('/tmp/codex_policy_observer_20260921/policy_observer_core_probe')>()
E        +    where <bound method Path.is_file of PosixPath('/tmp/codex_policy_observer_20260921/policy_observer_core_probe')> = PosixPath('/tmp/codex_policy_observer_20260921/policy_observer_core_probe').is_file

ws_robot/src/astribot_s1_navigation_policy_native/test/test_policy_observer_core.py:69: AssertionError
_ ERROR at setup of test_map_identity_ignores_z_stamp_but_retains_full_metadata _

    @pytest.fixture(scope='session')
    def probe():
        executable=Path(os.environ.get('POLICY_OBSERVER_CORE_PROBE','/tmp/codex_policy_observer_20260921/policy_observer_core_probe'))
>       assert executable.is_file(),f'Native observer core executable required: {executable}'
E       AssertionError: Native observer core executable required: /tmp/codex_policy_observer_20260921/policy_observer_core_probe
E       assert False
E        +  where False = <bound method Path.is_file of PosixPath('/tmp/codex_policy_observer_20260921/policy_observer_core_probe')>()
E        +    where <bound method Path.is_file of PosixPath('/tmp/codex_policy_observer_20260921/policy_observer_core_probe')> = PosixPath('/tmp/codex_policy_observer_20260921/policy_observer_core_probe').is_file

ws_robot/src/astribot_s1_navigation_policy_native/test/test_policy_observer_core.py:69: AssertionError
___ ERROR at setup of test_task_sequence_path_and_terminal_owner[SUCCEEDED] ____

    @pytest.fixture(scope='session')
    def probe():
        executable=Path(os.environ.get('POLICY_OBSERVER_CORE_PROBE','/tmp/codex_policy_observer_20260921/policy_observer_core_probe'))
>       assert executable.is_file(),f'Native observer core executable required: {executable}'
E       AssertionError: Native observer core executable required: /tmp/codex_policy_observer_20260921/policy_observer_core_probe
E       assert False
E        +  where False = <bound method Path.is_file of PosixPath('/tmp/codex_policy_observer_20260921/policy_observer_core_probe')>()
E        +    where <bound method Path.is_file of PosixPath('/tmp/codex_policy_observer_20260921/policy_observer_core_probe')> = PosixPath('/tmp/codex_policy_observer_20260921/policy_observer_core_probe').is_file

ws_robot/src/astribot_s1_navigation_policy_native/test/test_policy_observer_core.py:69: AssertionError
_____ ERROR at setup of test_task_sequence_path_and_terminal_owner[FAILED] _____

    @pytest.fixture(scope='session')
    def probe():
        executable=Path(os.environ.get('POLICY_OBSERVER_CORE_PROBE','/tmp/codex_policy_observer_20260921/policy_observer_core_probe'))
>       assert executable.is_file(),f'Native observer core executable required: {executable}'
E       AssertionError: Native observer core executable required: /tmp/codex_policy_observer_20260921/policy_observer_core_probe
E       assert False
E        +  where False = <bound method Path.is_file of PosixPath('/tmp/codex_policy_observer_20260921/policy_observer_core_probe')>()
E        +    where <bound method Path.is_file of PosixPath('/tmp/codex_policy_observer_20260921/policy_observer_core_probe')> = PosixPath('/tmp/codex_policy_observer_20260921/policy_observer_core_probe').is_file

ws_robot/src/astribot_s1_navigation_policy_native/test/test_policy_observer_core.py:69: AssertionError
____ ERROR at setup of test_task_sequence_path_and_terminal_owner[CANCELED] ____

    @pytest.fixture(scope='session')
    def probe():
        executable=Path(os.environ.get('POLICY_OBSERVER_CORE_PROBE','/tmp/codex_policy_observer_20260921/policy_observer_core_probe'))
>       assert executable.is_file(),f'Native observer core executable required: {executable}'
E       AssertionError: Native observer core executable required: /tmp/codex_policy_observer_20260921/policy_observer_core_probe
E       assert False
E        +  where False = <bound method Path.is_file of PosixPath('/tmp/codex_policy_observer_20260921/policy_observer_core_probe')>()
E        +    where <bound method Path.is_file of PosixPath('/tmp/codex_policy_observer_20260921/policy_observer_core_probe')> = PosixPath('/tmp/codex_policy_observer_20260921/policy_observer_core_probe').is_file

ws_robot/src/astribot_s1_navigation_policy_native/test/test_policy_observer_core.py:69: AssertionError
___ ERROR at setup of test_task_sequence_path_and_terminal_owner[PREEMPTED] ____

    @pytest.fixture(scope='session')
    def probe():
        executable=Path(os.environ.get('POLICY_OBSERVER_CORE_PROBE','/tmp/codex_policy_observer_20260921/policy_observer_core_probe'))
>       assert executable.is_file(),f'Native observer core executable required: {executable}'
E       AssertionError: Native observer core executable required: /tmp/codex_policy_observer_20260921/policy_observer_core_probe
E       assert False
E        +  where False = <bound method Path.is_file of PosixPath('/tmp/codex_policy_observer_20260921/policy_observer_core_probe')>()
E        +    where <bound method Path.is_file of PosixPath('/tmp/codex_policy_observer_20260921/policy_observer_core_probe')> = PosixPath('/tmp/codex_policy_observer_20260921/policy_observer_core_probe').is_file

ws_robot/src/astribot_s1_navigation_policy_native/test/test_policy_observer_core.py:69: AssertionError
___________ ERROR at setup of test_localization_strict_norm_boundary ___________

    @pytest.fixture(scope='session')
    def probe():
        executable=Path(os.environ.get('POLICY_OBSERVER_CORE_PROBE','/tmp/codex_policy_observer_20260921/policy_observer_core_probe'))
>       assert executable.is_file(),f'Native observer core executable required: {executable}'
E       AssertionError: Native observer core executable required: /tmp/codex_policy_observer_20260921/policy_observer_core_probe
E       assert False
E        +  where False = <bound method Path.is_file of PosixPath('/tmp/codex_policy_observer_20260921/policy_observer_core_probe')>()
E        +    where <bound method Path.is_file of PosixPath('/tmp/codex_policy_observer_20260921/policy_observer_core_probe')> = PosixPath('/tmp/codex_policy_observer_20260921/policy_observer_core_probe').is_file

ws_robot/src/astribot_s1_navigation_policy_native/test/test_policy_observer_core.py:69: AssertionError
_____________ ERROR at setup of test_randomized_identity_sequences _____________

    @pytest.fixture(scope='session')
    def probe():
        executable=Path(os.environ.get('POLICY_OBSERVER_CORE_PROBE','/tmp/codex_policy_observer_20260921/policy_observer_core_probe'))
>       assert executable.is_file(),f'Native observer core executable required: {executable}'
E       AssertionError: Native observer core executable required: /tmp/codex_policy_observer_20260921/policy_observer_core_probe
E       assert False
E        +  where False = <bound method Path.is_file of PosixPath('/tmp/codex_policy_observer_20260921/policy_observer_core_probe')>()
E        +    where <bound method Path.is_file of PosixPath('/tmp/codex_policy_observer_20260921/policy_observer_core_probe')> = PosixPath('/tmp/codex_policy_observer_20260921/policy_observer_core_probe').is_file

ws_robot/src/astribot_s1_navigation_policy_native/test/test_policy_observer_core.py:69: AssertionError
__________ ERROR at setup of test_raw_quaternion_point_transform[0.0] __________

    @pytest.fixture(scope='session')
    def probe():
        executable=Path(os.environ.get('POLICY_OBSERVER_CORE_PROBE','/tmp/codex_policy_observer_20260921/policy_observer_core_probe'))
>       assert executable.is_file(),f'Native observer core executable required: {executable}'
E       AssertionError: Native observer core executable required: /tmp/codex_policy_observer_20260921/policy_observer_core_probe
E       assert False
E        +  where False = <bound method Path.is_file of PosixPath('/tmp/codex_policy_observer_20260921/policy_observer_core_probe')>()
E        +    where <bound method Path.is_file of PosixPath('/tmp/codex_policy_observer_20260921/policy_observer_core_probe')> = PosixPath('/tmp/codex_policy_observer_20260921/policy_observer_core_probe').is_file

ws_robot/src/astribot_s1_navigation_policy_native/test/test_policy_observer_core.py:69: AssertionError
_________ ERROR at setup of test_raw_quaternion_point_transform[0.01] __________

    @pytest.fixture(scope='session')
    def probe():
        executable=Path(os.environ.get('POLICY_OBSERVER_CORE_PROBE','/tmp/codex_policy_observer_20260921/policy_observer_core_probe'))
>       assert executable.is_file(),f'Native observer core executable required: {executable}'
E       AssertionError: Native observer core executable required: /tmp/codex_policy_observer_20260921/policy_observer_core_probe
E       assert False
E        +  where False = <bound method Path.is_file of PosixPath('/tmp/codex_policy_observer_20260921/policy_observer_core_probe')>()
E        +    where <bound method Path.is_file of PosixPath('/tmp/codex_policy_observer_20260921/policy_observer_core_probe')> = PosixPath('/tmp/codex_policy_observer_20260921/policy_observer_core_probe').is_file

ws_robot/src/astribot_s1_navigation_policy_native/test/test_policy_observer_core.py:69: AssertionError
__ ERROR at setup of test_raw_quaternion_point_transform[1.5707963267948966] ___

    @pytest.fixture(scope='session')
    def probe():
        executable=Path(os.environ.get('POLICY_OBSERVER_CORE_PROBE','/tmp/codex_policy_observer_20260921/policy_observer_core_probe'))
>       assert executable.is_file(),f'Native observer core executable required: {executable}'
E       AssertionError: Native observer core executable required: /tmp/codex_policy_observer_20260921/policy_observer_core_probe
E       assert False
E        +  where False = <bound method Path.is_file of PosixPath('/tmp/codex_policy_observer_20260921/policy_observer_core_probe')>()
E        +    where <bound method Path.is_file of PosixPath('/tmp/codex_policy_observer_20260921/policy_observer_core_probe')> = PosixPath('/tmp/codex_policy_observer_20260921/policy_observer_core_probe').is_file

ws_robot/src/astribot_s1_navigation_policy_native/test/test_policy_observer_core.py:69: AssertionError
___ ERROR at setup of test_raw_quaternion_point_transform[3.141592653589793] ___

    @pytest.fixture(scope='session')
    def probe():
        executable=Path(os.environ.get('POLICY_OBSERVER_CORE_PROBE','/tmp/codex_policy_observer_20260921/policy_observer_core_probe'))
>       assert executable.is_file(),f'Native observer core executable required: {executable}'
E       AssertionError: Native observer core executable required: /tmp/codex_policy_observer_20260921/policy_observer_core_probe
E       assert False
E        +  where False = <bound method Path.is_file of PosixPath('/tmp/codex_policy_observer_20260921/policy_observer_core_probe')>()
E        +    where <bound method Path.is_file of PosixPath('/tmp/codex_policy_observer_20260921/policy_observer_core_probe')> = PosixPath('/tmp/codex_policy_observer_20260921/policy_observer_core_probe').is_file

ws_robot/src/astribot_s1_navigation_policy_native/test/test_policy_observer_core.py:69: AssertionError
__ ERROR at setup of test_raw_quaternion_point_transform[-1.5707963267948966] __

    @pytest.fixture(scope='session')
    def probe():
        executable=Path(os.environ.get('POLICY_OBSERVER_CORE_PROBE','/tmp/codex_policy_observer_20260921/policy_observer_core_probe'))
>       assert executable.is_file(),f'Native observer core executable required: {executable}'
E       AssertionError: Native observer core executable required: /tmp/codex_policy_observer_20260921/policy_observer_core_probe
E       assert False
E        +  where False = <bound method Path.is_file of PosixPath('/tmp/codex_policy_observer_20260921/policy_observer_core_probe')>()
E        +    where <bound method Path.is_file of PosixPath('/tmp/codex_policy_observer_20260921/policy_observer_core_probe')> = PosixPath('/tmp/codex_policy_observer_20260921/policy_observer_core_probe').is_file

ws_robot/src/astribot_s1_navigation_policy_native/test/test_policy_observer_core.py:69: AssertionError
=========================== short test summary info ============================
ERROR ws_robot/src/astribot_s1_navigation_policy_native/test/test_policy_observer_core.py::test_map_unknown_edges_rotation_and_retention
ERROR ws_robot/src/astribot_s1_navigation_policy_native/test/test_policy_observer_core.py::test_map_identity_ignores_z_stamp_but_retains_full_metadata
ERROR ws_robot/src/astribot_s1_navigation_policy_native/test/test_policy_observer_core.py::test_task_sequence_path_and_terminal_owner[SUCCEEDED]
ERROR ws_robot/src/astribot_s1_navigation_policy_native/test/test_policy_observer_core.py::test_task_sequence_path_and_terminal_owner[FAILED]
ERROR ws_robot/src/astribot_s1_navigation_policy_native/test/test_policy_observer_core.py::test_task_sequence_path_and_terminal_owner[CANCELED]
ERROR ws_robot/src/astribot_s1_navigation_policy_native/test/test_policy_observer_core.py::test_task_sequence_path_and_terminal_owner[PREEMPTED]
ERROR ws_robot/src/astribot_s1_navigation_policy_native/test/test_policy_observer_core.py::test_localization_strict_norm_boundary
ERROR ws_robot/src/astribot_s1_navigation_policy_native/test/test_policy_observer_core.py::test_randomized_identity_sequences
ERROR ws_robot/src/astribot_s1_navigation_policy_native/test/test_policy_observer_core.py::test_raw_quaternion_point_transform[0.0]
ERROR ws_robot/src/astribot_s1_navigation_policy_native/test/test_policy_observer_core.py::test_raw_quaternion_point_transform[0.01]
ERROR ws_robot/src/astribot_s1_navigation_policy_native/test/test_policy_observer_core.py::test_raw_quaternion_point_transform[1.5707963267948966]
ERROR ws_robot/src/astribot_s1_navigation_policy_native/test/test_policy_observer_core.py::test_raw_quaternion_point_transform[3.141592653589793]
ERROR ws_robot/src/astribot_s1_navigation_policy_native/test/test_policy_observer_core.py::test_raw_quaternion_point_transform[-1.5707963267948966]
13 errors in 0.10s
