[  3%] Building CXX object CMakeFiles/navigation_math.dir/src/navigation_math.cpp.o
[  3%] Building CXX object CMakeFiles/policy_profile.dir/src/policy_profile.cpp.o
/tmp/codex_policy_observer_20260921/frozen_source/ws_robot/src/astribot_s1_navigation_policy_native/src/navigation_math.cpp: In function ‘std::vector<double> astribot::navigation::scan_coverage(const std::vector<double>&, double, double, double, double, double)’:
/tmp/codex_policy_observer_20260921/frozen_source/ws_robot/src/astribot_s1_navigation_policy_native/src/navigation_math.cpp:304:69: warning: suggest parentheses around ‘&&’ within ‘||’ [-Wparentheses]
  304 |         (std::isfinite(ranges[index]) && range_min <= ranges[index] &&
      |          ~~~~~~~~~~~~~~~~~~~~~~~~~~~~~~~~~~~~~~~~~~~~~~~~~~~~~~~~~~~^~
  305 |              ranges[index] <= range_max || ranges[index] == INFINITY);
      |              ~~~~~~~~~~~~~~~~~~~~~~~~~~                              
[  4%] Building CXX object CMakeFiles/navigation_math.dir/src/cmd_vel_body_to_world_core.cpp.o
[  6%] Linking CXX static library libnavigation_math.a
[  6%] Built target navigation_math
[  7%] Building CXX object CMakeFiles/fixed_envelope_core.dir/src/fixed_envelope_core.cpp.o
[  9%] Linking CXX static library libpolicy_profile.a
[  9%] Built target policy_profile
[ 10%] Building CXX object CMakeFiles/policy_contracts.dir/src/policy_contracts.cpp.o
[ 12%] Linking CXX static library libpolicy_contracts.a
[ 12%] Built target policy_contracts
[ 13%] Building CXX object CMakeFiles/policy_sweep.dir/src/policy_sweep.cpp.o
[ 15%] Linking CXX static library libfixed_envelope_core.a
[ 15%] Built target fixed_envelope_core
[ 16%] Building CXX object CMakeFiles/policy_envelope.dir/src/policy_envelope.cpp.o
[ 18%] Linking CXX static library libpolicy_sweep.a
[ 18%] Built target policy_sweep
[ 20%] Building CXX object CMakeFiles/policy_observation_adapters.dir/src/policy_observation_adapters.cpp.o
[ 21%] Linking CXX static library libpolicy_envelope.a
[ 21%] Built target policy_envelope
[ 23%] Building CXX object CMakeFiles/policy_observer_core.dir/src/policy_observer_core.cpp.o
[ 24%] Linking CXX static library libpolicy_observer_core.a
[ 24%] Built target policy_observer_core
[ 26%] Building CXX object CMakeFiles/cmd_vel_body_to_world_cpp.dir/src/cmd_vel_body_to_world_node.cpp.o
[ 27%] Linking CXX static library libpolicy_observation_adapters.a
[ 27%] Built target policy_observation_adapters
[ 29%] Building CXX object CMakeFiles/costmap_scan_cpp.dir/src/costmap_scan_node.cpp.o
[ 30%] Linking CXX executable cmd_vel_body_to_world_cpp
[ 30%] Built target cmd_vel_body_to_world_cpp
[ 32%] Building CXX object CMakeFiles/envelope_coordinator_cpp.dir/src/envelope_coordinator_node.cpp.o
[ 33%] Linking CXX executable costmap_scan_cpp
[ 33%] Built target costmap_scan_cpp
[ 35%] Building CXX object CMakeFiles/final_protection_core.dir/src/final_protection_core.cpp.o
[ 36%] Linking CXX static library libfinal_protection_core.a
[ 36%] Built target final_protection_core
[ 38%] Building CXX object CMakeFiles/navigation_math_test.dir/test/navigation_math_test.cpp.o
[ 40%] Linking CXX executable navigation_math_test
[ 40%] Built target navigation_math_test
[ 41%] Building CXX object CMakeFiles/cmd_vel_body_to_world_core_test.dir/test/cmd_vel_body_to_world_core_test.cpp.o
[ 43%] Linking CXX executable cmd_vel_body_to_world_core_test
[ 43%] Built target cmd_vel_body_to_world_core_test
[ 44%] Building CXX object CMakeFiles/policy_profile_probe.dir/test/policy_profile_probe.cpp.o
[ 46%] Linking CXX executable policy_profile_probe
[ 46%] Built target policy_profile_probe
[ 47%] Building CXX object CMakeFiles/final_protection_probe.dir/test/final_protection_probe.cpp.o
[ 49%] Linking CXX executable final_protection_probe
[ 49%] Built target final_protection_probe
[ 50%] Building CXX object CMakeFiles/fixed_envelope_cpp.dir/src/fixed_envelope_node.cpp.o
[ 52%] Linking CXX executable envelope_coordinator_cpp
[ 52%] Built target envelope_coordinator_cpp
[ 53%] Building CXX object CMakeFiles/fixed_envelope_probe.dir/test/fixed_envelope_probe.cpp.o
[ 55%] Linking CXX executable fixed_envelope_probe
[ 55%] Built target fixed_envelope_probe
[ 56%] Building CXX object CMakeFiles/fixed_envelope_core_test.dir/test/fixed_envelope_core_test.cpp.o
[ 58%] Linking CXX executable fixed_envelope_core_test
[ 58%] Built target fixed_envelope_core_test
[ 60%] Building CXX object CMakeFiles/policy_fusion.dir/src/policy_fusion.cpp.o
[ 61%] Linking CXX static library libpolicy_fusion.a
[ 61%] Built target policy_fusion
[ 63%] Building CXX object CMakeFiles/policy_health.dir/src/policy_health.cpp.o
[ 64%] Linking CXX static library libpolicy_health.a
[ 64%] Built target policy_health
[ 66%] Building CXX object CMakeFiles/policy_risk.dir/src/policy_risk.cpp.o
[ 67%] Linking CXX static library libpolicy_risk.a
[ 67%] Built target policy_risk
[ 69%] Building CXX object CMakeFiles/policy_sweep_probe.dir/test/policy_sweep_probe.cpp.o
[ 70%] Linking CXX executable fixed_envelope_cpp
[ 70%] Built target fixed_envelope_cpp
[ 72%] Building CXX object CMakeFiles/policy_risk_probe.dir/test/policy_risk_probe.cpp.o
[ 73%] Linking CXX executable policy_sweep_probe
[ 73%] Built target policy_sweep_probe
[ 75%] Building CXX object CMakeFiles/policy_envelope_probe.dir/test/policy_envelope_probe.cpp.o
[ 76%] Linking CXX executable policy_risk_probe
[ 76%] Built target policy_risk_probe
[ 78%] Building CXX object CMakeFiles/policy_observation_adapters_probe.dir/test/policy_observation_adapters_probe.cpp.o
[ 80%] Linking CXX executable policy_envelope_probe
[ 80%] Built target policy_envelope_probe
[ 81%] Building CXX object CMakeFiles/policy_observer_runtime.dir/src/policy_observer_node.cpp.o
[ 83%] Linking CXX executable policy_observation_adapters_probe
[ 83%] Built target policy_observation_adapters_probe
[ 84%] Building CXX object CMakeFiles/policy_observer_core_probe.dir/test/policy_observer_core_probe.cpp.o
[ 86%] Linking CXX executable policy_observer_core_probe
[ 86%] Built target policy_observer_core_probe
[ 87%] Building CXX object CMakeFiles/final_protection_cpp.dir/src/final_protection_node.cpp.o
[ 89%] Linking CXX executable final_protection_cpp
[ 89%] Built target final_protection_cpp
[ 90%] Building CXX object CMakeFiles/policy_fusion_probe.dir/test/policy_fusion_probe.cpp.o
[ 92%] Linking CXX executable policy_fusion_probe
[ 92%] Built target policy_fusion_probe
[ 93%] Building CXX object CMakeFiles/policy_health_probe.dir/test/policy_health_probe.cpp.o
[ 95%] Linking CXX static library libpolicy_observer_runtime.a
[ 95%] Built target policy_observer_runtime
[ 96%] Building CXX object CMakeFiles/policy_observer_cpp.dir/src/policy_observer_main.cpp.o
[ 98%] Linking CXX executable policy_health_probe
[ 98%] Built target policy_health_probe
[100%] Linking CXX executable policy_observer_cpp
[100%] Built target policy_observer_cpp
