[  3%] Built target policy_profile
[  7%] Built target navigation_math
Consolidate compiler generated dependencies of target fixed_envelope_core
[ 10%] Built target policy_contracts
[ 13%] Built target fixed_envelope_core
[ 16%] Built target policy_sweep
[ 20%] Built target policy_envelope
Consolidate compiler generated dependencies of target policy_observation_adapters
[ 23%] Built target policy_observer_core
[ 26%] Built target policy_observation_adapters
Consolidate compiler generated dependencies of target cmd_vel_body_to_world_cpp
Consolidate compiler generated dependencies of target costmap_scan_cpp
[ 27%] Building CXX object CMakeFiles/costmap_scan_cpp.dir/src/costmap_scan_node.cpp.o
[ 29%] Building CXX object CMakeFiles/cmd_vel_body_to_world_cpp.dir/src/cmd_vel_body_to_world_node.cpp.o
[ 30%] Linking CXX executable costmap_scan_cpp
[ 30%] Built target costmap_scan_cpp
Consolidate compiler generated dependencies of target envelope_coordinator_cpp
[ 33%] Built target envelope_coordinator_cpp
Consolidate compiler generated dependencies of target final_protection_core
[ 35%] Building CXX object CMakeFiles/final_protection_core.dir/src/final_protection_core.cpp.o
[ 36%] Linking CXX executable cmd_vel_body_to_world_cpp
[ 36%] Built target cmd_vel_body_to_world_cpp
Consolidate compiler generated dependencies of target navigation_math_test
[ 38%] Building CXX object CMakeFiles/navigation_math_test.dir/test/navigation_math_test.cpp.o
[ 40%] Linking CXX executable navigation_math_test
[ 41%] Linking CXX static library libfinal_protection_core.a
[ 41%] Built target navigation_math_test
[ 41%] Built target final_protection_core
Consolidate compiler generated dependencies of target cmd_vel_body_to_world_core_test
[ 43%] Linking CXX executable cmd_vel_body_to_world_core_test
Consolidate compiler generated dependencies of target policy_profile_probe
[ 46%] Built target policy_profile_probe
Consolidate compiler generated dependencies of target final_protection_probe
[ 47%] Linking CXX executable final_protection_probe
[ 49%] Built target cmd_vel_body_to_world_core_test
Consolidate compiler generated dependencies of target fixed_envelope_cpp
[ 52%] Built target fixed_envelope_cpp
Consolidate compiler generated dependencies of target fixed_envelope_probe
[ 55%] Built target fixed_envelope_probe
Consolidate compiler generated dependencies of target fixed_envelope_core_test
[ 58%] Built target fixed_envelope_core_test
[ 61%] Built target policy_fusion
[ 64%] Built target policy_health
[ 67%] Built target policy_risk
Consolidate compiler generated dependencies of target policy_sweep_probe
[ 69%] Linking CXX executable policy_sweep_probe
[ 70%] Built target final_protection_probe
Consolidate compiler generated dependencies of target policy_risk_probe
[ 72%] Building CXX object CMakeFiles/policy_risk_probe.dir/test/policy_risk_probe.cpp.o
[ 73%] Built target policy_sweep_probe
[ 75%] Building CXX object CMakeFiles/policy_envelope_probe.dir/test/policy_envelope_probe.cpp.o
[ 76%] Linking CXX executable policy_envelope_probe
[ 76%] Built target policy_envelope_probe
[ 78%] Building CXX object CMakeFiles/policy_observation_adapters_probe.dir/test/policy_observation_adapters_probe.cpp.o
[ 80%] Linking CXX executable policy_risk_probe
[ 80%] Built target policy_risk_probe
Consolidate compiler generated dependencies of target policy_observer_runtime
[ 83%] Built target policy_observer_runtime
Consolidate compiler generated dependencies of target policy_observer_core_probe
[ 86%] Built target policy_observer_core_probe
Consolidate compiler generated dependencies of target final_protection_cpp
[ 87%] Building CXX object CMakeFiles/final_protection_cpp.dir/src/final_protection_node.cpp.o
[ 89%] Linking CXX executable policy_observation_adapters_probe
[ 89%] Built target policy_observation_adapters_probe
Consolidate compiler generated dependencies of target policy_fusion_probe
[ 90%] Building CXX object CMakeFiles/policy_fusion_probe.dir/test/policy_fusion_probe.cpp.o
[ 92%] Linking CXX executable policy_fusion_probe
[ 92%] Built target policy_fusion_probe
Consolidate compiler generated dependencies of target policy_health_probe
[ 93%] Building CXX object CMakeFiles/policy_health_probe.dir/test/policy_health_probe.cpp.o
[ 95%] Linking CXX executable policy_health_probe
[ 95%] Built target policy_health_probe
Consolidate compiler generated dependencies of target policy_observer_cpp
[ 98%] Built target policy_observer_cpp
[100%] Linking CXX executable final_protection_cpp
[100%] Built target final_protection_cpp
