FFFE                                                                     [100%]
==================================== ERRORS ====================================
_ ERROR at setup of test_malformed_coverage_rejects_packet_after_startup[cpp-runtime_config2] _

request = <SubRequest 'runtime' for <Function test_malformed_coverage_rejects_packet_after_startup[cpp-runtime_config2]>>
tmp_path = PosixPath('/tmp/codex_policy_observer_20260921/ros_source_red/test_malformed_coverage_reject2')
runtime_config = {'observation_sources': '[{"adapter": "vision_json", "topic": "/camera_points", "coverage_body_yaw_half_angle": [[0.0]]}]'}

    @pytest.fixture(params=['python','cpp'])
    def runtime(request,tmp_path,runtime_config):
>       instance=Runtime(request.param,tmp_path,runtime_config)

ws_robot/src/astribot_s1_navigation_policy_native/test/test_policy_observer_ros.py:147: 
_ _ _ _ _ _ _ _ _ _ _ _ _ _ _ _ _ _ _ _ _ _ _ _ _ _ _ _ _ _ _ _ _ _ _ _ _ _ _ _ 
ws_robot/src/astribot_s1_navigation_policy_native/test/test_policy_observer_ros.py:89: in __init__
    self.until(lambda:self.ready.service_is_ready() and self.clock.get_subscription_count()>0)
_ _ _ _ _ _ _ _ _ _ _ _ _ _ _ _ _ _ _ _ _ _ _ _ _ _ _ _ _ _ _ _ _ _ _ _ _ _ _ _ 

self = <test_policy_observer_ros.Runtime object at 0x70cf16eecf40>
predicate = <function Runtime.__init__.<locals>.<lambda> at 0x70cf16ede440>
timeout = 6.0

    def until(self,predicate,timeout=6.):
        deadline=time.monotonic()+timeout
        while time.monotonic()<deadline:
>           assert self.proc.poll() is None,self.log_path.read_text()
E           AssertionError: policy observer: [json.exception.out_of_range.401] array index 1 is out of range
E             
E           assert 1 is None
E            +  where 1 = <bound method Popen.poll of <Popen: returncode: 1 args: ['/tmp/codex_policy_integration_20260921/build/p...>>()
E            +    where <bound method Popen.poll of <Popen: returncode: 1 args: ['/tmp/codex_policy_integration_20260921/build/p...>> = <Popen: returncode: 1 args: ['/tmp/codex_policy_integration_20260921/build/p...>.poll
E            +      where <Popen: returncode: 1 args: ['/tmp/codex_policy_integration_20260921/build/p...> = <test_policy_observer_ros.Runtime object at 0x70cf16eecf40>.proc

ws_robot/src/astribot_s1_navigation_policy_native/test/test_policy_observer_ros.py:99: AssertionError
=================================== FAILURES ===================================
_ test_humble_camera_info_retains_original_coefficient_rejection[cpp-runtime_config0] _

runtime = <test_policy_observer_ros.Runtime object at 0x70cf1d1f16c0>

    @pytest.mark.parametrize('runtime_config',[{'observation_sources':json.dumps([POINT_CLOUD_SOURCE])}],indirect=True)
    def test_humble_camera_info_retains_original_coefficient_rejection(runtime):
        runtime.seed();assert not runtime.tick()['required_sensors_valid']
        cloud=PointCloud2();cloud.header.frame_id='odom';cloud.header.stamp=stamp(runtime.ns);cloud.width=2;cloud.height=1;cloud.point_step=12;cloud.row_step=24
        cloud.fields=[PointField(name=n,offset=i*4,datatype=PointField.FLOAT32,count=1) for i,n in enumerate(('x','y','z'))];cloud.data=struct.pack('<ffffff',.7,-.1,.2,.8,.1,.4)
        runtime.cloud_pub.publish(cloud);runtime.drain();first=runtime.tick();assert first['vision_count']==0 and first['errors']==1
        info=CameraInfo();info.header.frame_id='optical';info.width=2**32-1;info.height=10;info.k=[1.,0.,0.,0.,1.,0.,0.,0.,1.];info.distortion_model='plumb_bob'
        runtime.info_pub.publish(info);runtime.drain();runtime.sensors();cloud.header.stamp=stamp(runtime.ns);runtime.cloud_pub.publish(cloud);runtime.drain()
        # Humble's Python wire type exposes K as numpy.float64 values. The existing
        # strict coefficient contract rejects them; a migration must not silently
        # make this required source valid. The separate typed registry tests cover
        # accepted built-in float coefficients and epoch changes.
>       value=runtime.tick();assert value['vision_count']==0 and not value['inputs_valid'] and value['errors']==2
E       assert (1 == 0)

ws_robot/src/astribot_s1_navigation_policy_native/test/test_policy_observer_ros.py:302: AssertionError
__ test_malformed_coverage_rejects_packet_after_startup[cpp-runtime_config0] ___

runtime = <test_policy_observer_ros.Runtime object at 0x70cf16f12080>

    @pytest.mark.parametrize('runtime_config',[{'observation_sources':json.dumps([dict(adapter='vision_json',topic='/camera_points',coverage_body_yaw_half_angle=v)])} for v in (None,{'front':[0.,.5]},[[0.]])],indirect=True)
    def test_malformed_coverage_rejects_packet_after_startup(runtime):
>       pub=runtime.node.create_publisher(String,runtime.topic('camera_points'),qos_profile_sensor_data)

ws_robot/src/astribot_s1_navigation_policy_native/test/test_policy_observer_ros.py:317: 
_ _ _ _ _ _ _ _ _ _ _ _ _ _ _ _ _ _ _ _ _ _ _ _ _ _ _ _ _ _ _ _ _ _ _ _ _ _ _ _ 

self = <rclpy.node.Node object at 0x70cf16f125f0>
msg_type = <class 'std_msgs.msg._string.String'>
topic = '/policy_aba10eaa16/camera_points'
qos_profile = <rclpy.qos.QoSProfile object at 0x70cf1f1a1ee0>

    def create_publisher(
        self,
        msg_type,
        topic: str,
        qos_profile: Union[QoSProfile, int],
        *,
        callback_group: Optional[CallbackGroup] = None,
        event_callbacks: Optional[PublisherEventCallbacks] = None,
        qos_overriding_options: Optional[QoSOverridingOptions] = None,
        publisher_class: Type[Publisher] = Publisher,
    ) -> Publisher:
        """
        Create a new publisher.
    
        :param msg_type: The type of ROS messages the publisher will publish.
        :param topic: The name of the topic the publisher will publish to.
        :param qos_profile: A QoSProfile or a history depth to apply to the publisher.
          In the case that a history depth is provided, the QoS history is set to
          KEEP_LAST, the QoS history depth is set to the value
          of the parameter, and all other QoS settings are set to their default values.
        :param callback_group: The callback group for the publisher's event handlers.
            If ``None``, then the node's default callback group is used.
        :param event_callbacks: User-defined callbacks for middleware events.
        :return: The new publisher.
        """
        qos_profile = self._validate_qos_or_depth_parameter(qos_profile)
    
        callback_group = callback_group or self.default_callback_group
    
        failed = False
        try:
            final_topic = self.resolve_topic_name(topic)
        except RuntimeError:
            # if it's name validation error, raise a more appropriate exception.
            try:
                self._validate_topic_or_service_name(topic)
            except InvalidTopicNameException as ex:
                raise ex from None
            # else reraise the previous exception
            raise
    
        if qos_overriding_options is None:
            qos_overriding_options = QoSOverridingOptions([])
        _declare_qos_parameters(
            Publisher, self, final_topic, qos_profile, qos_overriding_options)
    
        # this line imports the typesupport for the message module if not already done
        failed = False
        check_is_valid_msg_type(msg_type)
        try:
            with self.handle:
>               publisher_object = _rclpy.Publisher(
                    self.handle, msg_type, topic, qos_profile.get_c_qos_profile())
E                   rclpy._rclpy_pybind11.RCLError: Failed to create publisher: create_publisher() called for existing topic name rt/policy_aba10eaa16/camera_points with incompatible type std_msgs::msg::dds_::String_, at ./src/publisher.cpp:149, at ./src/rcl/publisher.c:116

/opt/ros/humble/local/lib/python3.10/dist-packages/rclpy/node.py:1299: RCLError
__ test_malformed_coverage_rejects_packet_after_startup[cpp-runtime_config1] ___

runtime = <test_policy_observer_ros.Runtime object at 0x70cf169d33d0>

    @pytest.mark.parametrize('runtime_config',[{'observation_sources':json.dumps([dict(adapter='vision_json',topic='/camera_points',coverage_body_yaw_half_angle=v)])} for v in (None,{'front':[0.,.5]},[[0.]])],indirect=True)
    def test_malformed_coverage_rejects_packet_after_startup(runtime):
>       pub=runtime.node.create_publisher(String,runtime.topic('camera_points'),qos_profile_sensor_data)

ws_robot/src/astribot_s1_navigation_policy_native/test/test_policy_observer_ros.py:317: 
_ _ _ _ _ _ _ _ _ _ _ _ _ _ _ _ _ _ _ _ _ _ _ _ _ _ _ _ _ _ _ _ _ _ _ _ _ _ _ _ 

self = <rclpy.node.Node object at 0x70cf169d3490>
msg_type = <class 'std_msgs.msg._string.String'>
topic = '/policy_ead9db72d2/camera_points'
qos_profile = <rclpy.qos.QoSProfile object at 0x70cf1f1a1ee0>

    def create_publisher(
        self,
        msg_type,
        topic: str,
        qos_profile: Union[QoSProfile, int],
        *,
        callback_group: Optional[CallbackGroup] = None,
        event_callbacks: Optional[PublisherEventCallbacks] = None,
        qos_overriding_options: Optional[QoSOverridingOptions] = None,
        publisher_class: Type[Publisher] = Publisher,
    ) -> Publisher:
        """
        Create a new publisher.
    
        :param msg_type: The type of ROS messages the publisher will publish.
        :param topic: The name of the topic the publisher will publish to.
        :param qos_profile: A QoSProfile or a history depth to apply to the publisher.
          In the case that a history depth is provided, the QoS history is set to
          KEEP_LAST, the QoS history depth is set to the value
          of the parameter, and all other QoS settings are set to their default values.
        :param callback_group: The callback group for the publisher's event handlers.
            If ``None``, then the node's default callback group is used.
        :param event_callbacks: User-defined callbacks for middleware events.
        :return: The new publisher.
        """
        qos_profile = self._validate_qos_or_depth_parameter(qos_profile)
    
        callback_group = callback_group or self.default_callback_group
    
        failed = False
        try:
            final_topic = self.resolve_topic_name(topic)
        except RuntimeError:
            # if it's name validation error, raise a more appropriate exception.
            try:
                self._validate_topic_or_service_name(topic)
            except InvalidTopicNameException as ex:
                raise ex from None
            # else reraise the previous exception
            raise
    
        if qos_overriding_options is None:
            qos_overriding_options = QoSOverridingOptions([])
        _declare_qos_parameters(
            Publisher, self, final_topic, qos_profile, qos_overriding_options)
    
        # this line imports the typesupport for the message module if not already done
        failed = False
        check_is_valid_msg_type(msg_type)
        try:
            with self.handle:
>               publisher_object = _rclpy.Publisher(
                    self.handle, msg_type, topic, qos_profile.get_c_qos_profile())
E                   rclpy._rclpy_pybind11.RCLError: Failed to create publisher: create_publisher() called for existing topic name rt/policy_ead9db72d2/camera_points with incompatible type std_msgs::msg::dds_::String_, at ./src/publisher.cpp:149, at ./src/rcl/publisher.c:116

/opt/ros/humble/local/lib/python3.10/dist-packages/rclpy/node.py:1299: RCLError
=========================== short test summary info ============================
FAILED ws_robot/src/astribot_s1_navigation_policy_native/test/test_policy_observer_ros.py::test_humble_camera_info_retains_original_coefficient_rejection[cpp-runtime_config0]
FAILED ws_robot/src/astribot_s1_navigation_policy_native/test/test_policy_observer_ros.py::test_malformed_coverage_rejects_packet_after_startup[cpp-runtime_config0]
FAILED ws_robot/src/astribot_s1_navigation_policy_native/test/test_policy_observer_ros.py::test_malformed_coverage_rejects_packet_after_startup[cpp-runtime_config1]
ERROR ws_robot/src/astribot_s1_navigation_policy_native/test/test_policy_observer_ros.py::test_malformed_coverage_rejects_packet_after_startup[cpp-runtime_config2]
3 failed, 62 deselected, 1 error in 1.55s
