[INFO] [launch]: All log files can be found below /home/yjh/.ros/log/astribot/2026-09-21-23-20-02-821310-sh-xf2731-383234
[INFO] [launch]: Default logging verbosity is set to INFO
[INFO] [move_group-1]: process started with pid [383324]
[move_group-1] Warning: Link 'livox_mid360_left' is not known to URDF. Cannot disable/enable collisons.
[move_group-1]          at line 594 in ./src/model.cpp
[move_group-1] Warning: Link 'livox_mid360_right' is not known to URDF. Cannot disable/enable collisons.
[move_group-1]          at line 594 in ./src/model.cpp
[move_group-1] Warning: Link 'camera_link' is not known to URDF. Cannot disable/enable collisons.
[move_group-1]          at line 594 in ./src/model.cpp
[move_group-1] [INFO] [1790004003.147878897] [moveit_rdf_loader.rdf_loader]: Loaded robot model in 0 seconds
[move_group-1] [INFO] [1790004003.147904492] [moveit_robot_model.robot_model]: Loading robot model 'astribot_s1'...
[move_group-1] [WARN] [1790004003.155591772] [moveit_robot_model.robot_model]: Link astribot_gripper_left_Link_L1 has visual geometry but no collision geometry. Collision geometry will be left empty. Fix your URDF file by explicitly specifying collision geometry.
[move_group-1] [WARN] [1790004003.163754960] [moveit_robot_model.robot_model]: Link astribot_gripper_left_Link_R1 has visual geometry but no collision geometry. Collision geometry will be left empty. Fix your URDF file by explicitly specifying collision geometry.
[move_group-1] [WARN] [1790004003.169645508] [moveit_robot_model.robot_model]: Link astribot_gripper_right_Link_L1 has visual geometry but no collision geometry. Collision geometry will be left empty. Fix your URDF file by explicitly specifying collision geometry.
[move_group-1] [WARN] [1790004003.172153124] [moveit_robot_model.robot_model]: Link astribot_gripper_right_Link_R1 has visual geometry but no collision geometry. Collision geometry will be left empty. Fix your URDF file by explicitly specifying collision geometry.
[move_group-1] [WARN] [1790004003.177901560] [kdl_parser]: The root link astribot_torso_base has an inertia specified in the URDF, but KDL does not support a root link with an inertia.  As a workaround, you can add an extra dummy link to your URDF.
[move_group-1] [WARN] [1790004003.178032815] [kdl_parser]: The root link astribot_torso_base has an inertia specified in the URDF, but KDL does not support a root link with an inertia.  As a workaround, you can add an extra dummy link to your URDF.
[move_group-1] [WARN] [1790004003.178084756] [kdl_parser]: The root link astribot_torso_base has an inertia specified in the URDF, but KDL does not support a root link with an inertia.  As a workaround, you can add an extra dummy link to your URDF.
[move_group-1] [INFO] [1790004003.192771884] [moveit_ros.planning_scene_monitor.planning_scene_monitor]: Publishing maintained planning scene on 'monitored_planning_scene'
[move_group-1] [INFO] [1790004003.192884610] [moveit.ros_planning_interface.moveit_cpp]: Listening to 'joint_states' for joint states
[move_group-1] [INFO] [1790004003.193135919] [moveit_ros.current_state_monitor]: Listening to joint states on topic 'joint_states'
[move_group-1] [INFO] [1790004003.193230715] [moveit_ros.planning_scene_monitor.planning_scene_monitor]: Listening to '/attached_collision_object' for attached collision objects
[move_group-1] [INFO] [1790004003.193235666] [moveit_ros.planning_scene_monitor.planning_scene_monitor]: Starting planning scene monitor
[move_group-1] [INFO] [1790004003.193279911] [moveit_ros.planning_scene_monitor.planning_scene_monitor]: Listening to '/planning_scene'
[move_group-1] [INFO] [1790004003.193282726] [moveit_ros.planning_scene_monitor.planning_scene_monitor]: Starting world geometry update monitor for collision objects, attached objects, octomap updates.
[move_group-1] [INFO] [1790004003.193328220] [moveit_ros.planning_scene_monitor.planning_scene_monitor]: Listening to 'collision_object'
[move_group-1] [INFO] [1790004003.193371170] [moveit_ros.planning_scene_monitor.planning_scene_monitor]: Listening to 'planning_scene_world' for planning scene world geometry
[move_group-1] [INFO] [1790004003.221374865] [moveit.ros.perception.pointcloud_octomap_updater]: Listening to '/camera/head_rgbd/points' using message filter with target frame 'astribot_torso_base '
[move_group-1] [INFO] [1790004003.221502406] [moveit.ros.perception.pointcloud_octomap_updater]: Listening to '/camera/torso_rgbd/points' using message filter with target frame 'astribot_torso_base '
[move_group-1] [INFO] [1790004003.221508443] [moveit.ros_planning_interface.moveit_cpp]: Loading planning pipeline 'ompl'
[move_group-1] [INFO] [1790004003.229166653] [astribot_s1_manipulation.ompl_extension]: registered extra OMPL planners: 25 -> 30 total
[move_group-1] [INFO] [1790004003.229175574] [astribot_s1_manipulation.ompl_extension]:   [OK]      geometric::RRTstar
[move_group-1] [INFO] [1790004003.229177346] [astribot_s1_manipulation.ompl_extension]:   [OK]      geometric::BITstar
[move_group-1] [INFO] [1790004003.229178517] [astribot_s1_manipulation.ompl_extension]:   [OK]      geometric::InformedRRTstar
[move_group-1] [INFO] [1790004003.229180665] [moveit.ros_planning.planning_pipeline]: Using planning interface 'OMPL (with BITstar / InformedRRTstar registered by astribot_s1_manipulation)'
[move_group-1] [INFO] [1790004003.231576708] [moveit_ros.add_time_optimal_parameterization]: Param 'ompl.path_tolerance' was not set. Using default value: 0.100000
[move_group-1] [INFO] [1790004003.231583993] [moveit_ros.add_time_optimal_parameterization]: Param 'ompl.resample_dt' was not set. Using default value: 0.100000
[move_group-1] [INFO] [1790004003.231585874] [moveit_ros.add_time_optimal_parameterization]: Param 'ompl.min_angle_change' was not set. Using default value: 0.001000
[move_group-1] [INFO] [1790004003.231600384] [moveit_ros.fix_workspace_bounds]: Param 'ompl.default_workspace_bounds' was not set. Using default value: 10.000000
[move_group-1] [INFO] [1790004003.231605872] [moveit_ros.fix_start_state_bounds]: Param 'ompl.start_state_max_bounds_error' was set to 0.100000
[move_group-1] [INFO] [1790004003.231607609] [moveit_ros.fix_start_state_bounds]: Param 'ompl.start_state_max_dt' was not set. Using default value: 0.500000
[move_group-1] [INFO] [1790004003.231612796] [moveit_ros.fix_start_state_collision]: Param 'ompl.start_state_max_dt' was not set. Using default value: 0.500000
[move_group-1] [INFO] [1790004003.231614378] [moveit_ros.fix_start_state_collision]: Param 'ompl.jiggle_fraction' was not set. Using default value: 0.020000
[move_group-1] [INFO] [1790004003.231617954] [moveit_ros.fix_start_state_collision]: Param 'ompl.max_sampling_attempts' was not set. Using default value: 100
[move_group-1] [INFO] [1790004003.231622683] [moveit.ros_planning.planning_pipeline]: Using planning request adapter 'Add Time Optimal Parameterization'
[move_group-1] [INFO] [1790004003.231624902] [moveit.ros_planning.planning_pipeline]: Using planning request adapter 'Resolve constraint frames to robot links'
[move_group-1] [INFO] [1790004003.231625937] [moveit.ros_planning.planning_pipeline]: Using planning request adapter 'Fix Workspace Bounds'
[move_group-1] [INFO] [1790004003.231626972] [moveit.ros_planning.planning_pipeline]: Using planning request adapter 'Fix Start State Bounds'
[move_group-1] [INFO] [1790004003.231627968] [moveit.ros_planning.planning_pipeline]: Using planning request adapter 'Fix Start State In Collision'
[move_group-1] [INFO] [1790004003.231629061] [moveit.ros_planning.planning_pipeline]: Using planning request adapter 'Fix Start State Path Constraints'
[move_group-1] [INFO] [1790004003.242825145] [moveit.plugins.moveit_simple_controller_manager]: Added FollowJointTrajectory controller for arm_left_controller
[move_group-1] [INFO] [1790004003.243138559] [moveit.plugins.moveit_simple_controller_manager]: Added FollowJointTrajectory controller for arm_right_controller
[move_group-1] [INFO] [1790004003.243401569] [moveit.plugins.moveit_simple_controller_manager]: Added FollowJointTrajectory controller for torso_controller
[move_group-1] [INFO] [1790004003.243755991] [moveit.plugins.moveit_simple_controller_manager]: Added FollowJointTrajectory controller for gripper_left_controller
[move_group-1] [INFO] [1790004003.244032763] [moveit.plugins.moveit_simple_controller_manager]: Added FollowJointTrajectory controller for gripper_right_controller
[move_group-1] [INFO] [1790004003.244127286] [moveit.plugins.moveit_simple_controller_manager]: Returned 5 controllers in list
[move_group-1] [INFO] [1790004003.244146758] [moveit.plugins.moveit_simple_controller_manager]: Returned 5 controllers in list
[move_group-1] [INFO] [1790004003.244283276] [moveit_ros.trajectory_execution_manager]: Trajectory execution is not managing controllers
[move_group-1] [INFO] [1790004003.244288454] [move_group.move_group]: MoveGroup debug mode is ON
[move_group-1] [INFO] [1790004003.249448069] [move_group.move_group]: 
[move_group-1] 
[move_group-1] ********************************************************
[move_group-1] * MoveGroup using: 
[move_group-1] *     - ApplyPlanningSceneService
[move_group-1] *     - ClearOctomapService
[move_group-1] *     - CartesianPathService
[move_group-1] *     - ExecuteTrajectoryAction
[move_group-1] *     - GetPlanningSceneService
[move_group-1] *     - KinematicsService
[move_group-1] *     - MoveAction
[move_group-1] *     - MotionPlanService
[move_group-1] *     - QueryPlannersService
[move_group-1] *     - StateValidationService
[move_group-1] ********************************************************
[move_group-1] 
[move_group-1] [INFO] [1790004003.249471197] [moveit_move_group_capabilities_base.move_group_context]: MoveGroup context using planning plugin astribot_s1_manipulation/OmplPlannerExtension
[move_group-1] [INFO] [1790004003.249475689] [moveit_move_group_capabilities_base.move_group_context]: MoveGroup context initialization complete
[move_group-1] [96mLoading 'move_group/ApplyPlanningSceneService'...
[move_group-1] [0m[96mLoading 'move_group/ClearOctomapService'...
[move_group-1] [0m[96mLoading 'move_group/MoveGroupCartesianPathService'...
[move_group-1] [0m[96mLoading 'move_group/MoveGroupExecuteTrajectoryAction'...
[move_group-1] [0m[96mLoading 'move_group/MoveGroupGetPlanningSceneService'...
[move_group-1] [0m[96mLoading 'move_group/MoveGroupKinematicsService'...
[move_group-1] [0m[96mLoading 'move_group/MoveGroupMoveAction'...
[move_group-1] [0m[96mLoading 'move_group/MoveGroupPlanService'...
[move_group-1] [0m[96mLoading 'move_group/MoveGroupQueryPlannersService'...
[move_group-1] [0m[96mLoading 'move_group/MoveGroupStateValidationService'...
[move_group-1] [0m[92m
[move_group-1] You can start planning now!
[move_group-1] 
[move_group-1] Warning: Invalid frame ID "astribot_torso_base" passed to canTransform argument target_frame - frame does not exist
[move_group-1]          at line 95 in ./src/buffer_core.cpp
[move_group-1] Warning: Invalid frame ID "astribot_torso_base" passed to canTransform argument target_frame - frame does not exist
[move_group-1]          at line 95 in ./src/buffer_core.cpp
[move_group-1] Warning: Invalid frame ID "astribot_torso_link_1" passed to canTransform argument source_frame - frame does not exist
[move_group-1]          at line 95 in ./src/buffer_core.cpp
[move_group-1] Warning: Invalid frame ID "astribot_torso_link_1" passed to canTransform argument source_frame - frame does not exist
[move_group-1]          at line 95 in ./src/buffer_core.cpp
[move_group-1] Warning: Invalid frame ID "astribot_torso_link_1" passed to canTransform argument source_frame - frame does not exist
[move_group-1]          at line 95 in ./src/buffer_core.cpp
[move_group-1] Warning: Invalid frame ID "astribot_torso_link_1" passed to canTransform argument source_frame - frame does not exist
[move_group-1]          at line 95 in ./src/buffer_core.cpp
[move_group-1] Warning: Invalid frame ID "head_stereo_left_camera_link" passed to canTransform argument source_frame - frame does not exist
[move_group-1]          at line 95 in ./src/buffer_core.cpp
[move_group-1] Warning: Invalid frame ID "head_stereo_left_camera_link" passed to canTransform argument source_frame - frame does not exist
[move_group-1]          at line 95 in ./src/buffer_core.cpp
[move_group-1] Warning: Invalid frame ID "head_stereo_left_camera_link" passed to canTransform argument source_frame - frame does not exist
[move_group-1]          at line 95 in ./src/buffer_core.cpp
[move_group-1] Warning: Invalid frame ID "head_stereo_left_camera_link" passed to canTransform argument source_frame - frame does not exist
[move_group-1]          at line 95 in ./src/buffer_core.cpp
[move_group-1] Warning: Invalid frame ID "head_stereo_left_camera_link" passed to canTransform argument source_frame - frame does not exist
[move_group-1]          at line 95 in ./src/buffer_core.cpp
[move_group-1] Warning: Invalid frame ID "head_stereo_left_camera_link" passed to canTransform argument source_frame - frame does not exist
[move_group-1]          at line 95 in ./src/buffer_core.cpp
[move_group-1] Warning: Invalid frame ID "astribot_arm_left_link_3" passed to canTransform argument source_frame - frame does not exist
[move_group-1]          at line 95 in ./src/buffer_core.cpp
[move_group-1] Warning: Invalid frame ID "astribot_arm_left_link_3" passed to canTransform argument source_frame - frame does not exist
[move_group-1]          at line 95 in ./src/buffer_core.cpp
[move_group-1] Warning: Invalid frame ID "astribot_arm_left_link_3" passed to canTransform argument source_frame - frame does not exist
[move_group-1]          at line 95 in ./src/buffer_core.cpp
[move_group-1] Warning: Invalid frame ID "astribot_arm_left_link_3" passed to canTransform argument source_frame - frame does not exist
[move_group-1]          at line 95 in ./src/buffer_core.cpp
[move_group-1] Warning: Invalid frame ID "astribot_arm_left_link_3" passed to canTransform argument source_frame - frame does not exist
[move_group-1]          at line 95 in ./src/buffer_core.cpp
[move_group-1] Warning: Invalid frame ID "astribot_arm_left_link_3" passed to canTransform argument source_frame - frame does not exist
[move_group-1]          at line 95 in ./src/buffer_core.cpp
[move_group-1] Warning: Invalid frame ID "astribot_head_link_1" passed to canTransform argument source_frame - frame does not exist
[move_group-1]          at line 95 in ./src/buffer_core.cpp
[move_group-1] Warning: Invalid frame ID "astribot_head_link_1" passed to canTransform argument source_frame - frame does not exist
[move_group-1]          at line 95 in ./src/buffer_core.cpp
[move_group-1] Warning: Invalid frame ID "astribot_head_link_1" passed to canTransform argument source_frame - frame does not exist
[move_group-1]          at line 95 in ./src/buffer_core.cpp
[move_group-1] Warning: Invalid frame ID "astribot_head_link_1" passed to canTransform argument source_frame - frame does not exist
[move_group-1]          at line 95 in ./src/buffer_core.cpp
[move_group-1] Warning: Invalid frame ID "astribot_head_link_1" passed to canTransform argument source_frame - frame does not exist
[move_group-1]          at line 95 in ./src/buffer_core.cpp
[move_group-1] Warning: Invalid frame ID "astribot_head_link_1" passed to canTransform argument source_frame - frame does not exist
[move_group-1]          at line 95 in ./src/buffer_core.cpp
[move_group-1] Warning: Invalid frame ID "astribot_arm_left_link_5" passed to canTransform argument source_frame - frame does not exist
[move_group-1]          at line 95 in ./src/buffer_core.cpp
[move_group-1] Warning: Invalid frame ID "astribot_arm_left_link_5" passed to canTransform argument source_frame - frame does not exist
[move_group-1]          at line 95 in ./src/buffer_core.cpp
[move_group-1] Warning: Invalid frame ID "astribot_arm_left_link_5" passed to canTransform argument source_frame - frame does not exist
[move_group-1]          at line 95 in ./src/buffer_core.cpp
[move_group-1] Warning: Invalid frame ID "astribot_arm_left_link_5" passed to canTransform argument source_frame - frame does not exist
[move_group-1]          at line 95 in ./src/buffer_core.cpp
[move_group-1] Warning: Invalid frame ID "astribot_arm_left_link_5" passed to canTransform argument source_frame - frame does not exist
[move_group-1]          at line 95 in ./src/buffer_core.cpp
[move_group-1] Warning: Invalid frame ID "astribot_arm_left_link_5" passed to canTransform argument source_frame - frame does not exist
[move_group-1]          at line 95 in ./src/buffer_core.cpp
[move_group-1] Warning: Invalid frame ID "astribot_gripper_left_Link_L2" passed to canTransform argument source_frame - frame does not exist
[move_group-1]          at line 95 in ./src/buffer_core.cpp
[move_group-1] Warning: Invalid frame ID "astribot_gripper_left_Link_L2" passed to canTransform argument source_frame - frame does not exist
[move_group-1]          at line 95 in ./src/buffer_core.cpp
[move_group-1] Warning: Invalid frame ID "astribot_gripper_left_Link_L2" passed to canTransform argument source_frame - frame does not exist
[move_group-1]          at line 95 in ./src/buffer_core.cpp
[move_group-1] Warning: Invalid frame ID "astribot_gripper_left_Link_L2" passed to canTransform argument source_frame - frame does not exist
[move_group-1]          at line 95 in ./src/buffer_core.cpp
[move_group-1] Warning: Invalid frame ID "astribot_gripper_left_Link_L2" passed to canTransform argument source_frame - frame does not exist
[move_group-1]          at line 95 in ./src/buffer_core.cpp
[move_group-1] Warning: Invalid frame ID "astribot_gripper_left_Link_L2" passed to canTransform argument source_frame - frame does not exist
[move_group-1]          at line 95 in ./src/buffer_core.cpp
[move_group-1] Warning: Invalid frame ID "astribot_arm_left_link_4" passed to canTransform argument source_frame - frame does not exist
[move_group-1]          at line 95 in ./src/buffer_core.cpp
[move_group-1] Warning: Invalid frame ID "astribot_arm_left_link_4" passed to canTransform argument source_frame - frame does not exist
[move_group-1]          at line 95 in ./src/buffer_core.cpp
[move_group-1] Warning: Invalid frame ID "astribot_arm_left_link_4" passed to canTransform argument source_frame - frame does not exist
[move_group-1]          at line 95 in ./src/buffer_core.cpp
[move_group-1] Warning: Invalid frame ID "astribot_arm_left_link_4" passed to canTransform argument source_frame - frame does not exist
[move_group-1]          at line 95 in ./src/buffer_core.cpp
[move_group-1] Warning: Invalid frame ID "astribot_arm_left_link_4" passed to canTransform argument source_frame - frame does not exist
[move_group-1]          at line 95 in ./src/buffer_core.cpp
[move_group-1] Warning: Invalid frame ID "astribot_arm_left_link_4" passed to canTransform argument source_frame - frame does not exist
[move_group-1]          at line 95 in ./src/buffer_core.cpp
[move_group-1] Warning: Invalid frame ID "astribot_arm_left_link_4" passed to canTransform argument source_frame - frame does not exist
[move_group-1]          at line 95 in ./src/buffer_core.cpp
[move_group-1] Warning: Invalid frame ID "astribot_gripper_left_Link_L11" passed to canTransform argument source_frame - frame does not exist
[move_group-1]          at line 95 in ./src/buffer_core.cpp
[move_group-1] Warning: Invalid frame ID "astribot_gripper_left_Link_L11" passed to canTransform argument source_frame - frame does not exist
[move_group-1]          at line 95 in ./src/buffer_core.cpp
[move_group-1] Warning: Invalid frame ID "astribot_gripper_left_Link_L11" passed to canTransform argument source_frame - frame does not exist
[move_group-1]          at line 95 in ./src/buffer_core.cpp
[move_group-1] Warning: Invalid frame ID "astribot_gripper_left_Link_L11" passed to canTransform argument source_frame - frame does not exist
[move_group-1]          at line 95 in ./src/buffer_core.cpp
[move_group-1] Warning: Invalid frame ID "astribot_gripper_left_Link_L11" passed to canTransform argument source_frame - frame does not exist
[move_group-1]          at line 95 in ./src/buffer_core.cpp
[move_group-1] Warning: Invalid frame ID "astribot_gripper_left_Link_L11" passed to canTransform argument source_frame - frame does not exist
[move_group-1]          at line 95 in ./src/buffer_core.cpp
[move_group-1] [WARN] [1790004005.939207946] [moveit_ros.planning_scene_monitor.planning_scene_monitor]: Unable to transform object from frame 'astribot_s1/astribot_head_link_2/head_stereo_left_sensor' to planning frame'astribot_torso_base' (Could not find a connection between 'astribot_torso_base' and 'astribot_s1/astribot_head_link_2/head_stereo_left_sensor' because they are not part of the same tree.Tf has two or more unconnected trees.)
[move_group-1] [WARN] [1790004005.939234147] [moveit_ros.planning_scene_monitor.planning_scene_monitor]: Unable to transform object from frame 'astribot_s1/astribot_torso_base/livox_mid360_right_sensor' to planning frame'astribot_torso_base' (Could not find a connection between 'astribot_torso_base' and 'astribot_s1/astribot_torso_base/livox_mid360_right_sensor' because they are not part of the same tree.Tf has two or more unconnected trees.)
[move_group-1] [WARN] [1790004005.939242884] [moveit_ros.planning_scene_monitor.planning_scene_monitor]: Unable to transform object from frame 'livox_mid360_right' to planning frame'astribot_torso_base' (Could not find a connection between 'astribot_torso_base' and 'livox_mid360_right' because they are not part of the same tree.Tf has two or more unconnected trees.)
[move_group-1] [WARN] [1790004005.939250407] [moveit_ros.planning_scene_monitor.planning_scene_monitor]: Unable to transform object from frame 'astribot_s1/astribot_torso_base/livox_mid360_left_sensor' to planning frame'astribot_torso_base' (Could not find a connection between 'astribot_torso_base' and 'astribot_s1/astribot_torso_base/livox_mid360_left_sensor' because they are not part of the same tree.Tf has two or more unconnected trees.)
[move_group-1] [WARN] [1790004005.939257013] [moveit_ros.planning_scene_monitor.planning_scene_monitor]: Unable to transform object from frame 'livox_mid360_left' to planning frame'astribot_torso_base' (Could not find a connection between 'astribot_torso_base' and 'livox_mid360_left' because they are not part of the same tree.Tf has two or more unconnected trees.)
[move_group-1] [WARN] [1790004005.939268232] [moveit_ros.planning_scene_monitor.planning_scene_monitor]: Unable to transform object from frame 'astribot_s1/astribot_head_link_2/head_stereo_right_sensor' to planning frame'astribot_torso_base' (Could not find a connection between 'astribot_torso_base' and 'astribot_s1/astribot_head_link_2/head_stereo_right_sensor' because they are not part of the same tree.Tf has two or more unconnected trees.)
[move_group-1] [WARN] [1790004005.939280990] [moveit_ros.planning_scene_monitor.planning_scene_monitor]: Unable to transform object from frame 'astribot_s1/astribot_arm_right_link_7/right_wrist_rgbd_sensor' to planning frame'astribot_torso_base' (Could not find a connection between 'astribot_torso_base' and 'astribot_s1/astribot_arm_right_link_7/right_wrist_rgbd_sensor' because they are not part of the same tree.Tf has two or more unconnected trees.)
[move_group-1] [WARN] [1790004005.939287499] [moveit_ros.planning_scene_monitor.planning_scene_monitor]: Unable to transform object from frame 'astribot_s1/astribot_torso_link_4/torso_rgbd_sensor' to planning frame'astribot_torso_base' (Could not find a connection between 'astribot_torso_base' and 'astribot_s1/astribot_torso_link_4/torso_rgbd_sensor' because they are not part of the same tree.Tf has two or more unconnected trees.)
[move_group-1] [WARN] [1790004005.939293868] [moveit_ros.planning_scene_monitor.planning_scene_monitor]: Unable to transform object from frame 'astribot_s1/astribot_arm_left_link_7/left_wrist_rgbd_sensor' to planning frame'astribot_torso_base' (Could not find a connection between 'astribot_torso_base' and 'astribot_s1/astribot_arm_left_link_7/left_wrist_rgbd_sensor' because they are not part of the same tree.Tf has two or more unconnected trees.)
[move_group-1] [WARN] [1790004005.939299940] [moveit_ros.planning_scene_monitor.planning_scene_monitor]: Unable to transform object from frame 'astribot_s1/astribot_head_link_2/head_rgbd_sensor' to planning frame'astribot_torso_base' (Could not find a connection between 'astribot_torso_base' and 'astribot_s1/astribot_head_link_2/head_rgbd_sensor' because they are not part of the same tree.Tf has two or more unconnected trees.)
[move_group-1] Warning: Invalid frame ID "wheel_LR_Link" passed to canTransform argument source_frame - frame does not exist
[move_group-1]          at line 95 in ./src/buffer_core.cpp
[move_group-1] Warning: Invalid frame ID "wheel_LR_Link" passed to canTransform argument source_frame - frame does not exist
[move_group-1]          at line 95 in ./src/buffer_core.cpp
[move_group-1] Warning: Invalid frame ID "wheel_LR_Link" passed to canTransform argument source_frame - frame does not exist
[move_group-1]          at line 95 in ./src/buffer_core.cpp
[move_group-1] Warning: Invalid frame ID "wheel_LR_Link" passed to canTransform argument source_frame - frame does not exist
[move_group-1]          at line 95 in ./src/buffer_core.cpp
[move_group-1] Warning: Invalid frame ID "wheel_LR_Link" passed to canTransform argument source_frame - frame does not exist
[move_group-1]          at line 95 in ./src/buffer_core.cpp
[move_group-1] Warning: Invalid frame ID "wheel_LR_Link" passed to canTransform argument source_frame - frame does not exist
[move_group-1]          at line 95 in ./src/buffer_core.cpp
[move_group-1] Warning: Invalid frame ID "astribot_arm_right_link_4" passed to canTransform argument source_frame - frame does not exist
[move_group-1]          at line 95 in ./src/buffer_core.cpp
[move_group-1] Warning: Invalid frame ID "astribot_arm_right_link_4" passed to canTransform argument source_frame - frame does not exist
[move_group-1]          at line 95 in ./src/buffer_core.cpp
[move_group-1] Warning: Invalid frame ID "astribot_arm_right_link_4" passed to canTransform argument source_frame - frame does not exist
[move_group-1]          at line 95 in ./src/buffer_core.cpp
[move_group-1] Warning: Invalid frame ID "astribot_arm_right_link_4" passed to canTransform argument source_frame - frame does not exist
[move_group-1]          at line 95 in ./src/buffer_core.cpp
[move_group-1] Warning: Invalid frame ID "astribot_arm_right_link_4" passed to canTransform argument source_frame - frame does not exist
[move_group-1]          at line 95 in ./src/buffer_core.cpp
[move_group-1] Warning: Invalid frame ID "astribot_arm_right_link_4" passed to canTransform argument source_frame - frame does not exist
[move_group-1]          at line 95 in ./src/buffer_core.cpp
[move_group-1] Warning: Invalid frame ID "astribot_gripper_right_Link_L11" passed to canTransform argument source_frame - frame does not exist
[move_group-1]          at line 95 in ./src/buffer_core.cpp
[move_group-1] Warning: Invalid frame ID "astribot_gripper_right_Link_L11" passed to canTransform argument source_frame - frame does not exist
[move_group-1]          at line 95 in ./src/buffer_core.cpp
[move_group-1] Warning: Invalid frame ID "astribot_gripper_right_Link_L11" passed to canTransform argument source_frame - frame does not exist
[move_group-1]          at line 95 in ./src/buffer_core.cpp
[move_group-1] Warning: Invalid frame ID "astribot_gripper_right_Link_L11" passed to canTransform argument source_frame - frame does not exist
[move_group-1]          at line 95 in ./src/buffer_core.cpp
[move_group-1] Warning: Invalid frame ID "astribot_gripper_right_Link_L11" passed to canTransform argument source_frame - frame does not exist
[move_group-1]          at line 95 in ./src/buffer_core.cpp
[move_group-1] Warning: Invalid frame ID "astribot_gripper_right_Link_L11" passed to canTransform argument source_frame - frame does not exist
[move_group-1]          at line 95 in ./src/buffer_core.cpp
[move_group-1] Warning: Invalid frame ID "wheel_RF_Link" passed to canTransform argument source_frame - frame does not exist
[move_group-1]          at line 95 in ./src/buffer_core.cpp
[move_group-1] Warning: Invalid frame ID "wheel_RF_Link" passed to canTransform argument source_frame - frame does not exist
[move_group-1]          at line 95 in ./src/buffer_core.cpp
[move_group-1] Warning: Invalid frame ID "wheel_RF_Link" passed to canTransform argument source_frame - frame does not exist
[move_group-1]          at line 95 in ./src/buffer_core.cpp
[move_group-1] Warning: Invalid frame ID "wheel_RF_Link" passed to canTransform argument source_frame - frame does not exist
[move_group-1]          at line 95 in ./src/buffer_core.cpp
[move_group-1] Warning: Invalid frame ID "wheel_RF_Link" passed to canTransform argument source_frame - frame does not exist
[move_group-1]          at line 95 in ./src/buffer_core.cpp
[move_group-1] Warning: Invalid frame ID "wheel_RF_Link" passed to canTransform argument source_frame - frame does not exist
[move_group-1]          at line 95 in ./src/buffer_core.cpp
[move_group-1] Warning: Invalid frame ID "astribot_gripper_right_Link_L2" passed to canTransform argument source_frame - frame does not exist
[move_group-1]          at line 95 in ./src/buffer_core.cpp
[move_group-1] Warning: Invalid frame ID "astribot_gripper_right_Link_L2" passed to canTransform argument source_frame - frame does not exist
[move_group-1]          at line 95 in ./src/buffer_core.cpp
[move_group-1] Warning: Invalid frame ID "astribot_gripper_right_Link_L2" passed to canTransform argument source_frame - frame does not exist
[move_group-1]          at line 95 in ./src/buffer_core.cpp
[move_group-1] Warning: Invalid frame ID "astribot_gripper_right_Link_L2" passed to canTransform argument source_frame - frame does not exist
[move_group-1]          at line 95 in ./src/buffer_core.cpp
[move_group-1] Warning: Invalid frame ID "astribot_gripper_right_Link_L2" passed to canTransform argument source_frame - frame does not exist
[move_group-1]          at line 95 in ./src/buffer_core.cpp
[move_group-1] Warning: Invalid frame ID "astribot_gripper_right_Link_L2" passed to canTransform argument source_frame - frame does not exist
[move_group-1]          at line 95 in ./src/buffer_core.cpp
[move_group-1] [ERROR] [1790004006.370473861] [moveit.ros.perception.shape_mask]: Missing transform for shape cylinder with handle 2
[move_group-1] [ERROR] [1790004006.370487621] [moveit.ros.perception.shape_mask]: Missing transform for shape sphere with handle 38
[move_group-1] [ERROR] [1790004006.370489830] [moveit.ros.perception.shape_mask]: Missing transform for shape sphere with handle 47
[move_group-1] [ERROR] [1790004006.370491067] [moveit.ros.perception.shape_mask]: Missing transform for shape sphere with handle 48
[move_group-1] [ERROR] [1790004006.370492758] [moveit.ros.perception.shape_mask]: Missing transform for shape cylinder with handle 9
[move_group-1] [ERROR] [1790004006.370494234] [moveit.ros.perception.shape_mask]: Missing transform for shape cylinder with handle 11
[move_group-1] [ERROR] [1790004006.370495638] [moveit.ros.perception.shape_mask]: Missing transform for shape sphere with handle 10
[move_group-1] [ERROR] [1790004006.370496819] [moveit.ros.perception.shape_mask]: Missing transform for shape sphere with handle 25
[move_group-1] [ERROR] [1790004006.370498343] [moveit.ros.perception.shape_mask]: Missing transform for shape box with handle 21
[move_group-1] [ERROR] [1790004006.370500515] [moveit.ros.perception.shape_mask]: Missing transform for shape cylinder with handle 37
[move_group-1] [ERROR] [1790004006.370502171] [moveit.ros.perception.shape_mask]: Missing transform for shape box with handle 34
[move_group-1] [ERROR] [1790004006.370503695] [moveit.ros.perception.shape_mask]: Missing transform for shape box with handle 41
[move_group-1] [ERROR] [1790004006.370505421] [moveit.ros.perception.shape_mask]: Missing transform for shape box with handle 42
[move_group-1] [ERROR] [1790004006.370506769] [moveit.ros.perception.shape_mask]: Missing transform for shape box with handle 35
[move_group-1] [ERROR] [1790004006.370511111] [moveit.ros.perception.shape_mask]: Missing transform for shape mesh with handle 29
[move_group-1] [ERROR] [1790004006.370513760] [moveit.ros.perception.shape_mask]: Missing transform for shape mesh with handle 16
[move_group-1] [ERROR] [1790004006.370515063] [moveit.ros.perception.shape_mask]: Missing transform for shape mesh with handle 31
[move_group-1] [ERROR] [1790004006.370517639] [moveit.ros.perception.shape_mask]: Missing transform for shape mesh with handle 15
[move_group-1] [ERROR] [1790004006.370518872] [moveit.ros.perception.shape_mask]: Missing transform for shape mesh with handle 30
[move_group-1] [WARN] [1790004006.389074958] [moveit_ros.planning_scene_monitor.planning_scene_monitor]: Unable to transform object from frame 'astribot_s1/astribot_torso_base/livox_mid360_right_sensor' to planning frame'astribot_torso_base' (Could not find a connection between 'astribot_torso_base' and 'astribot_s1/astribot_torso_base/livox_mid360_right_sensor' because they are not part of the same tree.Tf has two or more unconnected trees.)
[move_group-1] [WARN] [1790004006.389089576] [moveit_ros.planning_scene_monitor.planning_scene_monitor]: Unable to transform object from frame 'livox_mid360_right' to planning frame'astribot_torso_base' (Could not find a connection between 'astribot_torso_base' and 'livox_mid360_right' because they are not part of the same tree.Tf has two or more unconnected trees.)
[move_group-1] [WARN] [1790004006.389093676] [moveit_ros.planning_scene_monitor.planning_scene_monitor]: Unable to transform object from frame 'astribot_s1/astribot_torso_base/livox_mid360_left_sensor' to planning frame'astribot_torso_base' (Could not find a connection between 'astribot_torso_base' and 'astribot_s1/astribot_torso_base/livox_mid360_left_sensor' because they are not part of the same tree.Tf has two or more unconnected trees.)
[move_group-1] [WARN] [1790004006.389096902] [moveit_ros.planning_scene_monitor.planning_scene_monitor]: Unable to transform object from frame 'livox_mid360_left' to planning frame'astribot_torso_base' (Could not find a connection between 'astribot_torso_base' and 'livox_mid360_left' because they are not part of the same tree.Tf has two or more unconnected trees.)
[move_group-1] [INFO] [1790004006.390111436] [moveit_move_group_default_capabilities.plan_service_capability]: Received new planning service request...
[move_group-1] [WARN] [1790004006.390142571] [moveit_ros.planning_scene_monitor.planning_scene_monitor]: Unable to transform object from frame 'astribot_s1/astribot_torso_base/livox_mid360_right_sensor' to planning frame'astribot_torso_base' (Could not find a connection between 'astribot_torso_base' and 'astribot_s1/astribot_torso_base/livox_mid360_right_sensor' because they are not part of the same tree.Tf has two or more unconnected trees.)
[move_group-1] [WARN] [1790004006.390150016] [moveit_ros.planning_scene_monitor.planning_scene_monitor]: Unable to transform object from frame 'livox_mid360_right' to planning frame'astribot_torso_base' (Could not find a connection between 'astribot_torso_base' and 'livox_mid360_right' because they are not part of the same tree.Tf has two or more unconnected trees.)
[move_group-1] [WARN] [1790004006.390155464] [moveit_ros.planning_scene_monitor.planning_scene_monitor]: Unable to transform object from frame 'astribot_s1/astribot_torso_base/livox_mid360_left_sensor' to planning frame'astribot_torso_base' (Could not find a connection between 'astribot_torso_base' and 'astribot_s1/astribot_torso_base/livox_mid360_left_sensor' because they are not part of the same tree.Tf has two or more unconnected trees.)
[move_group-1] [WARN] [1790004006.390159981] [moveit_ros.planning_scene_monitor.planning_scene_monitor]: Unable to transform object from frame 'livox_mid360_left' to planning frame'astribot_torso_base' (Could not find a connection between 'astribot_torso_base' and 'livox_mid360_left' because they are not part of the same tree.Tf has two or more unconnected trees.)
[move_group-1] [WARN] [1790004006.406082321] [moveit_ros.planning_scene_monitor.planning_scene_monitor]: Unable to transform object from frame 'astribot_s1/astribot_torso_base/livox_mid360_right_sensor' to planning frame'astribot_torso_base' (Could not find a connection between 'astribot_torso_base' and 'astribot_s1/astribot_torso_base/livox_mid360_right_sensor' because they are not part of the same tree.Tf has two or more unconnected trees.)
[move_group-1] [WARN] [1790004006.406096208] [moveit_ros.planning_scene_monitor.planning_scene_monitor]: Unable to transform object from frame 'livox_mid360_right' to planning frame'astribot_torso_base' (Could not find a connection between 'astribot_torso_base' and 'livox_mid360_right' because they are not part of the same tree.Tf has two or more unconnected trees.)
[move_group-1] [WARN] [1790004006.406101222] [moveit_ros.planning_scene_monitor.planning_scene_monitor]: Unable to transform object from frame 'astribot_s1/astribot_torso_base/livox_mid360_left_sensor' to planning frame'astribot_torso_base' (Could not find a connection between 'astribot_torso_base' and 'astribot_s1/astribot_torso_base/livox_mid360_left_sensor' because they are not part of the same tree.Tf has two or more unconnected trees.)
[move_group-1] [WARN] [1790004006.406105409] [moveit_ros.planning_scene_monitor.planning_scene_monitor]: Unable to transform object from frame 'livox_mid360_left' to planning frame'astribot_torso_base' (Could not find a connection between 'astribot_torso_base' and 'livox_mid360_left' because they are not part of the same tree.Tf has two or more unconnected trees.)
[move_group-1] [INFO] [1790004006.406754252] [astribot_s1_manipulation.ompl_extension]: planning request: group='arm_right' planner_id='RRTConnectConfig' allowed_time=5.00s
[move_group-1] [0mDebug:   Starting goal sampling thread
[move_group-1] Debug:   Waiting for space information to be set up before the sampling thread can begin computation...
[move_group-1] [INFO] [1790004006.407415531] [moveit.ompl_planning.model_based_planning_context]: Planner configuration 'arm_right[RRTConnectConfig]' will use planner 'geometric::RRTConnect'. Additional configuration parameters will be set when the planner is constructed.
[move_group-1] Debug:   The value of parameter 'longest_valid_segment_fraction' is now: '0.01'
[move_group-1] Debug:   The value of parameter 'range' is now: '0'
[move_group-1] Debug:   arm_right/arm_right[RRTConnectConfig]: Planner range detected to be 5.352000
[move_group-1] Info:    arm_right/arm_right[RRTConnectConfig]: Starting planning with 1 states already in datastructure
[move_group-1] Debug:   arm_right/arm_right[RRTConnectConfig]: Waiting for goal region samples ...
[move_group-1] Debug:   Beginning sampling thread computation
[move_group-1] Debug:   Adding goal state
[move_group-1] Debug:   Adding goal state
[move_group-1] Debug:   Adding goal state
[move_group-1] Debug:   arm_right/arm_right[RRTConnectConfig]: Waited 0.010071 seconds for the first goal sample.
[move_group-1] Debug:   Adding goal state
[move_group-1] Debug:   Adding goal state
[move_group-1] Debug:   Adding goal state
[move_group-1] Debug:   Adding goal state
[move_group-1] Debug:   Adding goal state
[move_group-1] Debug:   Adding goal state
[move_group-1] Debug:   Adding goal state
[move_group-1] Debug:   Stopped goal sampling thread after 10 sampling attempts
[move_group-1] Info:    arm_right/arm_right[RRTConnectConfig]: Created 5 states (2 start + 3 goal)
[move_group-1] Info:    Solution found in 0.014034 seconds
[move_group-1] Info:    SimpleSetup: Path simplification took 0.017446 seconds and changed from 4 to 2 states
[move_group-1] [INFO] [1790004006.442779699] [moveit_move_group_default_capabilities.plan_service_capability]: Received new planning service request...
[move_group-1] [WARN] [1790004006.442853745] [moveit_ros.planning_scene_monitor.planning_scene_monitor]: Unable to transform object from frame 'astribot_s1/astribot_torso_base/livox_mid360_right_sensor' to planning frame'astribot_torso_base' (Could not find a connection between 'astribot_torso_base' and 'astribot_s1/astribot_torso_base/livox_mid360_right_sensor' because they are not part of the same tree.Tf has two or more unconnected trees.)
[move_group-1] [WARN] [1790004006.442866412] [moveit_ros.planning_scene_monitor.planning_scene_monitor]: Unable to transform object from frame 'livox_mid360_right' to planning frame'astribot_torso_base' (Could not find a connection between 'astribot_torso_base' and 'livox_mid360_right' because they are not part of the same tree.Tf has two or more unconnected trees.)
[move_group-1] [WARN] [1790004006.442874864] [moveit_ros.planning_scene_monitor.planning_scene_monitor]: Unable to transform object from frame 'astribot_s1/astribot_torso_base/livox_mid360_left_sensor' to planning frame'astribot_torso_base' (Could not find a connection between 'astribot_torso_base' and 'astribot_s1/astribot_torso_base/livox_mid360_left_sensor' because they are not part of the same tree.Tf has two or more unconnected trees.)
[move_group-1] [WARN] [1790004006.442882791] [moveit_ros.planning_scene_monitor.planning_scene_monitor]: Unable to transform object from frame 'livox_mid360_left' to planning frame'astribot_torso_base' (Could not find a connection between 'astribot_torso_base' and 'livox_mid360_left' because they are not part of the same tree.Tf has two or more unconnected trees.)
[move_group-1] [WARN] [1790004006.451203990] [moveit_ros.planning_scene_monitor.planning_scene_monitor]: Unable to transform object from frame 'astribot_s1/astribot_torso_base/livox_mid360_right_sensor' to planning frame'astribot_torso_base' (Could not find a connection between 'astribot_torso_base' and 'astribot_s1/astribot_torso_base/livox_mid360_right_sensor' because they are not part of the same tree.Tf has two or more unconnected trees.)
[move_group-1] [WARN] [1790004006.451220027] [moveit_ros.planning_scene_monitor.planning_scene_monitor]: Unable to transform object from frame 'livox_mid360_right' to planning frame'astribot_torso_base' (Could not find a connection between 'astribot_torso_base' and 'livox_mid360_right' because they are not part of the same tree.Tf has two or more unconnected trees.)
[move_group-1] [WARN] [1790004006.451224004] [moveit_ros.planning_scene_monitor.planning_scene_monitor]: Unable to transform object from frame 'astribot_s1/astribot_torso_base/livox_mid360_left_sensor' to planning frame'astribot_torso_base' (Could not find a connection between 'astribot_torso_base' and 'astribot_s1/astribot_torso_base/livox_mid360_left_sensor' because they are not part of the same tree.Tf has two or more unconnected trees.)
[move_group-1] [WARN] [1790004006.451227298] [moveit_ros.planning_scene_monitor.planning_scene_monitor]: Unable to transform object from frame 'livox_mid360_left' to planning frame'astribot_torso_base' (Could not find a connection between 'astribot_torso_base' and 'livox_mid360_left' because they are not part of the same tree.Tf has two or more unconnected trees.)
[move_group-1] [INFO] [1790004006.451977640] [astribot_s1_manipulation.ompl_extension]: planning request: group='arm_right' planner_id='RRTConnectConfig' allowed_time=5.00s
[move_group-1] Debug:   Starting goal sampling thread
[move_group-1] Debug:   Waiting for space information to be set up before the sampling thread can begin computation...
[move_group-1] [INFO] [1790004006.452262408] [moveit.ompl_planning.model_based_planning_context]: Planner configuration 'arm_right[RRTConnectConfig]' will use planner 'geometric::RRTConnect'. Additional configuration parameters will be set when the planner is constructed.
[move_group-1] Debug:   The value of parameter 'longest_valid_segment_fraction' is now: '0.01'
[move_group-1] Debug:   The value of parameter 'range' is now: '0'
[move_group-1] Debug:   arm_right/arm_right[RRTConnectConfig]: Planner range detected to be 5.352000
[move_group-1] Info:    arm_right/arm_right[RRTConnectConfig]: Starting planning with 1 states already in datastructure
[move_group-1] Debug:   arm_right/arm_right[RRTConnectConfig]: Waiting for goal region samples ...
[move_group-1] Debug:   Beginning sampling thread computation
[move_group-1] Debug:   Adding goal state
[move_group-1] Debug:   arm_right/arm_right[RRTConnectConfig]: Waited 0.010063 seconds for the first goal sample.
[move_group-1] Debug:   Adding goal state
[move_group-1] Debug:   Adding goal state
[move_group-1] Debug:   Adding goal state
[move_group-1] Debug:   Adding goal state
[move_group-1] Debug:   Adding goal state
[move_group-1] Debug:   Adding goal state
[move_group-1] Debug:   Adding goal state
[move_group-1] Debug:   Adding goal state
[move_group-1] Debug:   Adding goal state
[move_group-1] Debug:   Stopped goal sampling thread after 10 sampling attempts
[move_group-1] Info:    arm_right/arm_right[RRTConnectConfig]: Created 4 states (2 start + 2 goal)
[move_group-1] Info:    Solution found in 0.014280 seconds
[move_group-1] Info:    SimpleSetup: Path simplification took 0.015161 seconds and changed from 3 to 2 states
[move_group-1] [INFO] [1790004006.485585166] [moveit_move_group_default_capabilities.plan_service_capability]: Received new planning service request...
[move_group-1] [WARN] [1790004006.485625403] [moveit_ros.planning_scene_monitor.planning_scene_monitor]: Unable to transform object from frame 'astribot_s1/astribot_torso_base/livox_mid360_right_sensor' to planning frame'astribot_torso_base' (Could not find a connection between 'astribot_torso_base' and 'astribot_s1/astribot_torso_base/livox_mid360_right_sensor' because they are not part of the same tree.Tf has two or more unconnected trees.)
[move_group-1] [WARN] [1790004006.485631879] [moveit_ros.planning_scene_monitor.planning_scene_monitor]: Unable to transform object from frame 'livox_mid360_right' to planning frame'astribot_torso_base' (Could not find a connection between 'astribot_torso_base' and 'livox_mid360_right' because they are not part of the same tree.Tf has two or more unconnected trees.)
[move_group-1] [WARN] [1790004006.485637021] [moveit_ros.planning_scene_monitor.planning_scene_monitor]: Unable to transform object from frame 'astribot_s1/astribot_torso_base/livox_mid360_left_sensor' to planning frame'astribot_torso_base' (Could not find a connection between 'astribot_torso_base' and 'astribot_s1/astribot_torso_base/livox_mid360_left_sensor' because they are not part of the same tree.Tf has two or more unconnected trees.)
[move_group-1] [WARN] [1790004006.485641535] [moveit_ros.planning_scene_monitor.planning_scene_monitor]: Unable to transform object from frame 'livox_mid360_left' to planning frame'astribot_torso_base' (Could not find a connection between 'astribot_torso_base' and 'livox_mid360_left' because they are not part of the same tree.Tf has two or more unconnected trees.)
[move_group-1] [WARN] [1790004006.503315939] [moveit_ros.planning_scene_monitor.planning_scene_monitor]: Unable to transform object from frame 'astribot_s1/astribot_torso_base/livox_mid360_right_sensor' to planning frame'astribot_torso_base' (Could not find a connection between 'astribot_torso_base' and 'astribot_s1/astribot_torso_base/livox_mid360_right_sensor' because they are not part of the same tree.Tf has two or more unconnected trees.)
[move_group-1] [WARN] [1790004006.503340707] [moveit_ros.planning_scene_monitor.planning_scene_monitor]: Unable to transform object from frame 'livox_mid360_right' to planning frame'astribot_torso_base' (Could not find a connection between 'astribot_torso_base' and 'livox_mid360_right' because they are not part of the same tree.Tf has two or more unconnected trees.)
[move_group-1] [WARN] [1790004006.503349853] [moveit_ros.planning_scene_monitor.planning_scene_monitor]: Unable to transform object from frame 'astribot_s1/astribot_torso_base/livox_mid360_left_sensor' to planning frame'astribot_torso_base' (Could not find a connection between 'astribot_torso_base' and 'astribot_s1/astribot_torso_base/livox_mid360_left_sensor' because they are not part of the same tree.Tf has two or more unconnected trees.)
[move_group-1] [WARN] [1790004006.503357488] [moveit_ros.planning_scene_monitor.planning_scene_monitor]: Unable to transform object from frame 'livox_mid360_left' to planning frame'astribot_torso_base' (Could not find a connection between 'astribot_torso_base' and 'livox_mid360_left' because they are not part of the same tree.Tf has two or more unconnected trees.)
[move_group-1] [INFO] [1790004006.503969465] [astribot_s1_manipulation.ompl_extension]: planning request: group='arm_right' planner_id='RRTConnectConfig' allowed_time=5.00s
[move_group-1] Debug:   Starting goal sampling thread
[move_group-1] Debug:   Waiting for space information to be set up before the sampling thread can begin computation...
[move_group-1] [INFO] [1790004006.504254724] [moveit.ompl_planning.model_based_planning_context]: Planner configuration 'arm_right[RRTConnectConfig]' will use planner 'geometric::RRTConnect'. Additional configuration parameters will be set when the planner is constructed.
[move_group-1] Debug:   The value of parameter 'longest_valid_segment_fraction' is now: '0.01'
[move_group-1] Debug:   The value of parameter 'range' is now: '0'
[move_group-1] Debug:   arm_right/arm_right[RRTConnectConfig]: Planner range detected to be 5.352000
[move_group-1] Info:    arm_right/arm_right[RRTConnectConfig]: Starting planning with 1 states already in datastructure
[move_group-1] Debug:   arm_right/arm_right[RRTConnectConfig]: Waiting for goal region samples ...
[move_group-1] Debug:   Beginning sampling thread computation
[move_group-1] Debug:   Adding goal state
[move_group-1] Debug:   arm_right/arm_right[RRTConnectConfig]: Waited 0.010064 seconds for the first goal sample.
[move_group-1] Debug:   Adding goal state
[move_group-1] Debug:   Adding goal state
[move_group-1] Debug:   Adding goal state
[move_group-1] Debug:   Adding goal state
[move_group-1] Debug:   Adding goal state
[move_group-1] Debug:   Adding goal state
[move_group-1] Debug:   Adding goal state
[move_group-1] Debug:   Adding goal state
[move_group-1] Debug:   Adding goal state
[move_group-1] Debug:   Stopped goal sampling thread after 10 sampling attempts
[move_group-1] Info:    arm_right/arm_right[RRTConnectConfig]: Created 4 states (2 start + 2 goal)
[move_group-1] Info:    Solution found in 0.014776 seconds
[move_group-1] Info:    SimpleSetup: Path simplification took 0.020963 seconds and changed from 3 to 2 states
[move_group-1] [WARN] [1790004006.588946852] [moveit_ros.planning_scene_monitor.planning_scene_monitor]: Unable to transform object from frame 'astribot_s1/astribot_torso_base/livox_mid360_right_sensor' to planning frame'astribot_torso_base' (Could not find a connection between 'astribot_torso_base' and 'astribot_s1/astribot_torso_base/livox_mid360_right_sensor' because they are not part of the same tree.Tf has two or more unconnected trees.)
[move_group-1] [WARN] [1790004006.588962493] [moveit_ros.planning_scene_monitor.planning_scene_monitor]: Unable to transform object from frame 'livox_mid360_right' to planning frame'astribot_torso_base' (Could not find a connection between 'astribot_torso_base' and 'livox_mid360_right' because they are not part of the same tree.Tf has two or more unconnected trees.)
[move_group-1] [WARN] [1790004006.588966557] [moveit_ros.planning_scene_monitor.planning_scene_monitor]: Unable to transform object from frame 'astribot_s1/astribot_torso_base/livox_mid360_left_sensor' to planning frame'astribot_torso_base' (Could not find a connection between 'astribot_torso_base' and 'astribot_s1/astribot_torso_base/livox_mid360_left_sensor' because they are not part of the same tree.Tf has two or more unconnected trees.)
[move_group-1] [WARN] [1790004006.588969699] [moveit_ros.planning_scene_monitor.planning_scene_monitor]: Unable to transform object from frame 'livox_mid360_left' to planning frame'astribot_torso_base' (Could not find a connection between 'astribot_torso_base' and 'livox_mid360_left' because they are not part of the same tree.Tf has two or more unconnected trees.)
[move_group-1] [WARN] [1790004006.608270817] [moveit_ros.planning_scene_monitor.planning_scene_monitor]: Unable to transform object from frame 'astribot_s1/astribot_torso_base/livox_mid360_right_sensor' to planning frame'astribot_torso_base' (Could not find a connection between 'astribot_torso_base' and 'astribot_s1/astribot_torso_base/livox_mid360_right_sensor' because they are not part of the same tree.Tf has two or more unconnected trees.)
[move_group-1] [WARN] [1790004006.608301067] [moveit_ros.planning_scene_monitor.planning_scene_monitor]: Unable to transform object from frame 'livox_mid360_right' to planning frame'astribot_torso_base' (Could not find a connection between 'astribot_torso_base' and 'livox_mid360_right' because they are not part of the same tree.Tf has two or more unconnected trees.)
[move_group-1] [WARN] [1790004006.608310010] [moveit_ros.planning_scene_monitor.planning_scene_monitor]: Unable to transform object from frame 'astribot_s1/astribot_torso_base/livox_mid360_left_sensor' to planning frame'astribot_torso_base' (Could not find a connection between 'astribot_torso_base' and 'astribot_s1/astribot_torso_base/livox_mid360_left_sensor' because they are not part of the same tree.Tf has two or more unconnected trees.)
[move_group-1] [WARN] [1790004006.608317500] [moveit_ros.planning_scene_monitor.planning_scene_monitor]: Unable to transform object from frame 'livox_mid360_left' to planning frame'astribot_torso_base' (Could not find a connection between 'astribot_torso_base' and 'livox_mid360_left' because they are not part of the same tree.Tf has two or more unconnected trees.)
[move_group-1] [WARN] [1790004006.683170629] [moveit_ros.planning_scene_monitor.planning_scene_monitor]: Unable to transform object from frame 'astribot_s1/astribot_torso_base/livox_mid360_right_sensor' to planning frame'astribot_torso_base' (Could not find a connection between 'astribot_torso_base' and 'astribot_s1/astribot_torso_base/livox_mid360_right_sensor' because they are not part of the same tree.Tf has two or more unconnected trees.)
[move_group-1] [WARN] [1790004006.683190683] [moveit_ros.planning_scene_monitor.planning_scene_monitor]: Unable to transform object from frame 'livox_mid360_right' to planning frame'astribot_torso_base' (Could not find a connection between 'astribot_torso_base' and 'livox_mid360_right' because they are not part of the same tree.Tf has two or more unconnected trees.)
[move_group-1] [WARN] [1790004006.683194836] [moveit_ros.planning_scene_monitor.planning_scene_monitor]: Unable to transform object from frame 'astribot_s1/astribot_torso_base/livox_mid360_left_sensor' to planning frame'astribot_torso_base' (Could not find a connection between 'astribot_torso_base' and 'astribot_s1/astribot_torso_base/livox_mid360_left_sensor' because they are not part of the same tree.Tf has two or more unconnected trees.)
[move_group-1] [WARN] [1790004006.683198161] [moveit_ros.planning_scene_monitor.planning_scene_monitor]: Unable to transform object from frame 'livox_mid360_left' to planning frame'astribot_torso_base' (Could not find a connection between 'astribot_torso_base' and 'livox_mid360_left' because they are not part of the same tree.Tf has two or more unconnected trees.)
[move_group-1] [WARN] [1790004006.707725114] [moveit_ros.planning_scene_monitor.planning_scene_monitor]: Unable to transform object from frame 'astribot_s1/astribot_torso_base/livox_mid360_right_sensor' to planning frame'astribot_torso_base' (Could not find a connection between 'astribot_torso_base' and 'astribot_s1/astribot_torso_base/livox_mid360_right_sensor' because they are not part of the same tree.Tf has two or more unconnected trees.)
[move_group-1] [WARN] [1790004006.707741399] [moveit_ros.planning_scene_monitor.planning_scene_monitor]: Unable to transform object from frame 'livox_mid360_right' to planning frame'astribot_torso_base' (Could not find a connection between 'astribot_torso_base' and 'livox_mid360_right' because they are not part of the same tree.Tf has two or more unconnected trees.)
[move_group-1] [WARN] [1790004006.707745335] [moveit_ros.planning_scene_monitor.planning_scene_monitor]: Unable to transform object from frame 'astribot_s1/astribot_torso_base/livox_mid360_left_sensor' to planning frame'astribot_torso_base' (Could not find a connection between 'astribot_torso_base' and 'astribot_s1/astribot_torso_base/livox_mid360_left_sensor' because they are not part of the same tree.Tf has two or more unconnected trees.)
[move_group-1] [WARN] [1790004006.707748743] [moveit_ros.planning_scene_monitor.planning_scene_monitor]: Unable to transform object from frame 'livox_mid360_left' to planning frame'astribot_torso_base' (Could not find a connection between 'astribot_torso_base' and 'livox_mid360_left' because they are not part of the same tree.Tf has two or more unconnected trees.)
[WARNING] [launch]: user interrupted with ctrl-c (SIGINT)
[INFO] [move_group-1]: sending signal 'SIGINT' to process[move_group-1]
[move_group-1] [INFO] [1790004006.723129763] [rclcpp]: signal_handler(SIGINT/SIGTERM)
[move_group-1] [INFO] [1790004006.725419387] [rclcpp]: signal_handler(SIGINT/SIGTERM)
[move_group-1] [INFO] [1790004006.734575581] [moveit.ros_planning_interface.moveit_cpp]: Deleting MoveItCpp
[move_group-1] [INFO] [1790004006.974137604] [moveit_ros.planning_scene_monitor.planning_scene_monitor]: Stopped publishing maintained planning scene.
[move_group-1] [INFO] [1790004006.975104889] [moveit_ros.planning_scene_monitor.planning_scene_monitor]: Stopping world geometry monitor
[move_group-1] [INFO] [1790004006.976168006] [moveit_ros.planning_scene_monitor.planning_scene_monitor]: Stopping planning scene monitor
[move_group-1] Warning: class_loader.ClassLoader: SEVERE WARNING!!! Attempting to unload library while objects created by this loader exist in the heap! You should delete your objects before attempting to unload the library or destroying the ClassLoader. The library will NOT be unloaded.
[move_group-1]          at line 127 in ./src/class_loader.cpp
[move_group-1] Stack trace (most recent call last):
[move_group-1] #11   Object "", at 0xffffffffffffffff, in 
[move_group-1] #10   Object "/opt/ros/humble/lib/moveit_ros_move_group/move_group", at 0x5c276366f724, in 
[move_group-1] #9    Source "../csu/libc-start.c", line 392, in __libc_start_main_impl [0x756e2d829e3f]
[move_group-1] #8    Source "../sysdeps/nptl/libc_start_call_main.h", line 58, in __libc_start_call_main [0x756e2d829d8f]
[move_group-1] #7    Object "/opt/ros/humble/lib/moveit_ros_move_group/move_group", at 0x5c276366e6a1, in 
[move_group-1] #6    Object "/opt/ros/humble/lib/moveit_ros_move_group/move_group", at 0x5c2763670709, in 
[move_group-1] #5    Object "/opt/ros/humble/lib/librclcpp.so", at 0x756e2e103b2e, in rclcpp::Node::~Node()
[move_group-1] #4    Object "/opt/ros/humble/lib/librclcpp.so", at 0x756e2e0ded39, in 
[move_group-1] #3    Object "/opt/ros/humble/lib/librclcpp.so", at 0x756e2e10d0b9, in 
[move_group-1] #2    Object "/opt/ros/humble/lib/librclcpp.so", at 0x756e2e10d000, in rclcpp::node_interfaces::NodeBase::~NodeBase()
[move_group-1] #1    Object "/opt/ros/humble/lib/librclcpp.so", at 0x756e2e0ded39, in 
[move_group-1] #0    Object "/opt/ros/humble/lib/librclcpp.so", at 0x756e2e0e3b31, in rclcpp::CallbackGroup::~CallbackGroup()
[move_group-1] Segmentation fault (Address not mapped to object [0x756e14128850])
[ERROR] [move_group-1]: process has died [pid 383324, exit code -11, cmd '/opt/ros/humble/lib/moveit_ros_move_group/move_group --ros-args --log-level info --ros-args --disable-external-lib-logs --ros-args --params-file /tmp/launch_params_svva_nr5 --params-file /tmp/launch_params_8151vvym --params-file /tmp/launch_params_z93ru3ei --params-file /tmp/launch_params__b6xn665 --params-file /tmp/launch_params_9aa39lhl --params-file /tmp/launch_params_3mnx8my2 --params-file /tmp/launch_params_cu81kt8b --params-file /tmp/launch_params_3y0lxrfn --params-file /tmp/launch_params_cwo_ig3n --params-file /tmp/launch_params_9434pe0_ --params-file /tmp/launch_params_pxxs3ws4 --params-file /tmp/launch_params_0u5f4fo0 --params-file /tmp/launch_params_oh7obx3l --params-file /tmp/launch_params_18h0o_9_ --params-file /tmp/launch_params_pkl6bd22'].
