[INFO] [launch]: All log files can be found below /home/yjh/.ros/log/astribot/2026-09-22-00-01-22-465648-sh-xf2731-758930
[INFO] [launch]: Default logging verbosity is set to INFO
[INFO] [move_group-1]: process started with pid [759266]
[INFO] [transport_skill_planner-2]: process started with pid [759269]
[INFO] [mtc_planner-3]: process started with pid [759272]
[INFO] [execution_guard-4]: process started with pid [759277]
[transport_skill_planner-2] Warning: Link 'livox_mid360_left' is not known to URDF. Cannot disable/enable collisons.
[transport_skill_planner-2]          at line 594 in ./src/model.cpp
[transport_skill_planner-2] Warning: Link 'livox_mid360_right' is not known to URDF. Cannot disable/enable collisons.
[transport_skill_planner-2]          at line 594 in ./src/model.cpp
[transport_skill_planner-2] Warning: Link 'camera_link' is not known to URDF. Cannot disable/enable collisons.
[transport_skill_planner-2]          at line 594 in ./src/model.cpp
[transport_skill_planner-2] [INFO] [1790006483.073120589] [moveit_rdf_loader.rdf_loader]: Loaded robot model in 0 seconds
[transport_skill_planner-2] [INFO] [1790006483.073171402] [moveit_robot_model.robot_model]: Loading robot model 'astribot_s1'...
[move_group-1] Warning: Link 'livox_mid360_left' is not known to URDF. Cannot disable/enable collisons.
[move_group-1]          at line 594 in ./src/model.cpp
[move_group-1] Warning: Link 'livox_mid360_right' is not known to URDF. Cannot disable/enable collisons.
[move_group-1]          at line 594 in ./src/model.cpp
[move_group-1] Warning: Link 'camera_link' is not known to URDF. Cannot disable/enable collisons.
[move_group-1]          at line 594 in ./src/model.cpp
[move_group-1] [INFO] [1790006483.073883271] [moveit_rdf_loader.rdf_loader]: Loaded robot model in 0 seconds
[move_group-1] [INFO] [1790006483.073918098] [moveit_robot_model.robot_model]: Loading robot model 'astribot_s1'...
[transport_skill_planner-2] [WARN] [1790006483.082254632] [moveit_robot_model.robot_model]: Link astribot_gripper_left_Link_L1 has visual geometry but no collision geometry. Collision geometry will be left empty. Fix your URDF file by explicitly specifying collision geometry.
[move_group-1] [WARN] [1790006483.082725341] [moveit_robot_model.robot_model]: Link astribot_gripper_left_Link_L1 has visual geometry but no collision geometry. Collision geometry will be left empty. Fix your URDF file by explicitly specifying collision geometry.
[move_group-1] [WARN] [1790006483.093093736] [moveit_robot_model.robot_model]: Link astribot_gripper_left_Link_R1 has visual geometry but no collision geometry. Collision geometry will be left empty. Fix your URDF file by explicitly specifying collision geometry.
[transport_skill_planner-2] [WARN] [1790006483.093092147] [moveit_robot_model.robot_model]: Link astribot_gripper_left_Link_R1 has visual geometry but no collision geometry. Collision geometry will be left empty. Fix your URDF file by explicitly specifying collision geometry.
[transport_skill_planner-2] [WARN] [1790006483.103376850] [moveit_robot_model.robot_model]: Link astribot_gripper_right_Link_L1 has visual geometry but no collision geometry. Collision geometry will be left empty. Fix your URDF file by explicitly specifying collision geometry.
[move_group-1] [WARN] [1790006483.103806351] [moveit_robot_model.robot_model]: Link astribot_gripper_right_Link_L1 has visual geometry but no collision geometry. Collision geometry will be left empty. Fix your URDF file by explicitly specifying collision geometry.
[move_group-1] [WARN] [1790006483.110070808] [moveit_robot_model.robot_model]: Link astribot_gripper_right_Link_R1 has visual geometry but no collision geometry. Collision geometry will be left empty. Fix your URDF file by explicitly specifying collision geometry.
[transport_skill_planner-2] [WARN] [1790006483.111060439] [moveit_robot_model.robot_model]: Link astribot_gripper_right_Link_R1 has visual geometry but no collision geometry. Collision geometry will be left empty. Fix your URDF file by explicitly specifying collision geometry.
[transport_skill_planner-2] [WARN] [1790006483.134759846] [kdl_parser]: The root link astribot_torso_base has an inertia specified in the URDF, but KDL does not support a root link with an inertia.  As a workaround, you can add an extra dummy link to your URDF.
[transport_skill_planner-2] [WARN] [1790006483.135007260] [kdl_parser]: The root link astribot_torso_base has an inertia specified in the URDF, but KDL does not support a root link with an inertia.  As a workaround, you can add an extra dummy link to your URDF.
[transport_skill_planner-2] [WARN] [1790006483.135097548] [kdl_parser]: The root link astribot_torso_base has an inertia specified in the URDF, but KDL does not support a root link with an inertia.  As a workaround, you can add an extra dummy link to your URDF.
[transport_skill_planner-2] Warning: class_loader.ClassLoader: SEVERE WARNING!!! Attempting to unload library while objects created by this loader exist in the heap! You should delete your objects before attempting to unload the library or destroying the ClassLoader. The library will NOT be unloaded.
[transport_skill_planner-2]          at line 127 in ./src/class_loader.cpp
[move_group-1] [WARN] [1790006483.138535021] [kdl_parser]: The root link astribot_torso_base has an inertia specified in the URDF, but KDL does not support a root link with an inertia.  As a workaround, you can add an extra dummy link to your URDF.
[move_group-1] [WARN] [1790006483.138758181] [kdl_parser]: The root link astribot_torso_base has an inertia specified in the URDF, but KDL does not support a root link with an inertia.  As a workaround, you can add an extra dummy link to your URDF.
[move_group-1] [WARN] [1790006483.138845996] [kdl_parser]: The root link astribot_torso_base has an inertia specified in the URDF, but KDL does not support a root link with an inertia.  As a workaround, you can add an extra dummy link to your URDF.
[transport_skill_planner-2] Warning: Link 'livox_mid360_left' is not known to URDF. Cannot disable/enable collisons.
[transport_skill_planner-2]          at line 594 in ./src/model.cpp
[transport_skill_planner-2] Warning: Link 'livox_mid360_right' is not known to URDF. Cannot disable/enable collisons.
[transport_skill_planner-2]          at line 594 in ./src/model.cpp
[transport_skill_planner-2] Warning: Link 'camera_link' is not known to URDF. Cannot disable/enable collisons.
[transport_skill_planner-2]          at line 594 in ./src/model.cpp
[transport_skill_planner-2] [INFO] [1790006483.141615091] [moveit_rdf_loader.rdf_loader]: Loaded robot model in 0.006 seconds
[transport_skill_planner-2] [INFO] [1790006483.141628087] [moveit_robot_model.robot_model]: Loading robot model 'astribot_s1'...
[transport_skill_planner-2] [WARN] [1790006483.146272645] [moveit_robot_model.robot_model]: Link astribot_gripper_left_Link_L1 has visual geometry but no collision geometry. Collision geometry will be left empty. Fix your URDF file by explicitly specifying collision geometry.
[transport_skill_planner-2] [WARN] [1790006483.151132427] [moveit_robot_model.robot_model]: Link astribot_gripper_left_Link_R1 has visual geometry but no collision geometry. Collision geometry will be left empty. Fix your URDF file by explicitly specifying collision geometry.
[transport_skill_planner-2] [WARN] [1790006483.159261918] [moveit_robot_model.robot_model]: Link astribot_gripper_right_Link_L1 has visual geometry but no collision geometry. Collision geometry will be left empty. Fix your URDF file by explicitly specifying collision geometry.
[transport_skill_planner-2] [WARN] [1790006483.164893065] [moveit_robot_model.robot_model]: Link astribot_gripper_right_Link_R1 has visual geometry but no collision geometry. Collision geometry will be left empty. Fix your URDF file by explicitly specifying collision geometry.
[transport_skill_planner-2] [WARN] [1790006483.173880515] [kdl_parser]: The root link astribot_torso_base has an inertia specified in the URDF, but KDL does not support a root link with an inertia.  As a workaround, you can add an extra dummy link to your URDF.
[transport_skill_planner-2] [WARN] [1790006483.173999381] [kdl_parser]: The root link astribot_torso_base has an inertia specified in the URDF, but KDL does not support a root link with an inertia.  As a workaround, you can add an extra dummy link to your URDF.
[transport_skill_planner-2] [WARN] [1790006483.174067519] [kdl_parser]: The root link astribot_torso_base has an inertia specified in the URDF, but KDL does not support a root link with an inertia.  As a workaround, you can add an extra dummy link to your URDF.
[move_group-1] [INFO] [1790006483.175309059] [moveit_ros.planning_scene_monitor.planning_scene_monitor]: Publishing maintained planning scene on 'monitored_planning_scene'
[move_group-1] [INFO] [1790006483.175555841] [moveit.ros_planning_interface.moveit_cpp]: Listening to 'joint_states' for joint states
[move_group-1] [INFO] [1790006483.176598347] [moveit_ros.current_state_monitor]: Listening to joint states on topic 'joint_states'
[move_group-1] [INFO] [1790006483.177289131] [moveit_ros.planning_scene_monitor.planning_scene_monitor]: Listening to '/attached_collision_object' for attached collision objects
[move_group-1] [INFO] [1790006483.177304502] [moveit_ros.planning_scene_monitor.planning_scene_monitor]: Starting planning scene monitor
[move_group-1] [INFO] [1790006483.178048964] [moveit_ros.planning_scene_monitor.planning_scene_monitor]: Listening to '/planning_scene'
[move_group-1] [INFO] [1790006483.178066663] [moveit_ros.planning_scene_monitor.planning_scene_monitor]: Starting world geometry update monitor for collision objects, attached objects, octomap updates.
[move_group-1] [INFO] [1790006483.178567669] [moveit_ros.planning_scene_monitor.planning_scene_monitor]: Listening to 'collision_object'
[move_group-1] [INFO] [1790006483.179132127] [moveit_ros.planning_scene_monitor.planning_scene_monitor]: Listening to 'planning_scene_world' for planning scene world geometry
[transport_skill_planner-2] [INFO] [1790006483.205278547] [moveit_ros.current_state_monitor]: Listening to joint states on topic 'joint_states'
[transport_skill_planner-2] [INFO] [1790006483.209050775] [moveit_ros.planning_scene_monitor.planning_scene_monitor]: Listening to '/attached_collision_object' for attached collision objects
[transport_skill_planner-2] [INFO] [1790006483.209074513] [moveit_ros.planning_scene_monitor.planning_scene_monitor]: Starting planning scene monitor
[transport_skill_planner-2] [INFO] [1790006483.210054175] [moveit_ros.planning_scene_monitor.planning_scene_monitor]: Listening to '/planning_scene'
[transport_skill_planner-2] [INFO] [1790006483.210071517] [moveit_ros.planning_scene_monitor.planning_scene_monitor]: Starting world geometry update monitor for collision objects, attached objects, octomap updates.
[transport_skill_planner-2] [INFO] [1790006483.210514856] [moveit_ros.planning_scene_monitor.planning_scene_monitor]: Listening to 'collision_object'
[transport_skill_planner-2] [INFO] [1790006483.211163794] [moveit_ros.planning_scene_monitor.planning_scene_monitor]: Listening to 'planning_scene_world' for planning scene world geometry
[transport_skill_planner-2] [WARN] [1790006483.212029238] [moveit.ros.occupancy_map_monitor.middleware_handle]: Resolution not specified for Octomap. Assuming resolution = 0.1 instead
[transport_skill_planner-2] [ERROR] [1790006483.212043900] [moveit.ros.occupancy_map_monitor.middleware_handle]: No 3D sensor plugin(s) defined for octomap updates
[move_group-1] [INFO] [1790006483.225007253] [moveit.ros.perception.pointcloud_octomap_updater]: Listening to '/camera/head_rgbd/points' using message filter with target frame 'astribot_torso_base '
[move_group-1] [INFO] [1790006483.225939853] [moveit.ros.perception.pointcloud_octomap_updater]: Listening to '/camera/torso_rgbd/points' using message filter with target frame 'astribot_torso_base '
[move_group-1] [INFO] [1790006483.225952280] [moveit.ros_planning_interface.moveit_cpp]: Loading planning pipeline 'ompl'
[move_group-1] [INFO] [1790006483.237635200] [astribot_s1_manipulation.ompl_extension]: registered extra OMPL planners: 25 -> 30 total
[move_group-1] [INFO] [1790006483.237670596] [astribot_s1_manipulation.ompl_extension]:   [OK]      geometric::RRTstar
[move_group-1] [INFO] [1790006483.237674006] [astribot_s1_manipulation.ompl_extension]:   [OK]      geometric::BITstar
[move_group-1] [INFO] [1790006483.237676033] [astribot_s1_manipulation.ompl_extension]:   [OK]      geometric::InformedRRTstar
[move_group-1] [INFO] [1790006483.237679593] [moveit.ros_planning.planning_pipeline]: Using planning interface 'OMPL (with BITstar / InformedRRTstar registered by astribot_s1_manipulation)'
[move_group-1] [INFO] [1790006483.241567560] [moveit_ros.add_time_optimal_parameterization]: Param 'ompl.path_tolerance' was not set. Using default value: 0.100000
[move_group-1] [INFO] [1790006483.241588093] [moveit_ros.add_time_optimal_parameterization]: Param 'ompl.resample_dt' was not set. Using default value: 0.100000
[move_group-1] [INFO] [1790006483.241590587] [moveit_ros.add_time_optimal_parameterization]: Param 'ompl.min_angle_change' was not set. Using default value: 0.001000
[move_group-1] [INFO] [1790006483.241609471] [moveit_ros.fix_workspace_bounds]: Param 'ompl.default_workspace_bounds' was not set. Using default value: 10.000000
[move_group-1] [INFO] [1790006483.241619850] [moveit_ros.fix_start_state_bounds]: Param 'ompl.start_state_max_bounds_error' was set to 0.100000
[move_group-1] [INFO] [1790006483.241625019] [moveit_ros.fix_start_state_bounds]: Param 'ompl.start_state_max_dt' was not set. Using default value: 0.500000
[move_group-1] [INFO] [1790006483.241631239] [moveit_ros.fix_start_state_collision]: Param 'ompl.start_state_max_dt' was not set. Using default value: 0.500000
[move_group-1] [INFO] [1790006483.241633508] [moveit_ros.fix_start_state_collision]: Param 'ompl.jiggle_fraction' was not set. Using default value: 0.020000
[move_group-1] [INFO] [1790006483.241644083] [moveit_ros.fix_start_state_collision]: Param 'ompl.max_sampling_attempts' was not set. Using default value: 100
[move_group-1] [INFO] [1790006483.241652264] [moveit.ros_planning.planning_pipeline]: Using planning request adapter 'Add Time Optimal Parameterization'
[move_group-1] [INFO] [1790006483.241657559] [moveit.ros_planning.planning_pipeline]: Using planning request adapter 'Resolve constraint frames to robot links'
[move_group-1] [INFO] [1790006483.241659500] [moveit.ros_planning.planning_pipeline]: Using planning request adapter 'Fix Workspace Bounds'
[move_group-1] [INFO] [1790006483.241661494] [moveit.ros_planning.planning_pipeline]: Using planning request adapter 'Fix Start State Bounds'
[move_group-1] [INFO] [1790006483.241662968] [moveit.ros_planning.planning_pipeline]: Using planning request adapter 'Fix Start State In Collision'
[move_group-1] [INFO] [1790006483.241664868] [moveit.ros_planning.planning_pipeline]: Using planning request adapter 'Fix Start State Path Constraints'
[transport_skill_planner-2] [INFO] [1790006483.264839763] [astribot_s1_manipulation.dual_arm_planner]: initialized: dual_arm_group='dual_arm' planner='RRTConnectConfig' leader='arm_left' follower='arm_right' leader_tcp='astribot_arm_left_tcp_link' follower_tcp='astribot_arm_right_tcp_link' max_replan=3
[transport_skill_planner-2] [INFO] [1790006483.283075208] [transport_skill_planner]: Validated transport skill planner ready
[move_group-1] [INFO] [1790006483.299652344] [moveit.plugins.moveit_simple_controller_manager]: Added FollowJointTrajectory controller for arm_left_controller
[move_group-1] [INFO] [1790006483.302611657] [moveit.plugins.moveit_simple_controller_manager]: Added FollowJointTrajectory controller for arm_right_controller
[move_group-1] [INFO] [1790006483.305683642] [moveit.plugins.moveit_simple_controller_manager]: Added FollowJointTrajectory controller for torso_controller
[move_group-1] [INFO] [1790006483.308409525] [moveit.plugins.moveit_simple_controller_manager]: Added FollowJointTrajectory controller for gripper_left_controller
[move_group-1] [INFO] [1790006483.311365198] [moveit.plugins.moveit_simple_controller_manager]: Added FollowJointTrajectory controller for gripper_right_controller
[move_group-1] [INFO] [1790006483.311606975] [moveit.plugins.moveit_simple_controller_manager]: Returned 5 controllers in list
[move_group-1] [INFO] [1790006483.311648287] [moveit.plugins.moveit_simple_controller_manager]: Returned 5 controllers in list
[move_group-1] [INFO] [1790006483.312218108] [moveit_ros.trajectory_execution_manager]: Trajectory execution is not managing controllers
[move_group-1] [INFO] [1790006483.312237385] [move_group.move_group]: MoveGroup debug mode is ON
[move_group-1] [INFO] [1790006483.332226602] [move_group.move_group]: 
[move_group-1] 
[move_group-1] ********************************************************
[move_group-1] * MoveGroup using: 
[move_group-1] *     - ApplyPlanningSceneService
[move_group-1] *     - ClearOctomapService
[move_group-1] *     - CartesianPathService
[move_group-1] *     - GetPlanningSceneService
[move_group-1] *     - KinematicsService
[move_group-1] *     - MoveAction
[move_group-1] *     - MotionPlanService
[move_group-1] *     - QueryPlannersService
[move_group-1] *     - StateValidationService
[move_group-1] ********************************************************
[move_group-1] 
[move_group-1] [INFO] [1790006483.332255310] [moveit_move_group_capabilities_base.move_group_context]: MoveGroup context using planning plugin astribot_s1_manipulation/OmplPlannerExtension
[move_group-1] [INFO] [1790006483.332259581] [moveit_move_group_capabilities_base.move_group_context]: MoveGroup context initialization complete
[move_group-1] [96mLoading 'move_group/ApplyPlanningSceneService'...
[move_group-1] [0m[96mLoading 'move_group/ClearOctomapService'...
[move_group-1] [0m[96mLoading 'move_group/MoveGroupCartesianPathService'...
[move_group-1] [0m[96mLoading 'move_group/MoveGroupGetPlanningSceneService'...
[move_group-1] [0m[96mLoading 'move_group/MoveGroupKinematicsService'...
[move_group-1] [0m[96mLoading 'move_group/MoveGroupMoveAction'...
[move_group-1] [0m[96mLoading 'move_group/MoveGroupPlanService'...
[move_group-1] [0m[96mLoading 'move_group/MoveGroupQueryPlannersService'...
[move_group-1] [0m[96mLoading 'move_group/MoveGroupStateValidationService'...
[move_group-1] [0m[92m
[move_group-1] You can start planning now!
[move_group-1] 
[transport_skill_planner-2] Warning: Link 'livox_mid360_left' is not known to URDF. Cannot disable/enable collisons.
[transport_skill_planner-2]          at line 594 in ./src/model.cpp
[transport_skill_planner-2] Warning: Link 'livox_mid360_right' is not known to URDF. Cannot disable/enable collisons.
[transport_skill_planner-2]          at line 594 in ./src/model.cpp
[transport_skill_planner-2] Warning: Link 'camera_link' is not known to URDF. Cannot disable/enable collisons.
[transport_skill_planner-2]          at line 594 in ./src/model.cpp
[transport_skill_planner-2] [INFO] [1790006483.465095940] [moveit_rdf_loader.rdf_loader]: Loaded robot model in 0.007 seconds
[transport_skill_planner-2] [INFO] [1790006483.465119895] [moveit_robot_model.robot_model]: Loading robot model 'astribot_s1'...
[transport_skill_planner-2] [WARN] [1790006483.474948405] [moveit_robot_model.robot_model]: Link astribot_gripper_left_Link_L1 has visual geometry but no collision geometry. Collision geometry will be left empty. Fix your URDF file by explicitly specifying collision geometry.
[transport_skill_planner-2] [WARN] [1790006483.479714176] [moveit_robot_model.robot_model]: Link astribot_gripper_left_Link_R1 has visual geometry but no collision geometry. Collision geometry will be left empty. Fix your URDF file by explicitly specifying collision geometry.
[transport_skill_planner-2] [WARN] [1790006483.487761570] [moveit_robot_model.robot_model]: Link astribot_gripper_right_Link_L1 has visual geometry but no collision geometry. Collision geometry will be left empty. Fix your URDF file by explicitly specifying collision geometry.
[transport_skill_planner-2] [WARN] [1790006483.492002163] [moveit_robot_model.robot_model]: Link astribot_gripper_right_Link_R1 has visual geometry but no collision geometry. Collision geometry will be left empty. Fix your URDF file by explicitly specifying collision geometry.
[transport_skill_planner-2] [WARN] [1790006483.500552631] [kdl_parser]: The root link astribot_torso_base has an inertia specified in the URDF, but KDL does not support a root link with an inertia.  As a workaround, you can add an extra dummy link to your URDF.
[transport_skill_planner-2] [WARN] [1790006483.500680938] [kdl_parser]: The root link astribot_torso_base has an inertia specified in the URDF, but KDL does not support a root link with an inertia.  As a workaround, you can add an extra dummy link to your URDF.
[transport_skill_planner-2] [WARN] [1790006483.500746481] [kdl_parser]: The root link astribot_torso_base has an inertia specified in the URDF, but KDL does not support a root link with an inertia.  As a workaround, you can add an extra dummy link to your URDF.
[transport_skill_planner-2] [INFO] [1790006485.512406135] [move_group_interface]: Ready to take commands for planning group arm_right.
[transport_skill_planner-2] [INFO] [1790006485.512725060] [move_group_interface]: MoveGroup action client/server ready
[move_group-1] [INFO] [1790006485.513134873] [moveit_move_group_default_capabilities.move_action_capability]: Received request
[move_group-1] [INFO] [1790006485.513254322] [moveit_move_group_default_capabilities.move_action_capability]: executing..
[move_group-1] [INFO] [1790006485.513338938] [moveit_move_group_default_capabilities.move_action_capability]: Planning request received for MoveGroup action. Forwarding to planning pipeline.
[transport_skill_planner-2] [INFO] [1790006485.513258709] [move_group_interface]: Planning request accepted
[move_group-1] [INFO] [1790006485.514194067] [astribot_s1_manipulation.ompl_extension]: planning request: group='arm_right' planner_id='RRTConnectConfig' allowed_time=5.00s
[move_group-1] [0mDebug:   Starting goal sampling thread
[move_group-1] Debug:   Waiting for space information to be set up before the sampling thread can begin computation...
[move_group-1] [INFO] [1790006485.514762391] [moveit.ompl_planning.model_based_planning_context]: Planner configuration 'arm_right[RRTConnectConfig]' will use planner 'geometric::RRTConnect'. Additional configuration parameters will be set when the planner is constructed.
[move_group-1] Debug:   The value of parameter 'longest_valid_segment_fraction' is now: '0.01'
[move_group-1] Debug:   The value of parameter 'range' is now: '0'
[move_group-1] Debug:   arm_right/arm_right[RRTConnectConfig]: Planner range detected to be 5.352000
[move_group-1] Info:    arm_right/arm_right[RRTConnectConfig]: Starting planning with 1 states already in datastructure
[move_group-1] Debug:   arm_right/arm_right[RRTConnectConfig]: Waiting for goal region samples ...
[move_group-1] Debug:   Beginning sampling thread computation
[move_group-1] Debug:   Adding goal state
[move_group-1] Debug:   Adding goal state
[move_group-1] Debug:   Adding goal state
[move_group-1] Debug:   Adding goal state
[move_group-1] Debug:   Adding goal state
[move_group-1] Debug:   arm_right/arm_right[RRTConnectConfig]: Waited 0.010073 seconds for the first goal sample.
[move_group-1] Debug:   Adding goal state
[move_group-1] Debug:   Adding goal state
[move_group-1] Debug:   Adding goal state
[move_group-1] Debug:   Adding goal state
[move_group-1] Debug:   Adding goal state
[move_group-1] Debug:   Stopped goal sampling thread after 10 sampling attempts
[move_group-1] Info:    arm_right/arm_right[RRTConnectConfig]: Created 4 states (2 start + 2 goal)
[move_group-1] Info:    Solution found in 0.013650 seconds
[move_group-1] Info:    SimpleSetup: Path simplification took 0.017406 seconds and changed from 3 to 2 states
[move_group-1] [INFO] [1790006485.548645689] [moveit_move_group_default_capabilities.move_action_capability]: Motion plan was computed successfully.
[transport_skill_planner-2] [INFO] [1790006485.549174029] [move_group_interface]: Planning request complete!
[transport_skill_planner-2] [INFO] [1790006485.549481752] [move_group_interface]: time taken to generate plan: 0.0310561 seconds
[transport_skill_planner-2] [INFO] [1790006485.553784800] [astribot_s1_manipulation.singularity]: waypoint 0 is still singular (sigma_min=0.00771033 below threshold 0.02) but exempt as part of the escape from a singular start; the trajectory is allowed to move away from it
[transport_skill_planner-2] [INFO] [1790006485.553929914] [astribot_s1_manipulation.singularity]: waypoint 1 is still singular (sigma_min=0.0100936 below threshold 0.02) but exempt as part of the escape from a singular start; the trajectory is allowed to move away from it
[transport_skill_planner-2] [INFO] [1790006485.554018845] [astribot_s1_manipulation.singularity]: waypoint 2 is still singular (sigma_min=0.0172185 below threshold 0.02) but exempt as part of the escape from a singular start; the trajectory is allowed to move away from it
[transport_skill_planner-2] [INFO] [1790006485.555006267] [astribot_s1_manipulation.time_optimizer]: baseline (IPTP, scaling 0.30/0.30): duration=0.629s waypoints=12 max_vel=2.921rad/s (astribot_arm_right_joint_4) max_acc=11.628rad/s^2 (astribot_arm_right_joint_4) peak_vel_util=20.9% source=trajectory
[transport_skill_planner-2] [INFO] [1790006485.555076797] [astribot_s1_manipulation.time_optimizer]: optimization disabled by configuration; baseline adopted
[transport_skill_planner-2] [INFO] [1790006485.555284073] [astribot_s1_manipulation.dual_arm_planner]: single-arm plan OK: group='arm_right' planner='RRTConnectConfig' attempt=1 duration=0.629s waypoints=12 max_vel=2.921rad/s (astribot_arm_right_joint_4) max_acc=11.628rad/s^2 (astribot_arm_right_joint_4) peak_vel_util=20.9% source=trajectory
[transport_skill_planner-2] [INFO] [1790006485.558374270] [move_group_interface]: MoveGroup action client/server ready
[move_group-1] [INFO] [1790006485.558560907] [moveit_move_group_default_capabilities.move_action_capability]: Received request
[move_group-1] [INFO] [1790006485.558628110] [moveit_move_group_default_capabilities.move_action_capability]: executing..
[move_group-1] [INFO] [1790006485.558678276] [moveit_move_group_default_capabilities.move_action_capability]: Planning request received for MoveGroup action. Forwarding to planning pipeline.
[transport_skill_planner-2] [INFO] [1790006485.558644762] [move_group_interface]: Planning request accepted
[move_group-1] [INFO] [1790006485.559244978] [astribot_s1_manipulation.ompl_extension]: planning request: group='arm_right' planner_id='RRTConnectConfig' allowed_time=5.00s
[move_group-1] Debug:   Starting goal sampling thread
[move_group-1] Debug:   Waiting for space information to be set up before the sampling thread can begin computation...
[move_group-1] Debug:   The value of parameter 'longest_valid_segment_fraction' is now: '0.01'
[move_group-1] [INFO] [1790006485.559543443] [moveit.ompl_planning.model_based_planning_context]: Planner configuration 'arm_right[RRTConnectConfig]' will use planner 'geometric::RRTConnect'. Additional configuration parameters will be set when the planner is constructed.
[move_group-1] Debug:   The value of parameter 'range' is now: '0'
[move_group-1] Debug:   arm_right/arm_right[RRTConnectConfig]: Planner range detected to be 5.352000
[move_group-1] Info:    arm_right/arm_right[RRTConnectConfig]: Starting planning with 1 states already in datastructure
[move_group-1] Debug:   arm_right/arm_right[RRTConnectConfig]: Waiting for goal region samples ...
[move_group-1] Debug:   Beginning sampling thread computation
[move_group-1] Debug:   Adding goal state
[move_group-1] Debug:   Adding goal state
[move_group-1] Debug:   arm_right/arm_right[RRTConnectConfig]: Waited 0.010070 seconds for the first goal sample.
[move_group-1] Debug:   Adding goal state
[move_group-1] Debug:   Adding goal state
[move_group-1] Debug:   Adding goal state
[move_group-1] Debug:   Adding goal state
[move_group-1] Debug:   Adding goal state
[move_group-1] Debug:   Adding goal state
[move_group-1] Debug:   Adding goal state
[move_group-1] Debug:   Adding goal state
[move_group-1] Debug:   Stopped goal sampling thread after 10 sampling attempts
[move_group-1] Info:    arm_right/arm_right[RRTConnectConfig]: Created 4 states (2 start + 2 goal)
[move_group-1] Info:    Solution found in 0.013194 seconds
[move_group-1] Info:    SimpleSetup: Path simplification took 0.014357 seconds and changed from 3 to 2 states
[move_group-1] [INFO] [1790006485.589105190] [moveit_move_group_default_capabilities.move_action_capability]: Motion plan was computed successfully.
[transport_skill_planner-2] [INFO] [1790006485.589415789] [move_group_interface]: Planning request complete!
[transport_skill_planner-2] [INFO] [1790006485.589590958] [move_group_interface]: time taken to generate plan: 0.0275504 seconds
[transport_skill_planner-2] [INFO] [1790006485.591760180] [astribot_s1_manipulation.singularity]: waypoint 0 is still singular (sigma_min=0.00771033 below threshold 0.02) but exempt as part of the escape from a singular start; the trajectory is allowed to move away from it
[transport_skill_planner-2] [INFO] [1790006485.591876696] [astribot_s1_manipulation.singularity]: waypoint 1 is still singular (sigma_min=0.0100927 below threshold 0.02) but exempt as part of the escape from a singular start; the trajectory is allowed to move away from it
[transport_skill_planner-2] [INFO] [1790006485.592006077] [astribot_s1_manipulation.singularity]: waypoint 2 is still singular (sigma_min=0.0172151 below threshold 0.02) but exempt as part of the escape from a singular start; the trajectory is allowed to move away from it
[transport_skill_planner-2] [INFO] [1790006485.592946972] [astribot_s1_manipulation.time_optimizer]: baseline (IPTP, scaling 0.30/0.30): duration=0.629s waypoints=12 max_vel=2.920rad/s (astribot_arm_right_joint_4) max_acc=11.614rad/s^2 (astribot_arm_right_joint_4) peak_vel_util=20.9% source=trajectory
[transport_skill_planner-2] [INFO] [1790006485.592965450] [astribot_s1_manipulation.time_optimizer]: optimization disabled by configuration; baseline adopted
[transport_skill_planner-2] [INFO] [1790006485.593145318] [astribot_s1_manipulation.dual_arm_planner]: single-arm plan OK: group='arm_right' planner='RRTConnectConfig' attempt=1 duration=0.629s waypoints=12 max_vel=2.920rad/s (astribot_arm_right_joint_4) max_acc=11.614rad/s^2 (astribot_arm_right_joint_4) peak_vel_util=20.9% source=trajectory
[transport_skill_planner-2] [INFO] [1790006485.595726871] [move_group_interface]: MoveGroup action client/server ready
[move_group-1] [INFO] [1790006485.595896548] [moveit_move_group_default_capabilities.move_action_capability]: Received request
[move_group-1] [INFO] [1790006485.595952022] [moveit_move_group_default_capabilities.move_action_capability]: executing..
[move_group-1] [INFO] [1790006485.595983096] [moveit_move_group_default_capabilities.move_action_capability]: Planning request received for MoveGroup action. Forwarding to planning pipeline.
[transport_skill_planner-2] [INFO] [1790006485.596025302] [move_group_interface]: Planning request accepted
[move_group-1] [INFO] [1790006485.596345876] [astribot_s1_manipulation.ompl_extension]: planning request: group='arm_right' planner_id='RRTConnectConfig' allowed_time=5.00s
[move_group-1] Debug:   Starting goal sampling thread
[move_group-1] Debug:   Waiting for space information to be set up before the sampling thread can begin computation...
[move_group-1] Debug:   The value of parameter 'longest_valid_segment_fraction' is now: '0.01'
[move_group-1] Debug:   The value of parameter 'range' is now: '0'
[move_group-1] Debug:   arm_right/arm_right[RRTConnectConfig]: Planner range detected to be 5.352000
[move_group-1] Info:    arm_right/arm_right[RRTConnectConfig]: Starting planning with 1 states already in datastructure
[move_group-1] Debug:   arm_right/arm_right[RRTConnectConfig]: Waiting for goal region samples ...
[move_group-1] [INFO] [1790006485.596581758] [moveit.ompl_planning.model_based_planning_context]: Planner configuration 'arm_right[RRTConnectConfig]' will use planner 'geometric::RRTConnect'. Additional configuration parameters will be set when the planner is constructed.
[move_group-1] Debug:   Beginning sampling thread computation
[move_group-1] Debug:   Adding goal state
[move_group-1] Debug:   Adding goal state
[move_group-1] Debug:   Adding goal state
[move_group-1] Debug:   Adding goal state
[move_group-1] Debug:   Adding goal state
[move_group-1] Debug:   Adding goal state
[move_group-1] Debug:   Adding goal state
[move_group-1] Debug:   Adding goal state
[move_group-1] Debug:   Adding goal state
[move_group-1] Debug:   Adding goal state
[move_group-1] Debug:   Stopped goal sampling thread after 10 sampling attempts
[move_group-1] Debug:   arm_right/arm_right[RRTConnectConfig]: Waited 0.020131 seconds for the first goal sample.
[move_group-1] Info:    arm_right/arm_right[RRTConnectConfig]: Created 4 states (2 start + 2 goal)
[move_group-1] Info:    Solution found in 0.024017 seconds
[move_group-1] Info:    SimpleSetup: Path simplification took 0.009225 seconds and changed from 3 to 2 states
[move_group-1] [INFO] [1790006485.631247191] [moveit_move_group_default_capabilities.move_action_capability]: Motion plan was computed successfully.
[transport_skill_planner-2] [INFO] [1790006485.631445003] [move_group_interface]: Planning request complete!
[transport_skill_planner-2] [INFO] [1790006485.631605172] [move_group_interface]: time taken to generate plan: 0.0332423 seconds
[transport_skill_planner-2] [INFO] [1790006485.634736091] [astribot_s1_manipulation.singularity]: waypoint 0 is still singular (sigma_min=0.00771033 below threshold 0.02) but exempt as part of the escape from a singular start; the trajectory is allowed to move away from it
[transport_skill_planner-2] [INFO] [1790006485.634943637] [astribot_s1_manipulation.singularity]: waypoint 1 is still singular (sigma_min=0.0100933 below threshold 0.02) but exempt as part of the escape from a singular start; the trajectory is allowed to move away from it
[transport_skill_planner-2] [INFO] [1790006485.635076447] [astribot_s1_manipulation.singularity]: waypoint 2 is still singular (sigma_min=0.0172172 below threshold 0.02) but exempt as part of the escape from a singular start; the trajectory is allowed to move away from it
[transport_skill_planner-2] [INFO] [1790006485.636050167] [astribot_s1_manipulation.time_optimizer]: baseline (IPTP, scaling 0.30/0.30): duration=0.629s waypoints=12 max_vel=2.921rad/s (astribot_arm_right_joint_4) max_acc=11.622rad/s^2 (astribot_arm_right_joint_4) peak_vel_util=20.9% source=trajectory
[transport_skill_planner-2] [INFO] [1790006485.636070657] [astribot_s1_manipulation.time_optimizer]: optimization disabled by configuration; baseline adopted
[transport_skill_planner-2] [INFO] [1790006485.636314635] [astribot_s1_manipulation.dual_arm_planner]: single-arm plan OK: group='arm_right' planner='RRTConnectConfig' attempt=1 duration=0.629s waypoints=12 max_vel=2.921rad/s (astribot_arm_right_joint_4) max_acc=11.622rad/s^2 (astribot_arm_right_joint_4) peak_vel_util=20.9% source=trajectory
[WARNING] [launch]: user interrupted with ctrl-c (SIGINT)
[INFO] [execution_guard-4]: sending signal 'SIGINT' to process[execution_guard-4]
[INFO] [mtc_planner-3]: sending signal 'SIGINT' to process[mtc_planner-3]
[INFO] [transport_skill_planner-2]: sending signal 'SIGINT' to process[transport_skill_planner-2]
[INFO] [move_group-1]: sending signal 'SIGINT' to process[move_group-1]
[execution_guard-4] [INFO] [1790006485.814873765] [rclcpp]: signal_handler(SIGINT/SIGTERM)
[mtc_planner-3] [INFO] [1790006485.815290754] [rclcpp]: signal_handler(SIGINT/SIGTERM)
[transport_skill_planner-2] [INFO] [1790006485.815596426] [rclcpp]: signal_handler(SIGINT/SIGTERM)
[move_group-1] [INFO] [1790006485.815914239] [rclcpp]: signal_handler(SIGINT/SIGTERM)
[move_group-1] [INFO] [1790006485.830743307] [moveit.ros_planning_interface.moveit_cpp]: Deleting MoveItCpp
[move_group-1] [INFO] [1790006485.831459561] [moveit_ros.planning_scene_monitor.planning_scene_monitor]: Stopped publishing maintained planning scene.
[move_group-1] [INFO] [1790006485.832231835] [moveit_ros.planning_scene_monitor.planning_scene_monitor]: Stopping world geometry monitor
[move_group-1] [INFO] [1790006485.833365900] [moveit_ros.planning_scene_monitor.planning_scene_monitor]: Stopping planning scene monitor
[move_group-1] Warning: class_loader.ClassLoader: SEVERE WARNING!!! Attempting to unload library while objects created by this loader exist in the heap! You should delete your objects before attempting to unload the library or destroying the ClassLoader. The library will NOT be unloaded.
[move_group-1]          at line 127 in ./src/class_loader.cpp
[transport_skill_planner-2] [INFO] [1790006485.889047700] [moveit_ros.planning_scene_monitor.planning_scene_monitor]: Stopping planning scene monitor
[transport_skill_planner-2] [INFO] [1790006485.890111803] [moveit_ros.planning_scene_monitor.planning_scene_monitor]: Stopping world geometry monitor
[transport_skill_planner-2] [INFO] [1790006485.890553927] [moveit_ros.planning_scene_monitor.planning_scene_monitor]: Stopping world geometry monitor
[INFO] [execution_guard-4]: process has finished cleanly [pid 759277]
[INFO] [mtc_planner-3]: process has finished cleanly [pid 759272]
[INFO] [move_group-1]: process has finished cleanly [pid 759266]
[INFO] [transport_skill_planner-2]: process has finished cleanly [pid 759269]
