GEOMETRY_TIMING {"event":"tick","ros_ns":2040000000,"source_ns":0,"steady_ns":1210022286559}
GEOMETRY_TIMING {"event":"tick","ros_ns":2040000000,"source_ns":0,"steady_ns":1210022413432}
GEOMETRY_TIMING {"event":"tick","ros_ns":2060000000,"source_ns":0,"steady_ns":1210042737750}
GEOMETRY_TIMING {"event":"tick","ros_ns":2080000000,"source_ns":0,"steady_ns":1210063040719}
GEOMETRY_TIMING {"event":"tick","ros_ns":2100000000,"source_ns":0,"steady_ns":1210083322796}
GEOMETRY_TIMING {"event":"tick","ros_ns":2120000000,"source_ns":0,"steady_ns":1210103744171}
GEOMETRY_TIMING {"event":"tick","ros_ns":2140000000,"source_ns":0,"steady_ns":1210124150412}
GEOMETRY_TIMING {"event":"submit","ros_ns":2140000000,"source_ns":2140000000,"steady_ns":1210124165031}
GEOMETRY_TIMING {"event":"compute_begin","ros_ns":-1,"source_ns":2140000000,"steady_ns":1210124284989}
GEOMETRY_TIMING {"event":"tick","ros_ns":2160000000,"source_ns":0,"steady_ns":1210144550346}
GEOMETRY_TIMING {"event":"tick","ros_ns":2180000000,"source_ns":0,"steady_ns":1210164891250}
GEOMETRY_TIMING {"event":"tick","ros_ns":2200000000,"source_ns":0,"steady_ns":1210185341167}
GEOMETRY_TIMING {"event":"tick","ros_ns":2220000000,"source_ns":0,"steady_ns":1210205800665}
GEOMETRY_TIMING {"event":"tick","ros_ns":2240000000,"source_ns":0,"steady_ns":1210226243239}
GEOMETRY_TIMING {"event":"compute_end","ros_ns":-1,"source_ns":2140000000,"steady_ns":1210244522543}
GEOMETRY_TIMING {"event":"tick","ros_ns":2240000000,"source_ns":0,"steady_ns":1210245198563}
GEOMETRY_TIMING {"event":"publish","ros_ns":2240000000,"source_ns":2140000000,"steady_ns":1210245341301}
GEOMETRY_TIMING {"event":"tick","ros_ns":2260000000,"source_ns":0,"steady_ns":1210246900729}
GEOMETRY_TIMING {"event":"submit","ros_ns":2260000000,"source_ns":2260000000,"steady_ns":1210246913912}
GEOMETRY_TIMING {"event":"compute_begin","ros_ns":-1,"source_ns":2260000000,"steady_ns":1210246984496}
GEOMETRY_TIMING {"event":"tick","ros_ns":2280000000,"source_ns":0,"steady_ns":1210267372899}
GEOMETRY_TIMING {"event":"tick","ros_ns":2300000000,"source_ns":0,"steady_ns":1210287796600}
GEOMETRY_TIMING {"event":"tick","ros_ns":2320000000,"source_ns":0,"steady_ns":1210308225312}
GEOMETRY_TIMING {"event":"tick","ros_ns":2340000000,"source_ns":0,"steady_ns":1210328532666}
GEOMETRY_TIMING {"event":"tick","ros_ns":2360000000,"source_ns":0,"steady_ns":1210349125600}
GEOMETRY_TIMING {"event":"compute_end","ros_ns":-1,"source_ns":2260000000,"steady_ns":1210367153895}
GEOMETRY_TIMING {"event":"tick","ros_ns":2360000000,"source_ns":0,"steady_ns":1210367918148}
GEOMETRY_TIMING {"event":"publish","ros_ns":2360000000,"source_ns":2260000000,"steady_ns":1210367934879}
GEOMETRY_TIMING {"event":"tick","ros_ns":2380000000,"source_ns":0,"steady_ns":1210369467493}
GEOMETRY_TIMING {"event":"submit","ros_ns":2380000000,"source_ns":2380000000,"steady_ns":1210369479954}
GEOMETRY_TIMING {"event":"compute_begin","ros_ns":-1,"source_ns":2380000000,"steady_ns":1210369538571}
GEOMETRY_TIMING {"event":"tick","ros_ns":2400000000,"source_ns":0,"steady_ns":1210389913209}
GEOMETRY_TIMING {"event":"tick","ros_ns":2420000000,"source_ns":0,"steady_ns":1210410317131}
GEOMETRY_TIMING {"event":"tick","ros_ns":2440000000,"source_ns":0,"steady_ns":1210430731118}
GEOMETRY_TIMING {"event":"tick","ros_ns":2460000000,"source_ns":0,"steady_ns":1210451187367}
GEOMETRY_TIMING {"event":"tick","ros_ns":2480000000,"source_ns":0,"steady_ns":1210471641585}
GEOMETRY_TIMING {"event":"compute_end","ros_ns":-1,"source_ns":2380000000,"steady_ns":1210489742459}
GEOMETRY_TIMING {"event":"tick","ros_ns":2480000000,"source_ns":0,"steady_ns":1210490469513}
GEOMETRY_TIMING {"event":"publish","ros_ns":2480000000,"source_ns":2380000000,"steady_ns":1210490479053}
GEOMETRY_TIMING {"event":"tick","ros_ns":2500000000,"source_ns":0,"steady_ns":1210492148777}
GEOMETRY_TIMING {"event":"submit","ros_ns":2500000000,"source_ns":2500000000,"steady_ns":1210492155216}
GEOMETRY_TIMING {"event":"compute_begin","ros_ns":-1,"source_ns":2500000000,"steady_ns":1210492196931}
GEOMETRY_TIMING {"event":"tick","ros_ns":2520000000,"source_ns":0,"steady_ns":1210512595758}
GEOMETRY_TIMING {"event":"tick","ros_ns":2540000000,"source_ns":0,"steady_ns":1210532972405}
GEOMETRY_TIMING {"event":"tick","ros_ns":2560000000,"source_ns":0,"steady_ns":1210553360223}
GEOMETRY_TIMING {"event":"tick","ros_ns":2580000000,"source_ns":0,"steady_ns":1210573731052}
GEOMETRY_TIMING {"event":"tick","ros_ns":2600000000,"source_ns":0,"steady_ns":1210594068643}
GEOMETRY_TIMING {"event":"compute_end","ros_ns":-1,"source_ns":2500000000,"steady_ns":1210612406993}
GEOMETRY_TIMING {"event":"tick","ros_ns":2600000000,"source_ns":0,"steady_ns":1210613140798}
GEOMETRY_TIMING {"event":"publish","ros_ns":2600000000,"source_ns":2500000000,"steady_ns":1210613157540}
GEOMETRY_TIMING {"event":"tick","ros_ns":2620000000,"source_ns":0,"steady_ns":1210614384628}
GEOMETRY_TIMING {"event":"submit","ros_ns":2620000000,"source_ns":2620000000,"steady_ns":1210614394519}
GEOMETRY_TIMING {"event":"compute_begin","ros_ns":-1,"source_ns":2620000000,"steady_ns":1210614446760}
GEOMETRY_TIMING {"event":"tick","ros_ns":2640000000,"source_ns":0,"steady_ns":1210634753760}
GEOMETRY_TIMING {"event":"tick","ros_ns":2660000000,"source_ns":0,"steady_ns":1210655157326}
GEOMETRY_TIMING {"event":"tick","ros_ns":2680000000,"source_ns":0,"steady_ns":1210675556984}
GEOMETRY_TIMING {"event":"tick","ros_ns":2700000000,"source_ns":0,"steady_ns":1210695884860}
GEOMETRY_TIMING {"event":"tick","ros_ns":2720000000,"source_ns":0,"steady_ns":1210716212008}
GEOMETRY_TIMING {"event":"compute_end","ros_ns":-1,"source_ns":2620000000,"steady_ns":1210734639453}
GEOMETRY_TIMING {"event":"tick","ros_ns":2720000000,"source_ns":0,"steady_ns":1210735394516}
GEOMETRY_TIMING {"event":"publish","ros_ns":2720000000,"source_ns":2620000000,"steady_ns":1210735411139}
GEOMETRY_TIMING {"event":"tick","ros_ns":2740000000,"source_ns":0,"steady_ns":1210736582423}
GEOMETRY_TIMING {"event":"submit","ros_ns":2740000000,"source_ns":2740000000,"steady_ns":1210736594074}
GEOMETRY_TIMING {"event":"compute_begin","ros_ns":-1,"source_ns":2740000000,"steady_ns":1210736660086}
GEOMETRY_TIMING {"event":"tick","ros_ns":2760000000,"source_ns":0,"steady_ns":1210756990088}
GEOMETRY_TIMING {"event":"tick","ros_ns":2780000000,"source_ns":0,"steady_ns":1210777437838}
GEOMETRY_TIMING {"event":"tick","ros_ns":2800000000,"source_ns":0,"steady_ns":1210797837019}
GEOMETRY_TIMING {"event":"tick","ros_ns":2820000000,"source_ns":0,"steady_ns":1210818144532}
GEOMETRY_TIMING {"event":"tick","ros_ns":2840000000,"source_ns":0,"steady_ns":1210838577759}
GEOMETRY_TIMING {"event":"compute_end","ros_ns":-1,"source_ns":2740000000,"steady_ns":1210856826086}
GEOMETRY_TIMING {"event":"tick","ros_ns":2840000000,"source_ns":0,"steady_ns":1210857608831}
GEOMETRY_TIMING {"event":"publish","ros_ns":2840000000,"source_ns":2740000000,"steady_ns":1210857759808}
GEOMETRY_TIMING {"event":"tick","ros_ns":2860000000,"source_ns":0,"steady_ns":1210859323520}
GEOMETRY_TIMING {"event":"submit","ros_ns":2860000000,"source_ns":2860000000,"steady_ns":1210859337261}
GEOMETRY_TIMING {"event":"compute_begin","ros_ns":-1,"source_ns":2860000000,"steady_ns":1210859404536}
GEOMETRY_TIMING {"event":"tick","ros_ns":2880000000,"source_ns":0,"steady_ns":1210879629482}
GEOMETRY_TIMING {"event":"tick","ros_ns":2900000000,"source_ns":0,"steady_ns":1210900082967}
GEOMETRY_TIMING {"event":"tick","ros_ns":2920000000,"source_ns":0,"steady_ns":1210920402949}
GEOMETRY_TIMING {"event":"tick","ros_ns":2940000000,"source_ns":0,"steady_ns":1210940892191}
GEOMETRY_TIMING {"event":"tick","ros_ns":2960000000,"source_ns":0,"steady_ns":1210961419701}
GEOMETRY_TIMING {"event":"compute_end","ros_ns":-1,"source_ns":2860000000,"steady_ns":1210979608563}
GEOMETRY_TIMING {"event":"tick","ros_ns":2960000000,"source_ns":0,"steady_ns":1210980347701}
GEOMETRY_TIMING {"event":"publish","ros_ns":2960000000,"source_ns":2860000000,"steady_ns":1210980363381}
GEOMETRY_TIMING {"event":"tick","ros_ns":2980000000,"source_ns":0,"steady_ns":1210981835907}
GEOMETRY_TIMING {"event":"submit","ros_ns":2980000000,"source_ns":2980000000,"steady_ns":1210981847972}
GEOMETRY_TIMING {"event":"compute_begin","ros_ns":-1,"source_ns":2980000000,"steady_ns":1210981913062}
GEOMETRY_TIMING {"event":"tick","ros_ns":3000000000,"source_ns":0,"steady_ns":1211002407014}
GEOMETRY_TIMING {"event":"tick","ros_ns":3020000000,"source_ns":0,"steady_ns":1211022834349}
GEOMETRY_TIMING {"event":"tick","ros_ns":3040000000,"source_ns":0,"steady_ns":1211043173629}
GEOMETRY_TIMING {"event":"tick","ros_ns":3060000000,"source_ns":0,"steady_ns":1211063467417}
GEOMETRY_TIMING {"event":"tick","ros_ns":3080000000,"source_ns":0,"steady_ns":1211083788584}
GEOMETRY_TIMING {"event":"compute_end","ros_ns":-1,"source_ns":2980000000,"steady_ns":1211102114169}
GEOMETRY_TIMING {"event":"tick","ros_ns":3080000000,"source_ns":0,"steady_ns":1211102848640}
GEOMETRY_TIMING {"event":"publish","ros_ns":3080000000,"source_ns":2980000000,"steady_ns":1211102865987}
GEOMETRY_TIMING {"event":"tick","ros_ns":3100000000,"source_ns":0,"steady_ns":1211104107445}
GEOMETRY_TIMING {"event":"submit","ros_ns":3100000000,"source_ns":3100000000,"steady_ns":1211104119416}
GEOMETRY_TIMING {"event":"compute_begin","ros_ns":-1,"source_ns":3100000000,"steady_ns":1211104179334}
GEOMETRY_TIMING {"event":"tick","ros_ns":3120000000,"source_ns":0,"steady_ns":1211124434849}
GEOMETRY_TIMING {"event":"tick","ros_ns":3140000000,"source_ns":0,"steady_ns":1211144924300}
GEOMETRY_TIMING {"event":"tick","ros_ns":3160000000,"source_ns":0,"steady_ns":1211165371392}
GEOMETRY_TIMING {"event":"tick","ros_ns":3180000000,"source_ns":0,"steady_ns":1211185830964}
GEOMETRY_TIMING {"event":"tick","ros_ns":3200000000,"source_ns":0,"steady_ns":1211206170246}
GEOMETRY_TIMING {"event":"compute_end","ros_ns":-1,"source_ns":3100000000,"steady_ns":1211224381956}
GEOMETRY_TIMING {"event":"tick","ros_ns":3200000000,"source_ns":0,"steady_ns":1211225112835}
GEOMETRY_TIMING {"event":"publish","ros_ns":3200000000,"source_ns":3100000000,"steady_ns":1211225124159}
GEOMETRY_TIMING {"event":"tick","ros_ns":3220000000,"source_ns":0,"steady_ns":1211226566870}
GEOMETRY_TIMING {"event":"submit","ros_ns":3220000000,"source_ns":3220000000,"steady_ns":1211226573249}
GEOMETRY_TIMING {"event":"compute_begin","ros_ns":-1,"source_ns":3220000000,"steady_ns":1211226627011}
GEOMETRY_TIMING {"event":"tick","ros_ns":3240000000,"source_ns":0,"steady_ns":1211246964089}
GEOMETRY_TIMING {"event":"tick","ros_ns":3260000000,"source_ns":0,"steady_ns":1211267318036}
GEOMETRY_TIMING {"event":"tick","ros_ns":3280000000,"source_ns":0,"steady_ns":1211287684383}
GEOMETRY_TIMING {"event":"tick","ros_ns":3300000000,"source_ns":0,"steady_ns":1211308038162}
GEOMETRY_TIMING {"event":"tick","ros_ns":3320000000,"source_ns":0,"steady_ns":1211328438707}
GEOMETRY_TIMING {"event":"compute_end","ros_ns":-1,"source_ns":3220000000,"steady_ns":1211346825470}
GEOMETRY_TIMING {"event":"tick","ros_ns":3320000000,"source_ns":0,"steady_ns":1211347571663}
GEOMETRY_TIMING {"event":"publish","ros_ns":3320000000,"source_ns":3220000000,"steady_ns":1211347590482}
GEOMETRY_TIMING {"event":"tick","ros_ns":3340000000,"source_ns":0,"steady_ns":1211348769821}
GEOMETRY_TIMING {"event":"submit","ros_ns":3340000000,"source_ns":3340000000,"steady_ns":1211348784698}
GEOMETRY_TIMING {"event":"compute_begin","ros_ns":-1,"source_ns":3340000000,"steady_ns":1211348852692}
GEOMETRY_TIMING {"event":"tick","ros_ns":3360000000,"source_ns":0,"steady_ns":1211369104302}
GEOMETRY_TIMING {"event":"tick","ros_ns":3380000000,"source_ns":0,"steady_ns":1211389416350}
GEOMETRY_TIMING {"event":"tick","ros_ns":3400000000,"source_ns":0,"steady_ns":1211409880314}
GEOMETRY_TIMING {"event":"tick","ros_ns":3420000000,"source_ns":0,"steady_ns":1211430359310}
GEOMETRY_TIMING {"event":"tick","ros_ns":3440000000,"source_ns":0,"steady_ns":1211450718704}
GEOMETRY_TIMING {"event":"compute_end","ros_ns":-1,"source_ns":3340000000,"steady_ns":1211469058997}
GEOMETRY_TIMING {"event":"tick","ros_ns":3440000000,"source_ns":0,"steady_ns":1211469790215}
GEOMETRY_TIMING {"event":"publish","ros_ns":3440000000,"source_ns":3340000000,"steady_ns":1211469926431}
GEOMETRY_TIMING {"event":"tick","ros_ns":3460000000,"source_ns":0,"steady_ns":1211472209893}
GEOMETRY_TIMING {"event":"submit","ros_ns":3460000000,"source_ns":3460000000,"steady_ns":1211472227731}
GEOMETRY_TIMING {"event":"compute_begin","ros_ns":-1,"source_ns":3460000000,"steady_ns":1211472278825}
GEOMETRY_TIMING {"event":"tick","ros_ns":3480000000,"source_ns":0,"steady_ns":1211492717545}
GEOMETRY_TIMING {"event":"tick","ros_ns":3500000000,"source_ns":0,"steady_ns":1211513198507}
GEOMETRY_TIMING {"event":"tick","ros_ns":3520000000,"source_ns":0,"steady_ns":1211533711105}
GEOMETRY_TIMING {"event":"tick","ros_ns":3540000000,"source_ns":0,"steady_ns":1211554114966}
GEOMETRY_TIMING {"event":"tick","ros_ns":3560000000,"source_ns":0,"steady_ns":1211574538685}
GEOMETRY_TIMING {"event":"compute_end","ros_ns":-1,"source_ns":3460000000,"steady_ns":1211592481868}
GEOMETRY_TIMING {"event":"tick","ros_ns":3560000000,"source_ns":0,"steady_ns":1211593222309}
GEOMETRY_TIMING {"event":"publish","ros_ns":3560000000,"source_ns":3460000000,"steady_ns":1211593241050}
GEOMETRY_TIMING {"event":"tick","ros_ns":3580000000,"source_ns":0,"steady_ns":1211595040032}
GEOMETRY_TIMING {"event":"submit","ros_ns":3580000000,"source_ns":3580000000,"steady_ns":1211595053858}
GEOMETRY_TIMING {"event":"compute_begin","ros_ns":-1,"source_ns":3580000000,"steady_ns":1211595110499}
GEOMETRY_TIMING {"event":"tick","ros_ns":3600000000,"source_ns":0,"steady_ns":1211615449398}
GEOMETRY_TIMING {"event":"tick","ros_ns":3620000000,"source_ns":0,"steady_ns":1211635833738}
GEOMETRY_TIMING {"event":"tick","ros_ns":3640000000,"source_ns":0,"steady_ns":1211656258710}
GEOMETRY_TIMING {"event":"tick","ros_ns":3660000000,"source_ns":0,"steady_ns":1211676603418}
GEOMETRY_TIMING {"event":"tick","ros_ns":3680000000,"source_ns":0,"steady_ns":1211697081644}
GEOMETRY_TIMING {"event":"compute_end","ros_ns":-1,"source_ns":3580000000,"steady_ns":1211715308859}
GEOMETRY_TIMING {"event":"tick","ros_ns":3680000000,"source_ns":0,"steady_ns":1211716017950}
GEOMETRY_TIMING {"event":"publish","ros_ns":3680000000,"source_ns":3580000000,"steady_ns":1211716028871}
GEOMETRY_TIMING {"event":"tick","ros_ns":3700000000,"source_ns":0,"steady_ns":1211717543395}
GEOMETRY_TIMING {"event":"submit","ros_ns":3700000000,"source_ns":3700000000,"steady_ns":1211717556774}
GEOMETRY_TIMING {"event":"compute_begin","ros_ns":-1,"source_ns":3700000000,"steady_ns":1211717621929}
GEOMETRY_TIMING {"event":"tick","ros_ns":3720000000,"source_ns":0,"steady_ns":1211738010008}
GEOMETRY_TIMING {"event":"tick","ros_ns":3740000000,"source_ns":0,"steady_ns":1211758463934}
GEOMETRY_TIMING {"event":"tick","ros_ns":3760000000,"source_ns":0,"steady_ns":1211778949042}
GEOMETRY_TIMING {"event":"tick","ros_ns":3780000000,"source_ns":0,"steady_ns":1211799388476}
GEOMETRY_TIMING {"event":"tick","ros_ns":3800000000,"source_ns":0,"steady_ns":1211819792943}
GEOMETRY_TIMING {"event":"compute_end","ros_ns":-1,"source_ns":3700000000,"steady_ns":1211837828507}
GEOMETRY_TIMING {"event":"tick","ros_ns":3800000000,"source_ns":0,"steady_ns":1211838573595}
GEOMETRY_TIMING {"event":"publish","ros_ns":3800000000,"source_ns":3700000000,"steady_ns":1211838590566}
GEOMETRY_TIMING {"event":"tick","ros_ns":3820000000,"source_ns":0,"steady_ns":1211840274462}
GEOMETRY_TIMING {"event":"submit","ros_ns":3820000000,"source_ns":3820000000,"steady_ns":1211840289450}
GEOMETRY_TIMING {"event":"compute_begin","ros_ns":-1,"source_ns":3820000000,"steady_ns":1211840349544}
GEOMETRY_TIMING {"event":"tick","ros_ns":3840000000,"source_ns":0,"steady_ns":1211860666977}
GEOMETRY_TIMING {"event":"tick","ros_ns":3860000000,"source_ns":0,"steady_ns":1211881042350}
GEOMETRY_TIMING {"event":"tick","ros_ns":3880000000,"source_ns":0,"steady_ns":1211901398784}
GEOMETRY_TIMING {"event":"tick","ros_ns":3900000000,"source_ns":0,"steady_ns":1211921882564}
GEOMETRY_TIMING {"event":"tick","ros_ns":3920000000,"source_ns":0,"steady_ns":1211942343566}
GEOMETRY_TIMING {"event":"compute_end","ros_ns":-1,"source_ns":3820000000,"steady_ns":1211960552023}
GEOMETRY_TIMING {"event":"tick","ros_ns":3920000000,"source_ns":0,"steady_ns":1211961294004}
GEOMETRY_TIMING {"event":"publish","ros_ns":3920000000,"source_ns":3820000000,"steady_ns":1211961318156}
GEOMETRY_TIMING {"event":"tick","ros_ns":3940000000,"source_ns":0,"steady_ns":1211962657219}
GEOMETRY_TIMING {"event":"submit","ros_ns":3940000000,"source_ns":3940000000,"steady_ns":1211962669465}
GEOMETRY_TIMING {"event":"compute_begin","ros_ns":-1,"source_ns":3940000000,"steady_ns":1211962725745}
GEOMETRY_TIMING {"event":"tick","ros_ns":3960000000,"source_ns":0,"steady_ns":1211982993148}
GEOMETRY_TIMING {"event":"tick","ros_ns":3980000000,"source_ns":0,"steady_ns":1212003305663}
GEOMETRY_TIMING {"event":"tick","ros_ns":4000000000,"source_ns":0,"steady_ns":1212023746064}
GEOMETRY_TIMING {"event":"tick","ros_ns":4020000000,"source_ns":0,"steady_ns":1212044329645}
GEOMETRY_TIMING {"event":"tick","ros_ns":4040000000,"source_ns":0,"steady_ns":1212064687247}
GEOMETRY_TIMING {"event":"compute_end","ros_ns":-1,"source_ns":3940000000,"steady_ns":1212082919398}
GEOMETRY_TIMING {"event":"tick","ros_ns":4040000000,"source_ns":0,"steady_ns":1212083672421}
GEOMETRY_TIMING {"event":"publish","ros_ns":4040000000,"source_ns":3940000000,"steady_ns":1212083815619}
GEOMETRY_TIMING {"event":"tick","ros_ns":4060000000,"source_ns":0,"steady_ns":1212085338006}
GEOMETRY_TIMING {"event":"submit","ros_ns":4060000000,"source_ns":4060000000,"steady_ns":1212085349785}
GEOMETRY_TIMING {"event":"compute_begin","ros_ns":-1,"source_ns":4060000000,"steady_ns":1212085394175}
GEOMETRY_TIMING {"event":"tick","ros_ns":4080000000,"source_ns":0,"steady_ns":1212105755044}
GEOMETRY_TIMING {"event":"tick","ros_ns":4100000000,"source_ns":0,"steady_ns":1212126108894}
GEOMETRY_TIMING {"event":"tick","ros_ns":4120000000,"source_ns":0,"steady_ns":1212146622624}
GEOMETRY_TIMING {"event":"tick","ros_ns":4140000000,"source_ns":0,"steady_ns":1212166973621}
GEOMETRY_TIMING {"event":"tick","ros_ns":4160000000,"source_ns":0,"steady_ns":1212187298199}
GEOMETRY_TIMING {"event":"compute_end","ros_ns":-1,"source_ns":4060000000,"steady_ns":1212205601626}
GEOMETRY_TIMING {"event":"tick","ros_ns":4160000000,"source_ns":0,"steady_ns":1212206343518}
GEOMETRY_TIMING {"event":"publish","ros_ns":4160000000,"source_ns":4060000000,"steady_ns":1212206360952}
GEOMETRY_TIMING {"event":"tick","ros_ns":4180000000,"source_ns":0,"steady_ns":1212207626935}
GEOMETRY_TIMING {"event":"submit","ros_ns":4180000000,"source_ns":4180000000,"steady_ns":1212207637174}
GEOMETRY_TIMING {"event":"compute_begin","ros_ns":-1,"source_ns":4180000000,"steady_ns":1212207686050}
GEOMETRY_TIMING {"event":"tick","ros_ns":4200000000,"source_ns":0,"steady_ns":1212228168379}
GEOMETRY_TIMING {"event":"tick","ros_ns":4220000000,"source_ns":0,"steady_ns":1212248909093}
GEOMETRY_TIMING {"event":"tick","ros_ns":4240000000,"source_ns":0,"steady_ns":1212269560436}
GEOMETRY_TIMING {"event":"tick","ros_ns":4260000000,"source_ns":0,"steady_ns":1212290628190}
GEOMETRY_TIMING {"event":"tick","ros_ns":4280000000,"source_ns":0,"steady_ns":1212311673370}
GEOMETRY_TIMING {"event":"compute_end","ros_ns":-1,"source_ns":4180000000,"steady_ns":1212327849184}
GEOMETRY_TIMING {"event":"tick","ros_ns":4280000000,"source_ns":0,"steady_ns":1212328601240}
GEOMETRY_TIMING {"event":"publish","ros_ns":4280000000,"source_ns":4180000000,"steady_ns":1212328618578}
GEOMETRY_TIMING {"event":"tick","ros_ns":4300000000,"source_ns":0,"steady_ns":1212332730672}
GEOMETRY_TIMING {"event":"submit","ros_ns":4300000000,"source_ns":4300000000,"steady_ns":1212332741948}
GEOMETRY_TIMING {"event":"compute_begin","ros_ns":-1,"source_ns":4300000000,"steady_ns":1212332790536}
GEOMETRY_TIMING {"event":"compute_end","ros_ns":-1,"source_ns":4300000000,"steady_ns":1212452989752}
GEOMETRY_TIMING {"event":"tick","ros_ns":4300000000,"source_ns":0,"steady_ns":1212453738696}
[INFO] [1789977117.217081018] [rclcpp]: signal_handler(SIGINT/SIGTERM)
