Running main() from /opt/ros/humble/src/gtest_vendor/src/gtest_main.cc
[==========] Running 9 tests from 1 test suite.
[----------] Global test environment set-up.
[----------] 9 tests from ScanTiming
[ RUN      ] ScanTiming.CorrelatesCaptureReceiveTfSelectionAndFinish
[       OK ] ScanTiming.CorrelatesCaptureReceiveTfSelectionAndFinish (0 ms)
[ RUN      ] ScanTiming.DuplicateAndOutOfOrderCapturesKeepDistinctArrivalIdentity
[       OK ] ScanTiming.DuplicateAndOutOfOrderCapturesKeepDistinctArrivalIdentity (0 ms)
[ RUN      ] ScanTiming.ZeroRosTimeIsARealMilestoneAndClocksAreNeverMixed
[       OK ] ScanTiming.ZeroRosTimeIsARealMilestoneAndClocksAreNeverMixed (0 ms)
[ RUN      ] ScanTiming.FailedProcessingDoesNotPretendToRefreshSuccessfulInput
[       OK ] ScanTiming.FailedProcessingDoesNotPretendToRefreshSuccessfulInput (0 ms)
[ RUN      ] ScanTiming.CapacityIsBoundedAndLostUpdatesAreExplicit
[       OK ] ScanTiming.CapacityIsBoundedAndLostUpdatesAreExplicit (0 ms)
[ RUN      ] ScanTiming.EpochResetInvalidatesPreviousSelectedAndSuccessfulRecords
[       OK ] ScanTiming.EpochResetInvalidatesPreviousSelectedAndSuccessfulRecords (0 ms)
[ RUN      ] ScanTiming.DropReasonsAndFirstTfReadinessAreNotOverwritten
[       OK ] ScanTiming.DropReasonsAndFirstTfReadinessAreNotOverwritten (0 ms)
[ RUN      ] ScanTiming.DiagnosticTextStorageIsBounded
[       OK ] ScanTiming.DiagnosticTextStorageIsBounded (0 ms)
[ RUN      ] ScanTiming.DeferralDoesNotPretendToPerformTfOrFinishAFrame
[       OK ] ScanTiming.DeferralDoesNotPretendToPerformTfOrFinishAFrame (0 ms)
[----------] 9 tests from ScanTiming (0 ms total)

[----------] Global test environment tear-down
[==========] 9 tests from 1 test suite ran. (0 ms total)
[  PASSED  ] 9 tests.
