{
  "video_integrity": {
    "sidecar_rows": 307,
    "summary_frames": 307,
    "owner_decoded_frames": 307,
    "owner_decode_passed": true,
    "independently_decoded_in_this_analysis": false,
    "contiguous_indices": true,
    "status_references_exact": true,
    "recorder_returncode": -2,
    "stop_interpretation": "Owner-controlled SIGINT; retained finally output, not normal duration completion"
  },
  "coverage": {
    "overview_first_source_ns": 23059000000,
    "overview_last_source_ns": 64200000000,
    "source_span_sec": 41.141,
    "first_receive_monotonic_ns": 81979236833805,
    "last_receive_monotonic_ns": 82022419156278,
    "receive_span_sec": 43.182322473,
    "recorder_loop_wall_sec": 44.27569086800213,
    "encoded_playback_sec": 30.7,
    "native_status_events": 865,
    "native_status_reasons": {
      "WAITING_FOR_TASK": 865
    },
    "drawn_status_reasons": {
      "NO_STATUS_YET": 1,
      "WAITING_FOR_TASK": 306
    },
    "pre_action_receipt_receive_sec": 82001.581184515,
    "probe_error": "ValueError('STALE_LEDGER_CAPTURE')",
    "feedback_count": 0,
    "envelope_count": 0,
    "ack_count": 0,
    "pending_hold_uuid": null,
    "action_result": "NOT_SENT",
    "actual_motion_validation": "NOT_RUN",
    "hold_acceptance": "NOT_RUN"
  },
  "head_inset": {
    "present_frames": 260,
    "missing_frames": 47,
    "first_present_frame_index": 47,
    "first_present_overview_source_ns": 23500000000,
    "first_present_after_first_overview_receive_sec": 0.876762498,
    "unique_source_stamps": 260,
    "consecutive_reused_source_count": 0,
    "consecutive_reused_receipt_count": 0,
    "cache_residence_at_overview_receive_ms": {
      "samples": 260,
      "percentile_method": "linear",
      "min": 12.401284,
      "max": 36.876829,
      "p50": 17.2543925,
      "p95": 21.035051649999996,
      "p99": 24.17415828000005
    },
    "source_age_vs_overview_latest_clock_ms": {
      "samples": 260,
      "percentile_method": "linear",
      "min": 36.0,
      "max": 54.0,
      "p50": 47.0,
      "p95": 54.0,
      "p99": 54.0
    },
    "negative_ros_age_samples": 0,
    "source_regressions_in_visible_samples": 0,
    "scope": "Only head samples selected for inset; not the full head topic, and cache residence is not capture-to-display latency"
  },
  "recorder_work": {
    "encode_call_ms": {
      "samples": 307,
      "percentile_method": "linear",
      "min": 2.068246,
      "max": 6.349792,
      "p50": 2.690115,
      "p95": 4.1668110999999985,
      "p99": 5.04572788
    },
    "receive_to_encode_start_ms": {
      "samples": 307,
      "percentile_method": "linear",
      "min": 3.302206,
      "max": 6.593782,
      "p50": 3.99897,
      "p95": 5.7367506,
      "p99": 5.888302599999999
    }
  }
}
overview receive gaps {'samples': 306, 'percentile_method': 'linear', 'min': 6.558036, 'max': 608.251914, 'p50': 107.5463125, 'p95': 375.13072725, 'p99': 528.3089429999999}
overview source gaps {'samples': 306, 'percentile_method': 'linear', 'min': 1.0, 'max': 600.0, 'p50': 100.0, 'p95': 300.0, 'p99': 500.0}
overview ROS age {'samples': 307, 'percentile_method': 'linear', 'min': -1.0, 'max': 54.0, 'p50': 46.0, 'p95': 54.0, 'p99': 54.0}
