FFFFFFFFFFFFFFFFF.                                                       [100%]
=================================== FAILURES ===================================
_ test_retired_module_is_only_an_explicit_test_reference[astribot_s1_chassis_effort_drive-omni_effort_drive_node] _

package = 'astribot_s1_chassis_effort_drive', module = 'omni_effort_drive_node'

    @pytest.mark.parametrize('package,module', [
        (package, module) for package, modules in RETIRED.items() for module in modules])
    def test_retired_module_is_only_an_explicit_test_reference(package, module):
        production = ROOT / 'ws_robot/src' / package / package
>       assert not (production / (module + '.py')).exists()
E       AssertionError: assert not True
E        +  where True = <bound method Path.exists of PosixPath('/home/yjh/WorkSpace/astribot_sdk_ros2/ws_robot/src/astribot_s1_chassis_effort_drive/astribot_s1_chassis_effort_drive/omni_effort_drive_node.py')>()
E        +    where <bound method Path.exists of PosixPath('/home/yjh/WorkSpace/astribot_sdk_ros2/ws_robot/src/astribot_s1_chassis_effort_drive/astribot_s1_chassis_effort_drive/omni_effort_drive_node.py')> = (PosixPath('/home/yjh/WorkSpace/astribot_sdk_ros2/ws_robot/src/astribot_s1_chassis_effort_drive/astribot_s1_chassis_effort_drive') / ('omni_effort_drive_node' + '.py')).exists

tools/migration/test/test_retired_python_packaging.py:25: AssertionError
_ test_retired_module_is_only_an_explicit_test_reference[astribot_s1_navigation-arm_reach_metric] _

package = 'astribot_s1_navigation', module = 'arm_reach_metric'

    @pytest.mark.parametrize('package,module', [
        (package, module) for package, modules in RETIRED.items() for module in modules])
    def test_retired_module_is_only_an_explicit_test_reference(package, module):
        production = ROOT / 'ws_robot/src' / package / package
>       assert not (production / (module + '.py')).exists()
E       AssertionError: assert not True
E        +  where True = <bound method Path.exists of PosixPath('/home/yjh/WorkSpace/astribot_sdk_ros2/ws_robot/src/astribot_s1_navigation/astribot_s1_navigation/arm_reach_metric.py')>()
E        +    where <bound method Path.exists of PosixPath('/home/yjh/WorkSpace/astribot_sdk_ros2/ws_robot/src/astribot_s1_navigation/astribot_s1_navigation/arm_reach_metric.py')> = (PosixPath('/home/yjh/WorkSpace/astribot_sdk_ros2/ws_robot/src/astribot_s1_navigation/astribot_s1_navigation') / ('arm_reach_metric' + '.py')).exists

tools/migration/test/test_retired_python_packaging.py:25: AssertionError
_ test_retired_module_is_only_an_explicit_test_reference[astribot_s1_navigation-arm_speed_limiter_node] _

package = 'astribot_s1_navigation', module = 'arm_speed_limiter_node'

    @pytest.mark.parametrize('package,module', [
        (package, module) for package, modules in RETIRED.items() for module in modules])
    def test_retired_module_is_only_an_explicit_test_reference(package, module):
        production = ROOT / 'ws_robot/src' / package / package
>       assert not (production / (module + '.py')).exists()
E       AssertionError: assert not True
E        +  where True = <bound method Path.exists of PosixPath('/home/yjh/WorkSpace/astribot_sdk_ros2/ws_robot/src/astribot_s1_navigation/astribot_s1_navigation/arm_speed_limiter_node.py')>()
E        +    where <bound method Path.exists of PosixPath('/home/yjh/WorkSpace/astribot_sdk_ros2/ws_robot/src/astribot_s1_navigation/astribot_s1_navigation/arm_speed_limiter_node.py')> = (PosixPath('/home/yjh/WorkSpace/astribot_sdk_ros2/ws_robot/src/astribot_s1_navigation/astribot_s1_navigation') / ('arm_speed_limiter_node' + '.py')).exists

tools/migration/test/test_retired_python_packaging.py:25: AssertionError
_ test_retired_module_is_only_an_explicit_test_reference[astribot_s1_navigation-cmd_vel_body_to_world_node] _

package = 'astribot_s1_navigation', module = 'cmd_vel_body_to_world_node'

    @pytest.mark.parametrize('package,module', [
        (package, module) for package, modules in RETIRED.items() for module in modules])
    def test_retired_module_is_only_an_explicit_test_reference(package, module):
        production = ROOT / 'ws_robot/src' / package / package
>       assert not (production / (module + '.py')).exists()
E       AssertionError: assert not True
E        +  where True = <bound method Path.exists of PosixPath('/home/yjh/WorkSpace/astribot_sdk_ros2/ws_robot/src/astribot_s1_navigation/astribot_s1_navigation/cmd_vel_body_to_world_node.py')>()
E        +    where <bound method Path.exists of PosixPath('/home/yjh/WorkSpace/astribot_sdk_ros2/ws_robot/src/astribot_s1_navigation/astribot_s1_navigation/cmd_vel_body_to_world_node.py')> = (PosixPath('/home/yjh/WorkSpace/astribot_sdk_ros2/ws_robot/src/astribot_s1_navigation/astribot_s1_navigation') / ('cmd_vel_body_to_world_node' + '.py')).exists

tools/migration/test/test_retired_python_packaging.py:25: AssertionError
_ test_retired_module_is_only_an_explicit_test_reference[astribot_s1_navigation-posture_monitor_policy] _

package = 'astribot_s1_navigation', module = 'posture_monitor_policy'

    @pytest.mark.parametrize('package,module', [
        (package, module) for package, modules in RETIRED.items() for module in modules])
    def test_retired_module_is_only_an_explicit_test_reference(package, module):
        production = ROOT / 'ws_robot/src' / package / package
>       assert not (production / (module + '.py')).exists()
E       AssertionError: assert not True
E        +  where True = <bound method Path.exists of PosixPath('/home/yjh/WorkSpace/astribot_sdk_ros2/ws_robot/src/astribot_s1_navigation/astribot_s1_navigation/posture_monitor_policy.py')>()
E        +    where <bound method Path.exists of PosixPath('/home/yjh/WorkSpace/astribot_sdk_ros2/ws_robot/src/astribot_s1_navigation/astribot_s1_navigation/posture_monitor_policy.py')> = (PosixPath('/home/yjh/WorkSpace/astribot_sdk_ros2/ws_robot/src/astribot_s1_navigation/astribot_s1_navigation') / ('posture_monitor_policy' + '.py')).exists

tools/migration/test/test_retired_python_packaging.py:25: AssertionError
_ test_retired_module_is_only_an_explicit_test_reference[astribot_s1_navigation_policy-cmd_vel_math] _

package = 'astribot_s1_navigation_policy', module = 'cmd_vel_math'

    @pytest.mark.parametrize('package,module', [
        (package, module) for package, modules in RETIRED.items() for module in modules])
    def test_retired_module_is_only_an_explicit_test_reference(package, module):
        production = ROOT / 'ws_robot/src' / package / package
>       assert not (production / (module + '.py')).exists()
E       AssertionError: assert not True
E        +  where True = <bound method Path.exists of PosixPath('/home/yjh/WorkSpace/astribot_sdk_ros2/ws_robot/src/astribot_s1_navigation_policy/astribot_s1_navigation_policy/cmd_vel_math.py')>()
E        +    where <bound method Path.exists of PosixPath('/home/yjh/WorkSpace/astribot_sdk_ros2/ws_robot/src/astribot_s1_navigation_policy/astribot_s1_navigation_policy/cmd_vel_math.py')> = (PosixPath('/home/yjh/WorkSpace/astribot_sdk_ros2/ws_robot/src/astribot_s1_navigation_policy/astribot_s1_navigation_policy') / ('cmd_vel_math' + '.py')).exists

tools/migration/test/test_retired_python_packaging.py:25: AssertionError
_ test_retired_module_is_only_an_explicit_test_reference[astribot_s1_navigation_policy-costmap_scan_node] _

package = 'astribot_s1_navigation_policy', module = 'costmap_scan_node'

    @pytest.mark.parametrize('package,module', [
        (package, module) for package, modules in RETIRED.items() for module in modules])
    def test_retired_module_is_only_an_explicit_test_reference(package, module):
        production = ROOT / 'ws_robot/src' / package / package
>       assert not (production / (module + '.py')).exists()
E       AssertionError: assert not True
E        +  where True = <bound method Path.exists of PosixPath('/home/yjh/WorkSpace/astribot_sdk_ros2/ws_robot/src/astribot_s1_navigation_policy/astribot_s1_navigation_policy/costmap_scan_node.py')>()
E        +    where <bound method Path.exists of PosixPath('/home/yjh/WorkSpace/astribot_sdk_ros2/ws_robot/src/astribot_s1_navigation_policy/astribot_s1_navigation_policy/costmap_scan_node.py')> = (PosixPath('/home/yjh/WorkSpace/astribot_sdk_ros2/ws_robot/src/astribot_s1_navigation_policy/astribot_s1_navigation_policy') / ('costmap_scan_node' + '.py')).exists

tools/migration/test/test_retired_python_packaging.py:25: AssertionError
_ test_retired_module_is_only_an_explicit_test_reference[astribot_s1_navigation_policy-envelope_node] _

package = 'astribot_s1_navigation_policy', module = 'envelope_node'

    @pytest.mark.parametrize('package,module', [
        (package, module) for package, modules in RETIRED.items() for module in modules])
    def test_retired_module_is_only_an_explicit_test_reference(package, module):
        production = ROOT / 'ws_robot/src' / package / package
>       assert not (production / (module + '.py')).exists()
E       AssertionError: assert not True
E        +  where True = <bound method Path.exists of PosixPath('/home/yjh/WorkSpace/astribot_sdk_ros2/ws_robot/src/astribot_s1_navigation_policy/astribot_s1_navigation_policy/envelope_node.py')>()
E        +    where <bound method Path.exists of PosixPath('/home/yjh/WorkSpace/astribot_sdk_ros2/ws_robot/src/astribot_s1_navigation_policy/astribot_s1_navigation_policy/envelope_node.py')> = (PosixPath('/home/yjh/WorkSpace/astribot_sdk_ros2/ws_robot/src/astribot_s1_navigation_policy/astribot_s1_navigation_policy') / ('envelope_node' + '.py')).exists

tools/migration/test/test_retired_python_packaging.py:25: AssertionError
_ test_retired_module_is_only_an_explicit_test_reference[astribot_s1_navigation_policy-fixed_envelope] _

package = 'astribot_s1_navigation_policy', module = 'fixed_envelope'

    @pytest.mark.parametrize('package,module', [
        (package, module) for package, modules in RETIRED.items() for module in modules])
    def test_retired_module_is_only_an_explicit_test_reference(package, module):
        production = ROOT / 'ws_robot/src' / package / package
>       assert not (production / (module + '.py')).exists()
E       AssertionError: assert not True
E        +  where True = <bound method Path.exists of PosixPath('/home/yjh/WorkSpace/astribot_sdk_ros2/ws_robot/src/astribot_s1_navigation_policy/astribot_s1_navigation_policy/fixed_envelope.py')>()
E        +    where <bound method Path.exists of PosixPath('/home/yjh/WorkSpace/astribot_sdk_ros2/ws_robot/src/astribot_s1_navigation_policy/astribot_s1_navigation_policy/fixed_envelope.py')> = (PosixPath('/home/yjh/WorkSpace/astribot_sdk_ros2/ws_robot/src/astribot_s1_navigation_policy/astribot_s1_navigation_policy') / ('fixed_envelope' + '.py')).exists

tools/migration/test/test_retired_python_packaging.py:25: AssertionError
_ test_retired_module_is_only_an_explicit_test_reference[astribot_s1_navigation_policy-fixed_envelope_node] _

package = 'astribot_s1_navigation_policy', module = 'fixed_envelope_node'

    @pytest.mark.parametrize('package,module', [
        (package, module) for package, modules in RETIRED.items() for module in modules])
    def test_retired_module_is_only_an_explicit_test_reference(package, module):
        production = ROOT / 'ws_robot/src' / package / package
>       assert not (production / (module + '.py')).exists()
E       AssertionError: assert not True
E        +  where True = <bound method Path.exists of PosixPath('/home/yjh/WorkSpace/astribot_sdk_ros2/ws_robot/src/astribot_s1_navigation_policy/astribot_s1_navigation_policy/fixed_envelope_node.py')>()
E        +    where <bound method Path.exists of PosixPath('/home/yjh/WorkSpace/astribot_sdk_ros2/ws_robot/src/astribot_s1_navigation_policy/astribot_s1_navigation_policy/fixed_envelope_node.py')> = (PosixPath('/home/yjh/WorkSpace/astribot_sdk_ros2/ws_robot/src/astribot_s1_navigation_policy/astribot_s1_navigation_policy') / ('fixed_envelope_node' + '.py')).exists

tools/migration/test/test_retired_python_packaging.py:25: AssertionError
_ test_retired_module_is_only_an_explicit_test_reference[astribot_s1_navigation_policy-protection_node] _

package = 'astribot_s1_navigation_policy', module = 'protection_node'

    @pytest.mark.parametrize('package,module', [
        (package, module) for package, modules in RETIRED.items() for module in modules])
    def test_retired_module_is_only_an_explicit_test_reference(package, module):
        production = ROOT / 'ws_robot/src' / package / package
>       assert not (production / (module + '.py')).exists()
E       AssertionError: assert not True
E        +  where True = <bound method Path.exists of PosixPath('/home/yjh/WorkSpace/astribot_sdk_ros2/ws_robot/src/astribot_s1_navigation_policy/astribot_s1_navigation_policy/protection_node.py')>()
E        +    where <bound method Path.exists of PosixPath('/home/yjh/WorkSpace/astribot_sdk_ros2/ws_robot/src/astribot_s1_navigation_policy/astribot_s1_navigation_policy/protection_node.py')> = (PosixPath('/home/yjh/WorkSpace/astribot_sdk_ros2/ws_robot/src/astribot_s1_navigation_policy/astribot_s1_navigation_policy') / ('protection_node' + '.py')).exists

tools/migration/test/test_retired_python_packaging.py:25: AssertionError
_ test_retired_module_is_only_an_explicit_test_reference[astribot_s1_navigation_policy-control_time] _

package = 'astribot_s1_navigation_policy', module = 'control_time'

    @pytest.mark.parametrize('package,module', [
        (package, module) for package, modules in RETIRED.items() for module in modules])
    def test_retired_module_is_only_an_explicit_test_reference(package, module):
        production = ROOT / 'ws_robot/src' / package / package
>       assert not (production / (module + '.py')).exists()
E       AssertionError: assert not True
E        +  where True = <bound method Path.exists of PosixPath('/home/yjh/WorkSpace/astribot_sdk_ros2/ws_robot/src/astribot_s1_navigation_policy/astribot_s1_navigation_policy/control_time.py')>()
E        +    where <bound method Path.exists of PosixPath('/home/yjh/WorkSpace/astribot_sdk_ros2/ws_robot/src/astribot_s1_navigation_policy/astribot_s1_navigation_policy/control_time.py')> = (PosixPath('/home/yjh/WorkSpace/astribot_sdk_ros2/ws_robot/src/astribot_s1_navigation_policy/astribot_s1_navigation_policy') / ('control_time' + '.py')).exists

tools/migration/test/test_retired_python_packaging.py:25: AssertionError
_ test_retired_module_is_only_an_explicit_test_reference[astribot_s1_navigation_policy-scan_occupancy] _

package = 'astribot_s1_navigation_policy', module = 'scan_occupancy'

    @pytest.mark.parametrize('package,module', [
        (package, module) for package, modules in RETIRED.items() for module in modules])
    def test_retired_module_is_only_an_explicit_test_reference(package, module):
        production = ROOT / 'ws_robot/src' / package / package
>       assert not (production / (module + '.py')).exists()
E       AssertionError: assert not True
E        +  where True = <bound method Path.exists of PosixPath('/home/yjh/WorkSpace/astribot_sdk_ros2/ws_robot/src/astribot_s1_navigation_policy/astribot_s1_navigation_policy/scan_occupancy.py')>()
E        +    where <bound method Path.exists of PosixPath('/home/yjh/WorkSpace/astribot_sdk_ros2/ws_robot/src/astribot_s1_navigation_policy/astribot_s1_navigation_policy/scan_occupancy.py')> = (PosixPath('/home/yjh/WorkSpace/astribot_sdk_ros2/ws_robot/src/astribot_s1_navigation_policy/astribot_s1_navigation_policy') / ('scan_occupancy' + '.py')).exists

tools/migration/test/test_retired_python_packaging.py:25: AssertionError
_ test_retired_module_is_only_an_explicit_test_reference[astribot_s1_robot_geometry-model] _

package = 'astribot_s1_robot_geometry', module = 'model'

    @pytest.mark.parametrize('package,module', [
        (package, module) for package, modules in RETIRED.items() for module in modules])
    def test_retired_module_is_only_an_explicit_test_reference(package, module):
        production = ROOT / 'ws_robot/src' / package / package
>       assert not (production / (module + '.py')).exists()
E       AssertionError: assert not True
E        +  where True = <bound method Path.exists of PosixPath('/home/yjh/WorkSpace/astribot_sdk_ros2/ws_robot/src/astribot_s1_robot_geometry/astribot_s1_robot_geometry/model.py')>()
E        +    where <bound method Path.exists of PosixPath('/home/yjh/WorkSpace/astribot_sdk_ros2/ws_robot/src/astribot_s1_robot_geometry/astribot_s1_robot_geometry/model.py')> = (PosixPath('/home/yjh/WorkSpace/astribot_sdk_ros2/ws_robot/src/astribot_s1_robot_geometry/astribot_s1_robot_geometry') / ('model' + '.py')).exists

tools/migration/test/test_retired_python_packaging.py:25: AssertionError
_ test_retired_module_is_only_an_explicit_test_reference[astribot_s1_robot_geometry-node] _

package = 'astribot_s1_robot_geometry', module = 'node'

    @pytest.mark.parametrize('package,module', [
        (package, module) for package, modules in RETIRED.items() for module in modules])
    def test_retired_module_is_only_an_explicit_test_reference(package, module):
        production = ROOT / 'ws_robot/src' / package / package
>       assert not (production / (module + '.py')).exists()
E       AssertionError: assert not True
E        +  where True = <bound method Path.exists of PosixPath('/home/yjh/WorkSpace/astribot_sdk_ros2/ws_robot/src/astribot_s1_robot_geometry/astribot_s1_robot_geometry/node.py')>()
E        +    where <bound method Path.exists of PosixPath('/home/yjh/WorkSpace/astribot_sdk_ros2/ws_robot/src/astribot_s1_robot_geometry/astribot_s1_robot_geometry/node.py')> = (PosixPath('/home/yjh/WorkSpace/astribot_sdk_ros2/ws_robot/src/astribot_s1_robot_geometry/astribot_s1_robot_geometry') / ('node' + '.py')).exists

tools/migration/test/test_retired_python_packaging.py:25: AssertionError
_ test_retired_module_is_only_an_explicit_test_reference[astribot_s1_robot_geometry-projection_contract] _

package = 'astribot_s1_robot_geometry', module = 'projection_contract'

    @pytest.mark.parametrize('package,module', [
        (package, module) for package, modules in RETIRED.items() for module in modules])
    def test_retired_module_is_only_an_explicit_test_reference(package, module):
        production = ROOT / 'ws_robot/src' / package / package
>       assert not (production / (module + '.py')).exists()
E       AssertionError: assert not True
E        +  where True = <bound method Path.exists of PosixPath('/home/yjh/WorkSpace/astribot_sdk_ros2/ws_robot/src/astribot_s1_robot_geometry/astribot_s1_robot_geometry/projection_contract.py')>()
E        +    where <bound method Path.exists of PosixPath('/home/yjh/WorkSpace/astribot_sdk_ros2/ws_robot/src/astribot_s1_robot_geometry/astribot_s1_robot_geometry/projection_contract.py')> = (PosixPath('/home/yjh/WorkSpace/astribot_sdk_ros2/ws_robot/src/astribot_s1_robot_geometry/astribot_s1_robot_geometry') / ('projection_contract' + '.py')).exists

tools/migration/test/test_retired_python_packaging.py:25: AssertionError
_ test_retired_module_is_only_an_explicit_test_reference[astribot_s1_robot_geometry-state] _

package = 'astribot_s1_robot_geometry', module = 'state'

    @pytest.mark.parametrize('package,module', [
        (package, module) for package, modules in RETIRED.items() for module in modules])
    def test_retired_module_is_only_an_explicit_test_reference(package, module):
        production = ROOT / 'ws_robot/src' / package / package
>       assert not (production / (module + '.py')).exists()
E       AssertionError: assert not True
E        +  where True = <bound method Path.exists of PosixPath('/home/yjh/WorkSpace/astribot_sdk_ros2/ws_robot/src/astribot_s1_robot_geometry/astribot_s1_robot_geometry/state.py')>()
E        +    where <bound method Path.exists of PosixPath('/home/yjh/WorkSpace/astribot_sdk_ros2/ws_robot/src/astribot_s1_robot_geometry/astribot_s1_robot_geometry/state.py')> = (PosixPath('/home/yjh/WorkSpace/astribot_sdk_ros2/ws_robot/src/astribot_s1_robot_geometry/astribot_s1_robot_geometry') / ('state' + '.py')).exists

tools/migration/test/test_retired_python_packaging.py:25: AssertionError
=========================== short test summary info ============================
FAILED tools/migration/test/test_retired_python_packaging.py::test_retired_module_is_only_an_explicit_test_reference[astribot_s1_chassis_effort_drive-omni_effort_drive_node]
FAILED tools/migration/test/test_retired_python_packaging.py::test_retired_module_is_only_an_explicit_test_reference[astribot_s1_navigation-arm_reach_metric]
FAILED tools/migration/test/test_retired_python_packaging.py::test_retired_module_is_only_an_explicit_test_reference[astribot_s1_navigation-arm_speed_limiter_node]
FAILED tools/migration/test/test_retired_python_packaging.py::test_retired_module_is_only_an_explicit_test_reference[astribot_s1_navigation-cmd_vel_body_to_world_node]
FAILED tools/migration/test/test_retired_python_packaging.py::test_retired_module_is_only_an_explicit_test_reference[astribot_s1_navigation-posture_monitor_policy]
FAILED tools/migration/test/test_retired_python_packaging.py::test_retired_module_is_only_an_explicit_test_reference[astribot_s1_navigation_policy-cmd_vel_math]
FAILED tools/migration/test/test_retired_python_packaging.py::test_retired_module_is_only_an_explicit_test_reference[astribot_s1_navigation_policy-costmap_scan_node]
FAILED tools/migration/test/test_retired_python_packaging.py::test_retired_module_is_only_an_explicit_test_reference[astribot_s1_navigation_policy-envelope_node]
FAILED tools/migration/test/test_retired_python_packaging.py::test_retired_module_is_only_an_explicit_test_reference[astribot_s1_navigation_policy-fixed_envelope]
FAILED tools/migration/test/test_retired_python_packaging.py::test_retired_module_is_only_an_explicit_test_reference[astribot_s1_navigation_policy-fixed_envelope_node]
FAILED tools/migration/test/test_retired_python_packaging.py::test_retired_module_is_only_an_explicit_test_reference[astribot_s1_navigation_policy-protection_node]
FAILED tools/migration/test/test_retired_python_packaging.py::test_retired_module_is_only_an_explicit_test_reference[astribot_s1_navigation_policy-control_time]
FAILED tools/migration/test/test_retired_python_packaging.py::test_retired_module_is_only_an_explicit_test_reference[astribot_s1_navigation_policy-scan_occupancy]
FAILED tools/migration/test/test_retired_python_packaging.py::test_retired_module_is_only_an_explicit_test_reference[astribot_s1_robot_geometry-model]
FAILED tools/migration/test/test_retired_python_packaging.py::test_retired_module_is_only_an_explicit_test_reference[astribot_s1_robot_geometry-node]
FAILED tools/migration/test/test_retired_python_packaging.py::test_retired_module_is_only_an_explicit_test_reference[astribot_s1_robot_geometry-projection_contract]
FAILED tools/migration/test/test_retired_python_packaging.py::test_retired_module_is_only_an_explicit_test_reference[astribot_s1_robot_geometry-state]
17 failed, 1 passed in 0.05s
