{'implementation': 'python', 'requests': 1000, 'elapsed_s': 1.8211155179999992, 'cpu_s': 1.83, 'sampled_rss_kib': 80464, 'p50_ms': 1.731975, 'p95_ms': 2.405255, 'p99_ms': 3.033266, 'max_ms': 3.616894, 'requests_per_s': 549.1139854204463}
{'implementation': 'cpp', 'requests': 1000, 'elapsed_s': 0.1832364720000328, 'cpu_s': 0.09999999999999999, 'sampled_rss_kib': 27408, 'p50_ms': 0.16722900000000002, 'p95_ms': 0.296169, 'p99_ms': 0.321558, 'max_ms': 0.388811, 'requests_per_s': 5457.428802710309}
{'implementation': 'cpp', 'requests': 1000, 'elapsed_s': 0.17257746500001758, 'cpu_s': 0.09000000000000001, 'sampled_rss_kib': 27480, 'p50_ms': 0.15868300000000002, 'p95_ms': 0.221211, 'p99_ms': 0.328189, 'max_ms': 0.405991, 'requests_per_s': 5794.499299198178}
{'implementation': 'python', 'requests': 1000, 'elapsed_s': 1.8127620630000365, 'cpu_s': 1.82, 'sampled_rss_kib': 80644, 'p50_ms': 1.7162845, 'p95_ms': 2.499032, 'p99_ms': 3.078944, 'max_ms': 4.070652, 'requests_per_s': 551.6443776107311}
{'implementation': 'python', 'requests': 1000, 'elapsed_s': 1.8501785409999911, 'cpu_s': 1.86, 'sampled_rss_kib': 80696, 'p50_ms': 1.721158, 'p95_ms': 2.88956, 'p99_ms': 3.146075, 'max_ms': 3.548958, 'requests_per_s': 540.4883787375009}
{'implementation': 'cpp', 'requests': 1000, 'elapsed_s': 0.19138171299994156, 'cpu_s': 0.09999999999999999, 'sampled_rss_kib': 27412, 'p50_ms': 0.16952, 'p95_ms': 0.302116, 'p99_ms': 0.344702, 'max_ms': 0.366506, 'requests_per_s': 5225.15962640749}
{
  "python": {
    "elapsed_s": 1.8211155179999992,
    "cpu_s": 1.83,
    "sampled_rss_kib": 80644,
    "p50_ms": 1.721158,
    "p95_ms": 2.499032,
    "p99_ms": 3.078944,
    "requests_per_s": 549.1139854204463
  },
  "cpp": {
    "elapsed_s": 0.1832364720000328,
    "cpu_s": 0.09999999999999999,
    "sampled_rss_kib": 27412,
    "p50_ms": 0.16722900000000002,
    "p95_ms": 0.296169,
    "p99_ms": 0.328189,
    "requests_per_s": 5457.428802710309
  }
}
