Running main() from /opt/ros/humble/src/gtest_vendor/src/gtest_main.cc
[==========] Running 4 tests from 1 test suite.
[----------] Global test environment set-up.
[----------] 4 tests from BoxRegistration
Warning: Link 'livox_mid360_left' is not known to URDF. Cannot disable/enable collisons.
         at line 594 in ./src/model.cpp
Warning: Link 'livox_mid360_right' is not known to URDF. Cannot disable/enable collisons.
         at line 594 in ./src/model.cpp
Warning: Link 'camera_link' is not known to URDF. Cannot disable/enable collisons.
         at line 594 in ./src/model.cpp
[INFO] [1790216140.083931454] [moveit_robot_model.robot_model]: Loading robot model 'astribot_s1'...
[WARN] [1790216140.092823077] [moveit_robot_model.robot_model]: Link astribot_gripper_left_Link_L1 has visual geometry but no collision geometry. Collision geometry will be left empty. Fix your URDF file by explicitly specifying collision geometry.
[WARN] [1790216140.099322825] [moveit_robot_model.robot_model]: Link astribot_gripper_left_Link_R1 has visual geometry but no collision geometry. Collision geometry will be left empty. Fix your URDF file by explicitly specifying collision geometry.
[WARN] [1790216140.103454580] [moveit_robot_model.robot_model]: Link astribot_gripper_right_Link_L1 has visual geometry but no collision geometry. Collision geometry will be left empty. Fix your URDF file by explicitly specifying collision geometry.
[WARN] [1790216140.105484046] [moveit_robot_model.robot_model]: Link astribot_gripper_right_Link_R1 has visual geometry but no collision geometry. Collision geometry will be left empty. Fix your URDF file by explicitly specifying collision geometry.
[ RUN      ] BoxRegistration.UsesCadWidthAndActualCommanderClosure
unknown file: Failure
C++ exception with description "NOT_IMPLEMENTED" thrown in the test body.
[  FAILED  ] BoxRegistration.UsesCadWidthAndActualCommanderClosure (0 ms)
[ RUN      ] BoxRegistration.CandidateDepthChangesTcpAlongApproachByThirtyMillimeters
unknown file: Failure
C++ exception with description "NOT_IMPLEMENTED" thrown in the test body.
[  FAILED  ] BoxRegistration.CandidateDepthChangesTcpAlongApproachByThirtyMillimeters (0 ms)
[ RUN      ] BoxRegistration.ChangedCadWidthUsesNewClosureAndFk
unknown file: Failure
C++ exception with description "NOT_IMPLEMENTED" thrown in the test body.
[  FAILED  ] BoxRegistration.ChangedCadWidthUsesNewClosureAndFk (0 ms)
[ RUN      ] BoxRegistration.RejectsSlantedOffCenterTooWideAndUnknownDepth
[       OK ] BoxRegistration.RejectsSlantedOffCenterTooWideAndUnknownDepth (0 ms)
[----------] 4 tests from BoxRegistration (0 ms total)

[----------] Global test environment tear-down
[==========] 4 tests from 1 test suite ran. (38 ms total)
[  PASSED  ] 1 test.
[  FAILED  ] 3 tests, listed below:
[  FAILED  ] BoxRegistration.UsesCadWidthAndActualCommanderClosure
[  FAILED  ] BoxRegistration.CandidateDepthChangesTcpAlongApproachByThirtyMillimeters
[  FAILED  ] BoxRegistration.ChangedCadWidthUsesNewClosureAndFk

 3 FAILED TESTS
