Starting >>> astribot_s1_manipulation_perception
[0.333s] WARNING:colcon.colcon_core.shell:The following packages are in the workspace but haven't been built:
- astribot_eigen_vendor
- astribot_logging
- astribot_s1_description
- astribot_s1_manipulation
They are being used from the following locations instead:
- /home/yjh/WorkSpace/astribot_sdk_ros2/ws_robot/install/astribot_eigen_vendor
- /home/yjh/WorkSpace/astribot_sdk_ros2/ws_robot/install/astribot_logging
- /home/yjh/WorkSpace/astribot_sdk_ros2/ws_robot/install/astribot_s1_description
- /home/yjh/WorkSpace/astribot_sdk_ros2/ws_robot/install/astribot_s1_manipulation
To suppress this warning ignore these packages in the workspace:
--packages-ignore astribot_eigen_vendor astribot_logging astribot_s1_description astribot_s1_manipulation
--- stderr: astribot_s1_manipulation_perception
CMake Error at CMakeLists.txt:32 (add_library):
  Target "known_box_grasp_mapping" links to target
  "control_msgs::control_msgs__rosidl_generator_c" but the target was not
  found.  Perhaps a find_package() call is missing for an IMPORTED target, or
  an ALIAS target is missing?


CMake Error at CMakeLists.txt:32 (add_library):
  Target "known_box_grasp_mapping" links to target
  "control_msgs::control_msgs__rosidl_typesupport_fastrtps_c" but the target
  was not found.  Perhaps a find_package() call is missing for an IMPORTED
  target, or an ALIAS target is missing?


CMake Error at CMakeLists.txt:32 (add_library):
  Target "known_box_grasp_mapping" links to target
  "control_msgs::control_msgs__rosidl_generator_cpp" but the target was not
  found.  Perhaps a find_package() call is missing for an IMPORTED target, or
  an ALIAS target is missing?


CMake Error at CMakeLists.txt:32 (add_library):
  Target "known_box_grasp_mapping" links to target
  "control_msgs::control_msgs__rosidl_typesupport_fastrtps_cpp" but the
  target was not found.  Perhaps a find_package() call is missing for an
  IMPORTED target, or an ALIAS target is missing?


CMake Error at CMakeLists.txt:32 (add_library):
  Target "known_box_grasp_mapping" links to target
  "control_msgs::control_msgs__rosidl_typesupport_introspection_c" but the
  target was not found.  Perhaps a find_package() call is missing for an
  IMPORTED target, or an ALIAS target is missing?


CMake Error at CMakeLists.txt:32 (add_library):
  Target "known_box_grasp_mapping" links to target
  "control_msgs::control_msgs__rosidl_typesupport_c" but the target was not
  found.  Perhaps a find_package() call is missing for an IMPORTED target, or
  an ALIAS target is missing?


CMake Error at CMakeLists.txt:32 (add_library):
  Target "known_box_grasp_mapping" links to target
  "control_msgs::control_msgs__rosidl_typesupport_introspection_cpp" but the
  target was not found.  Perhaps a find_package() call is missing for an
  IMPORTED target, or an ALIAS target is missing?


CMake Error at CMakeLists.txt:32 (add_library):
  Target "known_box_grasp_mapping" links to target
  "control_msgs::control_msgs__rosidl_typesupport_cpp" but the target was not
  found.  Perhaps a find_package() call is missing for an IMPORTED target, or
  an ALIAS target is missing?


CMake Error at CMakeLists.txt:32 (add_library):
  Target "known_box_grasp_mapping" links to target
  "control_msgs::control_msgs__rosidl_generator_py" but the target was not
  found.  Perhaps a find_package() call is missing for an IMPORTED target, or
  an ALIAS target is missing?


CMake Error at CMakeLists.txt:32 (add_library):
  Target "known_box_grasp_mapping" links to target "ompl::ompl" but the
  target was not found.  Perhaps a find_package() call is missing for an
  IMPORTED target, or an ALIAS target is missing?


CMake Error at CMakeLists.txt:32 (add_library):
  Target "known_box_grasp_mapping" links to target
  "moveit_planners_ompl::moveit_ompl_interface" but the target was not found.
  Perhaps a find_package() call is missing for an IMPORTED target, or an
  ALIAS target is missing?


CMake Error at CMakeLists.txt:32 (add_library):
  Target "known_box_grasp_mapping" links to target
  "moveit_planners_ompl::moveit_ompl_planner_plugin" but the target was not
  found.  Perhaps a find_package() call is missing for an IMPORTED target, or
  an ALIAS target is missing?


CMake Error at /opt/ros/humble/share/ament_cmake_gtest/cmake/ament_add_gtest_executable.cmake:50 (add_executable):
  Target "known_box_grasp_mapping_test" links to target
  "control_msgs::control_msgs__rosidl_generator_c" but the target was not
  found.  Perhaps a find_package() call is missing for an IMPORTED target, or
  an ALIAS target is missing?
Call Stack (most recent call first):
  /opt/ros/humble/share/ament_cmake_gtest/cmake/ament_add_gtest_executable.cmake:37 (_ament_add_gtest_executable)
  /opt/ros/humble/share/ament_cmake_gtest/cmake/ament_add_gtest.cmake:68 (ament_add_gtest_executable)
  CMakeLists.txt:49 (ament_add_gtest)


CMake Error at /opt/ros/humble/share/ament_cmake_gtest/cmake/ament_add_gtest_executable.cmake:50 (add_executable):
  Target "known_box_grasp_mapping_test" links to target
  "control_msgs::control_msgs__rosidl_typesupport_fastrtps_c" but the target
  was not found.  Perhaps a find_package() call is missing for an IMPORTED
  target, or an ALIAS target is missing?
Call Stack (most recent call first):
  /opt/ros/humble/share/ament_cmake_gtest/cmake/ament_add_gtest_executable.cmake:37 (_ament_add_gtest_executable)
  /opt/ros/humble/share/ament_cmake_gtest/cmake/ament_add_gtest.cmake:68 (ament_add_gtest_executable)
  CMakeLists.txt:49 (ament_add_gtest)


CMake Error at /opt/ros/humble/share/ament_cmake_gtest/cmake/ament_add_gtest_executable.cmake:50 (add_executable):
  Target "known_box_grasp_mapping_test" links to target
  "control_msgs::control_msgs__rosidl_generator_cpp" but the target was not
  found.  Perhaps a find_package() call is missing for an IMPORTED target, or
  an ALIAS target is missing?
Call Stack (most recent call first):
  /opt/ros/humble/share/ament_cmake_gtest/cmake/ament_add_gtest_executable.cmake:37 (_ament_add_gtest_executable)
  /opt/ros/humble/share/ament_cmake_gtest/cmake/ament_add_gtest.cmake:68 (ament_add_gtest_executable)
  CMakeLists.txt:49 (ament_add_gtest)


CMake Error at /opt/ros/humble/share/ament_cmake_gtest/cmake/ament_add_gtest_executable.cmake:50 (add_executable):
  Target "known_box_grasp_mapping_test" links to target
  "control_msgs::control_msgs__rosidl_typesupport_fastrtps_cpp" but the
  target was not found.  Perhaps a find_package() call is missing for an
  IMPORTED target, or an ALIAS target is missing?
Call Stack (most recent call first):
  /opt/ros/humble/share/ament_cmake_gtest/cmake/ament_add_gtest_executable.cmake:37 (_ament_add_gtest_executable)
  /opt/ros/humble/share/ament_cmake_gtest/cmake/ament_add_gtest.cmake:68 (ament_add_gtest_executable)
  CMakeLists.txt:49 (ament_add_gtest)


CMake Error at /opt/ros/humble/share/ament_cmake_gtest/cmake/ament_add_gtest_executable.cmake:50 (add_executable):
  Target "known_box_grasp_mapping_test" links to target
  "control_msgs::control_msgs__rosidl_typesupport_introspection_c" but the
  target was not found.  Perhaps a find_package() call is missing for an
  IMPORTED target, or an ALIAS target is missing?
Call Stack (most recent call first):
  /opt/ros/humble/share/ament_cmake_gtest/cmake/ament_add_gtest_executable.cmake:37 (_ament_add_gtest_executable)
  /opt/ros/humble/share/ament_cmake_gtest/cmake/ament_add_gtest.cmake:68 (ament_add_gtest_executable)
  CMakeLists.txt:49 (ament_add_gtest)


CMake Error at /opt/ros/humble/share/ament_cmake_gtest/cmake/ament_add_gtest_executable.cmake:50 (add_executable):
  Target "known_box_grasp_mapping_test" links to target
  "control_msgs::control_msgs__rosidl_typesupport_c" but the target was not
  found.  Perhaps a find_package() call is missing for an IMPORTED target, or
  an ALIAS target is missing?
Call Stack (most recent call first):
  /opt/ros/humble/share/ament_cmake_gtest/cmake/ament_add_gtest_executable.cmake:37 (_ament_add_gtest_executable)
  /opt/ros/humble/share/ament_cmake_gtest/cmake/ament_add_gtest.cmake:68 (ament_add_gtest_executable)
  CMakeLists.txt:49 (ament_add_gtest)


CMake Error at /opt/ros/humble/share/ament_cmake_gtest/cmake/ament_add_gtest_executable.cmake:50 (add_executable):
  Target "known_box_grasp_mapping_test" links to target
  "control_msgs::control_msgs__rosidl_typesupport_introspection_cpp" but the
  target was not found.  Perhaps a find_package() call is missing for an
  IMPORTED target, or an ALIAS target is missing?
Call Stack (most recent call first):
  /opt/ros/humble/share/ament_cmake_gtest/cmake/ament_add_gtest_executable.cmake:37 (_ament_add_gtest_executable)
  /opt/ros/humble/share/ament_cmake_gtest/cmake/ament_add_gtest.cmake:68 (ament_add_gtest_executable)
  CMakeLists.txt:49 (ament_add_gtest)


CMake Error at /opt/ros/humble/share/ament_cmake_gtest/cmake/ament_add_gtest_executable.cmake:50 (add_executable):
  Target "known_box_grasp_mapping_test" links to target
  "control_msgs::control_msgs__rosidl_typesupport_cpp" but the target was not
  found.  Perhaps a find_package() call is missing for an IMPORTED target, or
  an ALIAS target is missing?
Call Stack (most recent call first):
  /opt/ros/humble/share/ament_cmake_gtest/cmake/ament_add_gtest_executable.cmake:37 (_ament_add_gtest_executable)
  /opt/ros/humble/share/ament_cmake_gtest/cmake/ament_add_gtest.cmake:68 (ament_add_gtest_executable)
  CMakeLists.txt:49 (ament_add_gtest)


CMake Error at /opt/ros/humble/share/ament_cmake_gtest/cmake/ament_add_gtest_executable.cmake:50 (add_executable):
  Target "known_box_grasp_mapping_test" links to target
  "control_msgs::control_msgs__rosidl_generator_py" but the target was not
  found.  Perhaps a find_package() call is missing for an IMPORTED target, or
  an ALIAS target is missing?
Call Stack (most recent call first):
  /opt/ros/humble/share/ament_cmake_gtest/cmake/ament_add_gtest_executable.cmake:37 (_ament_add_gtest_executable)
  /opt/ros/humble/share/ament_cmake_gtest/cmake/ament_add_gtest.cmake:68 (ament_add_gtest_executable)
  CMakeLists.txt:49 (ament_add_gtest)


CMake Error at /opt/ros/humble/share/ament_cmake_gtest/cmake/ament_add_gtest_executable.cmake:50 (add_executable):
  Target "known_box_grasp_mapping_test" links to target "ompl::ompl" but the
  target was not found.  Perhaps a find_package() call is missing for an
  IMPORTED target, or an ALIAS target is missing?
Call Stack (most recent call first):
  /opt/ros/humble/share/ament_cmake_gtest/cmake/ament_add_gtest_executable.cmake:37 (_ament_add_gtest_executable)
  /opt/ros/humble/share/ament_cmake_gtest/cmake/ament_add_gtest.cmake:68 (ament_add_gtest_executable)
  CMakeLists.txt:49 (ament_add_gtest)


CMake Error at /opt/ros/humble/share/ament_cmake_gtest/cmake/ament_add_gtest_executable.cmake:50 (add_executable):
  Target "known_box_grasp_mapping_test" links to target
  "moveit_planners_ompl::moveit_ompl_interface" but the target was not found.
  Perhaps a find_package() call is missing for an IMPORTED target, or an
  ALIAS target is missing?
Call Stack (most recent call first):
  /opt/ros/humble/share/ament_cmake_gtest/cmake/ament_add_gtest_executable.cmake:37 (_ament_add_gtest_executable)
  /opt/ros/humble/share/ament_cmake_gtest/cmake/ament_add_gtest.cmake:68 (ament_add_gtest_executable)
  CMakeLists.txt:49 (ament_add_gtest)


CMake Error at /opt/ros/humble/share/ament_cmake_gtest/cmake/ament_add_gtest_executable.cmake:50 (add_executable):
  Target "known_box_grasp_mapping_test" links to target
  "moveit_planners_ompl::moveit_ompl_planner_plugin" but the target was not
  found.  Perhaps a find_package() call is missing for an IMPORTED target, or
  an ALIAS target is missing?
Call Stack (most recent call first):
  /opt/ros/humble/share/ament_cmake_gtest/cmake/ament_add_gtest_executable.cmake:37 (_ament_add_gtest_executable)
  /opt/ros/humble/share/ament_cmake_gtest/cmake/ament_add_gtest.cmake:68 (ament_add_gtest_executable)
  CMakeLists.txt:49 (ament_add_gtest)


CMake Generate step failed.  Build files cannot be regenerated correctly.
gmake: *** [Makefile:677：cmake_check_build_system] 错误 1
---
Failed   <<< astribot_s1_manipulation_perception [1.04s, exited with code 2]

Summary: 0 packages finished [1.29s]
  1 package failed: astribot_s1_manipulation_perception
  1 package had stderr output: astribot_s1_manipulation_perception
