Running main() from /opt/ros/humble/src/gtest_vendor/src/gtest_main.cc
[==========] Running 10 tests from 2 test suites.
[----------] Global test environment set-up.
[----------] 9 tests from PickPlanning
[ RUN      ] PickPlanning.BothGoalsKeepOneCaptureAndIdentity
[       OK ] PickPlanning.BothGoalsKeepOneCaptureAndIdentity (0 ms)
[ RUN      ] PickPlanning.RejectsChangedIdentitySourceProcessingClockAndVersions
[       OK ] PickPlanning.RejectsChangedIdentitySourceProcessingClockAndVersions (0 ms)
[ RUN      ] PickPlanning.RejectsBoxAsInstanceAndAmbiguousFixture
[       OK ] PickPlanning.RejectsBoxAsInstanceAndAmbiguousFixture (0 ms)
[ RUN      ] PickPlanning.TransformsNativeGraspAndCadShapeIntoBase
[       OK ] PickPlanning.TransformsNativeGraspAndCadShapeIntoBase (0 ms)
[ RUN      ] PickPlanning.RequiresMeasuredTfAndExplicitRegistration
[       OK ] PickPlanning.RequiresMeasuredTfAndExplicitRegistration (0 ms)
[ RUN      ] PickPlanning.RejectsWrongObjectModelFrameAndPartialPose
[       OK ] PickPlanning.RejectsWrongObjectModelFrameAndPartialPose (0 ms)
[ RUN      ] PickPlanning.RejectsUnsupportedWidthArmAndInventedExpiry
[       OK ] PickPlanning.RejectsUnsupportedWidthArmAndInventedExpiry (0 ms)
[ RUN      ] PickPlanning.RequiresFullWorldTargetUnattached
[       OK ] PickPlanning.RequiresFullWorldTargetUnattached (0 ms)
[ RUN      ] PickPlanning.RequiresCompleteMtcPickIncludingLiftAndTransport
[       OK ] PickPlanning.RequiresCompleteMtcPickIncludingLiftAndTransport (0 ms)
[----------] 9 tests from PickPlanning (0 ms total)

[----------] 1 test from PendingAction
[ RUN      ] PendingAction.ReadyUnknownResultDoesNotProveTerminal
[       OK ] PendingAction.ReadyUnknownResultDoesNotProveTerminal (0 ms)
[----------] 1 test from PendingAction (0 ms total)

[----------] Global test environment tear-down
[==========] 10 tests from 2 test suites ran. (0 ms total)
[  PASSED  ] 10 tests.
