FF..F
======================================================================
FAIL: test_exit_two_cannot_claim_success (__main__.EvaluationProcessContractTest)
----------------------------------------------------------------------
Traceback (most recent call last):
  File "/home/yjh/WorkSpace/astribot_sdk_ros2/tools/vision/sim_pose_test_evaluate.py", line 48, in test_exit_two_cannot_claim_success
    self.assertNotEqual(result.returncode, 0)
AssertionError: 0 == 0

======================================================================
FAIL: test_exit_zero_cannot_claim_rejection (__main__.EvaluationProcessContractTest)
----------------------------------------------------------------------
Traceback (most recent call last):
  File "/home/yjh/WorkSpace/astribot_sdk_ros2/tools/vision/sim_pose_test_evaluate.py", line 53, in test_exit_zero_cannot_claim_rejection
    self.assertNotEqual(result.returncode, 0)
AssertionError: 0 == 0

======================================================================
FAIL: test_old_success_json_cannot_survive_failed_cli (__main__.EvaluationProcessContractTest)
----------------------------------------------------------------------
Traceback (most recent call last):
  File "/home/yjh/WorkSpace/astribot_sdk_ros2/tools/vision/sim_pose_test_evaluate.py", line 42, in test_old_success_json_cannot_survive_failed_cli
    self.assertNotEqual(result.returncode, 0)
AssertionError: 0 == 0

----------------------------------------------------------------------
Ran 5 tests in 0.551s

FAILED (failures=3)
