{'implementation': 'python', 'requests': 10000, 'elapsed_s': 3.954250740003772, 'cpu_s': 3.41, 'sampled_rss_kib': 61296, 'p50_ms': 0.3839745, 'p95_ms': 0.58622, 'p99_ms': 0.684738, 'max_ms': 1.201962, 'requests_per_s': 2528.924101558229}
{'implementation': 'cpp', 'requests': 10000, 'elapsed_s': 1.8946341360133374, 'cpu_s': 0.5, 'sampled_rss_kib': 25844, 'p50_ms': 0.163848, 'p95_ms': 0.294138, 'p99_ms': 0.359634, 'max_ms': 0.836421, 'requests_per_s': 5278.063880471329}
{'implementation': 'cpp', 'requests': 10000, 'elapsed_s': 1.8936656500009121, 'cpu_s': 0.48, 'sampled_rss_kib': 26008, 'p50_ms': 0.164949, 'p95_ms': 0.298452, 'p99_ms': 0.362566, 'max_ms': 1.337196, 'requests_per_s': 5280.763264621282}
{'implementation': 'python', 'requests': 10000, 'elapsed_s': 3.6069600019982317, 'cpu_s': 3.1900000000000004, 'sampled_rss_kib': 61440, 'p50_ms': 0.3141855, 'p95_ms': 0.549544, 'p99_ms': 0.650765, 'max_ms': 1.115259, 'requests_per_s': 2772.417768553038}
{'implementation': 'python', 'requests': 10000, 'elapsed_s': 3.77101418399252, 'cpu_s': 3.23, 'sampled_rss_kib': 61336, 'p50_ms': 0.345379, 'p95_ms': 0.573698, 'p99_ms': 0.678402, 'max_ms': 7.824571, 'requests_per_s': 2651.806519967159}
{'implementation': 'cpp', 'requests': 10000, 'elapsed_s': 1.9002072419971228, 'cpu_s': 0.47, 'sampled_rss_kib': 26012, 'p50_ms': 0.162683, 'p95_ms': 0.300844, 'p99_ms': 0.363178, 'max_ms': 0.957987, 'requests_per_s': 5262.583879793014}
{
  "python": {
    "elapsed_s": 3.77101418399252,
    "cpu_s": 3.23,
    "sampled_rss_kib": 61336,
    "p50_ms": 0.345379,
    "p95_ms": 0.573698,
    "p99_ms": 0.678402,
    "requests_per_s": 2651.806519967159
  },
  "cpp": {
    "elapsed_s": 1.8946341360133374,
    "cpu_s": 0.48,
    "sampled_rss_kib": 26008,
    "p50_ms": 0.163848,
    "p95_ms": 0.298452,
    "p99_ms": 0.362566,
    "requests_per_s": 5278.063880471329
  }
}
