{'implementation': 'python', 'frames': 5000, 'rays_per_frame': 1080, 'elapsed_s': 2.512794144000509, 'cpu_s': 1.6, 'sampled_rss_kib': 56100, 'p50_ms': 0.45434949999999996, 'p95_ms': 0.709709, 'p99_ms': 0.802802, 'frames_per_s': 1989.8167989359129}
{'implementation': 'cpp', 'frames': 5000, 'rays_per_frame': 1080, 'elapsed_s': 1.3818474670115393, 'cpu_s': 0.18, 'sampled_rss_kib': 22852, 'p50_ms': 0.25071299999999996, 'p95_ms': 0.358408, 'p99_ms': 0.486052, 'frames_per_s': 3618.344368219801}
{'implementation': 'cpp', 'frames': 5000, 'rays_per_frame': 1080, 'elapsed_s': 1.5942703140026424, 'cpu_s': 0.18, 'sampled_rss_kib': 22808, 'p50_ms': 0.2649695, 'p95_ms': 0.478636, 'p99_ms': 0.532666, 'frames_per_s': 3136.231011820567}
{'implementation': 'python', 'frames': 5000, 'rays_per_frame': 1080, 'elapsed_s': 2.572759265996865, 'cpu_s': 1.62, 'sampled_rss_kib': 56152, 'p50_ms': 0.496115, 'p95_ms': 0.710803, 'p99_ms': 0.802862, 'frames_per_s': 1943.4387298038373}
{'implementation': 'python', 'frames': 5000, 'rays_per_frame': 1080, 'elapsed_s': 2.720718634998775, 'cpu_s': 1.74, 'sampled_rss_kib': 56068, 'p50_ms': 0.5318339999999999, 'p95_ms': 0.754112, 'p99_ms': 0.826974, 'frames_per_s': 1837.7497532016025}
{'implementation': 'cpp', 'frames': 5000, 'rays_per_frame': 1080, 'elapsed_s': 1.4414069980120985, 'cpu_s': 0.19, 'sampled_rss_kib': 22800, 'p50_ms': 0.2558075, 'p95_ms': 0.444827, 'p99_ms': 0.503244, 'frames_per_s': 3468.8328882097135}
{
  "python": {
    "elapsed_s": 2.572759265996865,
    "cpu_s": 1.62,
    "sampled_rss_kib": 56100,
    "p50_ms": 0.496115,
    "p95_ms": 0.710803,
    "p99_ms": 0.802862,
    "frames_per_s": 1943.4387298038373
  },
  "cpp": {
    "elapsed_s": 1.4414069980120985,
    "cpu_s": 0.18,
    "sampled_rss_kib": 22808,
    "p50_ms": 0.2558075,
    "p95_ms": 0.444827,
    "p99_ms": 0.503244,
    "frames_per_s": 3468.8328882097135
  }
}
