-- The CXX compiler identification is GNU 11.4.0
-- Detecting CXX compiler ABI info
-- Detecting CXX compiler ABI info - done
-- Check for working CXX compiler: /usr/bin/c++ - skipped
-- Detecting CXX compile features
-- Detecting CXX compile features - done
-- Found ament_cmake: 1.3.14 (/opt/ros/humble/share/ament_cmake/cmake)
-- Found Python3: /usr/bin/python3 (found version "3.10.12") found components: Interpreter 
-- Found rclcpp: 16.0.19 (/opt/ros/humble/share/rclcpp/cmake)
-- Found rosidl_generator_c: 3.1.9 (/opt/ros/humble/share/rosidl_generator_c/cmake)
-- Found rosidl_adapter: 3.1.9 (/opt/ros/humble/share/rosidl_adapter/cmake)
-- Found rosidl_generator_cpp: 3.1.9 (/opt/ros/humble/share/rosidl_generator_cpp/cmake)
-- Using all available rosidl_typesupport_c: rosidl_typesupport_fastrtps_c;rosidl_typesupport_introspection_c
-- Using all available rosidl_typesupport_cpp: rosidl_typesupport_fastrtps_cpp;rosidl_typesupport_introspection_cpp
-- Found rmw_implementation_cmake: 6.1.3 (/opt/ros/humble/share/rmw_implementation_cmake/cmake)
-- Found rmw_fastrtps_cpp: 6.2.10 (/opt/ros/humble/share/rmw_fastrtps_cpp/cmake)
-- Found OpenSSL: /usr/lib/x86_64-linux-gnu/libcrypto.so (found version "3.0.2")  
-- Found FastRTPS: /opt/ros/humble/include  
-- Using RMW implementation 'rmw_fastrtps_cpp' as default
-- Looking for C++ include pthread.h
-- Looking for C++ include pthread.h - found
-- Performing Test CMAKE_HAVE_LIBC_PTHREAD
-- Performing Test CMAKE_HAVE_LIBC_PTHREAD - Success
-- Found Threads: TRUE  
-- Found geometry_msgs: 4.9.2 (/opt/ros/humble/share/geometry_msgs/cmake)
-- Found nav_msgs: 4.9.2 (/opt/ros/humble/share/nav_msgs/cmake)
-- Found sensor_msgs: 4.9.2 (/opt/ros/humble/share/sensor_msgs/cmake)
-- Found tf2: 0.25.22 (/opt/ros/humble/share/tf2/cmake)
-- Found tf2_ros: 0.25.22 (/opt/ros/humble/share/tf2_ros/cmake)
-- Found tf2_geometry_msgs: 0.25.22 (/opt/ros/humble/share/tf2_geometry_msgs/cmake)
-- Found eigen3_cmake_module: 0.1.1 (/opt/ros/humble/share/eigen3_cmake_module/cmake)
-- Found Eigen3: TRUE (found version "3.4.0") 
-- Ensuring Eigen3 include directory is part of orocos-kdl CMake target
-- Found astribot_navigation_msgs: 0.1.0 (/home/yjh/WorkSpace/astribot_sdk_ros2/ws_robot/install/astribot_navigation_msgs/share/astribot_navigation_msgs/cmake)
-- Found nlohmann_json: /usr/lib/cmake/nlohmann_json/nlohmann_jsonConfig.cmake (found version "3.10.5") 
-- Configuring done
-- Generating done
CMake Warning:
  Manually-specified variables were not used by the project:

    CMAKE_DISABLE_FIND_PACKAGE_pybind11


-- Build files have been written to: /tmp/astribot_navigation_cpp_clean_20260921
[  5%] Building CXX object CMakeFiles/policy_profile.dir/src/policy_profile.cpp.o
[ 11%] Building CXX object CMakeFiles/navigation_math.dir/src/navigation_math.cpp.o
/home/yjh/WorkSpace/astribot_sdk_ros2/ws_robot/src/astribot_s1_navigation_policy_native/src/navigation_math.cpp: In function ‘std::vector<double> astribot::navigation::scan_coverage(const std::vector<double>&, double, double, double, double, double)’:
/home/yjh/WorkSpace/astribot_sdk_ros2/ws_robot/src/astribot_s1_navigation_policy_native/src/navigation_math.cpp:303:69: warning: suggest parentheses around ‘&&’ within ‘||’ [-Wparentheses]
  303 |         (std::isfinite(ranges[index]) && range_min <= ranges[index] &&
      |          ~~~~~~~~~~~~~~~~~~~~~~~~~~~~~~~~~~~~~~~~~~~~~~~~~~~~~~~~~~~^~
  304 |              ranges[index] <= range_max || ranges[index] == INFINITY);
      |              ~~~~~~~~~~~~~~~~~~~~~~~~~~                              
[ 17%] Building CXX object CMakeFiles/navigation_math.dir/src/cmd_vel_body_to_world_core.cpp.o
[ 23%] Linking CXX static library libnavigation_math.a
[ 23%] Built target navigation_math
[ 29%] Building CXX object CMakeFiles/cmd_vel_body_to_world_cpp.dir/src/cmd_vel_body_to_world_node.cpp.o
[ 35%] Linking CXX static library libpolicy_profile.a
[ 35%] Built target policy_profile
[ 41%] Building CXX object CMakeFiles/costmap_scan_cpp.dir/src/costmap_scan_node.cpp.o
[ 47%] Linking CXX executable costmap_scan_cpp
[ 47%] Built target costmap_scan_cpp
[ 52%] Building CXX object CMakeFiles/envelope_coordinator_cpp.dir/src/envelope_coordinator_node.cpp.o
[ 58%] Linking CXX executable cmd_vel_body_to_world_cpp
[ 58%] Built target cmd_vel_body_to_world_cpp
[ 64%] Building CXX object CMakeFiles/navigation_math_test.dir/test/navigation_math_test.cpp.o
[ 70%] Linking CXX executable navigation_math_test
[ 70%] Built target navigation_math_test
[ 76%] Building CXX object CMakeFiles/cmd_vel_body_to_world_core_test.dir/test/cmd_vel_body_to_world_core_test.cpp.o
[ 82%] Linking CXX executable cmd_vel_body_to_world_core_test
[ 82%] Built target cmd_vel_body_to_world_core_test
[ 88%] Building CXX object CMakeFiles/policy_profile_probe.dir/test/policy_profile_probe.cpp.o
[ 94%] Linking CXX executable policy_profile_probe
[ 94%] Built target policy_profile_probe
[100%] Linking CXX executable envelope_coordinator_cpp
[100%] Built target envelope_coordinator_cpp
