Running main() from /opt/ros/humble/src/gtest_vendor/src/gtest_main.cc
Note: Google Test filter = *SameLeaseLeg*:*CancelTargets*
[==========] Running 2 tests from 1 test suite.
[----------] Global test environment set-up.
[----------] 2 tests from FixedStationNavigationTest
[ RUN      ] FixedStationNavigationTest.SameLeaseLegUsesCurrentMapTransformAndPostTerminalStop
/home/yjh/WorkSpace/astribot_sdk_ros2/ws_robot/src/astribot_s1_transport_native/test/fixed_station_navigation_test.cpp:122: Failure
Value of: wait([&]{return bool(goal);},3.)
  Actual: false
Expected: true
WAITING_FOR_VALID_NAVIGATION_ACK:local_costmap
[  FAILED  ] FixedStationNavigationTest.SameLeaseLegUsesCurrentMapTransformAndPostTerminalStop (3038 ms)
[ RUN      ] FixedStationNavigationTest.CancelTargetsOnlyOwnedGoalAndTerminalDoesNotProveStopped
/home/yjh/WorkSpace/astribot_sdk_ros2/ws_robot/src/astribot_s1_transport_native/test/fixed_station_navigation_test.cpp:142: Failure
Value of: wait([&]{return bool(goal);},3.)
  Actual: false
Expected: true
WAITING_FOR_VALID_NAVIGATION_ACK:local_costmap
[  FAILED  ] FixedStationNavigationTest.CancelTargetsOnlyOwnedGoalAndTerminalDoesNotProveStopped (3030 ms)
[----------] 2 tests from FixedStationNavigationTest (6068 ms total)

[----------] Global test environment tear-down
[==========] 2 tests from 1 test suite ran. (6068 ms total)
[  PASSED  ] 0 tests.
[  FAILED  ] 2 tests, listed below:
[  FAILED  ] FixedStationNavigationTest.SameLeaseLegUsesCurrentMapTransformAndPostTerminalStop
[  FAILED  ] FixedStationNavigationTest.CancelTargetsOnlyOwnedGoalAndTerminalDoesNotProveStopped

 2 FAILED TESTS
