Running main() from /opt/ros/humble/src/gtest_vendor/src/gtest_main.cc
Note: Google Test filter = *SameLeaseLeg*:*CancelTargets*
[==========] Running 2 tests from 1 test suite.
[----------] Global test environment set-up.
[----------] 2 tests from FixedStationNavigationTest
[ RUN      ] FixedStationNavigationTest.SameLeaseLegUsesCurrentMapTransformAndPostTerminalStop
/home/yjh/WorkSpace/astribot_sdk_ros2/ws_robot/src/astribot_s1_transport_native/test/fixed_station_navigation_test.cpp:47: Failure
Expected: (expected) != (nullptr), actual: NULL vs (nullptr)
[  FAILED  ] FixedStationNavigationTest.SameLeaseLegUsesCurrentMapTransformAndPostTerminalStop (0 ms)
[ RUN      ] FixedStationNavigationTest.CancelTargetsOnlyOwnedGoalAndTerminalDoesNotProveStopped
/home/yjh/WorkSpace/astribot_sdk_ros2/ws_robot/src/astribot_s1_transport_native/test/fixed_station_navigation_test.cpp:47: Failure
Expected: (expected) != (nullptr), actual: NULL vs (nullptr)
[  FAILED  ] FixedStationNavigationTest.CancelTargetsOnlyOwnedGoalAndTerminalDoesNotProveStopped (0 ms)
[----------] 2 tests from FixedStationNavigationTest (0 ms total)

[----------] Global test environment tear-down
[==========] 2 tests from 1 test suite ran. (0 ms total)
[  PASSED  ] 0 tests.
[  FAILED  ] 2 tests, listed below:
[  FAILED  ] FixedStationNavigationTest.SameLeaseLegUsesCurrentMapTransformAndPostTerminalStop
[  FAILED  ] FixedStationNavigationTest.CancelTargetsOnlyOwnedGoalAndTerminalDoesNotProveStopped

 2 FAILED TESTS
