[INFO] [launch]: All log files can be found below /home/yjh/.ros/log/astribot/2026-09-21-23-31-01-838453-sh-xf2731-479937
[INFO] [launch]: Default logging verbosity is set to INFO
[INFO] [move_group-1]: process started with pid [479952]
[INFO] [transport_skill_planner-2]: process started with pid [479954]
[INFO] [mtc_planner-3]: process started with pid [479956]
[INFO] [execution_guard-4]: process started with pid [479958]
[mtc_planner-3] /home/yjh/WorkSpace/astribot_sdk_ros2/ws_robot/install/astribot_s1_transport_mtc/lib/astribot_s1_transport_mtc/mtc_planner: error while loading shared libraries: librviz_marker_tools.so: cannot open shared object file: No such file or directory
[ERROR] [mtc_planner-3]: process has died [pid 479956, exit code 127, cmd '/home/yjh/WorkSpace/astribot_sdk_ros2/ws_robot/install/astribot_s1_transport_mtc/lib/astribot_s1_transport_mtc/mtc_planner --ros-args --log-level info --disable-external-lib-logs --ros-args --params-file /tmp/launch_params_zb64xqdd --params-file /tmp/launch_params_as6wx3q0'].
[move_group-1] Warning: Link 'livox_mid360_left' is not known to URDF. Cannot disable/enable collisons.
[move_group-1]          at line 594 in ./src/model.cpp
[move_group-1] Warning: Link 'livox_mid360_right' is not known to URDF. Cannot disable/enable collisons.
[move_group-1]          at line 594 in ./src/model.cpp
[move_group-1] Warning: Link 'camera_link' is not known to URDF. Cannot disable/enable collisons.
[move_group-1]          at line 594 in ./src/model.cpp
[move_group-1] [INFO] [1790004662.276892555] [moveit_rdf_loader.rdf_loader]: Loaded robot model in 0 seconds
[move_group-1] [INFO] [1790004662.276920353] [moveit_robot_model.robot_model]: Loading robot model 'astribot_s1'...
[move_group-1] [WARN] [1790004662.284526977] [moveit_robot_model.robot_model]: Link astribot_gripper_left_Link_L1 has visual geometry but no collision geometry. Collision geometry will be left empty. Fix your URDF file by explicitly specifying collision geometry.
[move_group-1] [WARN] [1790004662.291579665] [moveit_robot_model.robot_model]: Link astribot_gripper_left_Link_R1 has visual geometry but no collision geometry. Collision geometry will be left empty. Fix your URDF file by explicitly specifying collision geometry.
[move_group-1] [WARN] [1790004662.297175784] [moveit_robot_model.robot_model]: Link astribot_gripper_right_Link_L1 has visual geometry but no collision geometry. Collision geometry will be left empty. Fix your URDF file by explicitly specifying collision geometry.
[move_group-1] [WARN] [1790004662.299592289] [moveit_robot_model.robot_model]: Link astribot_gripper_right_Link_R1 has visual geometry but no collision geometry. Collision geometry will be left empty. Fix your URDF file by explicitly specifying collision geometry.
[transport_skill_planner-2] Warning: Link 'livox_mid360_left' is not known to URDF. Cannot disable/enable collisons.
[transport_skill_planner-2]          at line 594 in ./src/model.cpp
[transport_skill_planner-2] Warning: Link 'livox_mid360_right' is not known to URDF. Cannot disable/enable collisons.
[transport_skill_planner-2]          at line 594 in ./src/model.cpp
[transport_skill_planner-2] Warning: Link 'camera_link' is not known to URDF. Cannot disable/enable collisons.
[transport_skill_planner-2]          at line 594 in ./src/model.cpp
[transport_skill_planner-2] [INFO] [1790004662.305175589] [moveit_rdf_loader.rdf_loader]: Loaded robot model in 0 seconds
[transport_skill_planner-2] [INFO] [1790004662.305219319] [moveit_robot_model.robot_model]: Loading robot model 'astribot_s1'...
[move_group-1] [WARN] [1790004662.309723110] [kdl_parser]: The root link astribot_torso_base has an inertia specified in the URDF, but KDL does not support a root link with an inertia.  As a workaround, you can add an extra dummy link to your URDF.
[move_group-1] [WARN] [1790004662.309841824] [kdl_parser]: The root link astribot_torso_base has an inertia specified in the URDF, but KDL does not support a root link with an inertia.  As a workaround, you can add an extra dummy link to your URDF.
[move_group-1] [WARN] [1790004662.309894340] [kdl_parser]: The root link astribot_torso_base has an inertia specified in the URDF, but KDL does not support a root link with an inertia.  As a workaround, you can add an extra dummy link to your URDF.
[transport_skill_planner-2] [WARN] [1790004662.316459858] [moveit_robot_model.robot_model]: Link astribot_gripper_left_Link_L1 has visual geometry but no collision geometry. Collision geometry will be left empty. Fix your URDF file by explicitly specifying collision geometry.
[transport_skill_planner-2] [WARN] [1790004662.325550714] [moveit_robot_model.robot_model]: Link astribot_gripper_left_Link_R1 has visual geometry but no collision geometry. Collision geometry will be left empty. Fix your URDF file by explicitly specifying collision geometry.
[move_group-1] [INFO] [1790004662.330446893] [moveit_ros.planning_scene_monitor.planning_scene_monitor]: Publishing maintained planning scene on 'monitored_planning_scene'
[move_group-1] [INFO] [1790004662.330574218] [moveit.ros_planning_interface.moveit_cpp]: Listening to 'joint_states' for joint states
[move_group-1] [INFO] [1790004662.331143546] [moveit_ros.current_state_monitor]: Listening to joint states on topic 'joint_states'
[move_group-1] [INFO] [1790004662.331461290] [moveit_ros.planning_scene_monitor.planning_scene_monitor]: Listening to '/attached_collision_object' for attached collision objects
[move_group-1] [INFO] [1790004662.331475753] [moveit_ros.planning_scene_monitor.planning_scene_monitor]: Starting planning scene monitor
[move_group-1] [INFO] [1790004662.331677224] [moveit_ros.planning_scene_monitor.planning_scene_monitor]: Listening to '/planning_scene'
[move_group-1] [INFO] [1790004662.331681979] [moveit_ros.planning_scene_monitor.planning_scene_monitor]: Starting world geometry update monitor for collision objects, attached objects, octomap updates.
[move_group-1] [INFO] [1790004662.331872867] [moveit_ros.planning_scene_monitor.planning_scene_monitor]: Listening to 'collision_object'
[move_group-1] [INFO] [1790004662.332056161] [moveit_ros.planning_scene_monitor.planning_scene_monitor]: Listening to 'planning_scene_world' for planning scene world geometry
[transport_skill_planner-2] [WARN] [1790004662.332293320] [moveit_robot_model.robot_model]: Link astribot_gripper_right_Link_L1 has visual geometry but no collision geometry. Collision geometry will be left empty. Fix your URDF file by explicitly specifying collision geometry.
[transport_skill_planner-2] [WARN] [1790004662.335187965] [moveit_robot_model.robot_model]: Link astribot_gripper_right_Link_R1 has visual geometry but no collision geometry. Collision geometry will be left empty. Fix your URDF file by explicitly specifying collision geometry.
[transport_skill_planner-2] [WARN] [1790004662.346218746] [kdl_parser]: The root link astribot_torso_base has an inertia specified in the URDF, but KDL does not support a root link with an inertia.  As a workaround, you can add an extra dummy link to your URDF.
[transport_skill_planner-2] [WARN] [1790004662.346389860] [kdl_parser]: The root link astribot_torso_base has an inertia specified in the URDF, but KDL does not support a root link with an inertia.  As a workaround, you can add an extra dummy link to your URDF.
[transport_skill_planner-2] [WARN] [1790004662.346477459] [kdl_parser]: The root link astribot_torso_base has an inertia specified in the URDF, but KDL does not support a root link with an inertia.  As a workaround, you can add an extra dummy link to your URDF.
[transport_skill_planner-2] Warning: class_loader.ClassLoader: SEVERE WARNING!!! Attempting to unload library while objects created by this loader exist in the heap! You should delete your objects before attempting to unload the library or destroying the ClassLoader. The library will NOT be unloaded.
[transport_skill_planner-2]          at line 127 in ./src/class_loader.cpp
[transport_skill_planner-2] Warning: Link 'livox_mid360_left' is not known to URDF. Cannot disable/enable collisons.
[transport_skill_planner-2]          at line 594 in ./src/model.cpp
[transport_skill_planner-2] Warning: Link 'livox_mid360_right' is not known to URDF. Cannot disable/enable collisons.
[transport_skill_planner-2]          at line 594 in ./src/model.cpp
[transport_skill_planner-2] Warning: Link 'camera_link' is not known to URDF. Cannot disable/enable collisons.
[transport_skill_planner-2]          at line 594 in ./src/model.cpp
[transport_skill_planner-2] [INFO] [1790004662.351694808] [moveit_rdf_loader.rdf_loader]: Loaded robot model in 377.327 seconds
[transport_skill_planner-2] [INFO] [1790004662.351701963] [moveit_robot_model.robot_model]: Loading robot model 'astribot_s1'...
[transport_skill_planner-2] [WARN] [1790004662.355797214] [moveit_robot_model.robot_model]: Link astribot_gripper_left_Link_L1 has visual geometry but no collision geometry. Collision geometry will be left empty. Fix your URDF file by explicitly specifying collision geometry.
[transport_skill_planner-2] [WARN] [1790004662.360004231] [moveit_robot_model.robot_model]: Link astribot_gripper_left_Link_R1 has visual geometry but no collision geometry. Collision geometry will be left empty. Fix your URDF file by explicitly specifying collision geometry.
[transport_skill_planner-2] [WARN] [1790004662.364577625] [moveit_robot_model.robot_model]: Link astribot_gripper_right_Link_L1 has visual geometry but no collision geometry. Collision geometry will be left empty. Fix your URDF file by explicitly specifying collision geometry.
[transport_skill_planner-2] [WARN] [1790004662.366932990] [moveit_robot_model.robot_model]: Link astribot_gripper_right_Link_R1 has visual geometry but no collision geometry. Collision geometry will be left empty. Fix your URDF file by explicitly specifying collision geometry.
[move_group-1] [INFO] [1790004662.370517490] [moveit.ros.perception.pointcloud_octomap_updater]: Listening to '/camera/head_rgbd/points' using message filter with target frame 'astribot_torso_base '
[move_group-1] [INFO] [1790004662.371224265] [moveit.ros.perception.pointcloud_octomap_updater]: Listening to '/camera/torso_rgbd/points' using message filter with target frame 'astribot_torso_base '
[move_group-1] [INFO] [1790004662.371238488] [moveit.ros_planning_interface.moveit_cpp]: Loading planning pipeline 'ompl'
[transport_skill_planner-2] [WARN] [1790004662.371792057] [kdl_parser]: The root link astribot_torso_base has an inertia specified in the URDF, but KDL does not support a root link with an inertia.  As a workaround, you can add an extra dummy link to your URDF.
[transport_skill_planner-2] [WARN] [1790004662.371869177] [kdl_parser]: The root link astribot_torso_base has an inertia specified in the URDF, but KDL does not support a root link with an inertia.  As a workaround, you can add an extra dummy link to your URDF.
[transport_skill_planner-2] [WARN] [1790004662.371917952] [kdl_parser]: The root link astribot_torso_base has an inertia specified in the URDF, but KDL does not support a root link with an inertia.  As a workaround, you can add an extra dummy link to your URDF.
[move_group-1] [INFO] [1790004662.379503324] [astribot_s1_manipulation.ompl_extension]: registered extra OMPL planners: 25 -> 30 total
[move_group-1] [INFO] [1790004662.379512857] [astribot_s1_manipulation.ompl_extension]:   [OK]      geometric::RRTstar
[move_group-1] [INFO] [1790004662.379514686] [astribot_s1_manipulation.ompl_extension]:   [OK]      geometric::BITstar
[move_group-1] [INFO] [1790004662.379515917] [astribot_s1_manipulation.ompl_extension]:   [OK]      geometric::InformedRRTstar
[move_group-1] [INFO] [1790004662.379518513] [moveit.ros_planning.planning_pipeline]: Using planning interface 'OMPL (with BITstar / InformedRRTstar registered by astribot_s1_manipulation)'
[move_group-1] [INFO] [1790004662.382227602] [moveit_ros.add_time_optimal_parameterization]: Param 'ompl.path_tolerance' was not set. Using default value: 0.100000
[move_group-1] [INFO] [1790004662.382234633] [moveit_ros.add_time_optimal_parameterization]: Param 'ompl.resample_dt' was not set. Using default value: 0.100000
[move_group-1] [INFO] [1790004662.382237223] [moveit_ros.add_time_optimal_parameterization]: Param 'ompl.min_angle_change' was not set. Using default value: 0.001000
[move_group-1] [INFO] [1790004662.382251779] [moveit_ros.fix_workspace_bounds]: Param 'ompl.default_workspace_bounds' was not set. Using default value: 10.000000
[move_group-1] [INFO] [1790004662.382257639] [moveit_ros.fix_start_state_bounds]: Param 'ompl.start_state_max_bounds_error' was set to 0.100000
[move_group-1] [INFO] [1790004662.382259372] [moveit_ros.fix_start_state_bounds]: Param 'ompl.start_state_max_dt' was not set. Using default value: 0.500000
[move_group-1] [INFO] [1790004662.382264344] [moveit_ros.fix_start_state_collision]: Param 'ompl.start_state_max_dt' was not set. Using default value: 0.500000
[move_group-1] [INFO] [1790004662.382265885] [moveit_ros.fix_start_state_collision]: Param 'ompl.jiggle_fraction' was not set. Using default value: 0.020000
[move_group-1] [INFO] [1790004662.382271645] [moveit_ros.fix_start_state_collision]: Param 'ompl.max_sampling_attempts' was not set. Using default value: 100
[move_group-1] [INFO] [1790004662.382276504] [moveit.ros_planning.planning_pipeline]: Using planning request adapter 'Add Time Optimal Parameterization'
[move_group-1] [INFO] [1790004662.382278582] [moveit.ros_planning.planning_pipeline]: Using planning request adapter 'Resolve constraint frames to robot links'
[move_group-1] [INFO] [1790004662.382279622] [moveit.ros_planning.planning_pipeline]: Using planning request adapter 'Fix Workspace Bounds'
[move_group-1] [INFO] [1790004662.382280701] [moveit.ros_planning.planning_pipeline]: Using planning request adapter 'Fix Start State Bounds'
[move_group-1] [INFO] [1790004662.382281733] [moveit.ros_planning.planning_pipeline]: Using planning request adapter 'Fix Start State In Collision'
[move_group-1] [INFO] [1790004662.382282848] [moveit.ros_planning.planning_pipeline]: Using planning request adapter 'Fix Start State Path Constraints'
[transport_skill_planner-2] [INFO] [1790004662.391009971] [moveit_ros.current_state_monitor]: Listening to joint states on topic 'joint_states'
[transport_skill_planner-2] [INFO] [1790004662.394666488] [moveit_ros.planning_scene_monitor.planning_scene_monitor]: Listening to '/attached_collision_object' for attached collision objects
[transport_skill_planner-2] [INFO] [1790004662.394679086] [moveit_ros.planning_scene_monitor.planning_scene_monitor]: Starting planning scene monitor
[transport_skill_planner-2] [INFO] [1790004662.395325401] [moveit_ros.planning_scene_monitor.planning_scene_monitor]: Listening to '/planning_scene'
[transport_skill_planner-2] [INFO] [1790004662.395333183] [moveit_ros.planning_scene_monitor.planning_scene_monitor]: Starting world geometry update monitor for collision objects, attached objects, octomap updates.
[transport_skill_planner-2] [INFO] [1790004662.395596766] [moveit_ros.planning_scene_monitor.planning_scene_monitor]: Listening to 'collision_object'
[transport_skill_planner-2] [INFO] [1790004662.395952745] [moveit_ros.planning_scene_monitor.planning_scene_monitor]: Listening to 'planning_scene_world' for planning scene world geometry
[transport_skill_planner-2] [WARN] [1790004662.397061536] [moveit.ros.occupancy_map_monitor.middleware_handle]: Resolution not specified for Octomap. Assuming resolution = 0.1 instead
[transport_skill_planner-2] [ERROR] [1790004662.397072558] [moveit.ros.occupancy_map_monitor.middleware_handle]: No 3D sensor plugin(s) defined for octomap updates
[transport_skill_planner-2] [INFO] [1790004662.398853579] [astribot_s1_manipulation.dual_arm_planner]: initialized: dual_arm_group='dual_arm' planner='RRTConnectConfig' leader='arm_left' follower='arm_right' leader_tcp='astribot_arm_left_tcp_link' follower_tcp='astribot_arm_right_tcp_link' max_replan=3
[transport_skill_planner-2] [INFO] [1790004662.403250406] [transport_skill_planner]: Validated transport skill planner ready
[move_group-1] [INFO] [1790004662.413923093] [moveit.plugins.moveit_simple_controller_manager]: Added FollowJointTrajectory controller for arm_left_controller
[move_group-1] [INFO] [1790004662.415093290] [moveit.plugins.moveit_simple_controller_manager]: Added FollowJointTrajectory controller for arm_right_controller
[move_group-1] [INFO] [1790004662.416304408] [moveit.plugins.moveit_simple_controller_manager]: Added FollowJointTrajectory controller for torso_controller
[move_group-1] [INFO] [1790004662.417658878] [moveit.plugins.moveit_simple_controller_manager]: Added FollowJointTrajectory controller for gripper_left_controller
[move_group-1] [INFO] [1790004662.420738928] [moveit.plugins.moveit_simple_controller_manager]: Added FollowJointTrajectory controller for gripper_right_controller
[move_group-1] [INFO] [1790004662.420898400] [moveit.plugins.moveit_simple_controller_manager]: Returned 5 controllers in list
[move_group-1] [INFO] [1790004662.420929127] [moveit.plugins.moveit_simple_controller_manager]: Returned 5 controllers in list
[move_group-1] [INFO] [1790004662.421354571] [moveit_ros.trajectory_execution_manager]: Trajectory execution is not managing controllers
[move_group-1] [INFO] [1790004662.421363224] [move_group.move_group]: MoveGroup debug mode is ON
[move_group-1] [INFO] [1790004662.433309528] [move_group.move_group]: 
[move_group-1] 
[move_group-1] ********************************************************
[move_group-1] * MoveGroup using: 
[move_group-1] *     - ApplyPlanningSceneService
[move_group-1] *     - ClearOctomapService
[move_group-1] *     - CartesianPathService
[move_group-1] *     - GetPlanningSceneService
[move_group-1] *     - KinematicsService
[move_group-1] *     - MoveAction
[move_group-1] *     - MotionPlanService
[move_group-1] *     - QueryPlannersService
[move_group-1] *     - StateValidationService
[move_group-1] ********************************************************
[move_group-1] 
[move_group-1] [INFO] [1790004662.433341138] [moveit_move_group_capabilities_base.move_group_context]: MoveGroup context using planning plugin astribot_s1_manipulation/OmplPlannerExtension
[move_group-1] [INFO] [1790004662.433347989] [moveit_move_group_capabilities_base.move_group_context]: MoveGroup context initialization complete
[move_group-1] [96mLoading 'move_group/ApplyPlanningSceneService'...
[move_group-1] [0m[96mLoading 'move_group/ClearOctomapService'...
[move_group-1] [0m[96mLoading 'move_group/MoveGroupCartesianPathService'...
[move_group-1] [0m[96mLoading 'move_group/MoveGroupGetPlanningSceneService'...
[move_group-1] [0m[96mLoading 'move_group/MoveGroupKinematicsService'...
[move_group-1] [0m[96mLoading 'move_group/MoveGroupMoveAction'...
[move_group-1] [0m[96mLoading 'move_group/MoveGroupPlanService'...
[move_group-1] [0m[96mLoading 'move_group/MoveGroupQueryPlannersService'...
[move_group-1] [0m[96mLoading 'move_group/MoveGroupStateValidationService'...
[move_group-1] [0m[92m
[move_group-1] You can start planning now!
[move_group-1] 
[WARNING] [launch]: user interrupted with ctrl-c (SIGINT)
[INFO] [execution_guard-4]: sending signal 'SIGINT' to process[execution_guard-4]
[INFO] [transport_skill_planner-2]: sending signal 'SIGINT' to process[transport_skill_planner-2]
[INFO] [move_group-1]: sending signal 'SIGINT' to process[move_group-1]
[transport_skill_planner-2] [INFO] [1790004682.633590632] [rclcpp]: signal_handler(SIGINT/SIGTERM)
[move_group-1] [INFO] [1790004682.633593150] [rclcpp]: signal_handler(SIGINT/SIGTERM)
[execution_guard-4] [INFO] [1790004682.633593495] [rclcpp]: signal_handler(SIGINT/SIGTERM)
[execution_guard-4] [INFO] [1790004682.641810153] [rclcpp]: signal_handler(SIGINT/SIGTERM)
[transport_skill_planner-2] [INFO] [1790004682.642089852] [rclcpp]: signal_handler(SIGINT/SIGTERM)
[ERROR] [move_group-1]: process has died [pid 479952, exit code -2, cmd '/home/yjh/WorkSpace/astribot_sdk_ros2/runs/task_chain_20260921/moveit_shutdown_fix/install/moveit_ros_move_group/lib/moveit_ros_move_group/move_group --ros-args --log-level info --ros-args --disable-external-lib-logs --ros-args --params-file /tmp/launch_params_f73hf69n --params-file /tmp/launch_params_mav7g3yr --params-file /tmp/launch_params_q2nv9q8l --params-file /tmp/launch_params_2povyyii --params-file /tmp/launch_params_mefpsmr0 --params-file /tmp/launch_params_3obsb8qx --params-file /tmp/launch_params_ob9ymhnz --params-file /tmp/launch_params_0_gr6en5 --params-file /tmp/launch_params_58o1vq0x --params-file /tmp/launch_params_lpc_e9hb --params-file /tmp/launch_params_tvvbj21u --params-file /tmp/launch_params_j9tr_u7z --params-file /tmp/launch_params_acjbgvyj --params-file /tmp/launch_params_y8t4mgz5 --params-file /tmp/launch_params_2k1vq6wr'].
[move_group-1] [0m
[transport_skill_planner-2] [INFO] [1790004682.717782350] [moveit_ros.planning_scene_monitor.planning_scene_monitor]: Stopping planning scene monitor
[transport_skill_planner-2] [INFO] [1790004682.718604079] [moveit_ros.planning_scene_monitor.planning_scene_monitor]: Stopping world geometry monitor
[transport_skill_planner-2] [INFO] [1790004682.718915357] [moveit_ros.planning_scene_monitor.planning_scene_monitor]: Stopping world geometry monitor
[INFO] [execution_guard-4]: process has finished cleanly [pid 479958]
[INFO] [transport_skill_planner-2]: process has finished cleanly [pid 479954]
